docker : #0 building with "desktop-linux" instance using docker driver
In riga:1 car:41
+ ... st 2>$null; docker build -t openjpa-test:latest . > build-output.txt  ...
+                 ~~~~~~~~~~~~~~~~~~~~~~~~~~~~~~~~~~~~~~~~~~~~~~~~~~~~~~~~~
    + CategoryInfo          : NotSpecified: (#0 building wit...g docker driver:String) [], RemoteException
    + FullyQualifiedErrorId : NativeCommandError
 

#1 [internal] load build definition from Dockerfile
#1 transferring dockerfile: 1.14kB 0.0s done
#1 WARN: FromAsCasing: 'as' and 'FROM' keywords' casing do not match (line 2)
#1 DONE 0.0s

#2 [internal] load metadata for docker.io/library/eclipse-temurin:11-jdk-alpine
#2 DONE 1.1s

#3 [internal] load .dockerignore
#3 transferring context: 2B done
#3 DONE 0.0s

#4 [builder 1/5] FROM 
docker.io/library/eclipse-temurin:11-jdk-alpine@sha256:e763ac96a3deaada17b197bc253f3b8cbda63ed5bad91f93b1428001c9148a2e
#4 resolve 
docker.io/library/eclipse-temurin:11-jdk-alpine@sha256:e763ac96a3deaada17b197bc253f3b8cbda63ed5bad91f93b1428001c9148a2e 0.0s 
done
#4 DONE 0.0s

#5 [stage-1 2/4] RUN apk add --no-cache     maven
#5 CACHED

#6 [stage-1 3/4] WORKDIR /workspace
#6 CACHED

#7 [internal] load build context
#7 transferring context: 543.99kB 0.6s done
#7 DONE 0.7s

#8 [builder 2/5] RUN apk add --no-cache     maven     git
#8 CACHED

#9 [builder 3/5] WORKDIR /workspace
#9 CACHED

#10 [builder 4/5] COPY . .
#10 DONE 2.6s

#11 [builder 5/5] RUN mvn -pl openjpa-lib,openjpa-slice -am test -DskipTests &&     mvn -pl openjpa-lib,openjpa-slice test 
-Dcheckstyle.skip -Dautomatic.checkstyle.skip=true
#11 3.091 [INFO] Scanning for projects...
#11 3.719 Downloading from central: https://repo.maven.apache.org/maven2/org/apache/apache/34/apache-34.pom
#11 4.227 Progress (1): 733 B
Progress (1): 1.6 kB
Progress (1): 3.4 kB
Progress (1): 5.1 kB
Progress (1): 7.2 kB
Progress (1): 12 kB 
Progress (1): 17 kB
Progress (1): 19 kB
Progress (1): 22 kB
Progress (1): 24 kB
                   
Downloaded from central: https://repo.maven.apache.org/maven2/org/apache/apache/34/apache-34.pom (24 kB at 44 kB/s)
#11 4.705 Downloading from central: 
https://repo.maven.apache.org/maven2/org/apache/felix/maven-bundle-plugin/5.1.9/maven-bundle-plugin-5.1.9.pom
#11 4.762 Progress (1): 779 B
Progress (1): 1.6 kB
Progress (1): 3.5 kB
Progress (1): 6.0 kB
Progress (1): 9.2 kB
Progress (1): 11 kB 
                   
Downloaded from central: 
https://repo.maven.apache.org/maven2/org/apache/felix/maven-bundle-plugin/5.1.9/maven-bundle-plugin-5.1.9.pom (11 kB at 172 
kB/s)
#11 4.782 Downloading from central: https://repo.maven.apache.org/maven2/org/apache/felix/felix-parent/7/felix-parent-7.pom
#11 4.829 Progress (1): 782 B
Progress (1): 1.7 kB
Progress (1): 3.6 kB
Progress (1): 7.6 kB
Progress (1): 10 kB 
Progress (1): 13 kB
Progress (1): 20 kB
Progress (1): 21 kB
                   
Downloaded from central: https://repo.maven.apache.org/maven2/org/apache/felix/felix-parent/7/felix-parent-7.pom (21 kB at 
391 kB/s)
#11 4.844 Downloading from central: https://repo.maven.apache.org/maven2/org/apache/apache/23/apache-23.pom
#11 4.891 Progress (1): 749 B
Progress (1): 1.6 kB
Progress (1): 3.5 kB
Progress (1): 6.7 kB
Progress (1): 9.9 kB
Progress (1): 14 kB 
Progress (1): 18 kB
Progress (1): 18 kB
                   
Downloaded from central: https://repo.maven.apache.org/maven2/org/apache/apache/23/apache-23.pom (18 kB at 341 kB/s)
#11 4.917 Downloading from central: https://repo.maven.apache.org/maven2/org/osgi/org.osgi.core/6.0.0/org.osgi.core-6.0.0.pom
#11 4.966 Progress (1): 1.1 kB
                    
Downloaded from central: https://repo.maven.apache.org/maven2/org/osgi/org.osgi.core/6.0.0/org.osgi.core-6.0.0.pom (1.1 kB at 
21 kB/s)
#11 4.978 Downloading from central: 
https://repo.maven.apache.org/maven2/biz/aQute/bnd/biz.aQute.bndlib/6.3.1/biz.aQute.bndlib-6.3.1.pom
#11 5.034 Progress (1): 1.0 kB
Progress (1): 2.6 kB
Progress (1): 5.2 kB
                    
Downloaded from central: https://repo.maven.apache.org/maven2/biz/aQute/bnd/biz.aQute.bndlib/6.3.1/biz.aQute.bndlib-6.3.1.pom 
(5.2 kB at 86 kB/s)
#11 5.049 Downloading from central: https://repo.maven.apache.org/maven2/org/osgi/org.osgi.dto/1.0.0/org.osgi.dto-1.0.0.pom
#11 5.101 Progress (1): 1.3 kB
                    
Downloaded from central: https://repo.maven.apache.org/maven2/org/osgi/org.osgi.dto/1.0.0/org.osgi.dto-1.0.0.pom (1.3 kB at 
23 kB/s)
#11 5.113 Downloading from central: 
https://repo.maven.apache.org/maven2/org/osgi/org.osgi.resource/1.0.0/org.osgi.resource-1.0.0.pom
#11 5.166 Progress (1): 1.3 kB
                    
Downloaded from central: https://repo.maven.apache.org/maven2/org/osgi/org.osgi.resource/1.0.0/org.osgi.resource-1.0.0.pom 
(1.3 kB at 22 kB/s)
#11 5.177 Downloading from central: 
https://repo.maven.apache.org/maven2/org/osgi/org.osgi.framework/1.8.0/org.osgi.framework-1.8.0.pom
#11 5.233 Progress (1): 1.3 kB
                    
Downloaded from central: https://repo.maven.apache.org/maven2/org/osgi/org.osgi.framework/1.8.0/org.osgi.framework-1.8.0.pom 
(1.3 kB at 22 kB/s)
#11 5.242 Downloading from central: 
https://repo.maven.apache.org/maven2/org/osgi/org.osgi.util.tracker/1.5.4/org.osgi.util.tracker-1.5.4.pom
#11 5.293 Progress (1): 1.1 kB
Progress (1): 1.9 kB
                    
Downloaded from central: 
https://repo.maven.apache.org/maven2/org/osgi/org.osgi.util.tracker/1.5.4/org.osgi.util.tracker-1.5.4.pom (1.9 kB at 35 kB/s)
#11 5.303 Downloading from central: 
https://repo.maven.apache.org/maven2/org/osgi/osgi.annotation/8.0.1/osgi.annotation-8.0.1.pom
#11 5.352 Progress (1): 1.1 kB
Progress (1): 1.5 kB
                    
Downloaded from central: https://repo.maven.apache.org/maven2/org/osgi/osgi.annotation/8.0.1/osgi.annotation-8.0.1.pom (1.5 
kB at 29 kB/s)
#11 5.360 Downloading from central: 
https://repo.maven.apache.org/maven2/org/osgi/org.osgi.service.log/1.3.0/org.osgi.service.log-1.3.0.pom
#11 5.420 Progress (1): 1.3 kB
                    
Downloaded from central: 
https://repo.maven.apache.org/maven2/org/osgi/org.osgi.service.log/1.3.0/org.osgi.service.log-1.3.0.pom (1.3 kB at 20 kB/s)
#11 5.436 Downloading from central: 
https://repo.maven.apache.org/maven2/org/osgi/org.osgi.service.repository/1.1.0/org.osgi.service.repository-1.1.0.pom
#11 5.488 Progress (1): 1.3 kB
                    
Downloaded from central: 
https://repo.maven.apache.org/maven2/org/osgi/org.osgi.service.repository/1.1.0/org.osgi.service.repository-1.1.0.pom (1.3 kB 
at 23 kB/s)
#11 5.503 Downloading from central: 
https://repo.maven.apache.org/maven2/org/osgi/org.osgi.util.function/1.2.0/org.osgi.util.function-1.2.0.pom
#11 5.559 Progress (1): 1.1 kB
Progress (1): 1.7 kB
                    
Downloaded from central: 
https://repo.maven.apache.org/maven2/org/osgi/org.osgi.util.function/1.2.0/org.osgi.util.function-1.2.0.pom (1.7 kB at 29 
kB/s)
#11 5.571 Downloading from central: 
https://repo.maven.apache.org/maven2/org/osgi/org.osgi.util.promise/1.2.0/org.osgi.util.promise-1.2.0.pom
#11 5.619 Progress (1): 1.1 kB
Progress (1): 1.9 kB
                    
Downloaded from central: 
https://repo.maven.apache.org/maven2/org/osgi/org.osgi.util.promise/1.2.0/org.osgi.util.promise-1.2.0.pom (1.9 kB at 36 kB/s)
#11 5.630 Downloading from central: 
https://repo.maven.apache.org/maven2/org/osgi/org.osgi.util.function/1.1.0/org.osgi.util.function-1.1.0.pom
#11 5.681 Progress (1): 1.3 kB
Progress (1): 1.4 kB
                    
Downloaded from central: 
https://repo.maven.apache.org/maven2/org/osgi/org.osgi.util.function/1.1.0/org.osgi.util.function-1.1.0.pom (1.4 kB at 27 
kB/s)
#11 5.690 Downloading from central: 
https://repo.maven.apache.org/maven2/biz/aQute/bnd/biz.aQute.bnd.util/6.3.1/biz.aQute.bnd.util-6.3.1.pom
#11 5.739 Progress (1): 1.1 kB
Progress (1): 2.7 kB
                    
Downloaded from central: 
https://repo.maven.apache.org/maven2/biz/aQute/bnd/biz.aQute.bnd.util/6.3.1/biz.aQute.bnd.util-6.3.1.pom (2.7 kB at 51 kB/s)
#11 5.751 Downloading from central: https://repo.maven.apache.org/maven2/org/slf4j/slf4j-api/1.7.25/slf4j-api-1.7.25.pom
#11 5.803 Progress (1): 1.0 kB
Progress (1): 2.9 kB
Progress (1): 3.8 kB
                    
Downloaded from central: https://repo.maven.apache.org/maven2/org/slf4j/slf4j-api/1.7.25/slf4j-api-1.7.25.pom (3.8 kB at 70 
kB/s)
#11 5.812 Downloading from central: https://repo.maven.apache.org/maven2/org/slf4j/slf4j-parent/1.7.25/slf4j-parent-1.7.25.pom
#11 5.863 Progress (1): 1.0 kB
Progress (1): 3.4 kB
Progress (1): 5.1 kB
Progress (1): 7.7 kB
Progress (1): 11 kB 
Progress (1): 14 kB
                   
Downloaded from central: https://repo.maven.apache.org/maven2/org/slf4j/slf4j-parent/1.7.25/slf4j-parent-1.7.25.pom (14 kB at 
241 kB/s)
#11 5.878 Downloading from central: https://repo.maven.apache.org/maven2/org/apache/felix/org.apache.felix.bundlerepository/1.
6.6/org.apache.felix.bundlerepository-1.6.6.pom
#11 5.928 Progress (1): 803 B
Progress (1): 3.1 kB
Progress (1): 5.2 kB
Progress (1): 5.9 kB
                    
Downloaded from central: https://repo.maven.apache.org/maven2/org/apache/felix/org.apache.felix.bundlerepository/1.6.6/org.apa
che.felix.bundlerepository-1.6.6.pom (5.9 kB at 111 kB/s)
#11 5.938 Downloading from central: 
https://repo.maven.apache.org/maven2/org/apache/felix/felix-parent/2.1/felix-parent-2.1.pom
#11 6.000 Progress (1): 793 B
Progress (1): 2.6 kB
Progress (1): 5.6 kB
Progress (1): 9.3 kB
Progress (1): 9.7 kB
                    
Downloaded from central: https://repo.maven.apache.org/maven2/org/apache/felix/felix-parent/2.1/felix-parent-2.1.pom (9.7 kB 
at 149 kB/s)
#11 6.011 Downloading from central: https://repo.maven.apache.org/maven2/org/apache/apache/9/apache-9.pom
#11 6.058 Progress (1): 753 B
Progress (1): 1.9 kB
Progress (1): 3.7 kB
Progress (1): 7.1 kB
Progress (1): 11 kB 
Progress (1): 14 kB
Progress (1): 15 kB
                   
Downloaded from central: https://repo.maven.apache.org/maven2/org/apache/apache/9/apache-9.pom (15 kB at 303 kB/s)
#11 6.073 Downloading from central: https://repo.maven.apache.org/maven2/org/osgi/org.osgi.core/4.1.0/org.osgi.core-4.1.0.pom
#11 6.111 Progress (1): 193 B
                   
Downloaded from central: https://repo.maven.apache.org/maven2/org/osgi/org.osgi.core/4.1.0/org.osgi.core-4.1.0.pom (193 B at 
4.6 kB/s)
#11 6.122 Downloading from central: https://repo.maven.apache.org/maven2/org/easymock/easymock/2.4/easymock-2.4.pom
#11 6.167 Progress (1): 1.2 kB
Progress (1): 3.4 kB
Progress (1): 5.3 kB
                    
Downloaded from central: https://repo.maven.apache.org/maven2/org/easymock/easymock/2.4/easymock-2.4.pom (5.3 kB at 111 kB/s)
#11 6.177 Downloading from central: 
https://repo.maven.apache.org/maven2/org/apache/felix/org.apache.felix.utils/1.6.0/org.apache.felix.utils-1.6.0.pom
#11 6.233 Progress (1): 828 B
Progress (1): 2.8 kB
Progress (1): 3.3 kB
                    
Downloaded from central: 
https://repo.maven.apache.org/maven2/org/apache/felix/org.apache.felix.utils/1.6.0/org.apache.felix.utils-1.6.0.pom (3.3 kB 
at 56 kB/s)
#11 6.244 Downloading from central: 
https://repo.maven.apache.org/maven2/org/osgi/org.osgi.compendium/4.2.0/org.osgi.compendium-4.2.0.pom
#11 6.296 Progress (1): 463 B
                   
Downloaded from central: 
https://repo.maven.apache.org/maven2/org/osgi/org.osgi.compendium/4.2.0/org.osgi.compendium-4.2.0.pom (463 B at 8.4 kB/s)
#11 6.304 Downloading from central: 
https://repo.maven.apache.org/maven2/org/apache/maven/reporting/maven-reporting-api/3.0/maven-reporting-api-3.0.pom
#11 6.350 Progress (1): 815 B
Progress (1): 2.4 kB
Progress (1): 2.4 kB
                    
Downloaded from central: 
https://repo.maven.apache.org/maven2/org/apache/maven/reporting/maven-reporting-api/3.0/maven-reporting-api-3.0.pom (2.4 kB 
at 48 kB/s)
#11 6.358 Downloading from central: 
https://repo.maven.apache.org/maven2/org/apache/maven/shared/maven-shared-components/15/maven-shared-components-15.pom
#11 6.417 Progress (1): 766 B
Progress (1): 2.9 kB
Progress (1): 6.4 kB
Progress (1): 9.1 kB
Progress (1): 9.3 kB
                    
Downloaded from central: 
https://repo.maven.apache.org/maven2/org/apache/maven/shared/maven-shared-components/15/maven-shared-components-15.pom (9.3 
kB at 151 kB/s)
#11 6.425 Downloading from central: https://repo.maven.apache.org/maven2/org/apache/maven/maven-parent/16/maven-parent-16.pom
#11 6.471 Progress (1): 744 B
Progress (1): 1.9 kB
Progress (1): 6.6 kB
Progress (1): 11 kB 
Progress (1): 15 kB
Progress (1): 17 kB
Progress (1): 20 kB
Progress (1): 22 kB
Progress (1): 23 kB
                   
Downloaded from central: https://repo.maven.apache.org/maven2/org/apache/maven/maven-parent/16/maven-parent-16.pom (23 kB at 
475 kB/s)
#11 6.482 Downloading from central: https://repo.maven.apache.org/maven2/org/apache/apache/7/apache-7.pom
#11 6.533 Progress (1): 755 B
Progress (1): 2.0 kB
Progress (1): 3.7 kB
Progress (1): 7.0 kB
Progress (1): 11 kB 
Progress (1): 14 kB
Progress (1): 14 kB
                   
Downloaded from central: https://repo.maven.apache.org/maven2/org/apache/apache/7/apache-7.pom (14 kB at 267 kB/s)
#11 6.542 Downloading from central: 
https://repo.maven.apache.org/maven2/org/apache/maven/doxia/doxia-sink-api/1.0/doxia-sink-api-1.0.pom
#11 6.591 Progress (1): 835 B
Progress (1): 1.4 kB
                    
Downloaded from central: 
https://repo.maven.apache.org/maven2/org/apache/maven/doxia/doxia-sink-api/1.0/doxia-sink-api-1.0.pom (1.4 kB at 27 kB/s)
#11 6.598 Downloading from central: https://repo.maven.apache.org/maven2/org/apache/maven/doxia/doxia/1.0/doxia-1.0.pom
#11 6.645 Progress (1): 762 B
Progress (1): 2.2 kB
Progress (1): 5.7 kB
Progress (1): 8.8 kB
Progress (1): 9.6 kB
                    
Downloaded from central: https://repo.maven.apache.org/maven2/org/apache/maven/doxia/doxia/1.0/doxia-1.0.pom (9.6 kB at 193 
kB/s)
#11 6.653 Downloading from central: https://repo.maven.apache.org/maven2/org/apache/maven/maven-parent/10/maven-parent-10.pom
#11 6.701 Progress (1): 733 B
Progress (1): 1.9 kB
Progress (1): 6.0 kB
Progress (1): 11 kB 
Progress (1): 14 kB
Progress (1): 16 kB
Progress (1): 21 kB
Progress (1): 23 kB
Progress (1): 26 kB
Progress (1): 30 kB
Progress (1): 32 kB
                   
Downloaded from central: https://repo.maven.apache.org/maven2/org/apache/maven/maven-parent/10/maven-parent-10.pom (32 kB at 
586 kB/s)
#11 6.712 Downloading from central: https://repo.maven.apache.org/maven2/org/apache/apache/4/apache-4.pom
#11 6.759 Progress (1): 790 B
Progress (1): 2.1 kB
Progress (1): 4.2 kB
Progress (1): 4.5 kB
                    
Downloaded from central: https://repo.maven.apache.org/maven2/org/apache/apache/4/apache-4.pom (4.5 kB at 90 kB/s)
#11 6.772 Downloading from central: 
https://repo.maven.apache.org/maven2/org/apache/maven/maven-archiver/3.5.2/maven-archiver-3.5.2.pom
#11 6.820 Progress (1): 796 B
Progress (1): 2.2 kB
Progress (1): 4.9 kB
Progress (1): 5.5 kB
                    
Downloaded from central: https://repo.maven.apache.org/maven2/org/apache/maven/maven-archiver/3.5.2/maven-archiver-3.5.2.pom 
(5.5 kB at 109 kB/s)
#11 6.829 Downloading from central: 
https://repo.maven.apache.org/maven2/org/apache/maven/shared/maven-shared-components/34/maven-shared-components-34.pom
#11 6.875 Progress (1): 798 B
Progress (1): 2.3 kB
Progress (1): 4.6 kB
Progress (1): 5.1 kB
                    
Downloaded from central: 
https://repo.maven.apache.org/maven2/org/apache/maven/shared/maven-shared-components/34/maven-shared-components-34.pom (5.1 
kB at 102 kB/s)
#11 6.883 Downloading from central: https://repo.maven.apache.org/maven2/org/apache/maven/maven-parent/34/maven-parent-34.pom
#11 6.929 Progress (1): 721 B
Progress (1): 1.9 kB
Progress (1): 5.4 kB
Progress (1): 9.8 kB
Progress (1): 14 kB 
Progress (1): 19 kB
Progress (1): 23 kB
Progress (1): 25 kB
Progress (1): 26 kB
Progress (1): 28 kB
Progress (1): 31 kB
Progress (1): 35 kB
Progress (1): 38 kB
Progress (1): 42 kB
Progress (1): 43 kB
                   
Downloaded from central: https://repo.maven.apache.org/maven2/org/apache/maven/maven-parent/34/maven-parent-34.pom (43 kB at 
824 kB/s)
#11 6.943 Downloading from central: 
https://repo.maven.apache.org/maven2/org/apache/maven/maven-artifact/3.1.1/maven-artifact-3.1.1.pom
#11 7.056 Progress (1): 845 B
Progress (1): 2.0 kB
                    
Downloaded from central: https://repo.maven.apache.org/maven2/org/apache/maven/maven-artifact/3.1.1/maven-artifact-3.1.1.pom 
(2.0 kB at 17 kB/s)
#11 7.066 Downloading from central: https://repo.maven.apache.org/maven2/org/apache/maven/maven/3.1.1/maven-3.1.1.pom
#11 7.119 Progress (1): 770 B
Progress (1): 1.9 kB
Progress (1): 3.7 kB
Progress (1): 7.6 kB
Progress (1): 13 kB 
Progress (1): 16 kB
Progress (1): 19 kB
Progress (1): 20 kB
Progress (1): 22 kB
                   
Downloaded from central: https://repo.maven.apache.org/maven2/org/apache/maven/maven/3.1.1/maven-3.1.1.pom (22 kB at 388 kB/s)
#11 7.129 Downloading from central: https://repo.maven.apache.org/maven2/org/apache/maven/maven-parent/23/maven-parent-23.pom
#11 7.173 Progress (1): 759 B
Progress (1): 2.0 kB
Progress (1): 6.2 kB
Progress (1): 11 kB 
Progress (1): 14 kB
Progress (1): 18 kB
Progress (1): 22 kB
Progress (1): 22 kB
Progress (1): 25 kB
Progress (1): 27 kB
Progress (1): 32 kB
Progress (1): 33 kB
                   
Downloaded from central: https://repo.maven.apache.org/maven2/org/apache/maven/maven-parent/23/maven-parent-23.pom (33 kB at 
665 kB/s)
#11 7.185 Downloading from central: https://repo.maven.apache.org/maven2/org/apache/apache/13/apache-13.pom
#11 7.229 Progress (1): 749 B
Progress (1): 2.1 kB
Progress (1): 4.1 kB
Progress (1): 8.9 kB
Progress (1): 11 kB 
Progress (1): 14 kB
                   
Downloaded from central: https://repo.maven.apache.org/maven2/org/apache/apache/13/apache-13.pom (14 kB at 291 kB/s)
#11 7.240 Downloading from central: 
https://repo.maven.apache.org/maven2/org/codehaus/plexus/plexus-utils/3.0.15/plexus-utils-3.0.15.pom
#11 7.290 Progress (1): 817 B
Progress (1): 2.3 kB
Progress (1): 3.1 kB
                    
Downloaded from central: https://repo.maven.apache.org/maven2/org/codehaus/plexus/plexus-utils/3.0.15/plexus-utils-3.0.15.pom 
(3.1 kB at 60 kB/s)
#11 7.299 Downloading from central: https://repo.maven.apache.org/maven2/org/codehaus/plexus/plexus/3.3.1/plexus-3.3.1.pom
#11 7.344 Progress (1): 703 B
Progress (1): 2.5 kB
Progress (1): 6.0 kB
Progress (1): 8.6 kB
Progress (1): 11 kB 
Progress (1): 16 kB
Progress (1): 20 kB
Progress (1): 20 kB
                   
Downloaded from central: https://repo.maven.apache.org/maven2/org/codehaus/plexus/plexus/3.3.1/plexus-3.3.1.pom (20 kB at 401 
kB/s)
#11 7.376 Downloading from central: 
https://repo.maven.apache.org/maven2/org/sonatype/spice/spice-parent/17/spice-parent-17.pom
#11 7.449 Progress (1): 1.2 kB
Progress (1): 3.4 kB
Progress (1): 6.7 kB
Progress (1): 6.8 kB
                    
Downloaded from central: https://repo.maven.apache.org/maven2/org/sonatype/spice/spice-parent/17/spice-parent-17.pom (6.8 kB 
at 81 kB/s)
#11 7.472 Downloading from central: 
https://repo.maven.apache.org/maven2/org/sonatype/forge/forge-parent/10/forge-parent-10.pom
#11 7.550 Progress (1): 730 B
Progress (1): 2.5 kB
Progress (1): 8.6 kB
Progress (1): 12 kB 
Progress (1): 14 kB
                   
Downloaded from central: https://repo.maven.apache.org/maven2/org/sonatype/forge/forge-parent/10/forge-parent-10.pom (14 kB 
at 163 kB/s)
#11 7.567 Downloading from central: 
https://repo.maven.apache.org/maven2/org/apache/maven/maven-model/3.1.1/maven-model-3.1.1.pom
#11 7.622 Progress (1): 808 B
Progress (1): 2.3 kB
Progress (1): 4.1 kB
                    
Downloaded from central: https://repo.maven.apache.org/maven2/org/apache/maven/maven-model/3.1.1/maven-model-3.1.1.pom (4.1 
kB at 71 kB/s)
#11 7.637 Downloading from central: 
https://repo.maven.apache.org/maven2/org/apache/maven/maven-core/3.1.1/maven-core-3.1.1.pom
#11 7.690 Progress (1): 796 B
Progress (1): 3.6 kB
Progress (1): 5.8 kB
Progress (1): 7.3 kB
                    
Downloaded from central: https://repo.maven.apache.org/maven2/org/apache/maven/maven-core/3.1.1/maven-core-3.1.1.pom (7.3 kB 
at 132 kB/s)
#11 7.705 Downloading from central: 
https://repo.maven.apache.org/maven2/org/apache/maven/maven-settings/3.1.1/maven-settings-3.1.1.pom
#11 7.752 Progress (1): 823 B
Progress (1): 2.2 kB
                    
Downloaded from central: https://repo.maven.apache.org/maven2/org/apache/maven/maven-settings/3.1.1/maven-settings-3.1.1.pom 
(2.2 kB at 44 kB/s)
#11 7.766 Downloading from central: 
https://repo.maven.apache.org/maven2/org/apache/maven/maven-settings-builder/3.1.1/maven-settings-builder-3.1.1.pom
#11 7.820 Progress (1): 823 B
Progress (1): 2.6 kB
                    
Downloaded from central: 
https://repo.maven.apache.org/maven2/org/apache/maven/maven-settings-builder/3.1.1/maven-settings-builder-3.1.1.pom (2.6 kB 
at 47 kB/s)
#11 7.829 Downloading from central: 
https://repo.maven.apache.org/maven2/org/codehaus/plexus/plexus-interpolation/1.19/plexus-interpolation-1.19.pom
#11 7.892 Progress (1): 1.0 kB
                    
Downloaded from central: 
https://repo.maven.apache.org/maven2/org/codehaus/plexus/plexus-interpolation/1.19/plexus-interpolation-1.19.pom (1.0 kB at 
16 kB/s)
#11 7.900 Downloading from central: 
https://repo.maven.apache.org/maven2/org/codehaus/plexus/plexus-components/1.3.1/plexus-components-1.3.1.pom
#11 7.948 Progress (1): 1.3 kB
Progress (1): 3.1 kB
                    
Downloaded from central: 
https://repo.maven.apache.org/maven2/org/codehaus/plexus/plexus-components/1.3.1/plexus-components-1.3.1.pom (3.1 kB at 60 
kB/s)
#11 7.958 Downloading from central: https://repo.maven.apache.org/maven2/org/codehaus/plexus/plexus-component-annotations/1.5.
5/plexus-component-annotations-1.5.5.pom
#11 8.006 Progress (1): 815 B
                   
Downloaded from central: https://repo.maven.apache.org/maven2/org/codehaus/plexus/plexus-component-annotations/1.5.5/plexus-co
mponent-annotations-1.5.5.pom (815 B at 16 kB/s)
#11 8.013 Downloading from central: 
https://repo.maven.apache.org/maven2/org/codehaus/plexus/plexus-containers/1.5.5/plexus-containers-1.5.5.pom
#11 8.062 Progress (1): 1.3 kB
Progress (1): 4.2 kB
                    
Downloaded from central: 
https://repo.maven.apache.org/maven2/org/codehaus/plexus/plexus-containers/1.5.5/plexus-containers-1.5.5.pom (4.2 kB at 83 
kB/s)
#11 8.069 Downloading from central: https://repo.maven.apache.org/maven2/org/codehaus/plexus/plexus/2.0.7/plexus-2.0.7.pom
#11 8.120 Progress (1): 711 B
Progress (1): 2.7 kB
Progress (1): 6.3 kB
Progress (1): 9.1 kB
Progress (1): 13 kB 
Progress (1): 17 kB
Progress (1): 17 kB
                   
Downloaded from central: https://repo.maven.apache.org/maven2/org/codehaus/plexus/plexus/2.0.7/plexus-2.0.7.pom (17 kB at 320 
kB/s)
#11 8.133 Downloading from central: 
https://repo.maven.apache.org/maven2/org/sonatype/plexus/plexus-sec-dispatcher/1.3/plexus-sec-dispatcher-1.3.pom
#11 8.198 Progress (1): 1.3 kB
Progress (1): 3.0 kB
                    
Downloaded from central: 
https://repo.maven.apache.org/maven2/org/sonatype/plexus/plexus-sec-dispatcher/1.3/plexus-sec-dispatcher-1.3.pom (3.0 kB at 
36 kB/s)
#11 8.222 Downloading from central: 
https://repo.maven.apache.org/maven2/org/sonatype/spice/spice-parent/12/spice-parent-12.pom
#11 8.269 Progress (1): 1.2 kB
Progress (1): 4.2 kB
Progress (1): 6.8 kB
                    
Downloaded from central: https://repo.maven.apache.org/maven2/org/sonatype/spice/spice-parent/12/spice-parent-12.pom (6.8 kB 
at 136 kB/s)
#11 8.276 Downloading from central: https://repo.maven.apache.org/maven2/org/sonatype/forge/forge-parent/4/forge-parent-4.pom
#11 8.319 Progress (1): 1.4 kB
Progress (1): 5.7 kB
Progress (1): 8.4 kB
                    
Downloaded from central: https://repo.maven.apache.org/maven2/org/sonatype/forge/forge-parent/4/forge-parent-4.pom (8.4 kB at 
179 kB/s)
#11 8.329 Downloading from central: 
https://repo.maven.apache.org/maven2/org/codehaus/plexus/plexus-utils/1.5.5/plexus-utils-1.5.5.pom
#11 8.376 Progress (1): 1.4 kB
Progress (1): 4.3 kB
Progress (1): 5.1 kB
                    
Downloaded from central: https://repo.maven.apache.org/maven2/org/codehaus/plexus/plexus-utils/1.5.5/plexus-utils-1.5.5.pom 
(5.1 kB at 103 kB/s)
#11 8.384 Downloading from central: https://repo.maven.apache.org/maven2/org/codehaus/plexus/plexus/1.0.11/plexus-1.0.11.pom
#11 8.437 Progress (1): 1.2 kB
Progress (1): 4.4 kB
Progress (1): 7.6 kB
Progress (1): 9.0 kB
                    
Downloaded from central: https://repo.maven.apache.org/maven2/org/codehaus/plexus/plexus/1.0.11/plexus-1.0.11.pom (9.0 kB at 
163 kB/s)
#11 8.445 Downloading from central: 
https://repo.maven.apache.org/maven2/org/sonatype/plexus/plexus-cipher/1.4/plexus-cipher-1.4.pom
#11 8.499 Progress (1): 1.4 kB
Progress (1): 2.1 kB
                    
Downloaded from central: https://repo.maven.apache.org/maven2/org/sonatype/plexus/plexus-cipher/1.4/plexus-cipher-1.4.pom 
(2.1 kB at 37 kB/s)
#11 8.508 Downloading from central: 
https://repo.maven.apache.org/maven2/org/apache/maven/maven-repository-metadata/3.1.1/maven-repository-metadata-3.1.1.pom
#11 8.556 Progress (1): 823 B
Progress (1): 2.2 kB
                    
Downloaded from central: 
https://repo.maven.apache.org/maven2/org/apache/maven/maven-repository-metadata/3.1.1/maven-repository-metadata-3.1.1.pom 
(2.2 kB at 45 kB/s)
#11 8.567 Downloading from central: 
https://repo.maven.apache.org/maven2/org/apache/maven/maven-plugin-api/3.1.1/maven-plugin-api-3.1.1.pom
#11 8.615 Progress (1): 816 B
Progress (1): 2.5 kB
Progress (1): 3.4 kB
                    
Downloaded from central: 
https://repo.maven.apache.org/maven2/org/apache/maven/maven-plugin-api/3.1.1/maven-plugin-api-3.1.1.pom (3.4 kB at 65 kB/s)
#11 8.625 Downloading from central: 
https://repo.maven.apache.org/maven2/org/eclipse/sisu/org.eclipse.sisu.plexus/0.0.0.M5/org.eclipse.sisu.plexus-0.0.0.M5.pom
#11 8.683 Progress (1): 890 B
Progress (1): 3.6 kB
Progress (1): 4.8 kB
                    
Downloaded from central: 
https://repo.maven.apache.org/maven2/org/eclipse/sisu/org.eclipse.sisu.plexus/0.0.0.M5/org.eclipse.sisu.plexus-0.0.0.M5.pom 
(4.8 kB at 79 kB/s)
#11 8.692 Downloading from central: 
https://repo.maven.apache.org/maven2/org/eclipse/sisu/sisu-plexus/0.0.0.M5/sisu-plexus-0.0.0.M5.pom
#11 8.741 Progress (1): 844 B
Progress (1): 2.8 kB
Progress (1): 5.1 kB
Progress (1): 9.4 kB
Progress (1): 11 kB 
Progress (1): 13 kB
                   
Downloaded from central: https://repo.maven.apache.org/maven2/org/eclipse/sisu/sisu-plexus/0.0.0.M5/sisu-plexus-0.0.0.M5.pom 
(13 kB at 249 kB/s)
#11 8.752 Downloading from central: https://repo.maven.apache.org/maven2/org/sonatype/oss/oss-parent/7/oss-parent-7.pom
#11 8.798 Progress (1): 847 B
Progress (1): 2.5 kB
Progress (1): 4.8 kB
                    
Downloaded from central: https://repo.maven.apache.org/maven2/org/sonatype/oss/oss-parent/7/oss-parent-7.pom (4.8 kB at 98 
kB/s)
#11 8.808 Downloading from central: https://repo.maven.apache.org/maven2/javax/enterprise/cdi-api/1.0/cdi-api-1.0.pom
#11 8.862 Progress (1): 1.4 kB
                    
Downloaded from central: https://repo.maven.apache.org/maven2/javax/enterprise/cdi-api/1.0/cdi-api-1.0.pom (1.4 kB at 26 kB/s)
#11 8.870 Downloading from central: 
https://repo.maven.apache.org/maven2/org/jboss/weld/weld-api-parent/1.0/weld-api-parent-1.0.pom
#11 8.933 Progress (1): 1.1 kB
Progress (1): 2.4 kB
                    
Downloaded from central: https://repo.maven.apache.org/maven2/org/jboss/weld/weld-api-parent/1.0/weld-api-parent-1.0.pom (2.4 
kB at 36 kB/s)
#11 8.940 Downloading from central: https://repo.maven.apache.org/maven2/org/jboss/weld/weld-api-bom/1.0/weld-api-bom-1.0.pom
#11 8.992 Progress (1): 987 B
Progress (1): 3.4 kB
Progress (1): 7.9 kB
Progress (1): 7.9 kB
                    
Downloaded from central: https://repo.maven.apache.org/maven2/org/jboss/weld/weld-api-bom/1.0/weld-api-bom-1.0.pom (7.9 kB at 
146 kB/s)
#11 9.000 Downloading from central: https://repo.maven.apache.org/maven2/org/jboss/weld/weld-parent/6/weld-parent-6.pom
#11 9.058 Progress (1): 1.0 kB
Progress (1): 3.6 kB
Progress (1): 7.0 kB
Progress (1): 13 kB 
Progress (1): 17 kB
Progress (1): 20 kB
Progress (1): 21 kB
                   
Downloaded from central: https://repo.maven.apache.org/maven2/org/jboss/weld/weld-parent/6/weld-parent-6.pom (21 kB at 334 
kB/s)
#11 9.074 Downloading from central: https://repo.maven.apache.org/maven2/javax/annotation/jsr250-api/1.0/jsr250-api-1.0.pom
#11 9.129 Progress (1): 1.0 kB
                    
Downloaded from central: https://repo.maven.apache.org/maven2/javax/annotation/jsr250-api/1.0/jsr250-api-1.0.pom (1.0 kB at 
17 kB/s)
#11 9.146 Downloading from central: https://repo.maven.apache.org/maven2/javax/inject/javax.inject/1/javax.inject-1.pom
#11 9.204 Progress (1): 612 B
                   
Downloaded from central: https://repo.maven.apache.org/maven2/javax/inject/javax.inject/1/javax.inject-1.pom (612 B at 9.9 
kB/s)
#11 9.217 Downloading from central: https://repo.maven.apache.org/maven2/com/google/guava/guava/10.0.1/guava-10.0.1.pom
#11 9.269 Progress (1): 898 B
Progress (1): 3.2 kB
Progress (1): 5.4 kB
                    
Downloaded from central: https://repo.maven.apache.org/maven2/com/google/guava/guava/10.0.1/guava-10.0.1.pom (5.4 kB at 100 
kB/s)
#11 9.275 Downloading from central: 
https://repo.maven.apache.org/maven2/com/google/guava/guava-parent/10.0.1/guava-parent-10.0.1.pom
#11 9.324 Progress (1): 1.1 kB
Progress (1): 2.0 kB
                    
Downloaded from central: https://repo.maven.apache.org/maven2/com/google/guava/guava-parent/10.0.1/guava-parent-10.0.1.pom 
(2.0 kB at 38 kB/s)
#11 9.333 Downloading from central: 
https://repo.maven.apache.org/maven2/com/google/code/findbugs/jsr305/1.3.9/jsr305-1.3.9.pom
#11 9.390 Progress (1): 965 B
                   
Downloaded from central: https://repo.maven.apache.org/maven2/com/google/code/findbugs/jsr305/1.3.9/jsr305-1.3.9.pom (965 B 
at 16 kB/s)
#11 9.398 Downloading from central: 
https://repo.maven.apache.org/maven2/org/sonatype/sisu/sisu-guice/3.1.0/sisu-guice-3.1.0.pom
#11 9.450 Progress (1): 1.6 kB
Progress (1): 3.6 kB
Progress (1): 6.1 kB
Progress (1): 9.9 kB
Progress (1): 10 kB 
                   
Downloaded from central: https://repo.maven.apache.org/maven2/org/sonatype/sisu/sisu-guice/3.1.0/sisu-guice-3.1.0.pom (10 kB 
at 181 kB/s)
#11 9.460 Downloading from central: 
https://repo.maven.apache.org/maven2/org/sonatype/sisu/inject/guice-parent/3.1.0/guice-parent-3.1.0.pom
#11 9.508 Progress (1): 798 B
Progress (1): 2.6 kB
Progress (1): 4.4 kB
Progress (1): 6.9 kB
Progress (1): 9.1 kB
Progress (1): 11 kB 
                   
Downloaded from central: 
https://repo.maven.apache.org/maven2/org/sonatype/sisu/inject/guice-parent/3.1.0/guice-parent-3.1.0.pom (11 kB at 214 kB/s)
#11 9.519 Downloading from central: https://repo.maven.apache.org/maven2/aopalliance/aopalliance/1.0/aopalliance-1.0.pom
#11 9.567 Progress (1): 363 B
                   
Downloaded from central: https://repo.maven.apache.org/maven2/aopalliance/aopalliance/1.0/aopalliance-1.0.pom (363 B at 7.1 
kB/s)
#11 9.576 Downloading from central: 
https://repo.maven.apache.org/maven2/org/eclipse/sisu/org.eclipse.sisu.inject/0.0.0.M5/org.eclipse.sisu.inject-0.0.0.M5.pom
#11 9.619 Progress (1): 921 B
Progress (1): 2.5 kB
                    
Downloaded from central: 
https://repo.maven.apache.org/maven2/org/eclipse/sisu/org.eclipse.sisu.inject/0.0.0.M5/org.eclipse.sisu.inject-0.0.0.M5.pom 
(2.5 kB at 56 kB/s)
#11 9.625 Downloading from central: 
https://repo.maven.apache.org/maven2/org/eclipse/sisu/sisu-inject/0.0.0.M5/sisu-inject-0.0.0.M5.pom
#11 9.671 Progress (1): 844 B
Progress (1): 2.8 kB
Progress (1): 5.0 kB
Progress (1): 9.2 kB
Progress (1): 11 kB 
Progress (1): 14 kB
                   
Downloaded from central: https://repo.maven.apache.org/maven2/org/eclipse/sisu/sisu-inject/0.0.0.M5/sisu-inject-0.0.0.M5.pom 
(14 kB at 286 kB/s)
#11 9.683 Downloading from central: 
https://repo.maven.apache.org/maven2/org/codehaus/plexus/plexus-classworlds/2.4/plexus-classworlds-2.4.pom
#11 9.735 Progress (1): 949 B
Progress (1): 2.9 kB
Progress (1): 3.9 kB
                    
Downloaded from central: 
https://repo.maven.apache.org/maven2/org/codehaus/plexus/plexus-classworlds/2.4/plexus-classworlds-2.4.pom (3.9 kB at 73 kB/s)
#11 9.743 Downloading from central: 
https://repo.maven.apache.org/maven2/org/codehaus/plexus/plexus-utils/2.1/plexus-utils-2.1.pom
#11 9.793 Progress (1): 810 B
Progress (1): 2.3 kB
Progress (1): 4.0 kB
                    
Downloaded from central: https://repo.maven.apache.org/maven2/org/codehaus/plexus/plexus-utils/2.1/plexus-utils-2.1.pom (4.0 
kB at 78 kB/s)
#11 9.801 Downloading from central: 
https://repo.maven.apache.org/maven2/org/sonatype/spice/spice-parent/16/spice-parent-16.pom
#11 9.851 Progress (1): 1.2 kB
Progress (1): 3.7 kB
Progress (1): 7.3 kB
Progress (1): 8.4 kB
                    
Downloaded from central: https://repo.maven.apache.org/maven2/org/sonatype/spice/spice-parent/16/spice-parent-16.pom (8.4 kB 
at 161 kB/s)
#11 9.876 Downloading from central: https://repo.maven.apache.org/maven2/org/sonatype/forge/forge-parent/5/forge-parent-5.pom
#11 9.930 Progress (1): 1.3 kB
Progress (1): 5.5 kB
Progress (1): 8.4 kB
                    
Downloaded from central: https://repo.maven.apache.org/maven2/org/sonatype/forge/forge-parent/5/forge-parent-5.pom (8.4 kB at 
142 kB/s)
#11 9.944 Downloading from central: 
https://repo.maven.apache.org/maven2/org/apache/maven/maven-model-builder/3.1.1/maven-model-builder-3.1.1.pom
#11 9.991 Progress (1): 838 B
Progress (1): 2.7 kB
Progress (1): 2.8 kB
                    
Downloaded from central: 
https://repo.maven.apache.org/maven2/org/apache/maven/maven-model-builder/3.1.1/maven-model-builder-3.1.1.pom (2.8 kB at 57 
kB/s)
#11 10.00 Downloading from central: 
https://repo.maven.apache.org/maven2/org/apache/maven/maven-aether-provider/3.1.1/maven-aether-provider-3.1.1.pom
#11 10.05 Progress (1): 810 B
Progress (1): 3.0 kB
Progress (1): 4.1 kB
                    
Downloaded from central: 
https://repo.maven.apache.org/maven2/org/apache/maven/maven-aether-provider/3.1.1/maven-aether-provider-3.1.1.pom (4.1 kB at 
80 kB/s)
#11 10.06 Downloading from central: 
https://repo.maven.apache.org/maven2/org/eclipse/aether/aether-api/0.9.0.M2/aether-api-0.9.0.M2.pom
#11 10.11 Progress (1): 941 B
Progress (1): 1.7 kB
                    
Downloaded from central: https://repo.maven.apache.org/maven2/org/eclipse/aether/aether-api/0.9.0.M2/aether-api-0.9.0.M2.pom 
(1.7 kB at 33 kB/s)
#11 10.12 Downloading from central: 
https://repo.maven.apache.org/maven2/org/eclipse/aether/aether/0.9.0.M2/aether-0.9.0.M2.pom
#11 10.17 Progress (1): 815 B
Progress (1): 3.2 kB
Progress (1): 5.9 kB
Progress (1): 9.6 kB
Progress (1): 13 kB 
Progress (1): 17 kB
Progress (1): 20 kB
Progress (1): 24 kB
Progress (1): 28 kB
                   
Downloaded from central: https://repo.maven.apache.org/maven2/org/eclipse/aether/aether/0.9.0.M2/aether-0.9.0.M2.pom (28 kB 
at 435 kB/s)
#11 10.19 Downloading from central: 
https://repo.maven.apache.org/maven2/org/eclipse/aether/aether-spi/0.9.0.M2/aether-spi-0.9.0.M2.pom
#11 10.24 Progress (1): 938 B
Progress (1): 1.8 kB
                    
Downloaded from central: https://repo.maven.apache.org/maven2/org/eclipse/aether/aether-spi/0.9.0.M2/aether-spi-0.9.0.M2.pom 
(1.8 kB at 34 kB/s)
#11 10.25 Downloading from central: 
https://repo.maven.apache.org/maven2/org/eclipse/aether/aether-util/0.9.0.M2/aether-util-0.9.0.M2.pom
#11 10.29 Progress (1): 934 B
Progress (1): 2.0 kB
                    
Downloaded from central: 
https://repo.maven.apache.org/maven2/org/eclipse/aether/aether-util/0.9.0.M2/aether-util-0.9.0.M2.pom (2.0 kB at 42 kB/s)
#11 10.30 Downloading from central: 
https://repo.maven.apache.org/maven2/org/eclipse/aether/aether-impl/0.9.0.M2/aether-impl-0.9.0.M2.pom
#11 10.35 Progress (1): 944 B
Progress (1): 3.3 kB
                    
Downloaded from central: 
https://repo.maven.apache.org/maven2/org/eclipse/aether/aether-impl/0.9.0.M2/aether-impl-0.9.0.M2.pom (3.3 kB at 66 kB/s)
#11 10.36 Downloading from central: 
https://repo.maven.apache.org/maven2/org/codehaus/plexus/plexus-classworlds/2.5.1/plexus-classworlds-2.5.1.pom
#11 10.40 Progress (1): 931 B
Progress (1): 3.0 kB
Progress (1): 5.0 kB
                    
Downloaded from central: 
https://repo.maven.apache.org/maven2/org/codehaus/plexus/plexus-classworlds/2.5.1/plexus-classworlds-2.5.1.pom (5.0 kB at 104 
kB/s)
#11 10.41 Downloading from central: 
https://repo.maven.apache.org/maven2/org/apache/maven/shared/maven-shared-utils/3.3.3/maven-shared-utils-3.3.3.pom
#11 10.47 Progress (1): 806 B
Progress (1): 2.3 kB
Progress (1): 4.7 kB
Progress (1): 5.8 kB
                    
Downloaded from central: 
https://repo.maven.apache.org/maven2/org/apache/maven/shared/maven-shared-utils/3.3.3/maven-shared-utils-3.3.3.pom (5.8 kB at 
100 kB/s)
#11 10.48 Downloading from central: https://repo.maven.apache.org/maven2/commons-io/commons-io/2.6/commons-io-2.6.pom
#11 10.53 Progress (1): 774 B
Progress (1): 2.1 kB
Progress (1): 5.3 kB
Progress (1): 7.4 kB
Progress (1): 9.4 kB
Progress (1): 12 kB 
Progress (1): 14 kB
                   
Downloaded from central: https://repo.maven.apache.org/maven2/commons-io/commons-io/2.6/commons-io-2.6.pom (14 kB at 259 kB/s)
#11 10.54 Downloading from central: 
https://repo.maven.apache.org/maven2/org/apache/commons/commons-parent/42/commons-parent-42.pom
#11 10.60 Progress (1): 707 B
Progress (1): 1.9 kB
Progress (1): 3.1 kB
Progress (1): 4.5 kB
Progress (1): 5.9 kB
Progress (1): 7.5 kB
Progress (1): 11 kB 
Progress (1): 14 kB
Progress (1): 17 kB
Progress (1): 20 kB
Progress (1): 23 kB
Progress (1): 26 kB
Progress (1): 29 kB
Progress (1): 31 kB
Progress (1): 34 kB
Progress (1): 34 kB
Progress (1): 37 kB
Progress (1): 40 kB
Progress (1): 44 kB
Progress (1): 48 kB
Progress (1): 53 kB
Progress (1): 55 kB
Progress (1): 59 kB
Progress (1): 60 kB
Progress (1): 62 kB
Progress (1): 65 kB
Progress (1): 66 kB
Progress (1): 68 kB
                   
Downloaded from central: https://repo.maven.apache.org/maven2/org/apache/commons/commons-parent/42/commons-parent-42.pom (68 
kB at 1.1 MB/s)
#11 10.61 Downloading from central: https://repo.maven.apache.org/maven2/org/apache/apache/18/apache-18.pom
#11 10.67 Progress (1): 745 B
Progress (1): 2.1 kB
Progress (1): 3.9 kB
Progress (1): 8.0 kB
Progress (1): 12 kB 
Progress (1): 14 kB
Progress (1): 16 kB
                   
Downloaded from central: https://repo.maven.apache.org/maven2/org/apache/apache/18/apache-18.pom (16 kB at 270 kB/s)
#11 10.68 Downloading from central: 
https://repo.maven.apache.org/maven2/org/apache/commons/commons-compress/1.20/commons-compress-1.20.pom
#11 10.72 Progress (1): 760 B
Progress (1): 1.9 kB
Progress (1): 3.5 kB
Progress (1): 6.7 kB
Progress (1): 9.1 kB
Progress (1): 12 kB 
Progress (1): 15 kB
Progress (1): 18 kB
Progress (1): 18 kB
                   
Downloaded from central: 
https://repo.maven.apache.org/maven2/org/apache/commons/commons-compress/1.20/commons-compress-1.20.pom (18 kB at 365 kB/s)
#11 10.73 Downloading from central: 
https://repo.maven.apache.org/maven2/org/apache/commons/commons-parent/48/commons-parent-48.pom
#11 10.78 Progress (1): 706 B
Progress (1): 1.9 kB
Progress (1): 3.2 kB
Progress (1): 4.7 kB
Progress (1): 8.4 kB
Progress (1): 11 kB 
Progress (1): 14 kB
Progress (1): 17 kB
Progress (1): 21 kB
Progress (1): 24 kB
Progress (1): 26 kB
Progress (1): 29 kB
Progress (1): 32 kB
Progress (1): 36 kB
Progress (1): 38 kB
Progress (1): 39 kB
Progress (1): 41 kB
Progress (1): 45 kB
Progress (1): 50 kB
Progress (1): 55 kB
Progress (1): 59 kB
Progress (1): 62 kB
Progress (1): 64 kB
Progress (1): 65 kB
Progress (1): 68 kB
Progress (1): 70 kB
Progress (1): 72 kB
Progress (1): 72 kB
                   
Downloaded from central: https://repo.maven.apache.org/maven2/org/apache/commons/commons-parent/48/commons-parent-48.pom (72 
kB at 1.4 MB/s)
#11 10.79 Downloading from central: https://repo.maven.apache.org/maven2/org/apache/apache/21/apache-21.pom
#11 10.85 Progress (1): 749 B
Progress (1): 2.1 kB
Progress (1): 3.9 kB
Progress (1): 8.2 kB
Progress (1): 13 kB 
Progress (1): 16 kB
Progress (1): 17 kB
                   
Downloaded from central: https://repo.maven.apache.org/maven2/org/apache/apache/21/apache-21.pom (17 kB at 272 kB/s)
#11 10.86 Downloading from central: 
https://repo.maven.apache.org/maven2/org/codehaus/plexus/plexus-archiver/4.2.7/plexus-archiver-4.2.7.pom
#11 10.92 Progress (1): 1.3 kB
Progress (1): 3.7 kB
Progress (1): 4.9 kB
                    
Downloaded from central: 
https://repo.maven.apache.org/maven2/org/codehaus/plexus/plexus-archiver/4.2.7/plexus-archiver-4.2.7.pom (4.9 kB at 81 kB/s)
#11 10.93 Downloading from central: https://repo.maven.apache.org/maven2/org/codehaus/plexus/plexus/8/plexus-8.pom
#11 10.98 Progress (1): 697 B
Progress (1): 2.7 kB
Progress (1): 6.4 kB
Progress (1): 9.2 kB
Progress (1): 11 kB 
Progress (1): 15 kB
Progress (1): 20 kB
Progress (1): 24 kB
Progress (1): 25 kB
                   
Downloaded from central: https://repo.maven.apache.org/maven2/org/codehaus/plexus/plexus/8/plexus-8.pom (25 kB at 489 kB/s)
#11 10.98 Downloading from central: 
https://repo.maven.apache.org/maven2/org/codehaus/plexus/plexus-utils/3.4.1/plexus-utils-3.4.1.pom
#11 11.05 Progress (1): 724 B
Progress (1): 2.3 kB
Progress (1): 4.6 kB
Progress (1): 8.0 kB
                    
Downloaded from central: https://repo.maven.apache.org/maven2/org/codehaus/plexus/plexus-utils/3.4.1/plexus-utils-3.4.1.pom 
(8.0 kB at 114 kB/s)
#11 11.06 Downloading from central: 
https://repo.maven.apache.org/maven2/org/codehaus/plexus/plexus-io/3.2.0/plexus-io-3.2.0.pom
#11 11.11 Progress (1): 1.4 kB
Progress (1): 4.4 kB
Progress (1): 4.5 kB
                    
Downloaded from central: https://repo.maven.apache.org/maven2/org/codehaus/plexus/plexus-io/3.2.0/plexus-io-3.2.0.pom (4.5 kB 
at 89 kB/s)
#11 11.12 Downloading from central: https://repo.maven.apache.org/maven2/org/codehaus/plexus/plexus/5.1/plexus-5.1.pom
#11 11.17 Progress (1): 697 B
Progress (1): 2.7 kB
Progress (1): 6.4 kB
Progress (1): 9.1 kB
Progress (1): 11 kB 
Progress (1): 16 kB
Progress (1): 20 kB
Progress (1): 23 kB
                   
Downloaded from central: https://repo.maven.apache.org/maven2/org/codehaus/plexus/plexus/5.1/plexus-5.1.pom (23 kB at 441 
kB/s)
#11 11.18 Downloading from central: 
https://repo.maven.apache.org/maven2/org/codehaus/plexus/plexus-utils/3.3.0/plexus-utils-3.3.0.pom
#11 11.22 Progress (1): 800 B
Progress (1): 2.6 kB
Progress (1): 4.9 kB
Progress (1): 5.2 kB
                    
Downloaded from central: https://repo.maven.apache.org/maven2/org/codehaus/plexus/plexus-utils/3.3.0/plexus-utils-3.3.0.pom 
(5.2 kB at 106 kB/s)
#11 11.23 Downloading from central: 
https://repo.maven.apache.org/maven2/org/apache/commons/commons-compress/1.21/commons-compress-1.21.pom
#11 11.28 Progress (1): 749 B
Progress (1): 1.9 kB
Progress (1): 3.4 kB
Progress (1): 6.7 kB
Progress (1): 9.0 kB
Progress (1): 11 kB 
Progress (1): 14 kB
Progress (1): 18 kB
Progress (1): 20 kB
                   
Downloaded from central: 
https://repo.maven.apache.org/maven2/org/apache/commons/commons-compress/1.21/commons-compress-1.21.pom (20 kB at 394 kB/s)
#11 11.29 Downloading from central: 
https://repo.maven.apache.org/maven2/org/apache/commons/commons-parent/52/commons-parent-52.pom
#11 11.35 Progress (1): 702 B
Progress (1): 1.8 kB
Progress (1): 3.1 kB
Progress (1): 4.6 kB
Progress (1): 6.7 kB
Progress (1): 8.1 kB
Progress (1): 10 kB 
Progress (1): 12 kB
Progress (1): 15 kB
Progress (1): 17 kB
Progress (1): 20 kB
Progress (1): 22 kB
Progress (1): 25 kB
Progress (1): 29 kB
Progress (1): 32 kB
Progress (1): 32 kB
Progress (1): 36 kB
Progress (1): 39 kB
Progress (1): 42 kB
Progress (1): 44 kB
Progress (1): 47 kB
Progress (1): 51 kB
Progress (1): 54 kB
Progress (1): 56 kB
Progress (1): 61 kB
Progress (1): 65 kB
Progress (1): 73 kB
Progress (1): 75 kB
Progress (1): 79 kB
                   
Downloaded from central: https://repo.maven.apache.org/maven2/org/apache/commons/commons-parent/52/commons-parent-52.pom (79 
kB at 1.2 MB/s)
#11 11.37 Downloading from central: https://repo.maven.apache.org/maven2/org/iq80/snappy/snappy/0.4/snappy-0.4.pom
#11 11.42 Progress (1): 1.2 kB
Progress (1): 3.7 kB
Progress (1): 8.1 kB
Progress (1): 12 kB 
Progress (1): 15 kB
                   
Downloaded from central: https://repo.maven.apache.org/maven2/org/iq80/snappy/snappy/0.4/snappy-0.4.pom (15 kB at 264 kB/s)
#11 11.43 Downloading from central: https://repo.maven.apache.org/maven2/org/tukaani/xz/1.9/xz-1.9.pom
#11 11.49 Progress (1): 1.1 kB
Progress (1): 2.0 kB
                    
Downloaded from central: https://repo.maven.apache.org/maven2/org/tukaani/xz/1.9/xz-1.9.pom (2.0 kB at 35 kB/s)
#11 11.49 Downloading from central: 
https://repo.maven.apache.org/maven2/org/codehaus/plexus/plexus-interpolation/1.26/plexus-interpolation-1.26.pom
#11 11.53 Progress (1): 1.4 kB
Progress (1): 2.7 kB
                    
Downloaded from central: 
https://repo.maven.apache.org/maven2/org/codehaus/plexus/plexus-interpolation/1.26/plexus-interpolation-1.26.pom (2.7 kB at 
59 kB/s)
#11 11.54 Downloading from central: 
https://repo.maven.apache.org/maven2/org/apache/maven/shared/maven-dependency-tree/3.0/maven-dependency-tree-3.0.pom
#11 11.59 Progress (1): 786 B
Progress (1): 2.3 kB
Progress (1): 4.8 kB
Progress (1): 7.3 kB
Progress (1): 7.4 kB
                    
Downloaded from central: 
https://repo.maven.apache.org/maven2/org/apache/maven/shared/maven-dependency-tree/3.0/maven-dependency-tree-3.0.pom (7.4 kB 
at 150 kB/s)
#11 11.60 Downloading from central: 
https://repo.maven.apache.org/maven2/org/apache/maven/shared/maven-shared-components/21/maven-shared-components-21.pom
#11 11.65 Progress (1): 781 B
Progress (1): 2.4 kB
Progress (1): 4.2 kB
Progress (1): 5.1 kB
                    
Downloaded from central: 
https://repo.maven.apache.org/maven2/org/apache/maven/shared/maven-shared-components/21/maven-shared-components-21.pom (5.1 
kB at 100 kB/s)
#11 11.66 Downloading from central: https://repo.maven.apache.org/maven2/org/apache/maven/maven-parent/25/maven-parent-25.pom
#11 11.71 Progress (1): 729 B
Progress (1): 2.0 kB
Progress (1): 6.0 kB
Progress (1): 10 kB 
Progress (1): 15 kB
Progress (1): 18 kB
Progress (1): 23 kB
Progress (1): 24 kB
Progress (1): 27 kB
Progress (1): 30 kB
Progress (1): 32 kB
Progress (1): 37 kB
Progress (1): 37 kB
                   
Downloaded from central: https://repo.maven.apache.org/maven2/org/apache/maven/maven-parent/25/maven-parent-25.pom (37 kB at 
734 kB/s)
#11 11.71 Downloading from central: https://repo.maven.apache.org/maven2/org/apache/apache/15/apache-15.pom
#11 11.76 Progress (1): 749 B
Progress (1): 2.1 kB
Progress (1): 3.9 kB
Progress (1): 7.8 kB
Progress (1): 11 kB 
Progress (1): 14 kB
Progress (1): 15 kB
                   
Downloaded from central: https://repo.maven.apache.org/maven2/org/apache/apache/15/apache-15.pom (15 kB at 305 kB/s)
#11 11.77 Downloading from central: 
https://repo.maven.apache.org/maven2/org/codehaus/plexus/plexus-component-annotations/1.6/plexus-component-annotations-1.6.pom
#11 11.82 Progress (1): 748 B
                   
Downloaded from central: https://repo.maven.apache.org/maven2/org/codehaus/plexus/plexus-component-annotations/1.6/plexus-comp
onent-annotations-1.6.pom (748 B at 16 kB/s)
#11 11.82 Downloading from central: 
https://repo.maven.apache.org/maven2/org/codehaus/plexus/plexus-containers/1.6/plexus-containers-1.6.pom
#11 11.88 Progress (1): 1.2 kB
Progress (1): 3.8 kB
                    
Downloaded from central: 
https://repo.maven.apache.org/maven2/org/codehaus/plexus/plexus-containers/1.6/plexus-containers-1.6.pom (3.8 kB at 53 kB/s)
#11 11.90 Downloading from central: https://repo.maven.apache.org/maven2/org/codehaus/plexus/plexus/3.3.2/plexus-3.3.2.pom
#11 11.95 Progress (1): 703 B
Progress (1): 2.5 kB
Progress (1): 6.2 kB
Progress (1): 8.8 kB
Progress (1): 11 kB 
Progress (1): 15 kB
Progress (1): 20 kB
Progress (1): 22 kB
                   
Downloaded from central: https://repo.maven.apache.org/maven2/org/codehaus/plexus/plexus/3.3.2/plexus-3.3.2.pom (22 kB at 414 
kB/s)
#11 11.96 Downloading from central: 
https://repo.maven.apache.org/maven2/org/sonatype/plexus/plexus-build-api/0.0.7/plexus-build-api-0.0.7.pom
#11 12.00 Progress (1): 910 B
Progress (1): 3.2 kB
                    
Downloaded from central: 
https://repo.maven.apache.org/maven2/org/sonatype/plexus/plexus-build-api/0.0.7/plexus-build-api-0.0.7.pom (3.2 kB at 68 kB/s)
#11 12.01 Downloading from central: 
https://repo.maven.apache.org/maven2/org/sonatype/spice/spice-parent/15/spice-parent-15.pom
#11 12.06 Progress (1): 1.2 kB
Progress (1): 3.7 kB
Progress (1): 7.3 kB
Progress (1): 8.4 kB
                    
Downloaded from central: https://repo.maven.apache.org/maven2/org/sonatype/spice/spice-parent/15/spice-parent-15.pom (8.4 kB 
at 149 kB/s)
#11 12.08 Downloading from central: 
https://repo.maven.apache.org/maven2/org/codehaus/plexus/plexus-utils/1.5.8/plexus-utils-1.5.8.pom
#11 12.13 Progress (1): 1.0 kB
Progress (1): 5.0 kB
Progress (1): 8.1 kB
                    
Downloaded from central: https://repo.maven.apache.org/maven2/org/codehaus/plexus/plexus-utils/1.5.8/plexus-utils-1.5.8.pom 
(8.1 kB at 149 kB/s)
#11 12.13 Downloading from central: https://repo.maven.apache.org/maven2/org/codehaus/plexus/plexus/2.0.2/plexus-2.0.2.pom
#11 12.18 Progress (1): 1.0 kB
Progress (1): 3.9 kB
Progress (1): 7.5 kB
Progress (1): 11 kB 
Progress (1): 12 kB
                   
Downloaded from central: https://repo.maven.apache.org/maven2/org/codehaus/plexus/plexus/2.0.2/plexus-2.0.2.pom (12 kB at 237 
kB/s)
#11 12.19 Downloading from central: 
https://repo.maven.apache.org/maven2/org/apache/maven/doxia/doxia-site-renderer/1.0/doxia-site-renderer-1.0.pom
#11 12.24 Progress (1): 797 B
Progress (1): 2.8 kB
Progress (1): 4.4 kB
                    
Downloaded from central: 
https://repo.maven.apache.org/maven2/org/apache/maven/doxia/doxia-site-renderer/1.0/doxia-site-renderer-1.0.pom (4.4 kB at 85 
kB/s)
#11 12.25 Downloading from central: 
https://repo.maven.apache.org/maven2/org/apache/maven/doxia/doxia-sitetools/1.0/doxia-sitetools-1.0.pom
#11 12.30 Progress (1): 773 B
Progress (1): 2.3 kB
Progress (1): 6.4 kB
Progress (1): 7.6 kB
Progress (1): 9.6 kB
                    
Downloaded from central: 
https://repo.maven.apache.org/maven2/org/apache/maven/doxia/doxia-sitetools/1.0/doxia-sitetools-1.0.pom (9.6 kB at 171 kB/s)
#11 12.31 Downloading from central: https://repo.maven.apache.org/maven2/org/apache/maven/maven-parent/11/maven-parent-11.pom
#11 12.36 Progress (1): 714 B
Progress (1): 1.9 kB
Progress (1): 6.1 kB
Progress (1): 11 kB 
Progress (1): 14 kB
Progress (1): 17 kB
Progress (1): 23 kB
Progress (1): 26 kB
Progress (1): 30 kB
Progress (1): 32 kB
                   
Downloaded from central: https://repo.maven.apache.org/maven2/org/apache/maven/maven-parent/11/maven-parent-11.pom (32 kB at 
675 kB/s)
#11 12.36 Downloading from central: https://repo.maven.apache.org/maven2/org/apache/apache/5/apache-5.pom
#11 12.41 Progress (1): 785 B
Progress (1): 2.1 kB
Progress (1): 4.1 kB
                    
Downloaded from central: https://repo.maven.apache.org/maven2/org/apache/apache/5/apache-5.pom (4.1 kB at 89 kB/s)
#11 12.42 Downloading from central: 
https://repo.maven.apache.org/maven2/org/apache/maven/doxia/doxia-core/1.0/doxia-core-1.0.pom
#11 12.47 Progress (1): 821 B
Progress (1): 2.4 kB
                    
Downloaded from central: https://repo.maven.apache.org/maven2/org/apache/maven/doxia/doxia-core/1.0/doxia-core-1.0.pom (2.4 
kB at 44 kB/s)
#11 12.48 Downloading from central: 
https://repo.maven.apache.org/maven2/org/codehaus/plexus/plexus-utils/1.5.7/plexus-utils-1.5.7.pom
#11 12.52 Progress (1): 1.0 kB
Progress (1): 5.0 kB
Progress (1): 8.1 kB
                    
Downloaded from central: https://repo.maven.apache.org/maven2/org/codehaus/plexus/plexus-utils/1.5.7/plexus-utils-1.5.7.pom 
(8.1 kB at 175 kB/s)
#11 12.53 Downloading from central: https://repo.maven.apache.org/maven2/org/codehaus/plexus/plexus-container-default/1.0-alph
a-30/plexus-container-default-1.0-alpha-30.pom
#11 12.58 Progress (1): 1.5 kB
Progress (1): 3.5 kB
                    
Downloaded from central: https://repo.maven.apache.org/maven2/org/codehaus/plexus/plexus-container-default/1.0-alpha-30/plexus
-container-default-1.0-alpha-30.pom (3.5 kB at 63 kB/s)
#11 12.59 Downloading from central: 
https://repo.maven.apache.org/maven2/org/codehaus/plexus/plexus-containers/1.0-alpha-30/plexus-containers-1.0-alpha-30.pom
#11 12.64 Progress (1): 1.8 kB
Progress (1): 1.9 kB
                    
Downloaded from central: 
https://repo.maven.apache.org/maven2/org/codehaus/plexus/plexus-containers/1.0-alpha-30/plexus-containers-1.0-alpha-30.pom 
(1.9 kB at 39 kB/s)
#11 12.65 Downloading from central: 
https://repo.maven.apache.org/maven2/org/codehaus/plexus/plexus-utils/1.4.5/plexus-utils-1.4.5.pom
#11 12.71 Progress (1): 1.2 kB
Progress (1): 2.3 kB
                    
Downloaded from central: https://repo.maven.apache.org/maven2/org/codehaus/plexus/plexus-utils/1.4.5/plexus-utils-1.4.5.pom 
(2.3 kB at 33 kB/s)
#11 12.72 Downloading from central: 
https://repo.maven.apache.org/maven2/org/codehaus/plexus/plexus-classworlds/1.2-alpha-9/plexus-classworlds-1.2-alpha-9.pom
#11 12.77 Progress (1): 933 B
Progress (1): 2.9 kB
Progress (1): 3.2 kB
                    
Downloaded from central: 
https://repo.maven.apache.org/maven2/org/codehaus/plexus/plexus-classworlds/1.2-alpha-9/plexus-classworlds-1.2-alpha-9.pom 
(3.2 kB at 64 kB/s)
#11 12.78 Downloading from central: https://repo.maven.apache.org/maven2/org/codehaus/plexus/plexus/1.0.10/plexus-1.0.10.pom
#11 12.82 Progress (1): 1.7 kB
Progress (1): 4.8 kB
Progress (1): 7.9 kB
Progress (1): 8.2 kB
                    
Downloaded from central: https://repo.maven.apache.org/maven2/org/codehaus/plexus/plexus/1.0.10/plexus-1.0.10.pom (8.2 kB at 
179 kB/s)
#11 12.83 Downloading from central: https://repo.maven.apache.org/maven2/junit/junit/3.8.1/junit-3.8.1.pom
#11 12.89 Progress (1): 998 B
                   
Downloaded from central: https://repo.maven.apache.org/maven2/junit/junit/3.8.1/junit-3.8.1.pom (998 B at 16 kB/s)
#11 12.89 Downloading from central: 
https://repo.maven.apache.org/maven2/org/codehaus/plexus/plexus-i18n/1.0-beta-7/plexus-i18n-1.0-beta-7.pom
#11 12.95 Progress (1): 1.1 kB
                    
Downloaded from central: 
https://repo.maven.apache.org/maven2/org/codehaus/plexus/plexus-i18n/1.0-beta-7/plexus-i18n-1.0-beta-7.pom (1.1 kB at 20 kB/s)
#11 12.95 Downloading from central: 
https://repo.maven.apache.org/maven2/org/codehaus/plexus/plexus-components/1.1.12/plexus-components-1.1.12.pom
#11 13.00 Progress (1): 1.7 kB
Progress (1): 3.0 kB
                    
Downloaded from central: 
https://repo.maven.apache.org/maven2/org/codehaus/plexus/plexus-components/1.1.12/plexus-components-1.1.12.pom (3.0 kB at 59 
kB/s)
#11 13.01 Downloading from central: 
https://repo.maven.apache.org/maven2/org/codehaus/plexus/plexus-utils/1.4.1/plexus-utils-1.4.1.pom
#11 13.06 Progress (1): 1.2 kB
Progress (1): 1.9 kB
                    
Downloaded from central: https://repo.maven.apache.org/maven2/org/codehaus/plexus/plexus-utils/1.4.1/plexus-utils-1.4.1.pom 
(1.9 kB at 40 kB/s)
#11 13.06 Downloading from central: 
https://repo.maven.apache.org/maven2/org/codehaus/plexus/plexus-velocity/1.1.7/plexus-velocity-1.1.7.pom
#11 13.11 Progress (1): 850 B
Progress (1): 2.0 kB
                    
Downloaded from central: 
https://repo.maven.apache.org/maven2/org/codehaus/plexus/plexus-velocity/1.1.7/plexus-velocity-1.1.7.pom (2.0 kB at 39 kB/s)
#11 13.12 Downloading from central: https://repo.maven.apache.org/maven2/org/codehaus/plexus/plexus-container-default/1.0-alph
a-20/plexus-container-default-1.0-alpha-20.pom
#11 13.17 Progress (1): 1.7 kB
Progress (1): 3.0 kB
                    
Downloaded from central: https://repo.maven.apache.org/maven2/org/codehaus/plexus/plexus-container-default/1.0-alpha-20/plexus
-container-default-1.0-alpha-20.pom (3.0 kB at 59 kB/s)
#11 13.18 Downloading from central: 
https://repo.maven.apache.org/maven2/org/codehaus/plexus/plexus-containers/1.0-alpha-20/plexus-containers-1.0-alpha-20.pom
#11 13.23 Progress (1): 1.8 kB
Progress (1): 1.9 kB
                    
Downloaded from central: 
https://repo.maven.apache.org/maven2/org/codehaus/plexus/plexus-containers/1.0-alpha-20/plexus-containers-1.0-alpha-20.pom 
(1.9 kB at 38 kB/s)
#11 13.23 Downloading from central: 
https://repo.maven.apache.org/maven2/org/codehaus/plexus/plexus-utils/1.3/plexus-utils-1.3.pom
#11 13.28 Progress (1): 1.0 kB
                    
Downloaded from central: https://repo.maven.apache.org/maven2/org/codehaus/plexus/plexus-utils/1.3/plexus-utils-1.3.pom (1.0 
kB at 21 kB/s)
#11 13.29 Downloading from central: https://repo.maven.apache.org/maven2/org/codehaus/plexus/plexus/1.0.8/plexus-1.0.8.pom
#11 13.34 Progress (1): 1.2 kB
Progress (1): 4.2 kB
Progress (1): 6.8 kB
Progress (1): 7.2 kB
                    
Downloaded from central: https://repo.maven.apache.org/maven2/org/codehaus/plexus/plexus/1.0.8/plexus-1.0.8.pom (7.2 kB at 
139 kB/s)
#11 13.35 Downloading from central: 
https://repo.maven.apache.org/maven2/org/codehaus/plexus/plexus-classworlds/1.2-alpha-7/plexus-classworlds-1.2-alpha-7.pom
#11 13.39 Progress (1): 1.7 kB
Progress (1): 2.4 kB
                    
Downloaded from central: 
https://repo.maven.apache.org/maven2/org/codehaus/plexus/plexus-classworlds/1.2-alpha-7/plexus-classworlds-1.2-alpha-7.pom 
(2.4 kB at 55 kB/s)
#11 13.39 Downloading from central: https://repo.maven.apache.org/maven2/org/codehaus/plexus/plexus/1.0.9/plexus-1.0.9.pom
#11 13.44 Progress (1): 1.6 kB
Progress (1): 4.9 kB
Progress (1): 7.7 kB
                    
Downloaded from central: https://repo.maven.apache.org/maven2/org/codehaus/plexus/plexus/1.0.9/plexus-1.0.9.pom (7.7 kB at 
157 kB/s)
#11 13.45 Downloading from central: https://repo.maven.apache.org/maven2/org/apache/velocity/velocity/1.5/velocity-1.5.pom
#11 13.51 Progress (1): 999 B
Progress (1): 3.1 kB
Progress (1): 5.9 kB
Progress (1): 7.8 kB
                    
Downloaded from central: https://repo.maven.apache.org/maven2/org/apache/velocity/velocity/1.5/velocity-1.5.pom (7.8 kB at 
119 kB/s)
#11 13.52 Downloading from central: 
https://repo.maven.apache.org/maven2/commons-collections/commons-collections/3.1/commons-collections-3.1.pom
#11 13.57 Progress (1): 2.2 kB
Progress (1): 5.5 kB
Progress (1): 6.1 kB
                    
Downloaded from central: 
https://repo.maven.apache.org/maven2/commons-collections/commons-collections/3.1/commons-collections-3.1.pom (6.1 kB at 119 
kB/s)
#11 13.58 Downloading from central: https://repo.maven.apache.org/maven2/commons-lang/commons-lang/2.1/commons-lang-2.1.pom
#11 13.63 Progress (1): 1.2 kB
Progress (1): 4.3 kB
Progress (1): 7.7 kB
Progress (1): 9.6 kB
Progress (1): 9.9 kB
                    
Downloaded from central: https://repo.maven.apache.org/maven2/commons-lang/commons-lang/2.1/commons-lang-2.1.pom (9.9 kB at 
191 kB/s)
#11 13.63 Downloading from central: https://repo.maven.apache.org/maven2/oro/oro/2.0.8/oro-2.0.8.pom
#11 13.68 Progress (1): 140 B
                   
Downloaded from central: https://repo.maven.apache.org/maven2/oro/oro/2.0.8/oro-2.0.8.pom (140 B at 2.9 kB/s)
#11 13.69 Downloading from central: 
https://repo.maven.apache.org/maven2/org/apache/maven/doxia/doxia-decoration-model/1.0/doxia-decoration-model-1.0.pom
#11 13.74 Progress (1): 799 B
Progress (1): 2.8 kB
Progress (1): 3.2 kB
                    
Downloaded from central: 
https://repo.maven.apache.org/maven2/org/apache/maven/doxia/doxia-decoration-model/1.0/doxia-decoration-model-1.0.pom (3.2 kB 
at 60 kB/s)
#11 13.75 Downloading from central: 
https://repo.maven.apache.org/maven2/commons-collections/commons-collections/3.2/commons-collections-3.2.pom
#11 13.79 Progress (1): 1.5 kB
Progress (1): 4.8 kB
Progress (1): 8.5 kB
Progress (1): 10 kB 
Progress (1): 11 kB
                   
Downloaded from central: 
https://repo.maven.apache.org/maven2/commons-collections/commons-collections/3.2/commons-collections-3.2.pom (11 kB at 245 
kB/s)
#11 13.80 Downloading from central: 
https://repo.maven.apache.org/maven2/org/apache/maven/doxia/doxia-module-apt/1.0/doxia-module-apt-1.0.pom
#11 13.84 Progress (1): 821 B
Progress (1): 2.3 kB
                    
Downloaded from central: 
https://repo.maven.apache.org/maven2/org/apache/maven/doxia/doxia-module-apt/1.0/doxia-module-apt-1.0.pom (2.3 kB at 49 kB/s)
#11 13.85 Downloading from central: 
https://repo.maven.apache.org/maven2/org/apache/maven/doxia/doxia-modules/1.0/doxia-modules-1.0.pom
#11 13.91 Progress (1): 823 B
Progress (1): 2.4 kB
                    
Downloaded from central: https://repo.maven.apache.org/maven2/org/apache/maven/doxia/doxia-modules/1.0/doxia-modules-1.0.pom 
(2.4 kB at 40 kB/s)
#11 13.92 Downloading from central: 
https://repo.maven.apache.org/maven2/org/apache/maven/doxia/doxia-module-fml/1.0/doxia-module-fml-1.0.pom
#11 13.96 Progress (1): 817 B
Progress (1): 2.7 kB
                    
Downloaded from central: 
https://repo.maven.apache.org/maven2/org/apache/maven/doxia/doxia-module-fml/1.0/doxia-module-fml-1.0.pom (2.7 kB at 59 kB/s)
#11 13.97 Downloading from central: 
https://repo.maven.apache.org/maven2/org/apache/maven/doxia/doxia-module-xdoc/1.0/doxia-module-xdoc-1.0.pom
#11 14.02 Progress (1): 821 B
Progress (1): 2.2 kB
                    
Downloaded from central: 
https://repo.maven.apache.org/maven2/org/apache/maven/doxia/doxia-module-xdoc/1.0/doxia-module-xdoc-1.0.pom (2.2 kB at 40 
kB/s)
#11 14.03 Downloading from central: 
https://repo.maven.apache.org/maven2/org/apache/maven/doxia/doxia-module-xhtml/1.0/doxia-module-xhtml-1.0.pom
#11 14.09 Progress (1): 830 B
Progress (1): 1.6 kB
                    
Downloaded from central: 
https://repo.maven.apache.org/maven2/org/apache/maven/doxia/doxia-module-xhtml/1.0/doxia-module-xhtml-1.0.pom (1.6 kB at 28 
kB/s)
#11 14.10 Downloading from central: https://repo.maven.apache.org/maven2/org/jdom/jdom/1.1/jdom-1.1.pom
#11 14.14 Progress (1): 905 B
Progress (1): 2.2 kB
                    
Downloaded from central: https://repo.maven.apache.org/maven2/org/jdom/jdom/1.1/jdom-1.1.pom (2.2 kB at 45 kB/s)
#11 14.18 Downloading from central: 
https://repo.maven.apache.org/maven2/org/apache/felix/maven-bundle-plugin/5.1.9/maven-bundle-plugin-5.1.9.jar
#11 14.23 Progress (1): 7.7/211 kB
Progress (1): 8.2/211 kB
Progress (1): 25/211 kB 
Progress (1): 41/211 kB
Progress (1): 57/211 kB
Progress (1): 74/211 kB
Progress (1): 90/211 kB
Progress (1): 106/211 kB
Progress (1): 123/211 kB
Progress (1): 131/211 kB
Progress (1): 147/211 kB
Progress (1): 164/211 kB
Progress (1): 180/211 kB
Progress (1): 197/211 kB
Progress (1): 211 kB    
                    
Downloaded from central: 
https://repo.maven.apache.org/maven2/org/apache/felix/maven-bundle-plugin/5.1.9/maven-bundle-plugin-5.1.9.jar (211 kB at 2.2 
MB/s)
#11 14.28 Downloading from central: https://repo.maven.apache.org/maven2/org/osgi/org.osgi.core/6.0.0/org.osgi.core-6.0.0.jar
#11 14.28 Downloading from central: 
https://repo.maven.apache.org/maven2/biz/aQute/bnd/biz.aQute.bndlib/6.3.1/biz.aQute.bndlib-6.3.1.jar
#11 14.28 Downloading from central: https://repo.maven.apache.org/maven2/org/osgi/org.osgi.dto/1.0.0/org.osgi.dto-1.0.0.jar
#11 14.29 Downloading from central: 
https://repo.maven.apache.org/maven2/org/osgi/org.osgi.resource/1.0.0/org.osgi.resource-1.0.0.jar
#11 14.29 Downloading from central: 
https://repo.maven.apache.org/maven2/org/osgi/org.osgi.framework/1.8.0/org.osgi.framework-1.8.0.jar
#11 14.33 Progress (1): 7.7/475 kB
Progress (1): 16/475 kB 
Progress (1): 25/475 kB
Progress (1): 41/475 kB
Progress (1): 57/475 kB
Progress (1): 74/475 kB
Progress (1): 90/475 kB
Progress (1): 98/475 kB
Progress (1): 106/475 kB
Progress (1): 123/475 kB
Progress (1): 139/475 kB
Progress (1): 156/475 kB
Progress (1): 164/475 kB
Progress (1): 180/475 kB
Progress (1): 197/475 kB
Progress (1): 213/475 kB
Progress (1): 221/475 kB
Progress (1): 238/475 kB
Progress (1): 254/475 kB
Progress (1): 270/475 kB
Progress (1): 279/475 kB
Progress (1): 287/475 kB
Progress (1): 303/475 kB
Progress (1): 319/475 kB
Progress (1): 336/475 kB
Progress (1): 352/475 kB
Progress (1): 369/475 kB
Progress (1): 385/475 kB
Progress (1): 401/475 kB
Progress (1): 418/475 kB
Progress (1): 434/475 kB
Progress (1): 451/475 kB
Progress (1): 467/475 kB
Progress (1): 475 kB    
                    
Downloaded from central: https://repo.maven.apache.org/maven2/org/osgi/org.osgi.core/6.0.0/org.osgi.core-6.0.0.jar (475 kB at 
3.5 MB/s)
#11 14.41 Downloading from central: 
https://repo.maven.apache.org/maven2/org/osgi/org.osgi.util.tracker/1.5.4/org.osgi.util.tracker-1.5.4.jar
#11 14.44 Progress (1): 0.9/33 kB
Progress (2): 0.9/33 kB | 0.9/15 kB
Progress (2): 0.9/33 kB | 2.3/15 kB
Progress (2): 2.3/33 kB | 2.3/15 kB
Progress (2): 2.3/33 kB | 3.6/15 kB
Progress (2): 3.6/33 kB | 3.6/15 kB
Progress (2): 3.6/33 kB | 5.0/15 kB
Progress (2): 3.6/33 kB | 6.4/15 kB
Progress (2): 5.0/33 kB | 6.4/15 kB
Progress (2): 6.4/33 kB | 6.4/15 kB
Progress (2): 6.4/33 kB | 7.7/15 kB
Progress (2): 7.7/33 kB | 7.7/15 kB
Progress (2): 7.7/33 kB | 9.1/15 kB
Progress (2): 9.1/33 kB | 9.1/15 kB
Progress (2): 10/33 kB | 9.1/15 kB 
Progress (2): 10/33 kB | 10/15 kB 
Progress (2): 10/33 kB | 12/15 kB
Progress (2): 12/33 kB | 12/15 kB
Progress (2): 12/33 kB | 12/15 kB
Progress (2): 13/33 kB | 12/15 kB
Progress (2): 13/33 kB | 14/15 kB
Progress (2): 15/33 kB | 14/15 kB
Progress (2): 15/33 kB | 15 kB   
Progress (2): 16/33 kB | 15 kB
Progress (2): 17/33 kB | 15 kB
Progress (2): 19/33 kB | 15 kB
Progress (2): 20/33 kB | 15 kB
Progress (2): 21/33 kB | 15 kB
Progress (2): 23/33 kB | 15 kB
Progress (2): 24/33 kB | 15 kB
Progress (2): 26/33 kB | 15 kB
Progress (2): 27/33 kB | 15 kB
Progress (2): 28/33 kB | 15 kB
Progress (2): 30/33 kB | 15 kB
Progress (2): 31/33 kB | 15 kB
Progress (2): 32/33 kB | 15 kB
Progress (2): 33 kB | 15 kB   
                           
Downloaded from central: https://repo.maven.apache.org/maven2/org/osgi/org.osgi.resource/1.0.0/org.osgi.resource-1.0.0.jar 
(33 kB at 189 kB/s)
#11 14.46 Downloading from central: 
https://repo.maven.apache.org/maven2/org/osgi/osgi.annotation/8.0.1/osgi.annotation-8.0.1.jar
#11 14.46 Downloaded from central: https://repo.maven.apache.org/maven2/org/osgi/org.osgi.dto/1.0.0/org.osgi.dto-1.0.0.jar 
(15 kB at 83 kB/s)
#11 14.46 Downloading from central: 
https://repo.maven.apache.org/maven2/org/osgi/org.osgi.service.log/1.3.0/org.osgi.service.log-1.3.0.jar
#11 14.46 Progress (1): 16/44 kB
Progress (1): 25/44 kB
Progress (2): 25/44 kB | 0.9/345 kB
Progress (2): 25/44 kB | 2.3/345 kB
Progress (2): 41/44 kB | 2.3/345 kB
Progress (2): 41/44 kB | 3.6/345 kB
Progress (2): 44 kB | 3.6/345 kB   
Progress (2): 44 kB | 5.0/345 kB
Progress (2): 44 kB | 6.4/345 kB
                                
Downloaded from central: 
https://repo.maven.apache.org/maven2/org/osgi/org.osgi.util.tracker/1.5.4/org.osgi.util.tracker-1.5.4.jar (44 kB at 246 kB/s)
#11 14.47 Downloading from central: 
https://repo.maven.apache.org/maven2/org/osgi/org.osgi.service.repository/1.1.0/org.osgi.service.repository-1.1.0.jar
#11 14.47 Progress (1): 7.7/345 kB
Progress (1): 9.1/345 kB
Progress (1): 10/345 kB 
Progress (1): 12/345 kB
Progress (1): 13/345 kB
Progress (1): 15/345 kB
Progress (1): 16/345 kB
Progress (1): 17/345 kB
Progress (1): 19/345 kB
Progress (1): 20/345 kB
Progress (1): 21/345 kB
Progress (1): 23/345 kB
Progress (1): 24/345 kB
Progress (1): 26/345 kB
Progress (1): 27/345 kB
Progress (1): 28/345 kB
Progress (1): 30/345 kB
Progress (1): 31/345 kB
Progress (1): 32/345 kB
Progress (1): 34/345 kB
Progress (2): 34/345 kB | 0.9/37 kB
Progress (2): 34/345 kB | 2.3/37 kB
Progress (2): 34/345 kB | 3.6/37 kB
Progress (2): 35/345 kB | 3.6/37 kB
Progress (2): 36/345 kB | 3.6/37 kB
Progress (2): 36/345 kB | 5.0/37 kB
Progress (2): 36/345 kB | 6.4/37 kB
Progress (2): 38/345 kB | 6.4/37 kB
Progress (2): 39/345 kB | 6.4/37 kB
Progress (2): 39/345 kB | 7.7/37 kB
Progress (2): 41/345 kB | 7.7/37 kB
Progress (2): 41/345 kB | 8.2/37 kB
Progress (2): 41/345 kB | 9.6/37 kB
Progress (2): 42/345 kB | 9.6/37 kB
Progress (2): 42/345 kB | 11/37 kB 
Progress (2): 43/345 kB | 11/37 kB
Progress (2): 43/345 kB | 12/37 kB
Progress (2): 43/345 kB | 14/37 kB
Progress (2): 43/345 kB | 15/37 kB
Progress (2): 45/345 kB | 15/37 kB
Progress (2): 45/345 kB | 16/37 kB
Progress (2): 45/345 kB | 18/37 kB
Progress (2): 45/345 kB | 19/37 kB
Progress (2): 46/345 kB | 19/37 kB
Progress (2): 47/345 kB | 19/37 kB
Progress (2): 47/345 kB | 21/37 kB
Progress (2): 49/345 kB | 21/37 kB
Progress (2): 50/345 kB | 21/37 kB
Progress (2): 50/345 kB | 25/37 kB
Progress (2): 52/345 kB | 25/37 kB
Progress (2): 53/345 kB | 25/37 kB
Progress (2): 54/345 kB | 25/37 kB
Progress (2): 56/345 kB | 25/37 kB
Progress (2): 60/345 kB | 25/37 kB
Progress (2): 64/345 kB | 25/37 kB
Progress (3): 64/345 kB | 25/37 kB | 0/3.2 MB
Progress (3): 68/345 kB | 25/37 kB | 0/3.2 MB
Progress (3): 68/345 kB | 29/37 kB | 0/3.2 MB
Progress (3): 73/345 kB | 29/37 kB | 0/3.2 MB
Progress (3): 77/345 kB | 29/37 kB | 0/3.2 MB
Progress (3): 77/345 kB | 29/37 kB | 0/3.2 MB
Progress (3): 81/345 kB | 29/37 kB | 0/3.2 MB
Progress (3): 81/345 kB | 29/37 kB | 0/3.2 MB
Progress (3): 85/345 kB | 29/37 kB | 0/3.2 MB
Progress (3): 85/345 kB | 29/37 kB | 0/3.2 MB
Progress (3): 89/345 kB | 29/37 kB | 0/3.2 MB
Progress (3): 89/345 kB | 29/37 kB | 0/3.2 MB
Progress (3): 94/345 kB | 29/37 kB | 0/3.2 MB
Progress (3): 94/345 kB | 29/37 kB | 0/3.2 MB
Progress (3): 98/345 kB | 29/37 kB | 0/3.2 MB
Progress (3): 98/345 kB | 29/37 kB | 0/3.2 MB
Progress (4): 98/345 kB | 29/37 kB | 0/3.2 MB | 0.9/17 kB
Progress (4): 98/345 kB | 29/37 kB | 0/3.2 MB | 0.9/17 kB
Progress (4): 98/345 kB | 33/37 kB | 0/3.2 MB | 0.9/17 kB
Progress (4): 98/345 kB | 33/37 kB | 0/3.2 MB | 2.3/17 kB
Progress (4): 102/345 kB | 33/37 kB | 0/3.2 MB | 2.3/17 kB
Progress (4): 102/345 kB | 33/37 kB | 0/3.2 MB | 3.6/17 kB
Progress (4): 102/345 kB | 33/37 kB | 0/3.2 MB | 5.0/17 kB
Progress (4): 102/345 kB | 37 kB | 0/3.2 MB | 5.0/17 kB   
Progress (4): 102/345 kB | 37 kB | 0/3.2 MB | 6.4/17 kB
Progress (4): 106/345 kB | 37 kB | 0/3.2 MB | 6.4/17 kB
Progress (4): 106/345 kB | 37 kB | 0/3.2 MB | 6.4/17 kB
Progress (4): 106/345 kB | 37 kB | 0/3.2 MB | 7.7/17 kB
Progress (4): 106/345 kB | 37 kB | 0/3.2 MB | 9.1/17 kB
Progress (4): 106/345 kB | 37 kB | 0/3.2 MB | 10/17 kB 
Progress (4): 106/345 kB | 37 kB | 0/3.2 MB | 12/17 kB
Progress (4): 111/345 kB | 37 kB | 0/3.2 MB | 12/17 kB
Progress (4): 111/345 kB | 37 kB | 0/3.2 MB | 12/17 kB
Progress (4): 111/345 kB | 37 kB | 0/3.2 MB | 13/17 kB
Progress (4): 111/345 kB | 37 kB | 0/3.2 MB | 13/17 kB
Progress (4): 111/345 kB | 37 kB | 0/3.2 MB | 15/17 kB
Progress (4): 111/345 kB | 37 kB | 0/3.2 MB | 15/17 kB
Progress (4): 115/345 kB | 37 kB | 0/3.2 MB | 15/17 kB
Progress (4): 115/345 kB | 37 kB | 0/3.2 MB | 15/17 kB
Progress (4): 119/345 kB | 37 kB | 0/3.2 MB | 15/17 kB
Progress (4): 119/345 kB | 37 kB | 0/3.2 MB | 15/17 kB
Progress (4): 119/345 kB | 37 kB | 0/3.2 MB | 15/17 kB
Progress (4): 123/345 kB | 37 kB | 0/3.2 MB | 15/17 kB
Progress (4): 123/345 kB | 37 kB | 0/3.2 MB | 15/17 kB
Progress (4): 123/345 kB | 37 kB | 0/3.2 MB | 15/17 kB
Progress (4): 123/345 kB | 37 kB | 0/3.2 MB | 16/17 kB
Progress (4): 123/345 kB | 37 kB | 0/3.2 MB | 16/17 kB
Progress (4): 128/345 kB | 37 kB | 0/3.2 MB | 16/17 kB
Progress (4): 128/345 kB | 37 kB | 0/3.2 MB | 16/17 kB
                                                      
Downloaded from central: https://repo.maven.apache.org/maven2/org/osgi/osgi.annotation/8.0.1/osgi.annotation-8.0.1.jar (37 kB 
at 166 kB/s)
#11 14.51 Progress (3): 128/345 kB | 0/3.2 MB | 16/17 kB
                                              
Downloading from central: 
https://repo.maven.apache.org/maven2/org/osgi/org.osgi.util.function/1.2.0/org.osgi.util.function-1.2.0.jar
#11 14.51 Progress (3): 128/345 kB | 0/3.2 MB | 16/17 kB
Progress (3): 128/345 kB | 0/3.2 MB | 16/17 kB
Progress (3): 128/345 kB | 0/3.2 MB | 16/17 kB
Progress (3): 132/345 kB | 0/3.2 MB | 16/17 kB
Progress (3): 132/345 kB | 0/3.2 MB | 16/17 kB
Progress (3): 132/345 kB | 0/3.2 MB | 16/17 kB
Progress (3): 132/345 kB | 0/3.2 MB | 16/17 kB
Progress (3): 132/345 kB | 0/3.2 MB | 16/17 kB
Progress (3): 132/345 kB | 0/3.2 MB | 16/17 kB
Progress (3): 132/345 kB | 0/3.2 MB | 17 kB   
Progress (3): 132/345 kB | 0/3.2 MB | 17 kB
Progress (3): 132/345 kB | 0/3.2 MB | 17 kB
Progress (3): 132/345 kB | 0/3.2 MB | 17 kB
Progress (3): 132/345 kB | 0/3.2 MB | 17 kB
Progress (3): 136/345 kB | 0/3.2 MB | 17 kB
Progress (3): 136/345 kB | 0/3.2 MB | 17 kB
Progress (3): 140/345 kB | 0/3.2 MB | 17 kB
Progress (3): 144/345 kB | 0/3.2 MB | 17 kB
Progress (3): 149/345 kB | 0/3.2 MB | 17 kB
Progress (3): 153/345 kB | 0/3.2 MB | 17 kB
Progress (3): 153/345 kB | 0/3.2 MB | 17 kB
Progress (3): 157/345 kB | 0/3.2 MB | 17 kB
Progress (3): 157/345 kB | 0/3.2 MB | 17 kB
Progress (3): 157/345 kB | 0/3.2 MB | 17 kB
Progress (3): 161/345 kB | 0/3.2 MB | 17 kB
Progress (3): 166/345 kB | 0/3.2 MB | 17 kB
Progress (3): 166/345 kB | 0.1/3.2 MB | 17 kB
Progress (3): 170/345 kB | 0.1/3.2 MB | 17 kB
Progress (3): 170/345 kB | 0.1/3.2 MB | 17 kB
Progress (3): 174/345 kB | 0.1/3.2 MB | 17 kB
Progress (3): 174/345 kB | 0.1/3.2 MB | 17 kB
Progress (3): 174/345 kB | 0.1/3.2 MB | 17 kB
Progress (3): 178/345 kB | 0.1/3.2 MB | 17 kB
Progress (3): 178/345 kB | 0.1/3.2 MB | 17 kB
Progress (3): 183/345 kB | 0.1/3.2 MB | 17 kB
                                             
Downloaded from central: 
https://repo.maven.apache.org/maven2/org/osgi/org.osgi.service.log/1.3.0/org.osgi.service.log-1.3.0.jar (17 kB at 71 kB/s)
#11 14.53 Progress (2): 187/345 kB | 0.1/3.2 MB
Progress (2): 187/345 kB | 0.1/3.2 MB
                                     
Downloading from central: 
https://repo.maven.apache.org/maven2/org/osgi/org.osgi.util.promise/1.2.0/org.osgi.util.promise-1.2.0.jar
#11 14.53 Progress (2): 191/345 kB | 0.1/3.2 MB
Progress (2): 191/345 kB | 0.1/3.2 MB
Progress (2): 195/345 kB | 0.1/3.2 MB
Progress (2): 199/345 kB | 0.1/3.2 MB
Progress (2): 204/345 kB | 0.1/3.2 MB
Progress (2): 204/345 kB | 0.1/3.2 MB
Progress (2): 204/345 kB | 0.1/3.2 MB
Progress (2): 208/345 kB | 0.1/3.2 MB
Progress (2): 208/345 kB | 0.1/3.2 MB
Progress (3): 208/345 kB | 0.1/3.2 MB | 7.7/25 kB
Progress (3): 212/345 kB | 0.1/3.2 MB | 7.7/25 kB
Progress (3): 212/345 kB | 0.1/3.2 MB | 16/25 kB 
Progress (3): 212/345 kB | 0.1/3.2 MB | 16/25 kB
Progress (3): 216/345 kB | 0.1/3.2 MB | 16/25 kB
Progress (3): 216/345 kB | 0.1/3.2 MB | 25/25 kB
Progress (3): 216/345 kB | 0.1/3.2 MB | 25/25 kB
Progress (3): 221/345 kB | 0.1/3.2 MB | 25/25 kB
Progress (3): 221/345 kB | 0.1/3.2 MB | 25/25 kB
Progress (3): 221/345 kB | 0.1/3.2 MB | 25 kB   
Progress (3): 225/345 kB | 0.1/3.2 MB | 25 kB
Progress (3): 225/345 kB | 0.1/3.2 MB | 25 kB
Progress (3): 225/345 kB | 0.1/3.2 MB | 25 kB
Progress (3): 225/345 kB | 0.1/3.2 MB | 25 kB
Progress (3): 225/345 kB | 0.1/3.2 MB | 25 kB
Progress (3): 225/345 kB | 0.1/3.2 MB | 25 kB
Progress (3): 241/345 kB | 0.1/3.2 MB | 25 kB
Progress (3): 241/345 kB | 0.1/3.2 MB | 25 kB
Progress (3): 241/345 kB | 0.1/3.2 MB | 25 kB
Progress (3): 258/345 kB | 0.1/3.2 MB | 25 kB
Progress (3): 258/345 kB | 0.1/3.2 MB | 25 kB
Progress (3): 258/345 kB | 0.1/3.2 MB | 25 kB
Progress (3): 274/345 kB | 0.1/3.2 MB | 25 kB
                                             
Downloaded from central: 
https://repo.maven.apache.org/maven2/org/osgi/org.osgi.service.repository/1.1.0/org.osgi.service.repository-1.1.0.jar (25 kB 
at 105 kB/s)
#11 14.53 Progress (2): 274/345 kB | 0.1/3.2 MB
                                     
Downloading from central: 
https://repo.maven.apache.org/maven2/biz/aQute/bnd/biz.aQute.bnd.util/6.3.1/biz.aQute.bnd.util-6.3.1.jar
#11 14.54 Progress (2): 274/345 kB | 0.1/3.2 MB
Progress (2): 290/345 kB | 0.1/3.2 MB
Progress (2): 290/345 kB | 0.1/3.2 MB
Progress (2): 290/345 kB | 0.1/3.2 MB
Progress (2): 307/345 kB | 0.1/3.2 MB
Progress (2): 307/345 kB | 0.1/3.2 MB
Progress (2): 323/345 kB | 0.1/3.2 MB
Progress (2): 323/345 kB | 0.2/3.2 MB
Progress (2): 323/345 kB | 0.2/3.2 MB
Progress (2): 340/345 kB | 0.2/3.2 MB
Progress (2): 345 kB | 0.2/3.2 MB    
Progress (2): 345 kB | 0.2/3.2 MB
Progress (2): 345 kB | 0.2/3.2 MB
Progress (2): 345 kB | 0.2/3.2 MB
Progress (2): 345 kB | 0.2/3.2 MB
                                 
Downloaded from central: https://repo.maven.apache.org/maven2/org/osgi/org.osgi.framework/1.8.0/org.osgi.framework-1.8.0.jar 
(345 kB at 1.3 MB/s)
#11 14.55 Downloading from central: https://repo.maven.apache.org/maven2/org/slf4j/slf4j-api/1.7.25/slf4j-api-1.7.25.jar
#11 14.55 Progress (1): 0.2/3.2 MB
Progress (1): 0.2/3.2 MB
Progress (1): 0.2/3.2 MB
Progress (1): 0.2/3.2 MB
Progress (1): 0.2/3.2 MB
Progress (2): 0.2/3.2 MB | 0.9/24 kB
Progress (2): 0.2/3.2 MB | 2.3/24 kB
Progress (2): 0.2/3.2 MB | 3.3/24 kB
Progress (2): 0.2/3.2 MB | 3.3/24 kB
Progress (2): 0.2/3.2 MB | 4.7/24 kB
Progress (2): 0.2/3.2 MB | 4.7/24 kB
Progress (2): 0.2/3.2 MB | 6.1/24 kB
Progress (2): 0.2/3.2 MB | 6.1/24 kB
Progress (2): 0.2/3.2 MB | 7.5/24 kB
Progress (2): 0.2/3.2 MB | 7.5/24 kB
Progress (2): 0.2/3.2 MB | 8.8/24 kB
Progress (2): 0.2/3.2 MB | 10/24 kB 
Progress (2): 0.2/3.2 MB | 10/24 kB
Progress (2): 0.2/3.2 MB | 10/24 kB
Progress (2): 0.2/3.2 MB | 12/24 kB
Progress (2): 0.2/3.2 MB | 12/24 kB
Progress (2): 0.2/3.2 MB | 13/24 kB
Progress (2): 0.2/3.2 MB | 14/24 kB
Progress (2): 0.2/3.2 MB | 16/24 kB
Progress (2): 0.2/3.2 MB | 17/24 kB
Progress (2): 0.2/3.2 MB | 18/24 kB
Progress (3): 0.2/3.2 MB | 18/24 kB | 4.2/83 kB
Progress (3): 0.2/3.2 MB | 20/24 kB | 4.2/83 kB
Progress (3): 0.2/3.2 MB | 20/24 kB | 4.2/83 kB
Progress (3): 0.2/3.2 MB | 20/24 kB | 8.5/83 kB
Progress (3): 0.2/3.2 MB | 21/24 kB | 8.5/83 kB
Progress (3): 0.2/3.2 MB | 24 kB | 8.5/83 kB   
Progress (3): 0.2/3.2 MB | 24 kB | 13/83 kB 
Progress (3): 0.3/3.2 MB | 24 kB | 13/83 kB
Progress (3): 0.3/3.2 MB | 24 kB | 13/83 kB
Progress (3): 0.3/3.2 MB | 24 kB | 17/83 kB
Progress (3): 0.3/3.2 MB | 24 kB | 17/83 kB
Progress (3): 0.3/3.2 MB | 24 kB | 17/83 kB
Progress (3): 0.3/3.2 MB | 24 kB | 17/83 kB
                                           
Downloaded from central: 
https://repo.maven.apache.org/maven2/org/osgi/org.osgi.util.function/1.2.0/org.osgi.util.function-1.2.0.jar (24 kB at 78 kB/s)
#11 14.59 Downloading from central: https://repo.maven.apache.org/maven2/org/apache/felix/org.apache.felix.bundlerepository/1.
6.6/org.apache.felix.bundlerepository-1.6.6.jar
#11 14.59 Progress (2): 0.3/3.2 MB | 21/83 kB
Progress (2): 0.3/3.2 MB | 21/83 kB
Progress (2): 0.3/3.2 MB | 25/83 kB
Progress (2): 0.3/3.2 MB | 25/83 kB
Progress (2): 0.4/3.2 MB | 25/83 kB
Progress (2): 0.4/3.2 MB | 29/83 kB
Progress (2): 0.4/3.2 MB | 29/83 kB
Progress (2): 0.4/3.2 MB | 33/83 kB
Progress (2): 0.4/3.2 MB | 33/83 kB
Progress (2): 0.4/3.2 MB | 37/83 kB
Progress (2): 0.4/3.2 MB | 41/83 kB
Progress (2): 0.4/3.2 MB | 41/83 kB
Progress (2): 0.4/3.2 MB | 46/83 kB
Progress (2): 0.4/3.2 MB | 50/83 kB
Progress (3): 0.4/3.2 MB | 50/83 kB | 7.7/424 kB
Progress (3): 0.4/3.2 MB | 50/83 kB | 16/424 kB 
Progress (3): 0.4/3.2 MB | 54/83 kB | 16/424 kB
Progress (3): 0.4/3.2 MB | 54/83 kB | 16/424 kB
Progress (3): 0.4/3.2 MB | 58/83 kB | 16/424 kB
Progress (3): 0.4/3.2 MB | 63/83 kB | 16/424 kB
Progress (3): 0.4/3.2 MB | 66/83 kB | 16/424 kB
Progress (3): 0.4/3.2 MB | 70/83 kB | 16/424 kB
Progress (3): 0.4/3.2 MB | 70/83 kB | 16/424 kB
Progress (3): 0.4/3.2 MB | 74/83 kB | 16/424 kB
Progress (3): 0.4/3.2 MB | 78/83 kB | 16/424 kB
Progress (3): 0.4/3.2 MB | 82/83 kB | 16/424 kB
Progress (3): 0.4/3.2 MB | 83 kB | 16/424 kB   
Progress (3): 0.5/3.2 MB | 83 kB | 16/424 kB
Progress (3): 0.5/3.2 MB | 83 kB | 16/424 kB
Progress (3): 0.5/3.2 MB | 83 kB | 25/424 kB
Progress (3): 0.5/3.2 MB | 83 kB | 25/424 kB
                                            
Downloaded from central: 
https://repo.maven.apache.org/maven2/org/osgi/org.osgi.util.promise/1.2.0/org.osgi.util.promise-1.2.0.jar (83 kB at 262 kB/s)
#11 14.61 Downloading from central: https://repo.maven.apache.org/maven2/org/easymock/easymock/2.4/easymock-2.4.jar
#11 14.61 Progress (2): 0.5/3.2 MB | 25/424 kB
Progress (2): 0.5/3.2 MB | 25/424 kB
Progress (2): 0.5/3.2 MB | 25/424 kB
Progress (2): 0.6/3.2 MB | 25/424 kB
Progress (2): 0.6/3.2 MB | 41/424 kB
Progress (2): 0.6/3.2 MB | 41/424 kB
Progress (2): 0.6/3.2 MB | 57/424 kB
Progress (2): 0.6/3.2 MB | 57/424 kB
Progress (2): 0.6/3.2 MB | 57/424 kB
Progress (2): 0.6/3.2 MB | 74/424 kB
Progress (2): 0.6/3.2 MB | 74/424 kB
Progress (2): 0.6/3.2 MB | 74/424 kB
Progress (2): 0.6/3.2 MB | 90/424 kB
Progress (2): 0.7/3.2 MB | 90/424 kB
Progress (2): 0.7/3.2 MB | 90/424 kB
Progress (2): 0.7/3.2 MB | 106/424 kB
Progress (2): 0.7/3.2 MB | 106/424 kB
Progress (2): 0.7/3.2 MB | 123/424 kB
Progress (3): 0.7/3.2 MB | 123/424 kB | 3.8/168 kB
Progress (3): 0.7/3.2 MB | 123/424 kB | 8.0/168 kB
Progress (3): 0.7/3.2 MB | 123/424 kB | 12/168 kB 
Progress (3): 0.7/3.2 MB | 123/424 kB | 16/168 kB
Progress (3): 0.7/3.2 MB | 123/424 kB | 21/168 kB
Progress (3): 0.7/3.2 MB | 123/424 kB | 25/168 kB
Progress (3): 0.7/3.2 MB | 131/424 kB | 25/168 kB
Progress (3): 0.7/3.2 MB | 131/424 kB | 29/168 kB
Progress (3): 0.7/3.2 MB | 131/424 kB | 29/168 kB
Progress (3): 0.7/3.2 MB | 147/424 kB | 29/168 kB
Progress (3): 0.7/3.2 MB | 147/424 kB | 33/168 kB
Progress (3): 0.7/3.2 MB | 147/424 kB | 38/168 kB
Progress (4): 0.7/3.2 MB | 147/424 kB | 38/168 kB | 3.8/81 kB
Progress (4): 0.7/3.2 MB | 147/424 kB | 38/168 kB | 8.0/81 kB
Progress (4): 0.7/3.2 MB | 147/424 kB | 38/168 kB | 8.0/81 kB
Progress (4): 0.7/3.2 MB | 147/424 kB | 38/168 kB | 8.0/81 kB
Progress (4): 0.7/3.2 MB | 147/424 kB | 38/168 kB | 8.0/81 kB
Progress (4): 0.7/3.2 MB | 147/424 kB | 42/168 kB | 8.0/81 kB
Progress (4): 0.7/3.2 MB | 147/424 kB | 46/168 kB | 8.0/81 kB
Progress (4): 0.7/3.2 MB | 147/424 kB | 46/168 kB | 12/81 kB 
Progress (4): 0.8/3.2 MB | 147/424 kB | 46/168 kB | 12/81 kB
Progress (4): 0.8/3.2 MB | 147/424 kB | 46/168 kB | 16/81 kB
Progress (4): 0.8/3.2 MB | 164/424 kB | 46/168 kB | 16/81 kB
Progress (4): 0.8/3.2 MB | 164/424 kB | 50/168 kB | 16/81 kB
Progress (4): 0.8/3.2 MB | 180/424 kB | 50/168 kB | 16/81 kB
Progress (4): 0.8/3.2 MB | 180/424 kB | 55/168 kB | 16/81 kB
Progress (4): 0.8/3.2 MB | 180/424 kB | 55/168 kB | 16/81 kB
Progress (4): 0.8/3.2 MB | 197/424 kB | 55/168 kB | 16/81 kB
Progress (4): 0.8/3.2 MB | 197/424 kB | 55/168 kB | 16/81 kB
Progress (4): 0.8/3.2 MB | 197/424 kB | 55/168 kB | 21/81 kB
Progress (4): 0.8/3.2 MB | 197/424 kB | 59/168 kB | 21/81 kB
Progress (4): 0.8/3.2 MB | 197/424 kB | 63/168 kB | 21/81 kB
Progress (4): 0.8/3.2 MB | 197/424 kB | 63/168 kB | 21/81 kB
Progress (4): 0.8/3.2 MB | 197/424 kB | 67/168 kB | 21/81 kB
Progress (4): 0.8/3.2 MB | 197/424 kB | 67/168 kB | 25/81 kB
Progress (4): 0.8/3.2 MB | 197/424 kB | 67/168 kB | 25/81 kB
Progress (4): 0.8/3.2 MB | 197/424 kB | 71/168 kB | 25/81 kB
Progress (4): 0.8/3.2 MB | 197/424 kB | 71/168 kB | 29/81 kB
Progress (4): 0.8/3.2 MB | 197/424 kB | 71/168 kB | 29/81 kB
Progress (4): 0.8/3.2 MB | 197/424 kB | 76/168 kB | 29/81 kB
Progress (4): 0.9/3.2 MB | 197/424 kB | 76/168 kB | 29/81 kB
Progress (4): 0.9/3.2 MB | 197/424 kB | 76/168 kB | 33/81 kB
Progress (4): 0.9/3.2 MB | 197/424 kB | 76/168 kB | 33/81 kB
Progress (4): 0.9/3.2 MB | 197/424 kB | 80/168 kB | 33/81 kB
Progress (4): 0.9/3.2 MB | 197/424 kB | 84/168 kB | 33/81 kB
Progress (4): 0.9/3.2 MB | 197/424 kB | 84/168 kB | 33/81 kB
Progress (4): 0.9/3.2 MB | 197/424 kB | 88/168 kB | 33/81 kB
Progress (4): 0.9/3.2 MB | 197/424 kB | 93/168 kB | 33/81 kB
Progress (4): 0.9/3.2 MB | 197/424 kB | 97/168 kB | 33/81 kB
Progress (4): 0.9/3.2 MB | 197/424 kB | 101/168 kB | 33/81 kB
Progress (4): 0.9/3.2 MB | 197/424 kB | 105/168 kB | 33/81 kB
Progress (4): 0.9/3.2 MB | 197/424 kB | 105/168 kB | 33/81 kB
Progress (4): 0.9/3.2 MB | 197/424 kB | 109/168 kB | 33/81 kB
Progress (4): 0.9/3.2 MB | 197/424 kB | 109/168 kB | 38/81 kB
Progress (4): 0.9/3.2 MB | 197/424 kB | 109/168 kB | 42/81 kB
Progress (4): 0.9/3.2 MB | 197/424 kB | 114/168 kB | 42/81 kB
Progress (4): 0.9/3.2 MB | 197/424 kB | 118/168 kB | 42/81 kB
Progress (4): 0.9/3.2 MB | 197/424 kB | 122/168 kB | 42/81 kB
Progress (4): 0.9/3.2 MB | 197/424 kB | 122/168 kB | 46/81 kB
Progress (4): 0.9/3.2 MB | 197/424 kB | 122/168 kB | 46/81 kB
Progress (4): 0.9/3.2 MB | 197/424 kB | 122/168 kB | 50/81 kB
Progress (4): 0.9/3.2 MB | 197/424 kB | 122/168 kB | 55/81 kB
Progress (4): 0.9/3.2 MB | 197/424 kB | 126/168 kB | 55/81 kB
Progress (4): 0.9/3.2 MB | 197/424 kB | 126/168 kB | 59/81 kB
Progress (4): 0.9/3.2 MB | 197/424 kB | 126/168 kB | 59/81 kB
Progress (4): 0.9/3.2 MB | 197/424 kB | 131/168 kB | 59/81 kB
Progress (4): 0.9/3.2 MB | 197/424 kB | 135/168 kB | 59/81 kB
Progress (4): 0.9/3.2 MB | 197/424 kB | 139/168 kB | 59/81 kB
Progress (4): 0.9/3.2 MB | 197/424 kB | 143/168 kB | 59/81 kB
Progress (4): 0.9/3.2 MB | 197/424 kB | 148/168 kB | 59/81 kB
Progress (4): 1.0/3.2 MB | 197/424 kB | 148/168 kB | 59/81 kB
Progress (4): 1.0/3.2 MB | 197/424 kB | 152/168 kB | 59/81 kB
Progress (5): 1.0/3.2 MB | 197/424 kB | 152/168 kB | 59/81 kB | 7.7/41 kB
Progress (5): 1.0/3.2 MB | 197/424 kB | 152/168 kB | 75/81 kB | 7.7/41 kB
Progress (5): 1.0/3.2 MB | 197/424 kB | 152/168 kB | 75/81 kB | 16/41 kB 
Progress (5): 1.0/3.2 MB | 197/424 kB | 152/168 kB | 81 kB | 16/41 kB   
Progress (5): 1.0/3.2 MB | 197/424 kB | 156/168 kB | 81 kB | 16/41 kB
Progress (5): 1.0/3.2 MB | 197/424 kB | 156/168 kB | 81 kB | 16/41 kB
Progress (5): 1.0/3.2 MB | 197/424 kB | 156/168 kB | 81 kB | 16/41 kB
Progress (5): 1.0/3.2 MB | 197/424 kB | 156/168 kB | 81 kB | 16/41 kB
Progress (5): 1.0/3.2 MB | 197/424 kB | 156/168 kB | 81 kB | 16/41 kB
Progress (5): 1.0/3.2 MB | 197/424 kB | 160/168 kB | 81 kB | 16/41 kB
Progress (5): 1.0/3.2 MB | 197/424 kB | 164/168 kB | 81 kB | 16/41 kB
                                                                     
Downloaded from central: https://repo.maven.apache.org/maven2/org/easymock/easymock/2.4/easymock-2.4.jar (81 kB at 203 kB/s)
#11 14.69 Progress (4): 1.0/3.2 MB | 197/424 kB | 168 kB | 16/41 kB
                                                         
Downloading from central: 
https://repo.maven.apache.org/maven2/org/apache/felix/org.apache.felix.utils/1.6.0/org.apache.felix.utils-1.6.0.jar
#11 14.69 Progress (4): 1.0/3.2 MB | 197/424 kB | 168 kB | 16/41 kB
Progress (4): 1.0/3.2 MB | 197/424 kB | 168 kB | 16/41 kB
                                                         
Downloaded from central: https://repo.maven.apache.org/maven2/org/apache/felix/org.apache.felix.bundlerepository/1.6.6/org.apa
che.felix.bundlerepository-1.6.6.jar (168 kB at 418 kB/s)
#11 14.69 Downloading from central: 
https://repo.maven.apache.org/maven2/org/osgi/org.osgi.compendium/4.2.0/org.osgi.compendium-4.2.0.jar
#11 14.70 Progress (3): 1.1/3.2 MB | 197/424 kB | 16/41 kB
Progress (3): 1.1/3.2 MB | 197/424 kB | 16/41 kB
Progress (3): 1.1/3.2 MB | 197/424 kB | 16/41 kB
Progress (3): 1.1/3.2 MB | 197/424 kB | 16/41 kB
Progress (3): 1.1/3.2 MB | 197/424 kB | 16/41 kB
Progress (3): 1.1/3.2 MB | 197/424 kB | 16/41 kB
Progress (3): 1.2/3.2 MB | 197/424 kB | 16/41 kB
Progress (3): 1.2/3.2 MB | 197/424 kB | 28/41 kB
Progress (3): 1.2/3.2 MB | 197/424 kB | 28/41 kB
Progress (3): 1.2/3.2 MB | 197/424 kB | 28/41 kB
Progress (3): 1.2/3.2 MB | 197/424 kB | 28/41 kB
Progress (3): 1.2/3.2 MB | 197/424 kB | 28/41 kB
Progress (3): 1.2/3.2 MB | 197/424 kB | 28/41 kB
Progress (3): 1.2/3.2 MB | 197/424 kB | 28/41 kB
Progress (3): 1.2/3.2 MB | 197/424 kB | 41 kB   
Progress (3): 1.3/3.2 MB | 197/424 kB | 41 kB
Progress (3): 1.3/3.2 MB | 197/424 kB | 41 kB
Progress (3): 1.3/3.2 MB | 197/424 kB | 41 kB
                                             
Downloaded from central: https://repo.maven.apache.org/maven2/org/slf4j/slf4j-api/1.7.25/slf4j-api-1.7.25.jar (41 kB at 95 
kB/s)
#11 14.72 Downloading from central: 
https://repo.maven.apache.org/maven2/org/apache/maven/reporting/maven-reporting-api/3.0/maven-reporting-api-3.0.jar
#11 14.73 Progress (2): 1.3/3.2 MB | 197/424 kB
Progress (3): 1.3/3.2 MB | 197/424 kB | 8.2/614 kB
Progress (3): 1.3/3.2 MB | 197/424 kB | 8.2/614 kB
Progress (3): 1.3/3.2 MB | 213/424 kB | 8.2/614 kB
Progress (4): 1.3/3.2 MB | 213/424 kB | 8.2/614 kB | 7.7/68 kB
Progress (4): 1.3/3.2 MB | 213/424 kB | 8.2/614 kB | 16/68 kB 
Progress (4): 1.3/3.2 MB | 221/424 kB | 8.2/614 kB | 16/68 kB
Progress (4): 1.3/3.2 MB | 221/424 kB | 8.2/614 kB | 32/68 kB
Progress (4): 1.3/3.2 MB | 221/424 kB | 8.2/614 kB | 32/68 kB
Progress (4): 1.4/3.2 MB | 221/424 kB | 8.2/614 kB | 32/68 kB
Progress (4): 1.4/3.2 MB | 221/424 kB | 25/614 kB | 32/68 kB 
Progress (4): 1.4/3.2 MB | 238/424 kB | 25/614 kB | 32/68 kB
Progress (4): 1.4/3.2 MB | 238/424 kB | 25/614 kB | 49/68 kB
Progress (4): 1.4/3.2 MB | 238/424 kB | 25/614 kB | 49/68 kB
Progress (4): 1.4/3.2 MB | 238/424 kB | 25/614 kB | 49/68 kB
Progress (4): 1.4/3.2 MB | 238/424 kB | 25/614 kB | 65/68 kB
Progress (4): 1.4/3.2 MB | 238/424 kB | 25/614 kB | 68 kB   
Progress (4): 1.4/3.2 MB | 238/424 kB | 25/614 kB | 68 kB
Progress (4): 1.4/3.2 MB | 238/424 kB | 41/614 kB | 68 kB
Progress (4): 1.4/3.2 MB | 238/424 kB | 41/614 kB | 68 kB
Progress (4): 1.4/3.2 MB | 238/424 kB | 57/614 kB | 68 kB
                                                         
Downloaded from central: 
https://repo.maven.apache.org/maven2/org/apache/felix/org.apache.felix.utils/1.6.0/org.apache.felix.utils-1.6.0.jar (68 kB at 
148 kB/s)
#11 14.75 Downloading from central: 
https://repo.maven.apache.org/maven2/org/apache/maven/maven-archiver/3.5.2/maven-archiver-3.5.2.jar
#11 14.75 Progress (3): 1.4/3.2 MB | 238/424 kB | 57/614 kB
Progress (3): 1.5/3.2 MB | 238/424 kB | 57/614 kB
Progress (3): 1.5/3.2 MB | 238/424 kB | 74/614 kB
Progress (3): 1.5/3.2 MB | 238/424 kB | 74/614 kB
Progress (3): 1.5/3.2 MB | 238/424 kB | 90/614 kB
Progress (3): 1.5/3.2 MB | 238/424 kB | 90/614 kB
Progress (3): 1.5/3.2 MB | 238/424 kB | 90/614 kB
Progress (3): 1.5/3.2 MB | 238/424 kB | 106/614 kB
Progress (3): 1.5/3.2 MB | 238/424 kB | 106/614 kB
Progress (3): 1.5/3.2 MB | 238/424 kB | 123/614 kB
Progress (3): 1.5/3.2 MB | 238/424 kB | 123/614 kB
Progress (3): 1.6/3.2 MB | 238/424 kB | 123/614 kB
Progress (3): 1.6/3.2 MB | 238/424 kB | 123/614 kB
Progress (3): 1.6/3.2 MB | 238/424 kB | 123/614 kB
Progress (3): 1.6/3.2 MB | 238/424 kB | 123/614 kB
Progress (3): 1.6/3.2 MB | 238/424 kB | 123/614 kB
Progress (3): 1.6/3.2 MB | 238/424 kB | 139/614 kB
Progress (3): 1.6/3.2 MB | 254/424 kB | 139/614 kB
Progress (3): 1.6/3.2 MB | 254/424 kB | 156/614 kB
Progress (3): 1.6/3.2 MB | 270/424 kB | 156/614 kB
Progress (4): 1.6/3.2 MB | 270/424 kB | 156/614 kB | 7.7/11 kB
Progress (4): 1.6/3.2 MB | 270/424 kB | 156/614 kB | 11 kB    
Progress (4): 1.6/3.2 MB | 270/424 kB | 172/614 kB | 11 kB
Progress (4): 1.6/3.2 MB | 270/424 kB | 172/614 kB | 11 kB
Progress (4): 1.7/3.2 MB | 270/424 kB | 172/614 kB | 11 kB
                                                          
Downloaded from central: 
https://repo.maven.apache.org/maven2/org/apache/maven/reporting/maven-reporting-api/3.0/maven-reporting-api-3.0.jar (11 kB at 
22 kB/s)
#11 14.78 Downloading from central: 
https://repo.maven.apache.org/maven2/org/apache/maven/maven-artifact/3.1.1/maven-artifact-3.1.1.jar
#11 14.78 Progress (3): 1.7/3.2 MB | 270/424 kB | 188/614 kB
Progress (3): 1.7/3.2 MB | 270/424 kB | 188/614 kB
Progress (3): 1.7/3.2 MB | 270/424 kB | 205/614 kB
Progress (3): 1.7/3.2 MB | 270/424 kB | 205/614 kB
Progress (3): 1.7/3.2 MB | 270/424 kB | 217/614 kB
Progress (3): 1.7/3.2 MB | 270/424 kB | 233/614 kB
Progress (3): 1.7/3.2 MB | 270/424 kB | 233/614 kB
Progress (3): 1.7/3.2 MB | 270/424 kB | 233/614 kB
Progress (3): 1.7/3.2 MB | 270/424 kB | 246/614 kB
Progress (4): 1.7/3.2 MB | 270/424 kB | 246/614 kB | 7.6/26 kB
Progress (4): 1.7/3.2 MB | 270/424 kB | 262/614 kB | 7.6/26 kB
Progress (4): 1.7/3.2 MB | 270/424 kB | 262/614 kB | 7.6/26 kB
Progress (4): 1.7/3.2 MB | 270/424 kB | 266/614 kB | 7.6/26 kB
Progress (4): 1.7/3.2 MB | 270/424 kB | 283/614 kB | 7.6/26 kB
Progress (4): 1.7/3.2 MB | 270/424 kB | 283/614 kB | 7.6/26 kB
Progress (4): 1.8/3.2 MB | 270/424 kB | 283/614 kB | 7.6/26 kB
Progress (4): 1.8/3.2 MB | 287/424 kB | 283/614 kB | 7.6/26 kB
Progress (4): 1.8/3.2 MB | 287/424 kB | 299/614 kB | 7.6/26 kB
Progress (4): 1.8/3.2 MB | 295/424 kB | 299/614 kB | 7.6/26 kB
Progress (4): 1.8/3.2 MB | 295/424 kB | 299/614 kB | 24/26 kB 
Progress (4): 1.8/3.2 MB | 295/424 kB | 299/614 kB | 26 kB   
Progress (4): 1.8/3.2 MB | 311/424 kB | 299/614 kB | 26 kB
                                                          
Downloaded from central: https://repo.maven.apache.org/maven2/org/apache/maven/maven-archiver/3.5.2/maven-archiver-3.5.2.jar 
(26 kB at 50 kB/s)
#11 14.81 Downloading from central: 
https://repo.maven.apache.org/maven2/org/apache/maven/maven-model/3.1.1/maven-model-3.1.1.jar
#11 14.81 Progress (3): 1.8/3.2 MB | 311/424 kB | 299/614 kB
Progress (3): 1.8/3.2 MB | 311/424 kB | 315/614 kB
Progress (3): 1.8/3.2 MB | 311/424 kB | 315/614 kB
Progress (3): 1.8/3.2 MB | 311/424 kB | 328/614 kB
Progress (3): 1.8/3.2 MB | 311/424 kB | 331/614 kB
Progress (3): 1.8/3.2 MB | 311/424 kB | 331/614 kB
Progress (3): 1.8/3.2 MB | 311/424 kB | 348/614 kB
Progress (3): 1.8/3.2 MB | 311/424 kB | 348/614 kB
Progress (3): 1.8/3.2 MB | 311/424 kB | 364/614 kB
Progress (3): 1.8/3.2 MB | 328/424 kB | 364/614 kB
Progress (3): 1.8/3.2 MB | 328/424 kB | 381/614 kB
Progress (3): 1.8/3.2 MB | 328/424 kB | 381/614 kB
Progress (3): 1.8/3.2 MB | 344/424 kB | 381/614 kB
Progress (3): 1.8/3.2 MB | 344/424 kB | 397/614 kB
Progress (3): 1.8/3.2 MB | 360/424 kB | 397/614 kB
Progress (3): 1.9/3.2 MB | 360/424 kB | 397/614 kB
Progress (3): 1.9/3.2 MB | 377/424 kB | 397/614 kB
Progress (3): 1.9/3.2 MB | 377/424 kB | 397/614 kB
Progress (3): 1.9/3.2 MB | 393/424 kB | 397/614 kB
Progress (3): 1.9/3.2 MB | 393/424 kB | 413/614 kB
Progress (3): 1.9/3.2 MB | 393/424 kB | 413/614 kB
Progress (3): 1.9/3.2 MB | 393/424 kB | 430/614 kB
Progress (3): 1.9/3.2 MB | 393/424 kB | 446/614 kB
Progress (3): 1.9/3.2 MB | 393/424 kB | 446/614 kB
Progress (3): 1.9/3.2 MB | 393/424 kB | 459/614 kB
Progress (3): 1.9/3.2 MB | 393/424 kB | 475/614 kB
Progress (4): 1.9/3.2 MB | 393/424 kB | 475/614 kB | 7.7/52 kB
Progress (4): 1.9/3.2 MB | 393/424 kB | 475/614 kB | 12/52 kB 
Progress (4): 1.9/3.2 MB | 393/424 kB | 492/614 kB | 12/52 kB
Progress (4): 1.9/3.2 MB | 393/424 kB | 492/614 kB | 12/52 kB
Progress (4): 1.9/3.2 MB | 393/424 kB | 492/614 kB | 28/52 kB
Progress (4): 1.9/3.2 MB | 393/424 kB | 508/614 kB | 28/52 kB
Progress (4): 1.9/3.2 MB | 410/424 kB | 508/614 kB | 28/52 kB
Progress (4): 1.9/3.2 MB | 410/424 kB | 524/614 kB | 28/52 kB
Progress (4): 1.9/3.2 MB | 410/424 kB | 524/614 kB | 28/52 kB
Progress (4): 1.9/3.2 MB | 410/424 kB | 524/614 kB | 44/52 kB
Progress (4): 1.9/3.2 MB | 424 kB | 524/614 kB | 44/52 kB    
Progress (4): 1.9/3.2 MB | 424 kB | 541/614 kB | 44/52 kB
Progress (4): 1.9/3.2 MB | 424 kB | 557/614 kB | 44/52 kB
Progress (4): 1.9/3.2 MB | 424 kB | 557/614 kB | 52 kB   
                                                      
Downloaded from central: 
https://repo.maven.apache.org/maven2/biz/aQute/bnd/biz.aQute.bnd.util/6.3.1/biz.aQute.bnd.util-6.3.1.jar (424 kB at 754 kB/s)
#11 14.85 Downloading from central: 
https://repo.maven.apache.org/maven2/org/apache/maven/maven-core/3.1.1/maven-core-3.1.1.jar
#11 14.85 Progress (3): 1.9/3.2 MB | 573/614 kB | 52 kB
Progress (3): 2.0/3.2 MB | 573/614 kB | 52 kB
Progress (3): 2.0/3.2 MB | 573/614 kB | 52 kB
Progress (3): 2.0/3.2 MB | 590/614 kB | 52 kB
                                             
Downloaded from central: https://repo.maven.apache.org/maven2/org/apache/maven/maven-artifact/3.1.1/maven-artifact-3.1.1.jar 
(52 kB at 92 kB/s)
#11 14.86 Downloading from central: 
https://repo.maven.apache.org/maven2/org/apache/maven/maven-settings/3.1.1/maven-settings-3.1.1.jar
#11 14.86 Progress (2): 2.0/3.2 MB | 590/614 kB
Progress (2): 2.0/3.2 MB | 606/614 kB
Progress (3): 2.0/3.2 MB | 606/614 kB | 7.7/154 kB
Progress (3): 2.0/3.2 MB | 606/614 kB | 16/154 kB 
Progress (3): 2.0/3.2 MB | 606/614 kB | 16/154 kB
Progress (3): 2.0/3.2 MB | 606/614 kB | 32/154 kB
Progress (3): 2.0/3.2 MB | 606/614 kB | 32/154 kB
Progress (3): 2.0/3.2 MB | 606/614 kB | 49/154 kB
Progress (3): 2.0/3.2 MB | 606/614 kB | 49/154 kB
Progress (3): 2.0/3.2 MB | 606/614 kB | 65/154 kB
Progress (3): 2.0/3.2 MB | 606/614 kB | 81/154 kB
Progress (3): 2.0/3.2 MB | 614 kB | 81/154 kB    
Progress (3): 2.0/3.2 MB | 614 kB | 98/154 kB
Progress (3): 2.1/3.2 MB | 614 kB | 98/154 kB
Progress (3): 2.1/3.2 MB | 614 kB | 114/154 kB
Progress (3): 2.1/3.2 MB | 614 kB | 131/154 kB
Progress (3): 2.1/3.2 MB | 614 kB | 131/154 kB
                                              
Downloaded from central: 
https://repo.maven.apache.org/maven2/org/osgi/org.osgi.compendium/4.2.0/org.osgi.compendium-4.2.0.jar (614 kB at 1.1 MB/s)
#11 14.87 Downloading from central: 
https://repo.maven.apache.org/maven2/org/apache/maven/maven-settings-builder/3.1.1/maven-settings-builder-3.1.1.jar
#11 14.87 Progress (2): 2.1/3.2 MB | 147/154 kB
Progress (2): 2.1/3.2 MB | 147/154 kB
Progress (2): 2.1/3.2 MB | 154 kB    
Progress (2): 2.1/3.2 MB | 154 kB
Progress (2): 2.1/3.2 MB | 154 kB
                                 
Downloaded from central: https://repo.maven.apache.org/maven2/org/apache/maven/maven-model/3.1.1/maven-model-3.1.1.jar (154 
kB at 262 kB/s)
#11 14.88 Downloading from central: 
https://repo.maven.apache.org/maven2/org/apache/maven/maven-repository-metadata/3.1.1/maven-repository-metadata-3.1.1.jar
#11 14.88 Progress (1): 2.1/3.2 MB
Progress (1): 2.2/3.2 MB
Progress (1): 2.2/3.2 MB
Progress (1): 2.2/3.2 MB
Progress (1): 2.2/3.2 MB
Progress (1): 2.2/3.2 MB
Progress (1): 2.2/3.2 MB
Progress (1): 2.3/3.2 MB
Progress (1): 2.3/3.2 MB
Progress (1): 2.3/3.2 MB
Progress (1): 2.3/3.2 MB
Progress (1): 2.3/3.2 MB
Progress (1): 2.3/3.2 MB
Progress (1): 2.3/3.2 MB
Progress (1): 2.4/3.2 MB
Progress (1): 2.4/3.2 MB
Progress (1): 2.4/3.2 MB
Progress (2): 2.4/3.2 MB | 7.7/42 kB
Progress (2): 2.4/3.2 MB | 16/42 kB 
Progress (2): 2.4/3.2 MB | 32/42 kB
Progress (2): 2.4/3.2 MB | 32/42 kB
Progress (3): 2.4/3.2 MB | 32/42 kB | 7.7/557 kB
Progress (3): 2.4/3.2 MB | 32/42 kB | 16/557 kB 
Progress (3): 2.4/3.2 MB | 42 kB | 16/557 kB   
                                            
Downloaded from central: 
https://repo.maven.apache.org/maven2/org/apache/maven/maven-settings-builder/3.1.1/maven-settings-builder-3.1.1.jar (42 kB at 
67 kB/s)
#11 14.91 Downloading from central: 
https://repo.maven.apache.org/maven2/org/apache/maven/maven-plugin-api/3.1.1/maven-plugin-api-3.1.1.jar
#11 14.92 Progress (3): 2.4/3.2 MB | 16/557 kB | 7.7/42 kB
Progress (3): 2.4/3.2 MB | 16/557 kB | 16/42 kB 
Progress (3): 2.4/3.2 MB | 16/557 kB | 16/42 kB
Progress (4): 2.4/3.2 MB | 16/557 kB | 16/42 kB | 7.6/25 kB
Progress (4): 2.4/3.2 MB | 16/557 kB | 16/42 kB | 7.6/25 kB
Progress (4): 2.4/3.2 MB | 16/557 kB | 32/42 kB | 7.6/25 kB
Progress (4): 2.4/3.2 MB | 16/557 kB | 32/42 kB | 24/25 kB 
Progress (4): 2.4/3.2 MB | 32/557 kB | 32/42 kB | 24/25 kB
Progress (4): 2.4/3.2 MB | 32/557 kB | 32/42 kB | 25 kB   
Progress (4): 2.4/3.2 MB | 32/557 kB | 42 kB | 25 kB   
Progress (4): 2.4/3.2 MB | 49/557 kB | 42 kB | 25 kB
Progress (4): 2.4/3.2 MB | 65/557 kB | 42 kB | 25 kB
Progress (4): 2.5/3.2 MB | 65/557 kB | 42 kB | 25 kB
Progress (4): 2.5/3.2 MB | 65/557 kB | 42 kB | 25 kB
                                                    
Downloaded from central: 
https://repo.maven.apache.org/maven2/org/apache/maven/maven-repository-metadata/3.1.1/maven-repository-metadata-3.1.1.jar (25 
kB at 39 kB/s)
#11 14.93 Downloading from central: 
https://repo.maven.apache.org/maven2/org/apache/maven/maven-model-builder/3.1.1/maven-model-builder-3.1.1.jar
#11 14.93 Progress (3): 2.5/3.2 MB | 81/557 kB | 42 kB
Progress (3): 2.5/3.2 MB | 81/557 kB | 42 kB
                                            
Downloaded from central: https://repo.maven.apache.org/maven2/org/apache/maven/maven-settings/3.1.1/maven-settings-3.1.1.jar 
(42 kB at 65 kB/s)
#11 14.93 Downloading from central: 
https://repo.maven.apache.org/maven2/org/apache/maven/maven-aether-provider/3.1.1/maven-aether-provider-3.1.1.jar
#11 14.93 Progress (2): 2.5/3.2 MB | 98/557 kB
Progress (2): 2.5/3.2 MB | 114/557 kB
Progress (2): 2.5/3.2 MB | 114/557 kB
Progress (2): 2.5/3.2 MB | 131/557 kB
Progress (2): 2.5/3.2 MB | 131/557 kB
Progress (2): 2.5/3.2 MB | 131/557 kB
Progress (2): 2.5/3.2 MB | 147/557 kB
Progress (2): 2.6/3.2 MB | 147/557 kB
Progress (2): 2.6/3.2 MB | 163/557 kB
Progress (2): 2.6/3.2 MB | 163/557 kB
Progress (2): 2.6/3.2 MB | 180/557 kB
Progress (2): 2.6/3.2 MB | 196/557 kB
Progress (2): 2.6/3.2 MB | 196/557 kB
Progress (2): 2.6/3.2 MB | 213/557 kB
Progress (2): 2.6/3.2 MB | 229/557 kB
Progress (3): 2.6/3.2 MB | 229/557 kB | 12/45 kB
Progress (3): 2.6/3.2 MB | 229/557 kB | 12/45 kB
Progress (3): 2.6/3.2 MB | 245/557 kB | 12/45 kB
Progress (3): 2.6/3.2 MB | 245/557 kB | 29/45 kB
Progress (3): 2.6/3.2 MB | 262/557 kB | 29/45 kB
Progress (3): 2.6/3.2 MB | 262/557 kB | 29/45 kB
Progress (3): 2.6/3.2 MB | 262/557 kB | 29/45 kB
Progress (3): 2.6/3.2 MB | 278/557 kB | 29/45 kB
Progress (3): 2.6/3.2 MB | 278/557 kB | 45 kB   
Progress (4): 2.6/3.2 MB | 278/557 kB | 45 kB | 7.7/60 kB
Progress (4): 2.6/3.2 MB | 278/557 kB | 45 kB | 12/60 kB 
                                                        
Downloaded from central: 
https://repo.maven.apache.org/maven2/org/apache/maven/maven-plugin-api/3.1.1/maven-plugin-api-3.1.1.jar (45 kB at 66 kB/s)
#11 14.97 Downloading from central: 
https://repo.maven.apache.org/maven2/org/eclipse/aether/aether-spi/0.9.0.M2/aether-spi-0.9.0.M2.jar
#11 14.97 Progress (3): 2.7/3.2 MB | 278/557 kB | 12/60 kB
Progress (3): 2.7/3.2 MB | 294/557 kB | 12/60 kB
Progress (3): 2.7/3.2 MB | 294/557 kB | 29/60 kB
Progress (3): 2.7/3.2 MB | 294/557 kB | 29/60 kB
Progress (3): 2.7/3.2 MB | 294/557 kB | 29/60 kB
Progress (3): 2.7/3.2 MB | 311/557 kB | 29/60 kB
Progress (3): 2.7/3.2 MB | 327/557 kB | 29/60 kB
Progress (3): 2.7/3.2 MB | 327/557 kB | 45/60 kB
Progress (3): 2.7/3.2 MB | 344/557 kB | 45/60 kB
Progress (3): 2.7/3.2 MB | 344/557 kB | 45/60 kB
Progress (3): 2.7/3.2 MB | 344/557 kB | 60 kB   
Progress (3): 2.7/3.2 MB | 344/557 kB | 60 kB
Progress (3): 2.7/3.2 MB | 360/557 kB | 60 kB
Progress (3): 2.7/3.2 MB | 376/557 kB | 60 kB
Progress (3): 2.7/3.2 MB | 376/557 kB | 60 kB
                                             
Downloaded from central: 
https://repo.maven.apache.org/maven2/org/apache/maven/maven-aether-provider/3.1.1/maven-aether-provider-3.1.1.jar (60 kB at 
85 kB/s)
#11 14.99 Downloading from central: 
https://repo.maven.apache.org/maven2/org/eclipse/aether/aether-impl/0.9.0.M2/aether-impl-0.9.0.M2.jar
#11 14.99 Progress (3): 2.7/3.2 MB | 376/557 kB | 7.7/160 kB
Progress (3): 2.7/3.2 MB | 376/557 kB | 7.7/160 kB
Progress (3): 2.7/3.2 MB | 376/557 kB | 16/160 kB 
Progress (3): 2.8/3.2 MB | 376/557 kB | 16/160 kB
Progress (3): 2.8/3.2 MB | 393/557 kB | 16/160 kB
Progress (3): 2.8/3.2 MB | 393/557 kB | 32/160 kB
Progress (3): 2.8/3.2 MB | 393/557 kB | 49/160 kB
Progress (3): 2.8/3.2 MB | 393/557 kB | 49/160 kB
Progress (3): 2.8/3.2 MB | 409/557 kB | 49/160 kB
Progress (3): 2.8/3.2 MB | 409/557 kB | 49/160 kB
Progress (3): 2.8/3.2 MB | 426/557 kB | 49/160 kB
Progress (3): 2.8/3.2 MB | 426/557 kB | 65/160 kB
Progress (3): 2.8/3.2 MB | 442/557 kB | 65/160 kB
Progress (3): 2.8/3.2 MB | 458/557 kB | 65/160 kB
Progress (3): 2.8/3.2 MB | 475/557 kB | 65/160 kB
Progress (3): 2.8/3.2 MB | 475/557 kB | 65/160 kB
Progress (3): 2.8/3.2 MB | 475/557 kB | 81/160 kB
Progress (3): 2.8/3.2 MB | 475/557 kB | 81/160 kB
Progress (3): 2.8/3.2 MB | 491/557 kB | 81/160 kB
Progress (3): 2.8/3.2 MB | 507/557 kB | 81/160 kB
Progress (3): 2.8/3.2 MB | 507/557 kB | 98/160 kB
Progress (3): 2.8/3.2 MB | 524/557 kB | 98/160 kB
Progress (3): 2.8/3.2 MB | 524/557 kB | 98/160 kB
Progress (3): 2.8/3.2 MB | 540/557 kB | 98/160 kB
Progress (3): 2.9/3.2 MB | 540/557 kB | 98/160 kB
Progress (3): 2.9/3.2 MB | 557/557 kB | 98/160 kB
Progress (4): 2.9/3.2 MB | 557/557 kB | 98/160 kB | 7.7/18 kB
Progress (4): 2.9/3.2 MB | 557 kB | 98/160 kB | 7.7/18 kB    
Progress (4): 2.9/3.2 MB | 557 kB | 114/160 kB | 7.7/18 kB
Progress (4): 2.9/3.2 MB | 557 kB | 114/160 kB | 16/18 kB 
Progress (4): 2.9/3.2 MB | 557 kB | 114/160 kB | 18 kB   
Progress (4): 2.9/3.2 MB | 557 kB | 131/160 kB | 18 kB
Progress (4): 2.9/3.2 MB | 557 kB | 131/160 kB | 18 kB
                                                      
Downloaded from central: https://repo.maven.apache.org/maven2/org/eclipse/aether/aether-spi/0.9.0.M2/aether-spi-0.9.0.M2.jar 
(18 kB at 24 kB/s)
#11 15.02 Downloading from central: 
https://repo.maven.apache.org/maven2/org/eclipse/aether/aether-api/0.9.0.M2/aether-api-0.9.0.M2.jar
#11 15.03 Downloaded from central: 
https://repo.maven.apache.org/maven2/org/apache/maven/maven-core/3.1.1/maven-core-3.1.1.jar (557 kB at 757 kB/s)
#11 15.03 Progress (2): 2.9/3.2 MB | 131/160 kB
                                     
Downloading from central: 
https://repo.maven.apache.org/maven2/org/eclipse/sisu/org.eclipse.sisu.plexus/0.0.0.M5/org.eclipse.sisu.plexus-0.0.0.M5.jar
#11 15.03 Progress (2): 2.9/3.2 MB | 147/160 kB
Progress (2): 2.9/3.2 MB | 160 kB    
Progress (2): 2.9/3.2 MB | 160 kB
Progress (2): 2.9/3.2 MB | 160 kB
Progress (2): 2.9/3.2 MB | 160 kB
Progress (3): 2.9/3.2 MB | 160 kB | 7.7/145 kB
                                              
Downloaded from central: 
https://repo.maven.apache.org/maven2/org/apache/maven/maven-model-builder/3.1.1/maven-model-builder-3.1.1.jar (160 kB at 214 
kB/s)
#11 15.04 Progress (2): 2.9/3.2 MB | 16/145 kB
                                    
Downloading from central: https://repo.maven.apache.org/maven2/javax/enterprise/cdi-api/1.0/cdi-api-1.0.jar
#11 15.04 Progress (2): 2.9/3.2 MB | 32/145 kB
Progress (2): 3.0/3.2 MB | 32/145 kB
Progress (2): 3.0/3.2 MB | 49/145 kB
Progress (2): 3.0/3.2 MB | 65/145 kB
Progress (2): 3.0/3.2 MB | 81/145 kB
Progress (2): 3.0/3.2 MB | 81/145 kB
Progress (2): 3.0/3.2 MB | 98/145 kB
Progress (2): 3.0/3.2 MB | 114/145 kB
Progress (2): 3.0/3.2 MB | 114/145 kB
Progress (2): 3.0/3.2 MB | 131/145 kB
Progress (2): 3.0/3.2 MB | 145 kB    
Progress (2): 3.0/3.2 MB | 145 kB
                                 
Downloaded from central: 
https://repo.maven.apache.org/maven2/org/eclipse/aether/aether-impl/0.9.0.M2/aether-impl-0.9.0.M2.jar (145 kB at 190 kB/s)
#11 15.05 Downloading from central: https://repo.maven.apache.org/maven2/javax/annotation/jsr250-api/1.0/jsr250-api-1.0.jar
#11 15.05 Progress (1): 3.0/3.2 MB
Progress (1): 3.0/3.2 MB
Progress (1): 3.1/3.2 MB
Progress (1): 3.1/3.2 MB
Progress (2): 3.1/3.2 MB | 7.7/134 kB
Progress (2): 3.1/3.2 MB | 7.7/134 kB
Progress (2): 3.1/3.2 MB | 16/134 kB 
Progress (2): 3.1/3.2 MB | 16/134 kB
Progress (2): 3.1/3.2 MB | 32/134 kB
Progress (2): 3.1/3.2 MB | 32/134 kB
Progress (2): 3.1/3.2 MB | 49/134 kB
Progress (2): 3.1/3.2 MB | 65/134 kB
Progress (2): 3.1/3.2 MB | 65/134 kB
Progress (2): 3.1/3.2 MB | 81/134 kB
Progress (2): 3.1/3.2 MB | 98/134 kB
Progress (2): 3.1/3.2 MB | 114/134 kB
Progress (2): 3.1/3.2 MB | 115/134 kB
Progress (2): 3.2/3.2 MB | 115/134 kB
Progress (2): 3.2/3.2 MB | 131/134 kB
Progress (2): 3.2/3.2 MB | 134 kB    
Progress (2): 3.2/3.2 MB | 134 kB
Progress (2): 3.2 MB | 134 kB    
                             
Downloaded from central: https://repo.maven.apache.org/maven2/org/eclipse/aether/aether-api/0.9.0.M2/aether-api-0.9.0.M2.jar 
(134 kB at 169 kB/s)
#11 15.09 Downloading from central: https://repo.maven.apache.org/maven2/javax/inject/javax.inject/1/javax.inject-1.jar
#11 15.09 Downloaded from central: 
https://repo.maven.apache.org/maven2/biz/aQute/bnd/biz.aQute.bndlib/6.3.1/biz.aQute.bndlib-6.3.1.jar (3.2 MB at 3.9 MB/s)
#11 15.09 Downloading from central: https://repo.maven.apache.org/maven2/com/google/guava/guava/10.0.1/guava-10.0.1.jar
#11 15.09 Progress (1): 7.7/45 kB
Progress (1): 16/45 kB 
Progress (2): 16/45 kB | 7.7/197 kB
Progress (2): 16/45 kB | 16/197 kB 
Progress (2): 16/45 kB | 32/197 kB
Progress (2): 24/45 kB | 32/197 kB
Progress (2): 24/45 kB | 49/197 kB
Progress (2): 40/45 kB | 49/197 kB
Progress (2): 40/45 kB | 65/197 kB
Progress (3): 40/45 kB | 65/197 kB | 5.8 kB
Progress (3): 45 kB | 65/197 kB | 5.8 kB   
Progress (3): 45 kB | 81/197 kB | 5.8 kB
Progress (3): 45 kB | 98/197 kB | 5.8 kB
Progress (3): 45 kB | 114/197 kB | 5.8 kB
                                         
Downloaded from central: https://repo.maven.apache.org/maven2/javax/enterprise/cdi-api/1.0/cdi-api-1.0.jar (45 kB at 56 kB/s)
#11 15.10 Downloaded from central: https://repo.maven.apache.org/maven2/javax/annotation/jsr250-api/1.0/jsr250-api-1.0.jar 
(5.8 kB at 7.2 kB/s)
#11 15.10 Downloading from central: 
https://repo.maven.apache.org/maven2/org/sonatype/sisu/sisu-guice/3.1.0/sisu-guice-3.1.0-no_aop.jar
#11 15.10 Downloading from central: 
https://repo.maven.apache.org/maven2/com/google/code/findbugs/jsr305/1.3.9/jsr305-1.3.9.jar
#11 15.10 Progress (1): 131/197 kB
Progress (1): 147/197 kB
Progress (1): 163/197 kB
Progress (1): 180/197 kB
Progress (1): 196/197 kB
Progress (1): 197 kB    
                    
Downloaded from central: 
https://repo.maven.apache.org/maven2/org/eclipse/sisu/org.eclipse.sisu.plexus/0.0.0.M5/org.eclipse.sisu.plexus-0.0.0.M5.jar 
(197 kB at 241 kB/s)
#11 15.11 Downloading from central: https://repo.maven.apache.org/maven2/aopalliance/aopalliance/1.0/aopalliance-1.0.jar
#11 15.12 Progress (1): 0/1.5 MB
Progress (1): 0/1.5 MB
Progress (1): 0/1.5 MB
Progress (1): 0/1.5 MB
Progress (1): 0.1/1.5 MB
Progress (2): 0.1/1.5 MB | 7.7/357 kB
Progress (2): 0.1/1.5 MB | 16/357 kB 
Progress (2): 0.1/1.5 MB | 16/357 kB
Progress (3): 0.1/1.5 MB | 16/357 kB | 2.5 kB
Progress (3): 0.1/1.5 MB | 16/357 kB | 2.5 kB
Progress (3): 0.1/1.5 MB | 32/357 kB | 2.5 kB
                                             
Downloaded from central: https://repo.maven.apache.org/maven2/javax/inject/javax.inject/1/javax.inject-1.jar (2.5 kB at 2.9 
kB/s)
#11 15.15 Downloading from central: 
https://repo.maven.apache.org/maven2/org/eclipse/sisu/org.eclipse.sisu.inject/0.0.0.M5/org.eclipse.sisu.inject-0.0.0.M5.jar
#11 15.15 Progress (2): 0.1/1.5 MB | 32/357 kB
Progress (2): 0.1/1.5 MB | 32/357 kB
Progress (2): 0.1/1.5 MB | 49/357 kB
Progress (3): 0.1/1.5 MB | 49/357 kB | 4.5 kB
Progress (3): 0.1/1.5 MB | 65/357 kB | 4.5 kB
Progress (4): 0.1/1.5 MB | 65/357 kB | 4.5 kB | 7.7/33 kB
Progress (4): 0.1/1.5 MB | 65/357 kB | 4.5 kB | 8.2/33 kB
                                                         
Downloaded from central: https://repo.maven.apache.org/maven2/aopalliance/aopalliance/1.0/aopalliance-1.0.jar (4.5 kB at 5.1 
kB/s)
#11 15.16 Downloading from central: 
https://repo.maven.apache.org/maven2/org/codehaus/plexus/plexus-classworlds/2.5.1/plexus-classworlds-2.5.1.jar
#11 15.16 Progress (3): 0.1/1.5 MB | 65/357 kB | 8.2/33 kB
Progress (3): 0.1/1.5 MB | 65/357 kB | 25/33 kB 
Progress (3): 0.1/1.5 MB | 65/357 kB | 33 kB   
Progress (3): 0.1/1.5 MB | 81/357 kB | 33 kB
Progress (3): 0.2/1.5 MB | 81/357 kB | 33 kB
Progress (3): 0.2/1.5 MB | 81/357 kB | 33 kB
                                            
Downloaded from central: https://repo.maven.apache.org/maven2/com/google/code/findbugs/jsr305/1.3.9/jsr305-1.3.9.jar (33 kB 
at 37 kB/s)
#11 15.17 Downloading from central: 
https://repo.maven.apache.org/maven2/org/sonatype/plexus/plexus-sec-dispatcher/1.3/plexus-sec-dispatcher-1.3.jar
#11 15.18 Progress (2): 0.2/1.5 MB | 81/357 kB
Progress (2): 0.2/1.5 MB | 81/357 kB
Progress (2): 0.2/1.5 MB | 98/357 kB
Progress (2): 0.2/1.5 MB | 98/357 kB
Progress (2): 0.2/1.5 MB | 98/357 kB
Progress (2): 0.2/1.5 MB | 114/357 kB
Progress (2): 0.3/1.5 MB | 114/357 kB
Progress (2): 0.3/1.5 MB | 131/357 kB
Progress (2): 0.3/1.5 MB | 131/357 kB
Progress (2): 0.3/1.5 MB | 131/357 kB
Progress (2): 0.3/1.5 MB | 147/357 kB
Progress (3): 0.3/1.5 MB | 147/357 kB | 7.7/291 kB
Progress (3): 0.3/1.5 MB | 147/357 kB | 16/291 kB 
Progress (3): 0.3/1.5 MB | 163/357 kB | 16/291 kB
Progress (3): 0.3/1.5 MB | 163/357 kB | 25/291 kB
Progress (3): 0.3/1.5 MB | 163/357 kB | 25/291 kB
Progress (3): 0.3/1.5 MB | 180/357 kB | 25/291 kB
Progress (3): 0.3/1.5 MB | 196/357 kB | 25/291 kB
Progress (3): 0.3/1.5 MB | 196/357 kB | 41/291 kB
Progress (3): 0.3/1.5 MB | 196/357 kB | 41/291 kB
Progress (3): 0.3/1.5 MB | 196/357 kB | 49/291 kB
Progress (3): 0.3/1.5 MB | 196/357 kB | 49/291 kB
Progress (3): 0.3/1.5 MB | 213/357 kB | 49/291 kB
Progress (3): 0.4/1.5 MB | 213/357 kB | 49/291 kB
Progress (3): 0.4/1.5 MB | 213/357 kB | 66/291 kB
Progress (3): 0.4/1.5 MB | 213/357 kB | 70/291 kB
Progress (3): 0.4/1.5 MB | 213/357 kB | 70/291 kB
Progress (3): 0.4/1.5 MB | 229/357 kB | 70/291 kB
Progress (4): 0.4/1.5 MB | 229/357 kB | 70/291 kB | 7.7/50 kB
Progress (4): 0.4/1.5 MB | 229/357 kB | 70/291 kB | 12/50 kB 
Progress (4): 0.4/1.5 MB | 229/357 kB | 70/291 kB | 12/50 kB
Progress (4): 0.4/1.5 MB | 245/357 kB | 70/291 kB | 12/50 kB
Progress (4): 0.4/1.5 MB | 262/357 kB | 70/291 kB | 12/50 kB
Progress (4): 0.4/1.5 MB | 262/357 kB | 86/291 kB | 12/50 kB
Progress (4): 0.4/1.5 MB | 262/357 kB | 86/291 kB | 12/50 kB
Progress (4): 0.4/1.5 MB | 262/357 kB | 86/291 kB | 28/50 kB
Progress (4): 0.4/1.5 MB | 278/357 kB | 86/291 kB | 28/50 kB
Progress (4): 0.4/1.5 MB | 278/357 kB | 86/291 kB | 28/50 kB
Progress (4): 0.4/1.5 MB | 278/357 kB | 98/291 kB | 28/50 kB
Progress (4): 0.4/1.5 MB | 294/357 kB | 98/291 kB | 28/50 kB
Progress (4): 0.4/1.5 MB | 294/357 kB | 98/291 kB | 44/50 kB
Progress (4): 0.4/1.5 MB | 294/357 kB | 98/291 kB | 44/50 kB
Progress (4): 0.5/1.5 MB | 294/357 kB | 98/291 kB | 44/50 kB
Progress (4): 0.5/1.5 MB | 294/357 kB | 98/291 kB | 50 kB   
Progress (4): 0.5/1.5 MB | 311/357 kB | 98/291 kB | 50 kB
                                                         
Downloaded from central: 
https://repo.maven.apache.org/maven2/org/codehaus/plexus/plexus-classworlds/2.5.1/plexus-classworlds-2.5.1.jar (50 kB at 53 
kB/s)
#11 15.23 Downloading from central: 
https://repo.maven.apache.org/maven2/org/sonatype/plexus/plexus-cipher/1.4/plexus-cipher-1.4.jar
#11 15.24 Progress (3): 0.5/1.5 MB | 311/357 kB | 115/291 kB
Progress (3): 0.5/1.5 MB | 311/357 kB | 115/291 kB
Progress (3): 0.5/1.5 MB | 311/357 kB | 115/291 kB
Progress (3): 0.5/1.5 MB | 327/357 kB | 115/291 kB
Progress (3): 0.5/1.5 MB | 327/357 kB | 131/291 kB
Progress (3): 0.5/1.5 MB | 344/357 kB | 131/291 kB
Progress (4): 0.5/1.5 MB | 344/357 kB | 131/291 kB | 7.7/29 kB
Progress (4): 0.5/1.5 MB | 344/357 kB | 131/291 kB | 12/29 kB 
Progress (4): 0.5/1.5 MB | 344/357 kB | 135/291 kB | 12/29 kB
Progress (4): 0.5/1.5 MB | 357 kB | 135/291 kB | 12/29 kB    
Progress (4): 0.5/1.5 MB | 357 kB | 147/291 kB | 12/29 kB
Progress (4): 0.5/1.5 MB | 357 kB | 147/291 kB | 12/29 kB
Progress (4): 0.5/1.5 MB | 357 kB | 147/291 kB | 28/29 kB
Progress (4): 0.5/1.5 MB | 357 kB | 152/291 kB | 28/29 kB
Progress (4): 0.5/1.5 MB | 357 kB | 152/291 kB | 29 kB   
Progress (4): 0.5/1.5 MB | 357 kB | 152/291 kB | 29 kB
                                                      
Downloaded from central: 
https://repo.maven.apache.org/maven2/org/sonatype/plexus/plexus-sec-dispatcher/1.3/plexus-sec-dispatcher-1.3.jar (29 kB at 30 
kB/s)
#11 15.24 Downloaded from central: 
https://repo.maven.apache.org/maven2/org/sonatype/sisu/sisu-guice/3.1.0/sisu-guice-3.1.0-no_aop.jar (357 kB at 375 kB/s)
#11 15.24 Downloading from central: 
https://repo.maven.apache.org/maven2/org/apache/maven/shared/maven-shared-utils/3.3.3/maven-shared-utils-3.3.3.jar
#11 15.24 Downloading from central: https://repo.maven.apache.org/maven2/commons-io/commons-io/2.6/commons-io-2.6.jar
#11 15.25 Progress (2): 0.5/1.5 MB | 168/291 kB
Progress (2): 0.5/1.5 MB | 168/291 kB
Progress (2): 0.5/1.5 MB | 184/291 kB
Progress (2): 0.6/1.5 MB | 184/291 kB
Progress (2): 0.6/1.5 MB | 193/291 kB
Progress (2): 0.6/1.5 MB | 197/291 kB
Progress (2): 0.6/1.5 MB | 213/291 kB
Progress (2): 0.6/1.5 MB | 213/291 kB
Progress (2): 0.6/1.5 MB | 229/291 kB
Progress (2): 0.6/1.5 MB | 246/291 kB
Progress (2): 0.6/1.5 MB | 246/291 kB
Progress (2): 0.6/1.5 MB | 262/291 kB
Progress (2): 0.6/1.5 MB | 279/291 kB
Progress (2): 0.6/1.5 MB | 279/291 kB
Progress (2): 0.6/1.5 MB | 291 kB    
Progress (2): 0.6/1.5 MB | 291 kB
                                 
Downloaded from central: 
https://repo.maven.apache.org/maven2/org/eclipse/sisu/org.eclipse.sisu.inject/0.0.0.M5/org.eclipse.sisu.inject-0.0.0.M5.jar 
(291 kB at 300 kB/s)
#11 15.26 Downloading from central: 
https://repo.maven.apache.org/maven2/org/apache/commons/commons-compress/1.20/commons-compress-1.20.jar
#11 15.27 Progress (1): 0.6/1.5 MB
Progress (1): 0.7/1.5 MB
Progress (1): 0.7/1.5 MB
Progress (1): 0.7/1.5 MB
Progress (1): 0.7/1.5 MB
Progress (1): 0.7/1.5 MB
Progress (1): 0.7/1.5 MB
Progress (1): 0.8/1.5 MB
Progress (2): 0.8/1.5 MB | 7.7/215 kB
Progress (2): 0.8/1.5 MB | 12/215 kB 
Progress (2): 0.8/1.5 MB | 29/215 kB
Progress (2): 0.8/1.5 MB | 29/215 kB
Progress (2): 0.8/1.5 MB | 29/215 kB
Progress (2): 0.8/1.5 MB | 45/215 kB
Progress (3): 0.8/1.5 MB | 45/215 kB | 7.7/13 kB
Progress (3): 0.8/1.5 MB | 45/215 kB | 13 kB    
Progress (3): 0.8/1.5 MB | 45/215 kB | 13 kB
Progress (3): 0.8/1.5 MB | 61/215 kB | 13 kB
Progress (3): 0.8/1.5 MB | 78/215 kB | 13 kB
                                            
Downloaded from central: https://repo.maven.apache.org/maven2/org/sonatype/plexus/plexus-cipher/1.4/plexus-cipher-1.4.jar (13 
kB at 13 kB/s)
#11 15.29 Progress (2): 0.8/1.5 MB | 78/215 kB
                                    
Downloading from central: 
https://repo.maven.apache.org/maven2/org/codehaus/plexus/plexus-archiver/4.2.7/plexus-archiver-4.2.7.jar
#11 15.29 Progress (2): 0.8/1.5 MB | 78/215 kB
Progress (3): 0.8/1.5 MB | 78/215 kB | 7.7/154 kB
Progress (3): 0.8/1.5 MB | 78/215 kB | 16/154 kB 
Progress (3): 0.8/1.5 MB | 94/215 kB | 16/154 kB
Progress (3): 0.9/1.5 MB | 94/215 kB | 16/154 kB
Progress (3): 0.9/1.5 MB | 94/215 kB | 28/154 kB
Progress (3): 0.9/1.5 MB | 111/215 kB | 28/154 kB
Progress (3): 0.9/1.5 MB | 111/215 kB | 28/154 kB
Progress (3): 0.9/1.5 MB | 111/215 kB | 28/154 kB
Progress (3): 0.9/1.5 MB | 127/215 kB | 28/154 kB
Progress (3): 0.9/1.5 MB | 127/215 kB | 44/154 kB
Progress (3): 0.9/1.5 MB | 143/215 kB | 44/154 kB
Progress (3): 0.9/1.5 MB | 143/215 kB | 44/154 kB
Progress (3): 0.9/1.5 MB | 160/215 kB | 44/154 kB
Progress (3): 0.9/1.5 MB | 160/215 kB | 44/154 kB
Progress (3): 0.9/1.5 MB | 160/215 kB | 57/154 kB
Progress (3): 0.9/1.5 MB | 176/215 kB | 57/154 kB
Progress (3): 0.9/1.5 MB | 176/215 kB | 57/154 kB
Progress (3): 0.9/1.5 MB | 176/215 kB | 57/154 kB
Progress (3): 0.9/1.5 MB | 176/215 kB | 74/154 kB
Progress (3): 0.9/1.5 MB | 193/215 kB | 74/154 kB
Progress (4): 0.9/1.5 MB | 193/215 kB | 74/154 kB | 16/632 kB
Progress (4): 0.9/1.5 MB | 209/215 kB | 74/154 kB | 16/632 kB
Progress (4): 0.9/1.5 MB | 215 kB | 74/154 kB | 16/632 kB    
Progress (4): 0.9/1.5 MB | 215 kB | 90/154 kB | 16/632 kB
Progress (4): 0.9/1.5 MB | 215 kB | 90/154 kB | 25/632 kB
Progress (4): 0.9/1.5 MB | 215 kB | 106/154 kB | 25/632 kB
Progress (4): 1.0/1.5 MB | 215 kB | 106/154 kB | 25/632 kB
Progress (4): 1.0/1.5 MB | 215 kB | 115/154 kB | 25/632 kB
Progress (4): 1.0/1.5 MB | 215 kB | 115/154 kB | 25/632 kB
Progress (4): 1.0/1.5 MB | 215 kB | 131/154 kB | 25/632 kB
Progress (4): 1.0/1.5 MB | 215 kB | 131/154 kB | 25/632 kB
Progress (4): 1.0/1.5 MB | 215 kB | 147/154 kB | 25/632 kB
Progress (4): 1.0/1.5 MB | 215 kB | 147/154 kB | 25/632 kB
Progress (4): 1.0/1.5 MB | 215 kB | 154 kB | 25/632 kB    
Progress (4): 1.0/1.5 MB | 215 kB | 154 kB | 41/632 kB
Progress (4): 1.0/1.5 MB | 215 kB | 154 kB | 41/632 kB
                                                      
Downloaded from central: https://repo.maven.apache.org/maven2/commons-io/commons-io/2.6/commons-io-2.6.jar (215 kB at 207 
kB/s)
#11 15.33 Downloading from central: 
https://repo.maven.apache.org/maven2/org/codehaus/plexus/plexus-io/3.2.0/plexus-io-3.2.0.jar
#11 15.33 Progress (3): 1.0/1.5 MB | 154 kB | 41/632 kB
Progress (3): 1.0/1.5 MB | 154 kB | 57/632 kB
                                             
Downloaded from central: 
https://repo.maven.apache.org/maven2/org/apache/maven/shared/maven-shared-utils/3.3.3/maven-shared-utils-3.3.3.jar (154 kB at 
148 kB/s)
#11 15.33 Downloading from central: https://repo.maven.apache.org/maven2/org/iq80/snappy/snappy/0.4/snappy-0.4.jar
#11 15.33 Progress (2): 1.1/1.5 MB | 57/632 kB
Progress (2): 1.1/1.5 MB | 57/632 kB
Progress (2): 1.1/1.5 MB | 74/632 kB
Progress (2): 1.1/1.5 MB | 86/632 kB
Progress (2): 1.1/1.5 MB | 102/632 kB
Progress (2): 1.1/1.5 MB | 102/632 kB
Progress (2): 1.1/1.5 MB | 102/632 kB
Progress (2): 1.1/1.5 MB | 102/632 kB
Progress (3): 1.1/1.5 MB | 102/632 kB | 3.4/195 kB
Progress (3): 1.1/1.5 MB | 119/632 kB | 3.4/195 kB
Progress (3): 1.1/1.5 MB | 119/632 kB | 3.4/195 kB
Progress (3): 1.1/1.5 MB | 123/632 kB | 3.4/195 kB
Progress (3): 1.2/1.5 MB | 123/632 kB | 3.4/195 kB
Progress (3): 1.2/1.5 MB | 139/632 kB | 3.4/195 kB
Progress (3): 1.2/1.5 MB | 156/632 kB | 3.4/195 kB
Progress (3): 1.2/1.5 MB | 156/632 kB | 20/195 kB 
Progress (3): 1.2/1.5 MB | 156/632 kB | 28/195 kB
Progress (3): 1.2/1.5 MB | 164/632 kB | 28/195 kB
Progress (3): 1.2/1.5 MB | 164/632 kB | 28/195 kB
Progress (3): 1.2/1.5 MB | 180/632 kB | 28/195 kB
Progress (3): 1.2/1.5 MB | 184/632 kB | 28/195 kB
Progress (3): 1.2/1.5 MB | 197/632 kB | 28/195 kB
Progress (3): 1.2/1.5 MB | 197/632 kB | 28/195 kB
Progress (3): 1.2/1.5 MB | 197/632 kB | 44/195 kB
Progress (3): 1.2/1.5 MB | 197/632 kB | 44/195 kB
Progress (3): 1.2/1.5 MB | 197/632 kB | 44/195 kB
Progress (3): 1.2/1.5 MB | 213/632 kB | 44/195 kB
Progress (3): 1.2/1.5 MB | 213/632 kB | 61/195 kB
Progress (3): 1.2/1.5 MB | 225/632 kB | 61/195 kB
Progress (3): 1.2/1.5 MB | 229/632 kB | 61/195 kB
Progress (3): 1.2/1.5 MB | 229/632 kB | 61/195 kB
Progress (3): 1.3/1.5 MB | 229/632 kB | 61/195 kB
Progress (3): 1.3/1.5 MB | 229/632 kB | 77/195 kB
Progress (3): 1.3/1.5 MB | 229/632 kB | 77/195 kB
Progress (3): 1.3/1.5 MB | 229/632 kB | 77/195 kB
Progress (3): 1.3/1.5 MB | 246/632 kB | 77/195 kB
Progress (3): 1.3/1.5 MB | 246/632 kB | 93/195 kB
Progress (3): 1.3/1.5 MB | 246/632 kB | 93/195 kB
Progress (3): 1.3/1.5 MB | 262/632 kB | 93/195 kB
Progress (4): 1.3/1.5 MB | 262/632 kB | 93/195 kB | 7.7/58 kB
Progress (4): 1.3/1.5 MB | 262/632 kB | 93/195 kB | 16/58 kB 
Progress (4): 1.3/1.5 MB | 262/632 kB | 110/195 kB | 16/58 kB
Progress (4): 1.3/1.5 MB | 262/632 kB | 110/195 kB | 32/58 kB
Progress (4): 1.3/1.5 MB | 262/632 kB | 110/195 kB | 32/58 kB
Progress (4): 1.3/1.5 MB | 262/632 kB | 126/195 kB | 32/58 kB
Progress (4): 1.3/1.5 MB | 262/632 kB | 126/195 kB | 49/58 kB
Progress (5): 1.3/1.5 MB | 262/632 kB | 126/195 kB | 49/58 kB | 7.7/76 kB
Progress (5): 1.3/1.5 MB | 262/632 kB | 126/195 kB | 49/58 kB | 8.2/76 kB
Progress (5): 1.3/1.5 MB | 262/632 kB | 126/195 kB | 58 kB | 8.2/76 kB   
Progress (5): 1.3/1.5 MB | 279/632 kB | 126/195 kB | 58 kB | 8.2/76 kB
Progress (5): 1.3/1.5 MB | 279/632 kB | 126/195 kB | 58 kB | 25/76 kB 
Progress (5): 1.3/1.5 MB | 279/632 kB | 143/195 kB | 58 kB | 25/76 kB
Progress (5): 1.3/1.5 MB | 279/632 kB | 143/195 kB | 58 kB | 25/76 kB
Progress (5): 1.3/1.5 MB | 279/632 kB | 143/195 kB | 58 kB | 41/76 kB
Progress (5): 1.3/1.5 MB | 279/632 kB | 159/195 kB | 58 kB | 41/76 kB
Progress (5): 1.3/1.5 MB | 279/632 kB | 159/195 kB | 58 kB | 57/76 kB
                                                                     
Downloaded from central: https://repo.maven.apache.org/maven2/org/iq80/snappy/snappy/0.4/snappy-0.4.jar (58 kB at 53 kB/s)
#11 15.38 Downloading from central: https://repo.maven.apache.org/maven2/org/tukaani/xz/1.9/xz-1.9.jar
#11 15.39 Progress (4): 1.3/1.5 MB | 279/632 kB | 159/195 kB | 74/76 kB
Progress (4): 1.4/1.5 MB | 279/632 kB | 159/195 kB | 74/76 kB
Progress (4): 1.4/1.5 MB | 279/632 kB | 159/195 kB | 76 kB   
Progress (4): 1.4/1.5 MB | 295/632 kB | 159/195 kB | 76 kB
Progress (4): 1.4/1.5 MB | 295/632 kB | 159/195 kB | 76 kB
                                                          
Downloaded from central: https://repo.maven.apache.org/maven2/org/codehaus/plexus/plexus-io/3.2.0/plexus-io-3.2.0.jar (76 kB 
at 69 kB/s)
#11 15.40 Downloading from central: 
https://repo.maven.apache.org/maven2/org/codehaus/plexus/plexus-interpolation/1.26/plexus-interpolation-1.26.jar
#11 15.40 Progress (3): 1.4/1.5 MB | 311/632 kB | 159/195 kB
Progress (3): 1.4/1.5 MB | 311/632 kB | 175/195 kB
Progress (3): 1.4/1.5 MB | 311/632 kB | 192/195 kB
Progress (3): 1.4/1.5 MB | 311/632 kB | 195 kB    
Progress (3): 1.4/1.5 MB | 311/632 kB | 195 kB
                                              
Downloaded from central: 
https://repo.maven.apache.org/maven2/org/codehaus/plexus/plexus-archiver/4.2.7/plexus-archiver-4.2.7.jar (195 kB at 175 kB/s)
#11 15.40 Downloading from central: 
https://repo.maven.apache.org/maven2/org/apache/maven/shared/maven-dependency-tree/3.0/maven-dependency-tree-3.0.jar
#11 15.41 Progress (2): 1.4/1.5 MB | 311/632 kB
Progress (2): 1.4/1.5 MB | 328/632 kB
Progress (2): 1.4/1.5 MB | 328/632 kB
Progress (2): 1.4/1.5 MB | 328/632 kB
Progress (2): 1.5/1.5 MB | 328/632 kB
Progress (2): 1.5/1.5 MB | 344/632 kB
Progress (2): 1.5/1.5 MB | 356/632 kB
Progress (2): 1.5/1.5 MB | 373/632 kB
Progress (2): 1.5/1.5 MB | 373/632 kB
Progress (2): 1.5/1.5 MB | 389/632 kB
Progress (2): 1.5/1.5 MB | 406/632 kB
Progress (3): 1.5/1.5 MB | 406/632 kB | 7.7/116 kB
Progress (3): 1.5/1.5 MB | 406/632 kB | 16/116 kB 
Progress (3): 1.5/1.5 MB | 406/632 kB | 32/116 kB
Progress (3): 1.5/1.5 MB | 406/632 kB | 32/116 kB
Progress (3): 1.5 MB | 406/632 kB | 32/116 kB    
Progress (3): 1.5 MB | 422/632 kB | 32/116 kB
Progress (3): 1.5 MB | 438/632 kB | 32/116 kB
Progress (3): 1.5 MB | 455/632 kB | 32/116 kB
                                             
Downloaded from central: https://repo.maven.apache.org/maven2/com/google/guava/guava/10.0.1/guava-10.0.1.jar (1.5 MB at 1.3 
MB/s)
#11 15.44 Downloading from central: 
https://repo.maven.apache.org/maven2/org/codehaus/plexus/plexus-component-annotations/1.6/plexus-component-annotations-1.6.jar
#11 15.44 Progress (2): 455/632 kB | 49/116 kB
Progress (2): 455/632 kB | 65/116 kB
Progress (2): 471/632 kB | 65/116 kB
Progress (2): 487/632 kB | 65/116 kB
Progress (2): 504/632 kB | 65/116 kB
Progress (2): 504/632 kB | 81/116 kB
Progress (2): 504/632 kB | 98/116 kB
Progress (2): 520/632 kB | 98/116 kB
Progress (2): 520/632 kB | 114/116 kB
Progress (2): 520/632 kB | 116 kB    
Progress (2): 537/632 kB | 116 kB
Progress (3): 537/632 kB | 116 kB | 7.7/85 kB
Progress (3): 537/632 kB | 116 kB | 16/85 kB 
Progress (3): 537/632 kB | 116 kB | 32/85 kB
Progress (3): 537/632 kB | 116 kB | 49/85 kB
Progress (3): 537/632 kB | 116 kB | 65/85 kB
Progress (3): 537/632 kB | 116 kB | 81/85 kB
                                            
Downloaded from central: https://repo.maven.apache.org/maven2/org/tukaani/xz/1.9/xz-1.9.jar (116 kB at 99 kB/s)
#11 15.46 Downloading from central: 
https://repo.maven.apache.org/maven2/org/eclipse/aether/aether-util/0.9.0.M2/aether-util-0.9.0.M2.jar
#11 15.46 Progress (2): 553/632 kB | 81/85 kB
Progress (2): 553/632 kB | 85 kB   
Progress (2): 569/632 kB | 85 kB
Progress (3): 569/632 kB | 85 kB | 7.7/37 kB
Progress (3): 569/632 kB | 85 kB | 16/37 kB 
Progress (3): 569/632 kB | 85 kB | 25/37 kB
Progress (3): 569/632 kB | 85 kB | 37 kB   
                                        
Downloaded from central: 
https://repo.maven.apache.org/maven2/org/codehaus/plexus/plexus-interpolation/1.26/plexus-interpolation-1.26.jar (85 kB at 73 
kB/s)
#11 15.46 Downloading from central: 
https://repo.maven.apache.org/maven2/org/codehaus/plexus/plexus-utils/3.3.0/plexus-utils-3.3.0.jar
#11 15.47 Progress (2): 586/632 kB | 37 kB
                                
Downloaded from central: 
https://repo.maven.apache.org/maven2/org/apache/maven/shared/maven-dependency-tree/3.0/maven-dependency-tree-3.0.jar (37 kB 
at 31 kB/s)
#11 15.47 Downloading from central: 
https://repo.maven.apache.org/maven2/org/sonatype/plexus/plexus-build-api/0.0.7/plexus-build-api-0.0.7.jar
#11 15.47 Progress (2): 586/632 kB | 4.3 kB
Progress (2): 602/632 kB | 4.3 kB
Progress (2): 618/632 kB | 4.3 kB
                                 
Downloaded from central: https://repo.maven.apache.org/maven2/org/codehaus/plexus/plexus-component-annotations/1.6/plexus-comp
onent-annotations-1.6.jar (4.3 kB at 3.6 kB/s)
#11 15.48 Downloading from central: 
https://repo.maven.apache.org/maven2/org/apache/maven/doxia/doxia-sink-api/1.0/doxia-sink-api-1.0.jar
#11 15.48 Progress (1): 632 kB
                    
Downloaded from central: 
https://repo.maven.apache.org/maven2/org/apache/commons/commons-compress/1.20/commons-compress-1.20.jar (632 kB at 531 kB/s)
#11 15.48 Downloading from central: 
https://repo.maven.apache.org/maven2/org/apache/maven/doxia/doxia-site-renderer/1.0/doxia-site-renderer-1.0.jar
#11 15.49 Progress (1): 7.7/134 kB
Progress (1): 16/134 kB 
Progress (1): 24/134 kB
Progress (1): 40/134 kB
Progress (1): 57/134 kB
Progress (1): 73/134 kB
Progress (2): 73/134 kB | 7.7/8.5 kB
Progress (2): 73/134 kB | 8.5 kB    
Progress (2): 90/134 kB | 8.5 kB
Progress (2): 106/134 kB | 8.5 kB
                                 
Downloaded from central: 
https://repo.maven.apache.org/maven2/org/sonatype/plexus/plexus-build-api/0.0.7/plexus-build-api-0.0.7.jar (8.5 kB at 7.0 
kB/s)
#11 15.51 Downloading from central: 
https://repo.maven.apache.org/maven2/org/apache/maven/doxia/doxia-core/1.0/doxia-core-1.0.jar
#11 15.51 Progress (1): 122/134 kB
Progress (1): 134 kB    
                    
Downloaded from central: 
https://repo.maven.apache.org/maven2/org/eclipse/aether/aether-util/0.9.0.M2/aether-util-0.9.0.M2.jar (134 kB at 110 kB/s)
#11 15.51 Downloading from central: 
https://repo.maven.apache.org/maven2/org/codehaus/plexus/plexus-i18n/1.0-beta-7/plexus-i18n-1.0-beta-7.jar
#11 15.52 Progress (1): 3.4/10 kB
Progress (2): 3.4/10 kB | 7.6/263 kB
Progress (2): 10 kB | 7.6/263 kB    
Progress (2): 10 kB | 24/263 kB 
                               
Downloaded from central: 
https://repo.maven.apache.org/maven2/org/apache/maven/doxia/doxia-sink-api/1.0/doxia-sink-api-1.0.jar (10 kB at 8.2 kB/s)
#11 15.53 Downloading from central: https://repo.maven.apache.org/maven2/org/codehaus/plexus/plexus-container-default/1.0-alph
a-30/plexus-container-default-1.0-alpha-30.jar
#11 15.53 Progress (1): 40/263 kB
Progress (1): 49/263 kB
Progress (1): 66/263 kB
Progress (2): 66/263 kB | 7.7/47 kB
Progress (2): 66/263 kB | 16/47 kB 
Progress (2): 66/263 kB | 32/47 kB
Progress (2): 66/263 kB | 47 kB   
Progress (3): 66/263 kB | 47 kB | 7.6/11 kB
Progress (3): 66/263 kB | 47 kB | 11 kB    
Progress (4): 66/263 kB | 47 kB | 11 kB | 7.7/55 kB
Progress (4): 66/263 kB | 47 kB | 11 kB | 16/55 kB 
                                                  
Downloaded from central: 
https://repo.maven.apache.org/maven2/org/codehaus/plexus/plexus-i18n/1.0-beta-7/plexus-i18n-1.0-beta-7.jar (11 kB at 8.4 kB/s)
#11 15.54 Downloading from central: https://repo.maven.apache.org/maven2/junit/junit/3.8.1/junit-3.8.1.jar
#11 15.54 Downloaded from central: 
https://repo.maven.apache.org/maven2/org/apache/maven/doxia/doxia-site-renderer/1.0/doxia-site-renderer-1.0.jar (47 kB at 37 
kB/s)
#11 15.54 Downloading from central: 
https://repo.maven.apache.org/maven2/org/codehaus/plexus/plexus-velocity/1.1.7/plexus-velocity-1.1.7.jar
#11 15.55 Progress (2): 66/263 kB | 32/55 kB
Progress (2): 82/263 kB | 32/55 kB
Progress (2): 82/263 kB | 49/55 kB
Progress (2): 98/263 kB | 49/55 kB
Progress (2): 106/263 kB | 49/55 kB
Progress (2): 106/263 kB | 55 kB   
Progress (2): 123/263 kB | 55 kB
                                
Downloaded from central: https://repo.maven.apache.org/maven2/org/apache/maven/doxia/doxia-core/1.0/doxia-core-1.0.jar (55 kB 
at 44 kB/s)
#11 15.56 Downloading from central: https://repo.maven.apache.org/maven2/org/apache/velocity/velocity/1.5/velocity-1.5.jar
#11 15.56 Progress (1): 139/263 kB
Progress (1): 156/263 kB
Progress (1): 172/263 kB
Progress (1): 188/263 kB
Progress (1): 205/263 kB
Progress (1): 213/263 kB
Progress (2): 213/263 kB | 7.7/121 kB
Progress (2): 213/263 kB | 16/121 kB 
Progress (2): 213/263 kB | 24/121 kB
Progress (2): 221/263 kB | 24/121 kB
Progress (2): 221/263 kB | 40/121 kB
Progress (3): 221/263 kB | 40/121 kB | 7.7/237 kB
Progress (4): 221/263 kB | 40/121 kB | 7.7/237 kB | 7.7 kB
Progress (4): 221/263 kB | 40/121 kB | 16/237 kB | 7.7 kB 
Progress (4): 238/263 kB | 40/121 kB | 16/237 kB | 7.7 kB
Progress (4): 238/263 kB | 57/121 kB | 16/237 kB | 7.7 kB
Progress (4): 254/263 kB | 57/121 kB | 16/237 kB | 7.7 kB
Progress (4): 254/263 kB | 73/121 kB | 16/237 kB | 7.7 kB
                                                         
Downloaded from central: 
https://repo.maven.apache.org/maven2/org/codehaus/plexus/plexus-velocity/1.1.7/plexus-velocity-1.1.7.jar (7.7 kB at 5.9 kB/s)
#11 15.60 Progress (3): 263 kB | 73/121 kB | 16/237 kB
Progress (3): 263 kB | 73/121 kB | 32/237 kB
Progress (3): 263 kB | 90/121 kB | 32/237 kB
                                            
Downloading from central: https://repo.maven.apache.org/maven2/commons-lang/commons-lang/2.1/commons-lang-2.1.jar
#11 15.60 Progress (4): 263 kB | 90/121 kB | 32/237 kB | 16/392 kB
                                                        
Downloaded from central: https://repo.maven.apache.org/maven2/org/codehaus/plexus/plexus-utils/3.3.0/plexus-utils-3.3.0.jar 
(263 kB at 201 kB/s)
#11 15.60 Downloading from central: https://repo.maven.apache.org/maven2/oro/oro/2.0.8/oro-2.0.8.jar
#11 15.61 Progress (3): 90/121 kB | 32/237 kB | 25/392 kB
Progress (3): 106/121 kB | 32/237 kB | 25/392 kB
Progress (3): 106/121 kB | 32/237 kB | 41/392 kB
Progress (3): 106/121 kB | 49/237 kB | 41/392 kB
Progress (3): 106/121 kB | 49/237 kB | 57/392 kB
Progress (3): 121 kB | 49/237 kB | 57/392 kB    
                                            
Downloaded from central: https://repo.maven.apache.org/maven2/junit/junit/3.8.1/junit-3.8.1.jar (121 kB at 91 kB/s)
#11 15.63 Progress (2): 65/237 kB | 57/392 kB
Progress (2): 65/237 kB | 74/392 kB
Progress (2): 65/237 kB | 78/392 kB
Progress (2): 81/237 kB | 78/392 kB
                                   
Downloading from central: 
https://repo.maven.apache.org/maven2/org/apache/maven/doxia/doxia-decoration-model/1.0/doxia-decoration-model-1.0.jar
#11 15.63 Progress (2): 81/237 kB | 94/392 kB
Progress (2): 81/237 kB | 98/392 kB
Progress (2): 81/237 kB | 115/392 kB
Progress (2): 98/237 kB | 115/392 kB
Progress (2): 114/237 kB | 115/392 kB
Progress (2): 114/237 kB | 131/392 kB
Progress (2): 114/237 kB | 147/392 kB
Progress (2): 131/237 kB | 147/392 kB
Progress (2): 131/237 kB | 164/392 kB
Progress (2): 147/237 kB | 164/392 kB
Progress (2): 147/237 kB | 180/392 kB
Progress (2): 163/237 kB | 180/392 kB
Progress (2): 163/237 kB | 197/392 kB
Progress (3): 163/237 kB | 197/392 kB | 8.2/208 kB
Progress (3): 163/237 kB | 213/392 kB | 8.2/208 kB
Progress (3): 180/237 kB | 213/392 kB | 8.2/208 kB
Progress (3): 196/237 kB | 213/392 kB | 8.2/208 kB
Progress (3): 196/237 kB | 229/392 kB | 8.2/208 kB
Progress (3): 196/237 kB | 238/392 kB | 8.2/208 kB
Progress (3): 196/237 kB | 238/392 kB | 25/208 kB 
Progress (3): 213/237 kB | 238/392 kB | 25/208 kB
Progress (3): 213/237 kB | 238/392 kB | 41/208 kB
Progress (3): 229/237 kB | 238/392 kB | 41/208 kB
Progress (3): 237 kB | 238/392 kB | 41/208 kB    
Progress (4): 237 kB | 238/392 kB | 41/208 kB | 3.4/49 kB
Progress (4): 237 kB | 254/392 kB | 41/208 kB | 3.4/49 kB
Progress (4): 237 kB | 254/392 kB | 57/208 kB | 3.4/49 kB
                                                         
Downloaded from central: https://repo.maven.apache.org/maven2/org/codehaus/plexus/plexus-container-default/1.0-alpha-30/plexus
-container-default-1.0-alpha-30.jar (237 kB at 173 kB/s)
#11 15.67 Downloading from central: 
https://repo.maven.apache.org/maven2/commons-collections/commons-collections/3.2/commons-collections-3.2.jar
#11 15.67 Progress (4): 254/392 kB | 57/208 kB | 3.4/49 kB | 7.7/65 kB
Progress (4): 270/392 kB | 57/208 kB | 3.4/49 kB | 7.7/65 kB
Progress (4): 270/392 kB | 57/208 kB | 3.4/49 kB | 16/65 kB 
Progress (4): 270/392 kB | 57/208 kB | 3.4/49 kB | 32/65 kB
Progress (4): 270/392 kB | 74/208 kB | 3.4/49 kB | 32/65 kB
Progress (4): 270/392 kB | 74/208 kB | 3.4/49 kB | 49/65 kB
Progress (4): 270/392 kB | 74/208 kB | 20/49 kB | 49/65 kB 
Progress (4): 287/392 kB | 74/208 kB | 20/49 kB | 49/65 kB
Progress (4): 287/392 kB | 74/208 kB | 20/49 kB | 65/65 kB
Progress (4): 287/392 kB | 74/208 kB | 20/49 kB | 65 kB   
Progress (4): 303/392 kB | 74/208 kB | 20/49 kB | 65 kB
Progress (4): 319/392 kB | 74/208 kB | 20/49 kB | 65 kB
Progress (4): 319/392 kB | 90/208 kB | 20/49 kB | 65 kB
Progress (4): 336/392 kB | 90/208 kB | 20/49 kB | 65 kB
Progress (4): 336/392 kB | 90/208 kB | 36/49 kB | 65 kB
Progress (4): 352/392 kB | 90/208 kB | 36/49 kB | 65 kB
Progress (4): 352/392 kB | 106/208 kB | 36/49 kB | 65 kB
Progress (4): 352/392 kB | 123/208 kB | 36/49 kB | 65 kB
Progress (4): 352/392 kB | 123/208 kB | 49 kB | 65 kB   
                                                     
Downloaded from central: https://repo.maven.apache.org/maven2/oro/oro/2.0.8/oro-2.0.8.jar (65 kB at 47 kB/s)
#11 15.69 Downloading from central: 
https://repo.maven.apache.org/maven2/org/apache/maven/doxia/doxia-module-apt/1.0/doxia-module-apt-1.0.jar
#11 15.69 Progress (3): 352/392 kB | 139/208 kB | 49 kB
                                             
Downloaded from central: 
https://repo.maven.apache.org/maven2/org/apache/maven/doxia/doxia-decoration-model/1.0/doxia-decoration-model-1.0.jar (49 kB 
at 35 kB/s)
#11 15.69 Downloading from central: 
https://repo.maven.apache.org/maven2/org/apache/maven/doxia/doxia-module-fml/1.0/doxia-module-fml-1.0.jar
#11 15.69 Progress (2): 352/392 kB | 156/208 kB
Progress (2): 369/392 kB | 156/208 kB
Progress (2): 369/392 kB | 172/208 kB
Progress (2): 385/392 kB | 172/208 kB
Progress (2): 385/392 kB | 188/208 kB
Progress (2): 392 kB | 188/208 kB    
Progress (2): 392 kB | 205/208 kB
Progress (2): 392 kB | 208 kB    
                             
Downloaded from central: https://repo.maven.apache.org/maven2/org/apache/velocity/velocity/1.5/velocity-1.5.jar (392 kB at 
279 kB/s)
#11 15.70 Downloading from central: 
https://repo.maven.apache.org/maven2/org/apache/maven/doxia/doxia-module-xdoc/1.0/doxia-module-xdoc-1.0.jar
#11 15.70 Downloaded from central: https://repo.maven.apache.org/maven2/commons-lang/commons-lang/2.1/commons-lang-2.1.jar 
(208 kB at 148 kB/s)
#11 15.70 Downloading from central: 
https://repo.maven.apache.org/maven2/org/apache/maven/doxia/doxia-module-xhtml/1.0/doxia-module-xhtml-1.0.jar
#11 15.71 Progress (1): 7.7/571 kB
Progress (1): 8.2/571 kB
Progress (1): 25/571 kB 
Progress (1): 41/571 kB
Progress (1): 57/571 kB
Progress (2): 57/571 kB | 7.7/47 kB
Progress (2): 57/571 kB | 12/47 kB 
Progress (2): 70/571 kB | 12/47 kB
Progress (2): 78/571 kB | 12/47 kB
Progress (2): 78/571 kB | 29/47 kB
Progress (2): 94/571 kB | 29/47 kB
Progress (2): 98/571 kB | 29/47 kB
Progress (2): 115/571 kB | 29/47 kB
Progress (2): 115/571 kB | 45/47 kB
Progress (2): 115/571 kB | 47 kB   
Progress (3): 115/571 kB | 47 kB | 7.7/28 kB
Progress (3): 115/571 kB | 47 kB | 16/28 kB 
                                           
Downloaded from central: 
https://repo.maven.apache.org/maven2/org/apache/maven/doxia/doxia-module-apt/1.0/doxia-module-apt-1.0.jar (47 kB at 33 kB/s)
#11 15.74 Progress (2): 115/571 kB | 28 kB
                                
Downloading from central: https://repo.maven.apache.org/maven2/org/jdom/jdom/1.1/jdom-1.1.jar
#11 15.74 Progress (2): 131/571 kB | 28 kB
Progress (2): 147/571 kB | 28 kB
Progress (2): 164/571 kB | 28 kB
Progress (2): 180/571 kB | 28 kB
                                
Downloaded from central: 
https://repo.maven.apache.org/maven2/org/apache/maven/doxia/doxia-module-xdoc/1.0/doxia-module-xdoc-1.0.jar (28 kB at 19 kB/s)
#11 15.74 Progress (1): 197/571 kB
Progress (1): 213/571 kB
Progress (1): 225/571 kB
Progress (2): 225/571 kB | 7.7/22 kB
Progress (2): 225/571 kB | 16/22 kB 
Progress (3): 225/571 kB | 16/22 kB | 7.7/19 kB
Progress (3): 225/571 kB | 16/22 kB | 16/19 kB 
Progress (3): 225/571 kB | 16/22 kB | 19 kB   
Progress (3): 229/571 kB | 16/22 kB | 19 kB
Progress (3): 229/571 kB | 22 kB | 19 kB   
                                        
Downloaded from central: 
https://repo.maven.apache.org/maven2/org/apache/maven/doxia/doxia-module-fml/1.0/doxia-module-fml-1.0.jar (19 kB at 13 kB/s)
#11 15.75 Downloaded from central: 
https://repo.maven.apache.org/maven2/org/apache/maven/doxia/doxia-module-xhtml/1.0/doxia-module-xhtml-1.0.jar (22 kB at 15 
kB/s)
#11 15.75 Progress (1): 246/571 kB
Progress (1): 262/571 kB
Progress (1): 279/571 kB
Progress (1): 295/571 kB
Progress (1): 311/571 kB
Progress (1): 328/571 kB
Progress (1): 344/571 kB
Progress (1): 356/571 kB
Progress (1): 373/571 kB
Progress (1): 389/571 kB
Progress (1): 406/571 kB
Progress (1): 422/571 kB
Progress (1): 438/571 kB
Progress (2): 438/571 kB | 7.6/153 kB
Progress (2): 455/571 kB | 7.6/153 kB
Progress (2): 455/571 kB | 24/153 kB 
Progress (2): 471/571 kB | 24/153 kB
Progress (2): 471/571 kB | 40/153 kB
Progress (2): 487/571 kB | 40/153 kB
Progress (2): 504/571 kB | 40/153 kB
Progress (2): 520/571 kB | 40/153 kB
Progress (2): 520/571 kB | 57/153 kB
Progress (2): 520/571 kB | 73/153 kB
Progress (2): 537/571 kB | 73/153 kB
Progress (2): 553/571 kB | 73/153 kB
Progress (2): 553/571 kB | 90/153 kB
Progress (2): 569/571 kB | 90/153 kB
Progress (2): 569/571 kB | 106/153 kB
Progress (2): 571 kB | 106/153 kB    
                                 
Downloaded from central: 
https://repo.maven.apache.org/maven2/commons-collections/commons-collections/3.2/commons-collections-3.2.jar (571 kB at 377 
kB/s)
#11 15.81 Progress (1): 122/153 kB
Progress (1): 139/153 kB
Progress (1): 153 kB    
                    
Downloaded from central: https://repo.maven.apache.org/maven2/org/jdom/jdom/1.1/jdom-1.1.jar (153 kB at 100 kB/s)
#11 16.40 [INFO] ------------------------------------------------------------------------
#11 16.40 [INFO] Reactor Build Order:
#11 16.40 [INFO] 
#11 16.40 [INFO] OpenJPA Parent POM                                                 [pom]
#11 16.40 [INFO] OpenJPA Utilities Library                                          [jar]
#11 16.40 [INFO] OpenJPA Kernel                                                     [jar]
#11 16.40 [INFO] OpenJPA JDBC                                                       [jar]
#11 16.40 [INFO] OpenJPA Persistence                                                [jar]
#11 16.41 [INFO] OpenJPA Persistence JDBC                                           [jar]
#11 16.41 [INFO] OpenJPA Slice                                                      [jar]
#11 16.42 [INFO] 
#11 16.42 [INFO] -----------------< org.apache.openjpa:openjpa-parent >------------------
#11 16.42 [INFO] Building OpenJPA Parent POM 4.1.2-SNAPSHOT                         [1/7]
#11 16.42 [INFO]   from pom.xml
#11 16.42 [INFO] --------------------------------[ pom ]---------------------------------
#11 16.43 Downloading from central: https://repo.maven.apache.org/maven2/org/apache/maven/plugins/maven-remote-resources-plugi
n/3.3.0/maven-remote-resources-plugin-3.3.0.pom
#11 16.46 Progress (1): 756 B
Progress (1): 2.0 kB
Progress (1): 3.7 kB
Progress (1): 8.7 kB
Progress (1): 13 kB 
Progress (1): 15 kB
                   
Downloaded from central: https://repo.maven.apache.org/maven2/org/apache/maven/plugins/maven-remote-resources-plugin/3.3.0/mav
en-remote-resources-plugin-3.3.0.pom (15 kB at 406 kB/s)
#11 16.47 Downloading from central: 
https://repo.maven.apache.org/maven2/org/apache/maven/plugins/maven-plugins/43/maven-plugins-43.pom
#11 16.50 Progress (1): 773 B
Progress (1): 2.3 kB
Progress (1): 5.1 kB
Progress (1): 7.5 kB
                    
Downloaded from central: https://repo.maven.apache.org/maven2/org/apache/maven/plugins/maven-plugins/43/maven-plugins-43.pom 
(7.5 kB at 207 kB/s)
#11 16.51 Downloading from central: https://repo.maven.apache.org/maven2/org/apache/maven/maven-parent/43/maven-parent-43.pom
#11 16.54 Progress (1): 757 B
Progress (1): 2.0 kB
Progress (1): 5.8 kB
Progress (1): 10 kB 
Progress (1): 12 kB
Progress (1): 15 kB
Progress (1): 20 kB
Progress (1): 24 kB
Progress (1): 27 kB
Progress (1): 29 kB
Progress (1): 32 kB
Progress (1): 35 kB
Progress (1): 38 kB
Progress (1): 41 kB
Progress (1): 44 kB
Progress (1): 48 kB
Progress (1): 50 kB
                   
Downloaded from central: https://repo.maven.apache.org/maven2/org/apache/maven/maven-parent/43/maven-parent-43.pom (50 kB at 
1.5 MB/s)
#11 16.55 Downloading from central: https://repo.maven.apache.org/maven2/org/apache/apache/33/apache-33.pom
#11 16.58 Progress (1): 740 B
Progress (1): 2.0 kB
Progress (1): 4.0 kB
Progress (1): 6.0 kB
Progress (1): 10 kB 
Progress (1): 16 kB
Progress (1): 19 kB
Progress (1): 22 kB
Progress (1): 24 kB
                   
Downloaded from central: https://repo.maven.apache.org/maven2/org/apache/apache/33/apache-33.pom (24 kB at 806 kB/s)
#11 16.59 Downloading from central: https://repo.maven.apache.org/maven2/org/junit/junit-bom/5.10.3/junit-bom-5.10.3.pom
#11 16.62 Progress (1): 908 B
Progress (1): 4.1 kB
Progress (1): 5.6 kB
                    
Downloaded from central: https://repo.maven.apache.org/maven2/org/junit/junit-bom/5.10.3/junit-bom-5.10.3.pom (5.6 kB at 171 
kB/s)
#11 16.63 Downloading from central: https://repo.maven.apache.org/maven2/org/apache/maven/plugins/maven-remote-resources-plugi
n/3.3.0/maven-remote-resources-plugin-3.3.0.jar
#11 16.67 Progress (1): 7.7/83 kB
Progress (1): 16/83 kB 
Progress (1): 32/83 kB
Progress (1): 49/83 kB
Progress (1): 65/83 kB
Progress (1): 81/83 kB
Progress (1): 83 kB   
                   
Downloaded from central: https://repo.maven.apache.org/maven2/org/apache/maven/plugins/maven-remote-resources-plugin/3.3.0/mav
en-remote-resources-plugin-3.3.0.jar (83 kB at 1.9 MB/s)
#11 16.69 Downloading from central: 
https://repo.maven.apache.org/maven2/org/apache/maven/plugins/maven-enforcer-plugin/3.5.0/maven-enforcer-plugin-3.5.0.pom
#11 16.72 Progress (1): 815 B
Progress (1): 3.5 kB
Progress (1): 5.4 kB
Progress (1): 8.1 kB
                    
Downloaded from central: 
https://repo.maven.apache.org/maven2/org/apache/maven/plugins/maven-enforcer-plugin/3.5.0/maven-enforcer-plugin-3.5.0.pom 
(8.1 kB at 214 kB/s)
#11 16.73 Downloading from central: 
https://repo.maven.apache.org/maven2/org/apache/maven/enforcer/enforcer/3.5.0/enforcer-3.5.0.pom
#11 16.76 Progress (1): 800 B
Progress (1): 2.3 kB
Progress (1): 4.4 kB
Progress (1): 9.0 kB
Progress (1): 9.3 kB
                    
Downloaded from central: https://repo.maven.apache.org/maven2/org/apache/maven/enforcer/enforcer/3.5.0/enforcer-3.5.0.pom 
(9.3 kB at 289 kB/s)
#11 16.77 Downloading from central: https://repo.maven.apache.org/maven2/org/apache/maven/maven-parent/42/maven-parent-42.pom
#11 16.81 Progress (1): 720 B
Progress (1): 1.9 kB
Progress (1): 5.5 kB
Progress (1): 9.7 kB
Progress (1): 14 kB 
Progress (1): 19 kB
Progress (1): 23 kB
Progress (1): 26 kB
Progress (1): 28 kB
Progress (1): 30 kB
Progress (1): 34 kB
Progress (1): 37 kB
Progress (1): 40 kB
Progress (1): 43 kB
Progress (1): 47 kB
Progress (1): 47 kB
Progress (1): 50 kB
                   
Downloaded from central: https://repo.maven.apache.org/maven2/org/apache/maven/maven-parent/42/maven-parent-42.pom (50 kB at 
1.2 MB/s)
#11 16.82 Downloading from central: https://repo.maven.apache.org/maven2/org/apache/apache/32/apache-32.pom
#11 16.86 Progress (1): 733 B
Progress (1): 2.0 kB
Progress (1): 4.0 kB
Progress (1): 5.9 kB
Progress (1): 10 kB 
Progress (1): 16 kB
Progress (1): 19 kB
Progress (1): 22 kB
Progress (1): 24 kB
                   
Downloaded from central: https://repo.maven.apache.org/maven2/org/apache/apache/32/apache-32.pom (24 kB at 550 kB/s)
#11 16.87 Downloading from central: https://repo.maven.apache.org/maven2/org/junit/junit-bom/5.10.2/junit-bom-5.10.2.pom
#11 16.90 Progress (1): 908 B
Progress (1): 4.1 kB
Progress (1): 5.6 kB
                    
Downloaded from central: https://repo.maven.apache.org/maven2/org/junit/junit-bom/5.10.2/junit-bom-5.10.2.pom (5.6 kB at 195 
kB/s)
#11 16.90 Downloading from central: 
https://repo.maven.apache.org/maven2/org/apache/maven/plugins/maven-enforcer-plugin/3.5.0/maven-enforcer-plugin-3.5.0.jar
#11 16.94 Progress (1): 7.7/39 kB
Progress (1): 16/39 kB 
Progress (1): 32/39 kB
Progress (1): 39 kB   
                   
Downloaded from central: 
https://repo.maven.apache.org/maven2/org/apache/maven/plugins/maven-enforcer-plugin/3.5.0/maven-enforcer-plugin-3.5.0.jar (39 
kB at 1.0 MB/s)
#11 16.95 Downloading from central: 
https://repo.maven.apache.org/maven2/org/codehaus/mojo/buildnumber-maven-plugin/3.2.1/buildnumber-maven-plugin-3.2.1.pom
#11 16.98 Progress (1): 946 B
Progress (1): 2.9 kB
Progress (1): 7.1 kB
Progress (1): 10.0 kB
Progress (1): 12 kB  
                   
Downloaded from central: 
https://repo.maven.apache.org/maven2/org/codehaus/mojo/buildnumber-maven-plugin/3.2.1/buildnumber-maven-plugin-3.2.1.pom (12 
kB at 352 kB/s)
#11 16.99 Downloading from central: https://repo.maven.apache.org/maven2/org/codehaus/mojo/mojo-parent/85/mojo-parent-85.pom
#11 17.02 Progress (1): 715 B
Progress (1): 2.5 kB
Progress (1): 5.8 kB
Progress (1): 7.6 kB
Progress (1): 11 kB 
Progress (1): 13 kB
Progress (1): 18 kB
Progress (1): 23 kB
Progress (1): 27 kB
Progress (1): 29 kB
Progress (1): 32 kB
Progress (1): 37 kB
                   
Downloaded from central: https://repo.maven.apache.org/maven2/org/codehaus/mojo/mojo-parent/85/mojo-parent-85.pom (37 kB at 
897 kB/s)
#11 17.03 Downloading from central: 
https://repo.maven.apache.org/maven2/org/codehaus/mojo/buildnumber-maven-plugin/3.2.1/buildnumber-maven-plugin-3.2.1.jar
#11 17.06 Progress (1): 7.7/46 kB
Progress (1): 16/46 kB 
Progress (1): 32/46 kB
Progress (1): 46 kB   
                   
Downloaded from central: 
https://repo.maven.apache.org/maven2/org/codehaus/mojo/buildnumber-maven-plugin/3.2.1/buildnumber-maven-plugin-3.2.1.jar (46 
kB at 1.4 MB/s)
#11 17.08 Downloading from central: 
https://repo.maven.apache.org/maven2/org/apache/maven/plugins/maven-checkstyle-plugin/3.6.0/maven-checkstyle-plugin-3.6.0.pom
#11 17.11 Progress (1): 745 B
Progress (1): 2.2 kB
Progress (1): 4.8 kB
Progress (1): 9.5 kB
Progress (1): 12 kB 
Progress (1): 15 kB
                   
Downloaded from central: 
https://repo.maven.apache.org/maven2/org/apache/maven/plugins/maven-checkstyle-plugin/3.6.0/maven-checkstyle-plugin-3.6.0.pom 
(15 kB at 406 kB/s)
#11 17.12 Downloading from central: 
https://repo.maven.apache.org/maven2/org/apache/maven/plugins/maven-checkstyle-plugin/3.6.0/maven-checkstyle-plugin-3.6.0.jar
#11 17.15 Progress (1): 7.7/100 kB
Progress (1): 8.2/100 kB
Progress (1): 25/100 kB 
Progress (1): 41/100 kB
Progress (1): 57/100 kB
Progress (1): 74/100 kB
Progress (1): 90/100 kB
Progress (1): 100 kB   
                    
Downloaded from central: 
https://repo.maven.apache.org/maven2/org/apache/maven/plugins/maven-checkstyle-plugin/3.6.0/maven-checkstyle-plugin-3.6.0.jar 
(100 kB at 2.4 MB/s)
#11 17.18 Downloading from central: 
https://repo.maven.apache.org/maven2/org/apache/maven/plugins/maven-compiler-plugin/3.14.0/maven-compiler-plugin-3.14.0.pom
#11 17.21 Progress (1): 763 B
Progress (1): 2.3 kB
Progress (1): 5.2 kB
Progress (1): 8.2 kB
Progress (1): 9.5 kB
                    
Downloaded from central: 
https://repo.maven.apache.org/maven2/org/apache/maven/plugins/maven-compiler-plugin/3.14.0/maven-compiler-plugin-3.14.0.pom 
(9.5 kB at 273 kB/s)
#11 17.22 Downloading from central: 
https://repo.maven.apache.org/maven2/org/apache/maven/plugins/maven-compiler-plugin/3.14.0/maven-compiler-plugin-3.14.0.jar
#11 17.25 Progress (1): 7.7/83 kB
Progress (1): 16/83 kB 
Progress (1): 32/83 kB
Progress (1): 49/83 kB
Progress (1): 65/83 kB
Progress (1): 81/83 kB
Progress (1): 83 kB   
                   
Downloaded from central: 
https://repo.maven.apache.org/maven2/org/apache/maven/plugins/maven-compiler-plugin/3.14.0/maven-compiler-plugin-3.14.0.jar 
(83 kB at 2.2 MB/s)
#11 17.27 Downloading from central: https://repo.maven.apache.org/maven2/junit/junit/4.13.2/junit-4.13.2.pom
#11 17.31 Progress (1): 1.0 kB
Progress (1): 3.3 kB
Progress (1): 5.1 kB
Progress (1): 7.2 kB
Progress (1): 9.8 kB
Progress (1): 13 kB 
Progress (1): 16 kB
Progress (1): 21 kB
Progress (1): 25 kB
Progress (1): 27 kB
                   
Downloaded from central: https://repo.maven.apache.org/maven2/junit/junit/4.13.2/junit-4.13.2.pom (27 kB at 772 kB/s)
#11 17.31 Downloading from central: https://repo.maven.apache.org/maven2/org/hamcrest/hamcrest-core/1.3/hamcrest-core-1.3.pom
#11 17.35 Progress (1): 766 B
                   
Downloaded from central: https://repo.maven.apache.org/maven2/org/hamcrest/hamcrest-core/1.3/hamcrest-core-1.3.pom (766 B at 
21 kB/s)
#11 17.36 Downloading from central: 
https://repo.maven.apache.org/maven2/org/hamcrest/hamcrest-parent/1.3/hamcrest-parent-1.3.pom
#11 17.41 Progress (1): 1.1 kB
Progress (1): 2.0 kB
                    
Downloaded from central: https://repo.maven.apache.org/maven2/org/hamcrest/hamcrest-parent/1.3/hamcrest-parent-1.3.pom (2.0 
kB at 35 kB/s)
#11 17.45 Downloading from central: 
https://repo.maven.apache.org/maven2/org/apache/commons/commons-dbcp2/2.13.0/commons-dbcp2-2.13.0.pom
#11 17.51 Progress (1): 765 B
Progress (1): 2.1 kB
Progress (1): 5.3 kB
Progress (1): 7.3 kB
Progress (1): 9.2 kB
Progress (1): 12 kB 
Progress (1): 15 kB
Progress (1): 17 kB
Progress (1): 18 kB
                   
Downloaded from central: 
https://repo.maven.apache.org/maven2/org/apache/commons/commons-dbcp2/2.13.0/commons-dbcp2-2.13.0.pom (18 kB at 225 kB/s)
#11 17.55 Downloading from central: 
https://repo.maven.apache.org/maven2/org/apache/commons/commons-parent/78/commons-parent-78.pom
#11 17.60 Progress (1): 698 B
Progress (1): 1.9 kB
Progress (1): 3.2 kB
Progress (1): 4.6 kB
Progress (1): 6.7 kB
Progress (1): 8.4 kB
Progress (1): 9.9 kB
Progress (1): 12 kB 
Progress (1): 14 kB
Progress (1): 16 kB
Progress (1): 18 kB
Progress (1): 21 kB
Progress (1): 24 kB
Progress (1): 27 kB
Progress (1): 30 kB
Progress (1): 30 kB
Progress (1): 34 kB
Progress (1): 39 kB
Progress (1): 42 kB
Progress (1): 45 kB
Progress (1): 47 kB
Progress (1): 50 kB
Progress (1): 53 kB
Progress (1): 57 kB
Progress (1): 59 kB
Progress (1): 62 kB
Progress (1): 65 kB
Progress (1): 69 kB
Progress (1): 72 kB
Progress (1): 74 kB
Progress (1): 77 kB
Progress (1): 78 kB
                   
Downloaded from central: https://repo.maven.apache.org/maven2/org/apache/commons/commons-parent/78/commons-parent-78.pom (78 
kB at 1.3 MB/s)
#11 17.64 Downloading from central: https://repo.maven.apache.org/maven2/org/junit/junit-bom/5.11.2/junit-bom-5.11.2.pom
#11 17.69 Progress (1): 908 B
Progress (1): 4.1 kB
Progress (1): 5.6 kB
                    
Downloaded from central: https://repo.maven.apache.org/maven2/org/junit/junit-bom/5.11.2/junit-bom-5.11.2.pom (5.6 kB at 99 
kB/s)
#11 17.73 Downloading from central: 
https://repo.maven.apache.org/maven2/org/apache/commons/commons-pool2/2.12.1/commons-pool2-2.12.1.pom
#11 17.76 Progress (1): 828 B
Progress (1): 2.5 kB
Progress (1): 3.3 kB
Progress (1): 4.8 kB
Progress (1): 7.2 kB
Progress (1): 9.9 kB
Progress (1): 14 kB 
Progress (1): 16 kB
                   
Downloaded from central: 
https://repo.maven.apache.org/maven2/org/apache/commons/commons-pool2/2.12.1/commons-pool2-2.12.1.pom (16 kB at 404 kB/s)
#11 17.78 Downloading from central: 
https://repo.maven.apache.org/maven2/org/apache/commons/commons-parent/79/commons-parent-79.pom
#11 17.82 Progress (1): 701 B
Progress (1): 1.9 kB
Progress (1): 3.2 kB
Progress (1): 4.7 kB
Progress (1): 6.9 kB
Progress (1): 9.4 kB
Progress (1): 11 kB 
Progress (1): 13 kB
Progress (1): 15 kB
Progress (1): 18 kB
Progress (1): 21 kB
Progress (1): 23 kB
Progress (1): 25 kB
Progress (1): 28 kB
Progress (1): 32 kB
Progress (1): 32 kB
Progress (1): 37 kB
Progress (1): 41 kB
Progress (1): 44 kB
Progress (1): 46 kB
Progress (1): 49 kB
Progress (1): 52 kB
Progress (1): 55 kB
Progress (1): 58 kB
Progress (1): 61 kB
Progress (1): 64 kB
Progress (1): 68 kB
Progress (1): 71 kB
Progress (1): 73 kB
Progress (1): 76 kB
Progress (1): 77 kB
                   
Downloaded from central: https://repo.maven.apache.org/maven2/org/apache/commons/commons-parent/79/commons-parent-79.pom (77 
kB at 1.8 MB/s)
#11 17.86 Downloading from central: https://repo.maven.apache.org/maven2/org/junit/junit-bom/5.11.4/junit-bom-5.11.4.pom
#11 17.89 Progress (1): 908 B
Progress (1): 4.1 kB
Progress (1): 5.6 kB
                    
Downloaded from central: https://repo.maven.apache.org/maven2/org/junit/junit-bom/5.11.4/junit-bom-5.11.4.pom (5.6 kB at 97 
kB/s)
#11 17.91 Downloading from central: 
https://repo.maven.apache.org/maven2/commons-logging/commons-logging/1.2/commons-logging-1.2.pom
#11 17.96 Progress (1): 770 B
Progress (1): 2.0 kB
Progress (1): 5.3 kB
Progress (1): 7.3 kB
Progress (1): 11 kB 
Progress (1): 14 kB
Progress (1): 17 kB
Progress (1): 19 kB
Progress (1): 19 kB
                   
Downloaded from central: https://repo.maven.apache.org/maven2/commons-logging/commons-logging/1.2/commons-logging-1.2.pom (19 
kB at 369 kB/s)
#11 17.97 Downloading from central: 
https://repo.maven.apache.org/maven2/org/apache/commons/commons-parent/34/commons-parent-34.pom
#11 18.02 Progress (1): 715 B
Progress (1): 1.9 kB
Progress (1): 3.2 kB
Progress (1): 4.7 kB
Progress (1): 8.3 kB
Progress (1): 12 kB 
Progress (1): 16 kB
Progress (1): 19 kB
Progress (1): 21 kB
Progress (1): 24 kB
Progress (1): 27 kB
Progress (1): 30 kB
Progress (1): 33 kB
Progress (1): 37 kB
Progress (1): 43 kB
Progress (1): 43 kB
Progress (1): 45 kB
Progress (1): 48 kB
Progress (1): 51 kB
Progress (1): 53 kB
Progress (1): 55 kB
Progress (1): 56 kB
                   
Downloaded from central: https://repo.maven.apache.org/maven2/org/apache/commons/commons-parent/34/commons-parent-34.pom (56 
kB at 1.2 MB/s)
#11 18.03 Downloading from central: 
https://repo.maven.apache.org/maven2/jakarta/transaction/jakarta.transaction-api/2.0.1/jakarta.transaction-api-2.0.1.pom
#11 18.07 Progress (1): 823 B
Progress (1): 2.6 kB
Progress (1): 4.6 kB
Progress (1): 7.7 kB
Progress (1): 11 kB 
Progress (1): 14 kB
                   
Downloaded from central: 
https://repo.maven.apache.org/maven2/jakarta/transaction/jakarta.transaction-api/2.0.1/jakarta.transaction-api-2.0.1.pom (14 
kB at 341 kB/s)
#11 18.08 Downloading from central: https://repo.maven.apache.org/maven2/org/eclipse/ee4j/project/1.0.6/project-1.0.6.pom
#11 18.11 Progress (1): 839 B
Progress (1): 2.5 kB
Progress (1): 5.0 kB
Progress (1): 7.6 kB
Progress (1): 12 kB 
Progress (1): 13 kB
                   
Downloaded from central: https://repo.maven.apache.org/maven2/org/eclipse/ee4j/project/1.0.6/project-1.0.6.pom (13 kB at 381 
kB/s)
#11 18.12 Downloading from central: https://repo.maven.apache.org/maven2/org/apache/derby/derby/10.15.2.0/derby-10.15.2.0.pom
#11 18.16 Progress (1): 833 B
Progress (1): 2.5 kB
Progress (1): 2.5 kB
                    
Downloaded from central: https://repo.maven.apache.org/maven2/org/apache/derby/derby/10.15.2.0/derby-10.15.2.0.pom (2.5 kB at 
69 kB/s)
#11 18.16 Downloading from central: 
https://repo.maven.apache.org/maven2/org/apache/derby/derby-project/10.15.2.0/derby-project-10.15.2.0.pom
#11 18.19 Progress (1): 795 B
Progress (1): 2.3 kB
Progress (1): 4.7 kB
Progress (1): 5.9 kB
Progress (1): 6.0 kB
                    
Downloaded from central: 
https://repo.maven.apache.org/maven2/org/apache/derby/derby-project/10.15.2.0/derby-project-10.15.2.0.pom (6.0 kB at 181 kB/s)
#11 18.20 Downloading from central: https://repo.maven.apache.org/maven2/org/apache/apache/10/apache-10.pom
#11 18.23 Progress (1): 753 B
Progress (1): 2.1 kB
Progress (1): 4.1 kB
Progress (1): 8.8 kB
Progress (1): 11 kB 
Progress (1): 15 kB
                   
Downloaded from central: https://repo.maven.apache.org/maven2/org/apache/apache/10/apache-10.pom (15 kB at 462 kB/s)
#11 18.24 Downloading from central: 
https://repo.maven.apache.org/maven2/org/apache/derby/derbyshared/10.15.2.0/derbyshared-10.15.2.0.pom
#11 18.27 Progress (1): 836 B
Progress (1): 2.2 kB
                    
Downloaded from central: 
https://repo.maven.apache.org/maven2/org/apache/derby/derbyshared/10.15.2.0/derbyshared-10.15.2.0.pom (2.2 kB at 63 kB/s)
#11 18.28 Downloading from central: 
https://repo.maven.apache.org/maven2/org/apache/derby/derbytools/10.15.2.0/derbytools-10.15.2.0.pom
#11 18.31 Progress (1): 835 B
Progress (1): 2.4 kB
                    
Downloaded from central: https://repo.maven.apache.org/maven2/org/apache/derby/derbytools/10.15.2.0/derbytools-10.15.2.0.pom 
(2.4 kB at 76 kB/s)
#11 18.32 Downloading from central: https://repo.maven.apache.org/maven2/junit/junit/4.13.2/junit-4.13.2.jar
#11 18.34 Progress (1): 7.7/385 kB
Progress (1): 16/385 kB 
Progress (1): 32/385 kB
Progress (1): 49/385 kB
Progress (1): 65/385 kB
Progress (1): 81/385 kB
Progress (1): 98/385 kB
Progress (1): 114/385 kB
Progress (1): 131/385 kB
Progress (1): 147/385 kB
Progress (1): 163/385 kB
Progress (1): 180/385 kB
Progress (1): 196/385 kB
Progress (1): 213/385 kB
Progress (1): 229/385 kB
Progress (1): 245/385 kB
Progress (1): 262/385 kB
Progress (1): 278/385 kB
Progress (1): 294/385 kB
Progress (1): 311/385 kB
Progress (1): 327/385 kB
Progress (1): 344/385 kB
Progress (1): 360/385 kB
Progress (1): 376/385 kB
Progress (1): 385 kB    
                    
Downloaded from central: https://repo.maven.apache.org/maven2/junit/junit/4.13.2/junit-4.13.2.jar (385 kB at 6.2 MB/s)
#11 18.38 Downloading from central: https://repo.maven.apache.org/maven2/org/hamcrest/hamcrest-core/1.3/hamcrest-core-1.3.jar
#11 18.38 Downloading from central: 
https://repo.maven.apache.org/maven2/org/apache/commons/commons-dbcp2/2.13.0/commons-dbcp2-2.13.0.jar
#11 18.38 Downloading from central: 
https://repo.maven.apache.org/maven2/org/apache/commons/commons-pool2/2.12.1/commons-pool2-2.12.1.jar
#11 18.39 Downloading from central: 
https://repo.maven.apache.org/maven2/commons-logging/commons-logging/1.2/commons-logging-1.2.jar
#11 18.39 Downloading from central: 
https://repo.maven.apache.org/maven2/jakarta/transaction/jakarta.transaction-api/2.0.1/jakarta.transaction-api-2.0.1.jar
#11 18.41 Progress (1): 16/45 kB
Progress (1): 25/45 kB
Progress (1): 41/45 kB
Progress (1): 45 kB   
                   
Downloaded from central: https://repo.maven.apache.org/maven2/org/hamcrest/hamcrest-core/1.3/hamcrest-core-1.3.jar (45 kB at 
1.3 MB/s)
#11 18.41 Downloading from central: https://repo.maven.apache.org/maven2/org/apache/derby/derby/10.15.2.0/derby-10.15.2.0.jar
#11 18.42 Progress (1): 7.7/29 kB
Progress (1): 16/29 kB 
Progress (1): 29 kB   
                   
Downloaded from central: 
https://repo.maven.apache.org/maven2/jakarta/transaction/jakarta.transaction-api/2.0.1/jakarta.transaction-api-2.0.1.jar (29 
kB at 867 kB/s)
#11 18.42 Downloading from central: 
https://repo.maven.apache.org/maven2/org/apache/derby/derbyshared/10.15.2.0/derbyshared-10.15.2.0.jar
#11 18.43 Progress (1): 7.7/152 kB
Progress (1): 16/152 kB 
Progress (1): 25/152 kB
Progress (1): 41/152 kB
Progress (1): 57/152 kB
Progress (1): 74/152 kB
Progress (1): 90/152 kB
Progress (2): 90/152 kB | 7.7/222 kB
Progress (2): 90/152 kB | 16/222 kB 
Progress (2): 106/152 kB | 16/222 kB
Progress (2): 123/152 kB | 16/222 kB
Progress (2): 123/152 kB | 32/222 kB
Progress (2): 139/152 kB | 32/222 kB
Progress (3): 139/152 kB | 32/222 kB | 7.7/62 kB
Progress (3): 139/152 kB | 32/222 kB | 16/62 kB 
Progress (3): 152 kB | 32/222 kB | 16/62 kB    
Progress (3): 152 kB | 32/222 kB | 32/62 kB
Progress (3): 152 kB | 49/222 kB | 32/62 kB
Progress (3): 152 kB | 65/222 kB | 32/62 kB
Progress (3): 152 kB | 65/222 kB | 49/62 kB
Progress (3): 152 kB | 65/222 kB | 62 kB   
                                        
Downloaded from central: 
https://repo.maven.apache.org/maven2/org/apache/commons/commons-pool2/2.12.1/commons-pool2-2.12.1.jar (152 kB at 2.3 MB/s)
#11 18.45 Downloading from central: 
https://repo.maven.apache.org/maven2/org/apache/derby/derbytools/10.15.2.0/derbytools-10.15.2.0.jar
#11 18.45 Progress (3): 65/222 kB | 62 kB | 0/3.7 MB
Progress (3): 65/222 kB | 62 kB | 0/3.7 MB
                                          
Downloaded from central: https://repo.maven.apache.org/maven2/commons-logging/commons-logging/1.2/commons-logging-1.2.jar (62 
kB at 871 kB/s)
#11 18.45 Progress (2): 81/222 kB | 0/3.7 MB
Progress (2): 81/222 kB | 0/3.7 MB
Progress (2): 98/222 kB | 0/3.7 MB
Progress (2): 98/222 kB | 0.1/3.7 MB
Progress (2): 98/222 kB | 0.1/3.7 MB
Progress (2): 98/222 kB | 0.1/3.7 MB
Progress (2): 114/222 kB | 0.1/3.7 MB
Progress (2): 131/222 kB | 0.1/3.7 MB
Progress (3): 131/222 kB | 0.1/3.7 MB | 7.7/94 kB
Progress (3): 131/222 kB | 0.1/3.7 MB | 16/94 kB 
Progress (3): 147/222 kB | 0.1/3.7 MB | 16/94 kB
Progress (3): 147/222 kB | 0.1/3.7 MB | 16/94 kB
Progress (3): 147/222 kB | 0.1/3.7 MB | 32/94 kB
Progress (3): 147/222 kB | 0.1/3.7 MB | 32/94 kB
Progress (3): 163/222 kB | 0.1/3.7 MB | 32/94 kB
Progress (3): 163/222 kB | 0.1/3.7 MB | 49/94 kB
Progress (3): 163/222 kB | 0.1/3.7 MB | 49/94 kB
Progress (3): 163/222 kB | 0.1/3.7 MB | 65/94 kB
Progress (3): 180/222 kB | 0.1/3.7 MB | 65/94 kB
Progress (3): 180/222 kB | 0.1/3.7 MB | 65/94 kB
Progress (3): 196/222 kB | 0.1/3.7 MB | 65/94 kB
Progress (3): 196/222 kB | 0.1/3.7 MB | 65/94 kB
Progress (3): 196/222 kB | 0.1/3.7 MB | 81/94 kB
Progress (3): 213/222 kB | 0.1/3.7 MB | 81/94 kB
Progress (3): 213/222 kB | 0.2/3.7 MB | 81/94 kB
Progress (3): 222 kB | 0.2/3.7 MB | 81/94 kB    
Progress (3): 222 kB | 0.2/3.7 MB | 94 kB   
                                         
Downloaded from central: 
https://repo.maven.apache.org/maven2/org/apache/commons/commons-dbcp2/2.13.0/commons-dbcp2-2.13.0.jar (222 kB at 2.0 MB/s)
#11 18.49 Progress (2): 0.2/3.7 MB | 94 kB
                                
Downloaded from central: 
https://repo.maven.apache.org/maven2/org/apache/derby/derbyshared/10.15.2.0/derbyshared-10.15.2.0.jar (94 kB at 876 kB/s)
#11 18.50 Progress (1): 0.2/3.7 MB
Progress (2): 0.2/3.7 MB | 7.7/264 kB
Progress (2): 0.2/3.7 MB | 16/264 kB 
Progress (2): 0.2/3.7 MB | 32/264 kB
Progress (2): 0.2/3.7 MB | 49/264 kB
Progress (2): 0.2/3.7 MB | 49/264 kB
Progress (2): 0.2/3.7 MB | 49/264 kB
Progress (2): 0.2/3.7 MB | 65/264 kB
Progress (2): 0.2/3.7 MB | 65/264 kB
Progress (2): 0.2/3.7 MB | 81/264 kB
Progress (2): 0.2/3.7 MB | 98/264 kB
Progress (2): 0.3/3.7 MB | 98/264 kB
Progress (2): 0.3/3.7 MB | 114/264 kB
Progress (2): 0.3/3.7 MB | 114/264 kB
Progress (2): 0.3/3.7 MB | 131/264 kB
Progress (2): 0.3/3.7 MB | 131/264 kB
Progress (2): 0.3/3.7 MB | 147/264 kB
Progress (2): 0.3/3.7 MB | 147/264 kB
Progress (2): 0.3/3.7 MB | 163/264 kB
Progress (2): 0.3/3.7 MB | 163/264 kB
Progress (2): 0.3/3.7 MB | 180/264 kB
Progress (2): 0.3/3.7 MB | 196/264 kB
Progress (2): 0.3/3.7 MB | 196/264 kB
Progress (2): 0.3/3.7 MB | 213/264 kB
Progress (2): 0.3/3.7 MB | 229/264 kB
Progress (2): 0.4/3.7 MB | 229/264 kB
Progress (2): 0.4/3.7 MB | 245/264 kB
Progress (2): 0.4/3.7 MB | 262/264 kB
Progress (2): 0.4/3.7 MB | 262/264 kB
Progress (2): 0.4/3.7 MB | 264 kB    
Progress (2): 0.4/3.7 MB | 264 kB
                                 
Downloaded from central: https://repo.maven.apache.org/maven2/org/apache/derby/derbytools/10.15.2.0/derbytools-10.15.2.0.jar 
(264 kB at 1.8 MB/s)
#11 18.53 Progress (1): 0.4/3.7 MB
Progress (1): 0.4/3.7 MB
Progress (1): 0.4/3.7 MB
Progress (1): 0.5/3.7 MB
Progress (1): 0.5/3.7 MB
Progress (1): 0.5/3.7 MB
Progress (1): 0.5/3.7 MB
Progress (1): 0.5/3.7 MB
Progress (1): 0.5/3.7 MB
Progress (1): 0.6/3.7 MB
Progress (1): 0.6/3.7 MB
Progress (1): 0.6/3.7 MB
Progress (1): 0.6/3.7 MB
Progress (1): 0.6/3.7 MB
Progress (1): 0.6/3.7 MB
Progress (1): 0.7/3.7 MB
Progress (1): 0.7/3.7 MB
Progress (1): 0.7/3.7 MB
Progress (1): 0.7/3.7 MB
Progress (1): 0.7/3.7 MB
Progress (1): 0.7/3.7 MB
Progress (1): 0.8/3.7 MB
Progress (1): 0.8/3.7 MB
Progress (1): 0.8/3.7 MB
Progress (1): 0.8/3.7 MB
Progress (1): 0.8/3.7 MB
Progress (1): 0.8/3.7 MB
Progress (1): 0.9/3.7 MB
Progress (1): 0.9/3.7 MB
Progress (1): 0.9/3.7 MB
Progress (1): 0.9/3.7 MB
Progress (1): 0.9/3.7 MB
Progress (1): 0.9/3.7 MB
Progress (1): 1.0/3.7 MB
Progress (1): 1.0/3.7 MB
Progress (1): 1.0/3.7 MB
Progress (1): 1.0/3.7 MB
Progress (1): 1.0/3.7 MB
Progress (1): 1.0/3.7 MB
Progress (1): 1.0/3.7 MB
Progress (1): 1.1/3.7 MB
Progress (1): 1.1/3.7 MB
Progress (1): 1.1/3.7 MB
Progress (1): 1.1/3.7 MB
Progress (1): 1.1/3.7 MB
Progress (1): 1.1/3.7 MB
Progress (1): 1.2/3.7 MB
Progress (1): 1.2/3.7 MB
Progress (1): 1.2/3.7 MB
Progress (1): 1.2/3.7 MB
Progress (1): 1.2/3.7 MB
Progress (1): 1.2/3.7 MB
Progress (1): 1.3/3.7 MB
Progress (1): 1.3/3.7 MB
Progress (1): 1.3/3.7 MB
Progress (1): 1.3/3.7 MB
Progress (1): 1.3/3.7 MB
Progress (1): 1.3/3.7 MB
Progress (1): 1.4/3.7 MB
Progress (1): 1.4/3.7 MB
Progress (1): 1.4/3.7 MB
Progress (1): 1.4/3.7 MB
Progress (1): 1.4/3.7 MB
Progress (1): 1.4/3.7 MB
Progress (1): 1.5/3.7 MB
Progress (1): 1.5/3.7 MB
Progress (1): 1.5/3.7 MB
Progress (1): 1.5/3.7 MB
Progress (1): 1.5/3.7 MB
Progress (1): 1.5/3.7 MB
Progress (1): 1.6/3.7 MB
Progress (1): 1.6/3.7 MB
Progress (1): 1.6/3.7 MB
Progress (1): 1.6/3.7 MB
Progress (1): 1.6/3.7 MB
Progress (1): 1.6/3.7 MB
Progress (1): 1.7/3.7 MB
Progress (1): 1.7/3.7 MB
Progress (1): 1.7/3.7 MB
Progress (1): 1.7/3.7 MB
Progress (1): 1.7/3.7 MB
Progress (1): 1.7/3.7 MB
Progress (1): 1.8/3.7 MB
Progress (1): 1.8/3.7 MB
Progress (1): 1.8/3.7 MB
Progress (1): 1.8/3.7 MB
Progress (1): 1.8/3.7 MB
Progress (1): 1.8/3.7 MB
Progress (1): 1.9/3.7 MB
Progress (1): 1.9/3.7 MB
Progress (1): 1.9/3.7 MB
Progress (1): 1.9/3.7 MB
Progress (1): 1.9/3.7 MB
Progress (1): 1.9/3.7 MB
Progress (1): 1.9/3.7 MB
Progress (1): 2.0/3.7 MB
Progress (1): 2.0/3.7 MB
Progress (1): 2.0/3.7 MB
Progress (1): 2.0/3.7 MB
Progress (1): 2.0/3.7 MB
Progress (1): 2.0/3.7 MB
Progress (1): 2.1/3.7 MB
Progress (1): 2.1/3.7 MB
Progress (1): 2.1/3.7 MB
Progress (1): 2.1/3.7 MB
Progress (1): 2.1/3.7 MB
Progress (1): 2.1/3.7 MB
Progress (1): 2.2/3.7 MB
Progress (1): 2.2/3.7 MB
Progress (1): 2.2/3.7 MB
Progress (1): 2.2/3.7 MB
Progress (1): 2.2/3.7 MB
Progress (1): 2.2/3.7 MB
Progress (1): 2.3/3.7 MB
Progress (1): 2.3/3.7 MB
Progress (1): 2.3/3.7 MB
Progress (1): 2.3/3.7 MB
Progress (1): 2.3/3.7 MB
Progress (1): 2.3/3.7 MB
Progress (1): 2.4/3.7 MB
Progress (1): 2.4/3.7 MB
Progress (1): 2.4/3.7 MB
Progress (1): 2.4/3.7 MB
Progress (1): 2.4/3.7 MB
Progress (1): 2.4/3.7 MB
Progress (1): 2.5/3.7 MB
Progress (1): 2.5/3.7 MB
Progress (1): 2.5/3.7 MB
Progress (1): 2.5/3.7 MB
Progress (1): 2.5/3.7 MB
Progress (1): 2.5/3.7 MB
Progress (1): 2.6/3.7 MB
Progress (1): 2.6/3.7 MB
Progress (1): 2.6/3.7 MB
Progress (1): 2.6/3.7 MB
Progress (1): 2.6/3.7 MB
Progress (1): 2.6/3.7 MB
Progress (1): 2.7/3.7 MB
Progress (1): 2.7/3.7 MB
Progress (1): 2.7/3.7 MB
Progress (1): 2.7/3.7 MB
Progress (1): 2.7/3.7 MB
Progress (1): 2.7/3.7 MB
Progress (1): 2.8/3.7 MB
Progress (1): 2.8/3.7 MB
Progress (1): 2.8/3.7 MB
Progress (1): 2.8/3.7 MB
Progress (1): 2.8/3.7 MB
Progress (1): 2.8/3.7 MB
Progress (1): 2.9/3.7 MB
Progress (1): 2.9/3.7 MB
Progress (1): 2.9/3.7 MB
Progress (1): 2.9/3.7 MB
Progress (1): 2.9/3.7 MB
Progress (1): 2.9/3.7 MB
Progress (1): 2.9/3.7 MB
Progress (1): 3.0/3.7 MB
Progress (1): 3.0/3.7 MB
Progress (1): 3.0/3.7 MB
Progress (1): 3.0/3.7 MB
Progress (1): 3.0/3.7 MB
Progress (1): 3.0/3.7 MB
Progress (1): 3.1/3.7 MB
Progress (1): 3.1/3.7 MB
Progress (1): 3.1/3.7 MB
Progress (1): 3.1/3.7 MB
Progress (1): 3.1/3.7 MB
Progress (1): 3.1/3.7 MB
Progress (1): 3.2/3.7 MB
Progress (1): 3.2/3.7 MB
Progress (1): 3.2/3.7 MB
Progress (1): 3.2/3.7 MB
Progress (1): 3.2/3.7 MB
Progress (1): 3.2/3.7 MB
Progress (1): 3.3/3.7 MB
Progress (1): 3.3/3.7 MB
Progress (1): 3.3/3.7 MB
Progress (1): 3.3/3.7 MB
Progress (1): 3.3/3.7 MB
Progress (1): 3.3/3.7 MB
Progress (1): 3.4/3.7 MB
Progress (1): 3.4/3.7 MB
Progress (1): 3.4/3.7 MB
Progress (1): 3.4/3.7 MB
Progress (1): 3.4/3.7 MB
Progress (1): 3.4/3.7 MB
Progress (1): 3.4/3.7 MB
Progress (1): 3.5/3.7 MB
Progress (1): 3.5/3.7 MB
Progress (1): 3.5/3.7 MB
Progress (1): 3.5/3.7 MB
Progress (1): 3.5/3.7 MB
Progress (1): 3.5/3.7 MB
Progress (1): 3.6/3.7 MB
Progress (1): 3.6/3.7 MB
Progress (1): 3.6/3.7 MB
Progress (1): 3.6/3.7 MB
Progress (1): 3.6/3.7 MB
Progress (1): 3.6/3.7 MB
Progress (1): 3.6/3.7 MB
Progress (1): 3.7/3.7 MB
Progress (1): 3.7/3.7 MB
Progress (1): 3.7 MB    
                    
Downloaded from central: https://repo.maven.apache.org/maven2/org/apache/derby/derby/10.15.2.0/derby-10.15.2.0.jar (3.7 MB at 
8.3 MB/s)
#11 18.84 [INFO] 
#11 18.84 [INFO] --- buildnumber:3.2.1:create (default) @ openjpa-parent ---
#11 18.85 Downloading from central: 
https://repo.maven.apache.org/maven2/org/apache/maven/scm/maven-scm-api/2.1.0/maven-scm-api-2.1.0.pom
#11 18.89 Progress (1): 879 B
Progress (1): 2.2 kB
                    
Downloaded from central: 
https://repo.maven.apache.org/maven2/org/apache/maven/scm/maven-scm-api/2.1.0/maven-scm-api-2.1.0.pom (2.2 kB at 54 kB/s)
#11 18.89 Downloading from central: 
https://repo.maven.apache.org/maven2/org/apache/maven/scm/maven-scm/2.1.0/maven-scm-2.1.0.pom
#11 18.92 Progress (1): 787 B
Progress (1): 2.6 kB
Progress (1): 5.9 kB
Progress (1): 9.2 kB
Progress (1): 13 kB 
Progress (1): 16 kB
Progress (1): 21 kB
Progress (1): 21 kB
                   
Downloaded from central: https://repo.maven.apache.org/maven2/org/apache/maven/scm/maven-scm/2.1.0/maven-scm-2.1.0.pom (21 kB 
at 663 kB/s)
#11 18.93 Downloading from central: https://repo.maven.apache.org/maven2/org/apache/maven/maven-parent/41/maven-parent-41.pom
#11 18.96 Progress (1): 716 B
Progress (1): 1.9 kB
Progress (1): 5.5 kB
Progress (1): 9.7 kB
Progress (1): 14 kB 
Progress (1): 19 kB
Progress (1): 23 kB
Progress (1): 27 kB
Progress (1): 28 kB
Progress (1): 31 kB
Progress (1): 34 kB
Progress (1): 37 kB
Progress (1): 40 kB
Progress (1): 43 kB
Progress (1): 48 kB
Progress (1): 48 kB
Progress (1): 50 kB
                   
Downloaded from central: https://repo.maven.apache.org/maven2/org/apache/maven/maven-parent/41/maven-parent-41.pom (50 kB at 
1.4 MB/s)
#11 18.97 Downloading from central: https://repo.maven.apache.org/maven2/org/apache/apache/31/apache-31.pom
#11 19.00 Progress (1): 740 B
Progress (1): 2.1 kB
Progress (1): 3.9 kB
Progress (1): 6.2 kB
Progress (1): 11 kB 
Progress (1): 16 kB
Progress (1): 20 kB
Progress (1): 22 kB
Progress (1): 24 kB
                   
Downloaded from central: https://repo.maven.apache.org/maven2/org/apache/apache/31/apache-31.pom (24 kB at 784 kB/s)
#11 19.01 Downloading from central: https://repo.maven.apache.org/maven2/org/slf4j/slf4j-api/1.7.36/slf4j-api-1.7.36.pom
#11 19.04 Progress (1): 1.0 kB
Progress (1): 2.7 kB
                    
Downloaded from central: https://repo.maven.apache.org/maven2/org/slf4j/slf4j-api/1.7.36/slf4j-api-1.7.36.pom (2.7 kB at 86 
kB/s)
#11 19.05 Downloading from central: https://repo.maven.apache.org/maven2/org/slf4j/slf4j-parent/1.7.36/slf4j-parent-1.7.36.pom
#11 19.08 Progress (1): 1.0 kB
Progress (1): 3.0 kB
Progress (1): 5.9 kB
Progress (1): 8.7 kB
Progress (1): 12 kB 
Progress (1): 14 kB
                   
Downloaded from central: https://repo.maven.apache.org/maven2/org/slf4j/slf4j-parent/1.7.36/slf4j-parent-1.7.36.pom (14 kB at 
455 kB/s)
#11 19.08 Downloading from central: 
https://repo.maven.apache.org/maven2/org/codehaus/plexus/plexus-utils/4.0.0/plexus-utils-4.0.0.pom
#11 19.11 Progress (1): 724 B
Progress (1): 2.3 kB
Progress (1): 4.5 kB
Progress (1): 8.7 kB
                    
Downloaded from central: https://repo.maven.apache.org/maven2/org/codehaus/plexus/plexus-utils/4.0.0/plexus-utils-4.0.0.pom 
(8.7 kB at 270 kB/s)
#11 19.12 Downloading from central: https://repo.maven.apache.org/maven2/org/codehaus/plexus/plexus/13/plexus-13.pom
#11 19.15 Progress (1): 692 B
Progress (1): 2.5 kB
Progress (1): 6.4 kB
Progress (1): 8.8 kB
Progress (1): 11 kB 
Progress (1): 14 kB
Progress (1): 18 kB
Progress (1): 21 kB
Progress (1): 25 kB
Progress (1): 27 kB
                   
Downloaded from central: https://repo.maven.apache.org/maven2/org/codehaus/plexus/plexus/13/plexus-13.pom (27 kB at 883 kB/s)
#11 19.16 Downloading from central: https://repo.maven.apache.org/maven2/org/junit/junit-bom/5.9.3/junit-bom-5.9.3.pom
#11 19.18 Progress (1): 907 B
Progress (1): 4.1 kB
Progress (1): 5.6 kB
                    
Downloaded from central: https://repo.maven.apache.org/maven2/org/junit/junit-bom/5.9.3/junit-bom-5.9.3.pom (5.6 kB at 201 
kB/s)
#11 19.19 Downloading from central: 
https://repo.maven.apache.org/maven2/org/apache/commons/commons-lang3/3.14.0/commons-lang3-3.14.0.pom
#11 19.22 Progress (1): 736 B
Progress (1): 2.0 kB
Progress (1): 4.7 kB
Progress (1): 8.3 kB
Progress (1): 12 kB 
Progress (1): 15 kB
Progress (1): 16 kB
Progress (1): 18 kB
Progress (1): 21 kB
Progress (1): 24 kB
Progress (1): 27 kB
Progress (1): 30 kB
Progress (1): 31 kB
                   
Downloaded from central: 
https://repo.maven.apache.org/maven2/org/apache/commons/commons-lang3/3.14.0/commons-lang3-3.14.0.pom (31 kB at 1.1 MB/s)
#11 19.23 Downloading from central: 
https://repo.maven.apache.org/maven2/org/apache/commons/commons-parent/64/commons-parent-64.pom
#11 19.26 Progress (1): 702 B
Progress (1): 1.9 kB
Progress (1): 3.1 kB
Progress (1): 4.6 kB
Progress (1): 6.4 kB
Progress (1): 8.4 kB
Progress (1): 10 kB 
Progress (1): 13 kB
Progress (1): 14 kB
Progress (1): 18 kB
Progress (1): 19 kB
Progress (1): 23 kB
Progress (1): 25 kB
Progress (1): 28 kB
Progress (1): 32 kB
Progress (1): 32 kB
Progress (1): 35 kB
Progress (1): 41 kB
Progress (1): 44 kB
Progress (1): 46 kB
Progress (1): 49 kB
Progress (1): 51 kB
Progress (1): 54 kB
Progress (1): 58 kB
Progress (1): 60 kB
Progress (1): 64 kB
Progress (1): 67 kB
Progress (1): 71 kB
Progress (1): 74 kB
Progress (1): 76 kB
Progress (1): 78 kB
                   
Downloaded from central: https://repo.maven.apache.org/maven2/org/apache/commons/commons-parent/64/commons-parent-64.pom (78 
kB at 2.2 MB/s)
#11 19.27 Downloading from central: https://repo.maven.apache.org/maven2/org/apache/apache/30/apache-30.pom
#11 19.29 Progress (1): 741 B
Progress (1): 2.1 kB
Progress (1): 4.0 kB
Progress (1): 6.2 kB
Progress (1): 11 kB 
Progress (1): 16 kB
Progress (1): 20 kB
Progress (1): 22 kB
Progress (1): 23 kB
                   
Downloaded from central: https://repo.maven.apache.org/maven2/org/apache/apache/30/apache-30.pom (23 kB at 801 kB/s)
#11 19.30 Downloading from central: https://repo.maven.apache.org/maven2/org/junit/junit-bom/5.10.0/junit-bom-5.10.0.pom
#11 19.33 Progress (1): 912 B
Progress (1): 4.1 kB
Progress (1): 5.6 kB
                    
Downloaded from central: https://repo.maven.apache.org/maven2/org/junit/junit-bom/5.10.0/junit-bom-5.10.0.pom (5.6 kB at 177 
kB/s)
#11 19.34 Downloading from central: 
https://repo.maven.apache.org/maven2/org/apache/maven/scm/maven-scm-manager-plexus/2.1.0/maven-scm-manager-plexus-2.1.0.pom
#11 19.37 Progress (1): 886 B
Progress (1): 1.9 kB
                    
Downloaded from central: 
https://repo.maven.apache.org/maven2/org/apache/maven/scm/maven-scm-manager-plexus/2.1.0/maven-scm-manager-plexus-2.1.0.pom 
(1.9 kB at 56 kB/s)
#11 19.37 Downloading from central: 
https://repo.maven.apache.org/maven2/org/apache/maven/scm/maven-scm-managers/2.1.0/maven-scm-managers-2.1.0.pom
#11 19.41 Progress (1): 889 B
Progress (1): 1.5 kB
                    
Downloaded from central: 
https://repo.maven.apache.org/maven2/org/apache/maven/scm/maven-scm-managers/2.1.0/maven-scm-managers-2.1.0.pom (1.5 kB at 37 
kB/s)
#11 19.42 Downloading from central: 
https://repo.maven.apache.org/maven2/org/apache/maven/scm/maven-scm-provider-svnexe/2.1.0/maven-scm-provider-svnexe-2.1.0.pom
#11 19.45 Progress (1): 875 B
Progress (1): 2.6 kB
                    
Downloaded from central: 
https://repo.maven.apache.org/maven2/org/apache/maven/scm/maven-scm-provider-svnexe/2.1.0/maven-scm-provider-svnexe-2.1.0.pom 
(2.6 kB at 91 kB/s)
#11 19.46 Downloading from central: 
https://repo.maven.apache.org/maven2/org/apache/maven/scm/maven-scm-providers-svn/2.1.0/maven-scm-providers-svn-2.1.0.pom
#11 19.49 Progress (1): 875 B
Progress (1): 2.2 kB
                    
Downloaded from central: 
https://repo.maven.apache.org/maven2/org/apache/maven/scm/maven-scm-providers-svn/2.1.0/maven-scm-providers-svn-2.1.0.pom 
(2.2 kB at 68 kB/s)
#11 19.49 Downloading from central: 
https://repo.maven.apache.org/maven2/org/apache/maven/scm/maven-scm-providers/2.1.0/maven-scm-providers-2.1.0.pom
#11 19.53 Progress (1): 850 B
Progress (1): 3.5 kB
Progress (1): 3.5 kB
                    
Downloaded from central: 
https://repo.maven.apache.org/maven2/org/apache/maven/scm/maven-scm-providers/2.1.0/maven-scm-providers-2.1.0.pom (3.5 kB at 
106 kB/s)
#11 19.53 Downloading from central: https://repo.maven.apache.org/maven2/org/apache/maven/scm/maven-scm-provider-svn-commons/2
.1.0/maven-scm-provider-svn-commons-2.1.0.pom
#11 19.56 Progress (1): 845 B
Progress (1): 2.7 kB
Progress (1): 3.4 kB
                    
Downloaded from central: https://repo.maven.apache.org/maven2/org/apache/maven/scm/maven-scm-provider-svn-commons/2.1.0/maven-
scm-provider-svn-commons-2.1.0.pom (3.4 kB at 123 kB/s)
#11 19.57 Downloading from central: 
https://repo.maven.apache.org/maven2/org/codehaus/plexus/plexus-xml/3.0.0/plexus-xml-3.0.0.pom
#11 19.60 Progress (1): 815 B
Progress (1): 2.7 kB
Progress (1): 3.7 kB
                    
Downloaded from central: https://repo.maven.apache.org/maven2/org/codehaus/plexus/plexus-xml/3.0.0/plexus-xml-3.0.0.pom (3.7 
kB at 134 kB/s)
#11 19.60 Downloading from central: 
https://repo.maven.apache.org/maven2/org/apache/maven/scm/maven-scm-provider-gitexe/2.1.0/maven-scm-provider-gitexe-2.1.0.pom
#11 19.63 Progress (1): 875 B
Progress (1): 2.6 kB
                    
Downloaded from central: 
https://repo.maven.apache.org/maven2/org/apache/maven/scm/maven-scm-provider-gitexe/2.1.0/maven-scm-provider-gitexe-2.1.0.pom 
(2.6 kB at 91 kB/s)
#11 19.64 Downloading from central: 
https://repo.maven.apache.org/maven2/org/apache/maven/scm/maven-scm-providers-git/2.1.0/maven-scm-providers-git-2.1.0.pom
#11 19.67 Progress (1): 875 B
Progress (1): 2.2 kB
                    
Downloaded from central: 
https://repo.maven.apache.org/maven2/org/apache/maven/scm/maven-scm-providers-git/2.1.0/maven-scm-providers-git-2.1.0.pom 
(2.2 kB at 54 kB/s)
#11 19.69 Downloading from central: https://repo.maven.apache.org/maven2/commons-io/commons-io/2.16.1/commons-io-2.16.1.pom
#11 19.72 Progress (1): 761 B
Progress (1): 2.0 kB
Progress (1): 4.9 kB
Progress (1): 6.7 kB
Progress (1): 8.8 kB
Progress (1): 12 kB 
Progress (1): 15 kB
Progress (1): 18 kB
Progress (1): 20 kB
                   
Downloaded from central: https://repo.maven.apache.org/maven2/commons-io/commons-io/2.16.1/commons-io-2.16.1.pom (20 kB at 
613 kB/s)
#11 19.73 Downloading from central: 
https://repo.maven.apache.org/maven2/org/apache/commons/commons-parent/69/commons-parent-69.pom
#11 19.76 Progress (1): 703 B
Progress (1): 1.9 kB
Progress (1): 3.1 kB
Progress (1): 4.6 kB
Progress (1): 6.4 kB
Progress (1): 8.4 kB
Progress (1): 9.9 kB
Progress (1): 12 kB 
Progress (1): 14 kB
Progress (1): 17 kB
Progress (1): 19 kB
Progress (1): 22 kB
Progress (1): 24 kB
Progress (1): 28 kB
Progress (1): 31 kB
Progress (1): 31 kB
Progress (1): 35 kB
Progress (1): 40 kB
Progress (1): 43 kB
Progress (1): 45 kB
Progress (1): 48 kB
Progress (1): 51 kB
Progress (1): 55 kB
Progress (1): 57 kB
Progress (1): 59 kB
Progress (1): 63 kB
Progress (1): 67 kB
Progress (1): 70 kB
Progress (1): 73 kB
Progress (1): 75 kB
Progress (1): 77 kB
                   
Downloaded from central: https://repo.maven.apache.org/maven2/org/apache/commons/commons-parent/69/commons-parent-69.pom (77 
kB at 2.2 MB/s)
#11 19.77 Downloading from central: 
https://repo.maven.apache.org/maven2/org/apache/commons/commons-text/1.11.0/commons-text-1.11.0.pom
#11 19.80 Progress (1): 747 B
Progress (1): 2.3 kB
Progress (1): 3.9 kB
Progress (1): 6.8 kB
Progress (1): 10 kB 
Progress (1): 14 kB
Progress (1): 16 kB
Progress (1): 19 kB
                   
Downloaded from central: https://repo.maven.apache.org/maven2/org/apache/commons/commons-text/1.11.0/commons-text-1.11.0.pom 
(19 kB at 529 kB/s)
#11 19.81 Downloading from central: 
https://repo.maven.apache.org/maven2/org/apache/commons/commons-lang3/3.13.0/commons-lang3-3.13.0.pom
#11 19.84 Progress (1): 728 B
Progress (1): 2.0 kB
Progress (1): 4.7 kB
Progress (1): 8.3 kB
Progress (1): 12 kB 
Progress (1): 15 kB
Progress (1): 16 kB
Progress (1): 18 kB
Progress (1): 21 kB
Progress (1): 24 kB
Progress (1): 27 kB
Progress (1): 30 kB
Progress (1): 31 kB
                   
Downloaded from central: 
https://repo.maven.apache.org/maven2/org/apache/commons/commons-lang3/3.13.0/commons-lang3-3.13.0.pom (31 kB at 1.1 MB/s)
#11 19.84 Downloading from central: 
https://repo.maven.apache.org/maven2/org/apache/commons/commons-parent/58/commons-parent-58.pom
#11 19.88 Progress (1): 704 B
Progress (1): 1.9 kB
Progress (1): 3.1 kB
Progress (1): 4.5 kB
Progress (1): 6.5 kB
Progress (1): 8.3 kB
Progress (1): 10 kB 
Progress (1): 12 kB
Progress (1): 15 kB
Progress (1): 18 kB
Progress (1): 20 kB
Progress (1): 23 kB
Progress (1): 26 kB
Progress (1): 29 kB
Progress (1): 33 kB
Progress (1): 33 kB
Progress (1): 36 kB
Progress (1): 41 kB
Progress (1): 44 kB
Progress (1): 47 kB
Progress (1): 49 kB
Progress (1): 51 kB
Progress (1): 55 kB
Progress (1): 58 kB
Progress (1): 61 kB
Progress (1): 64 kB
Progress (1): 67 kB
Progress (1): 72 kB
Progress (1): 76 kB
Progress (1): 80 kB
Progress (1): 83 kB
                   
Downloaded from central: https://repo.maven.apache.org/maven2/org/apache/commons/commons-parent/58/commons-parent-58.pom (83 
kB at 2.3 MB/s)
#11 19.88 Downloading from central: https://repo.maven.apache.org/maven2/org/apache/apache/29/apache-29.pom
#11 19.91 Progress (1): 745 B
Progress (1): 2.1 kB
Progress (1): 4.0 kB
Progress (1): 6.7 kB
Progress (1): 12 kB 
Progress (1): 16 kB
Progress (1): 19 kB
Progress (1): 21 kB
                   
Downloaded from central: https://repo.maven.apache.org/maven2/org/apache/apache/29/apache-29.pom (21 kB at 901 kB/s)
#11 19.91 Downloading from central: https://repo.maven.apache.org/maven2/org/apache/maven/scm/maven-scm-provider-git-commons/2
.1.0/maven-scm-provider-git-commons-2.1.0.pom
#11 19.94 Progress (1): 845 B
Progress (1): 2.7 kB
Progress (1): 3.4 kB
                    
Downloaded from central: https://repo.maven.apache.org/maven2/org/apache/maven/scm/maven-scm-provider-git-commons/2.1.0/maven-
scm-provider-git-commons-2.1.0.pom (3.4 kB at 130 kB/s)
#11 19.95 Downloading from central: 
https://repo.maven.apache.org/maven2/org/apache/maven/scm/maven-scm-provider-hg/2.1.0/maven-scm-provider-hg-2.1.0.pom
#11 19.97 Progress (1): 857 B
Progress (1): 2.6 kB
Progress (1): 2.9 kB
                    
Downloaded from central: 
https://repo.maven.apache.org/maven2/org/apache/maven/scm/maven-scm-provider-hg/2.1.0/maven-scm-provider-hg-2.1.0.pom (2.9 kB 
at 104 kB/s)
#11 19.98 Downloading from central: https://repo.maven.apache.org/maven2/com/google/code/maven-scm-provider-svnjava/maven-scm-
provider-svnjava/2.3.0/maven-scm-provider-svnjava-2.3.0.pom
#11 20.01 Progress (1): 799 B
Progress (1): 2.3 kB
Progress (1): 4.6 kB
Progress (1): 7.6 kB
Progress (1): 9.7 kB
                    
Downloaded from central: https://repo.maven.apache.org/maven2/com/google/code/maven-scm-provider-svnjava/maven-scm-provider-sv
njava/2.3.0/maven-scm-provider-svnjava-2.3.0.pom (9.7 kB at 322 kB/s)
#11 20.02 Downloading from central: https://repo.maven.apache.org/maven2/org/sonatype/oss/oss-parent/9/oss-parent-9.pom
#11 20.05 Progress (1): 835 B
Progress (1): 2.7 kB
Progress (1): 6.2 kB
Progress (1): 6.6 kB
                    
Downloaded from central: https://repo.maven.apache.org/maven2/org/sonatype/oss/oss-parent/9/oss-parent-9.pom (6.6 kB at 173 
kB/s)
#11 20.06 Downloading from central: https://repo.maven.apache.org/maven2/org/apache/maven/scm/maven-scm-provider-svn-commons/2
.0.0-M3/maven-scm-provider-svn-commons-2.0.0-M3.pom
#11 20.09 Progress (1): 844 B
Progress (1): 2.5 kB
Progress (1): 3.4 kB
                    
Downloaded from central: https://repo.maven.apache.org/maven2/org/apache/maven/scm/maven-scm-provider-svn-commons/2.0.0-M3/mav
en-scm-provider-svn-commons-2.0.0-M3.pom (3.4 kB at 99 kB/s)
#11 20.10 Downloading from central: https://repo.maven.apache.org/maven2/org/apache/maven/scm/maven-scm-providers-svn/2.0.0-M3
/maven-scm-providers-svn-2.0.0-M3.pom
#11 20.12 Progress (1): 859 B
Progress (1): 2.2 kB
                    
Downloaded from central: https://repo.maven.apache.org/maven2/org/apache/maven/scm/maven-scm-providers-svn/2.0.0-M3/maven-scm-
providers-svn-2.0.0-M3.pom (2.2 kB at 86 kB/s)
#11 20.13 Downloading from central: 
https://repo.maven.apache.org/maven2/org/apache/maven/scm/maven-scm-providers/2.0.0-M3/maven-scm-providers-2.0.0-M3.pom
#11 20.15 Progress (1): 847 B
Progress (1): 3.5 kB
Progress (1): 3.5 kB
                    
Downloaded from central: 
https://repo.maven.apache.org/maven2/org/apache/maven/scm/maven-scm-providers/2.0.0-M3/maven-scm-providers-2.0.0-M3.pom (3.5 
kB at 125 kB/s)
#11 20.16 Downloading from central: 
https://repo.maven.apache.org/maven2/org/apache/maven/scm/maven-scm/2.0.0-M3/maven-scm-2.0.0-M3.pom
#11 20.19 Progress (1): 785 B
Progress (1): 2.6 kB
Progress (1): 5.4 kB
Progress (1): 9.8 kB
Progress (1): 13 kB 
Progress (1): 16 kB
Progress (1): 21 kB
Progress (1): 22 kB
                   
Downloaded from central: https://repo.maven.apache.org/maven2/org/apache/maven/scm/maven-scm/2.0.0-M3/maven-scm-2.0.0-M3.pom 
(22 kB at 585 kB/s)
#11 20.20 Downloading from central: https://repo.maven.apache.org/maven2/org/apache/maven/maven-parent/36/maven-parent-36.pom
#11 20.23 Progress (1): 721 B
Progress (1): 1.9 kB
Progress (1): 5.4 kB
Progress (1): 9.5 kB
Progress (1): 14 kB 
Progress (1): 19 kB
Progress (1): 22 kB
Progress (1): 26 kB
Progress (1): 28 kB
Progress (1): 30 kB
Progress (1): 34 kB
Progress (1): 37 kB
Progress (1): 40 kB
Progress (1): 45 kB
Progress (1): 45 kB
                   
Downloaded from central: https://repo.maven.apache.org/maven2/org/apache/maven/maven-parent/36/maven-parent-36.pom (45 kB at 
1.4 MB/s)
#11 20.24 Downloading from central: https://repo.maven.apache.org/maven2/org/apache/apache/26/apache-26.pom
#11 20.27 Progress (1): 745 B
Progress (1): 2.1 kB
Progress (1): 3.9 kB
Progress (1): 7.3 kB
Progress (1): 12 kB 
Progress (1): 16 kB
Progress (1): 19 kB
Progress (1): 21 kB
                   
Downloaded from central: https://repo.maven.apache.org/maven2/org/apache/apache/26/apache-26.pom (21 kB at 663 kB/s)
#11 20.27 Downloading from central: 
https://repo.maven.apache.org/maven2/org/codehaus/plexus/plexus-utils/3.4.2/plexus-utils-3.4.2.pom
#11 20.30 Progress (1): 732 B
Progress (1): 2.3 kB
Progress (1): 4.7 kB
Progress (1): 8.2 kB
                    
Downloaded from central: https://repo.maven.apache.org/maven2/org/codehaus/plexus/plexus-utils/3.4.2/plexus-utils-3.4.2.pom 
(8.2 kB at 265 kB/s)
#11 20.31 Downloading from central: 
https://repo.maven.apache.org/maven2/org/apache/maven/scm/maven-scm-api/2.0.0-M3/maven-scm-api-2.0.0-M3.pom
#11 20.34 Progress (1): 876 B
Progress (1): 2.0 kB
                    
Downloaded from central: 
https://repo.maven.apache.org/maven2/org/apache/maven/scm/maven-scm-api/2.0.0-M3/maven-scm-api-2.0.0-M3.pom (2.0 kB at 75 
kB/s)
#11 20.35 Downloading from central: https://repo.maven.apache.org/maven2/net/java/dev/jna/jna/5.12.1/jna-5.12.1.pom
#11 20.39 Progress (1): 1.4 kB
Progress (1): 2.0 kB
                    
Downloaded from central: https://repo.maven.apache.org/maven2/net/java/dev/jna/jna/5.12.1/jna-5.12.1.pom (2.0 kB at 42 kB/s)
#11 20.40 Downloading from central: 
https://repo.maven.apache.org/maven2/org/codehaus/plexus/plexus-utils/3.5.0/plexus-utils-3.5.0.pom
#11 20.43 Progress (1): 725 B
Progress (1): 2.4 kB
Progress (1): 4.5 kB
Progress (1): 8.0 kB
                    
Downloaded from central: https://repo.maven.apache.org/maven2/org/codehaus/plexus/plexus-utils/3.5.0/plexus-utils-3.5.0.pom 
(8.0 kB at 297 kB/s)
#11 20.43 Downloading from central: https://repo.maven.apache.org/maven2/org/codehaus/plexus/plexus/10/plexus-10.pom
#11 20.46 Progress (1): 700 B
Progress (1): 2.7 kB
Progress (1): 6.4 kB
Progress (1): 9.2 kB
Progress (1): 11 kB 
Progress (1): 15 kB
Progress (1): 20 kB
Progress (1): 24 kB
Progress (1): 25 kB
                   
Downloaded from central: https://repo.maven.apache.org/maven2/org/codehaus/plexus/plexus/10/plexus-10.pom (25 kB at 819 kB/s)
#11 20.47 Downloading from central: https://repo.maven.apache.org/maven2/commons-lang/commons-lang/2.6/commons-lang-2.6.pom
#11 20.50 Progress (1): 779 B
Progress (1): 2.2 kB
Progress (1): 5.9 kB
Progress (1): 10 kB 
Progress (1): 13 kB
Progress (1): 15 kB
Progress (1): 17 kB
                   
Downloaded from central: https://repo.maven.apache.org/maven2/commons-lang/commons-lang/2.6/commons-lang-2.6.pom (17 kB at 
530 kB/s)
#11 20.51 Downloading from central: 
https://repo.maven.apache.org/maven2/org/apache/commons/commons-parent/17/commons-parent-17.pom
#11 20.54 Progress (1): 732 B
Progress (1): 2.1 kB
Progress (1): 5.7 kB
Progress (1): 8.9 kB
Progress (1): 13 kB 
Progress (1): 15 kB
Progress (1): 18 kB
Progress (1): 24 kB
Progress (1): 27 kB
Progress (1): 30 kB
Progress (1): 31 kB
                   
Downloaded from central: https://repo.maven.apache.org/maven2/org/apache/commons/commons-parent/17/commons-parent-17.pom (31 
kB at 1.0 MB/s)
#11 20.55 Downloading from central: https://repo.maven.apache.org/maven2/commons-io/commons-io/2.11.0/commons-io-2.11.0.pom
#11 20.59 Progress (1): 760 B
Progress (1): 2.1 kB
Progress (1): 5.2 kB
Progress (1): 7.6 kB
Progress (1): 10 kB 
Progress (1): 12 kB
Progress (1): 15 kB
Progress (1): 18 kB
Progress (1): 20 kB
                   
Downloaded from central: https://repo.maven.apache.org/maven2/commons-io/commons-io/2.11.0/commons-io-2.11.0.pom (20 kB at 
481 kB/s)
#11 20.60 Downloading from central: https://repo.maven.apache.org/maven2/org/junit/junit-bom/5.7.2/junit-bom-5.7.2.pom
#11 20.63 Progress (1): 911 B
Progress (1): 4.1 kB
Progress (1): 5.1 kB
                    
Downloaded from central: https://repo.maven.apache.org/maven2/org/junit/junit-bom/5.7.2/junit-bom-5.7.2.pom (5.1 kB at 189 
kB/s)
#11 20.64 Downloading from central: 
https://repo.maven.apache.org/maven2/org/tmatesoft/svnkit/svnkit/1.10.11/svnkit-1.10.11.pom
#11 20.67 Progress (1): 1.0 kB
Progress (1): 3.8 kB
                    
Downloaded from central: https://repo.maven.apache.org/maven2/org/tmatesoft/svnkit/svnkit/1.10.11/svnkit-1.10.11.pom (3.8 kB 
at 112 kB/s)
#11 20.68 Downloading from central: https://repo.maven.apache.org/maven2/org/apache/sshd/sshd-core/2.9.2/sshd-core-2.9.2.pom
#11 20.71 Progress (1): 892 B
Progress (1): 3.4 kB
Progress (1): 6.4 kB
Progress (1): 9.9 kB
Progress (1): 12 kB 
                   
Downloaded from central: https://repo.maven.apache.org/maven2/org/apache/sshd/sshd-core/2.9.2/sshd-core-2.9.2.pom (12 kB at 
361 kB/s)
#11 20.72 Downloading from central: https://repo.maven.apache.org/maven2/org/apache/sshd/sshd/2.9.2/sshd-2.9.2.pom
#11 20.74 Progress (1): 855 B
Progress (1): 2.6 kB
Progress (1): 4.5 kB
Progress (1): 6.3 kB
Progress (1): 8.8 kB
Progress (1): 12 kB 
Progress (1): 18 kB
Progress (1): 25 kB
Progress (1): 30 kB
Progress (1): 34 kB
Progress (1): 40 kB
Progress (1): 46 kB
Progress (1): 53 kB
Progress (1): 56 kB
Progress (1): 60 kB
Progress (1): 64 kB
Progress (1): 68 kB
Progress (1): 71 kB
Progress (1): 75 kB
Progress (1): 77 kB
                   
Downloaded from central: https://repo.maven.apache.org/maven2/org/apache/sshd/sshd/2.9.2/sshd-2.9.2.pom (77 kB at 2.5 MB/s)
#11 20.75 Downloading from central: 
https://repo.maven.apache.org/maven2/org/testcontainers/testcontainers-bom/1.16.2/testcontainers-bom-1.16.2.pom
#11 20.78 Progress (1): 1.2 kB
Progress (1): 7.2 kB
                    
Downloaded from central: 
https://repo.maven.apache.org/maven2/org/testcontainers/testcontainers-bom/1.16.2/testcontainers-bom-1.16.2.pom (7.2 kB at 
219 kB/s)
#11 20.79 Downloading from central: 
https://repo.maven.apache.org/maven2/org/springframework/spring-framework-bom/5.3.20/spring-framework-bom-5.3.20.pom
#11 20.82 Progress (1): 977 B
Progress (1): 5.7 kB
                    
Downloaded from central: 
https://repo.maven.apache.org/maven2/org/springframework/spring-framework-bom/5.3.20/spring-framework-bom-5.3.20.pom (5.7 kB 
at 177 kB/s)
#11 20.83 Downloading from central: 
https://repo.maven.apache.org/maven2/org/apache/sshd/sshd-common/2.9.2/sshd-common-2.9.2.pom
#11 20.85 Progress (1): 907 B
Progress (1): 2.7 kB
Progress (1): 4.7 kB
                    
Downloaded from central: https://repo.maven.apache.org/maven2/org/apache/sshd/sshd-common/2.9.2/sshd-common-2.9.2.pom (4.7 kB 
at 188 kB/s)
#11 20.86 Downloading from central: https://repo.maven.apache.org/maven2/org/slf4j/slf4j-api/1.7.32/slf4j-api-1.7.32.pom
#11 20.89 Progress (1): 1.0 kB
Progress (1): 3.3 kB
Progress (1): 3.8 kB
                    
Downloaded from central: https://repo.maven.apache.org/maven2/org/slf4j/slf4j-api/1.7.32/slf4j-api-1.7.32.pom (3.8 kB at 124 
kB/s)
#11 20.89 Downloading from central: https://repo.maven.apache.org/maven2/org/slf4j/slf4j-parent/1.7.32/slf4j-parent-1.7.32.pom
#11 20.92 Progress (1): 1.0 kB
Progress (1): 3.1 kB
Progress (1): 6.0 kB
Progress (1): 9.0 kB
Progress (1): 12 kB 
Progress (1): 14 kB
                   
Downloaded from central: https://repo.maven.apache.org/maven2/org/slf4j/slf4j-parent/1.7.32/slf4j-parent-1.7.32.pom (14 kB at 
431 kB/s)
#11 20.93 Downloading from central: 
https://repo.maven.apache.org/maven2/org/slf4j/jcl-over-slf4j/1.7.32/jcl-over-slf4j-1.7.32.pom
#11 20.96 Progress (1): 1.2 kB
                    
Downloaded from central: https://repo.maven.apache.org/maven2/org/slf4j/jcl-over-slf4j/1.7.32/jcl-over-slf4j-1.7.32.pom (1.2 
kB at 38 kB/s)
#11 20.97 Downloading from central: https://repo.maven.apache.org/maven2/net/i2p/crypto/eddsa/0.3.0/eddsa-0.3.0.pom
#11 21.00 Progress (1): 1.0 kB
Progress (1): 3.5 kB
Progress (1): 5.7 kB
Progress (1): 6.8 kB
                    
Downloaded from central: https://repo.maven.apache.org/maven2/net/i2p/crypto/eddsa/0.3.0/eddsa-0.3.0.pom (6.8 kB at 165 kB/s)
#11 21.01 Downloading from central: 
https://repo.maven.apache.org/maven2/de/regnis/q/sequence/sequence-library/1.0.4/sequence-library-1.0.4.pom
#11 21.05 Progress (1): 1.2 kB
Progress (1): 1.7 kB
                    
Downloaded from central: 
https://repo.maven.apache.org/maven2/de/regnis/q/sequence/sequence-library/1.0.4/sequence-library-1.0.4.pom (1.7 kB at 43 
kB/s)
#11 21.06 Downloading from central: https://repo.maven.apache.org/maven2/org/tmatesoft/sqljet/sqljet/1.1.15/sqljet-1.1.15.pom
#11 21.09 Progress (1): 1.2 kB
Progress (1): 2.8 kB
                    
Downloaded from central: https://repo.maven.apache.org/maven2/org/tmatesoft/sqljet/sqljet/1.1.15/sqljet-1.1.15.pom (2.8 kB at 
91 kB/s)
#11 21.09 Downloading from central: https://repo.maven.apache.org/maven2/org/antlr/antlr-runtime/3.4/antlr-runtime-3.4.pom
#11 21.12 Progress (1): 968 B
Progress (1): 3.1 kB
                    
Downloaded from central: https://repo.maven.apache.org/maven2/org/antlr/antlr-runtime/3.4/antlr-runtime-3.4.pom (3.1 kB at 
108 kB/s)
#11 21.13 Downloading from central: https://repo.maven.apache.org/maven2/org/antlr/antlr-master/3.4/antlr-master-3.4.pom
#11 21.15 Progress (1): 832 B
Progress (1): 2.3 kB
Progress (1): 4.2 kB
Progress (1): 6.8 kB
Progress (1): 8.8 kB
Progress (1): 9.4 kB
                    
Downloaded from central: https://repo.maven.apache.org/maven2/org/antlr/antlr-master/3.4/antlr-master-3.4.pom (9.4 kB at 303 
kB/s)
#11 21.16 Downloading from central: https://repo.maven.apache.org/maven2/net/java/dev/jna/jna/5.6.0/jna-5.6.0.pom
#11 21.19 Progress (1): 1.4 kB
Progress (1): 1.6 kB
                    
Downloaded from central: https://repo.maven.apache.org/maven2/net/java/dev/jna/jna/5.6.0/jna-5.6.0.pom (1.6 kB at 63 kB/s)
#11 21.19 Downloading from central: 
https://repo.maven.apache.org/maven2/net/java/dev/jna/jna-platform/5.6.0/jna-platform-5.6.0.pom
#11 21.22 Progress (1): 1.3 kB
Progress (1): 1.8 kB
                    
Downloaded from central: https://repo.maven.apache.org/maven2/net/java/dev/jna/jna-platform/5.6.0/jna-platform-5.6.0.pom (1.8 
kB at 64 kB/s)
#11 21.23 Downloading from central: 
https://repo.maven.apache.org/maven2/com/trilead/trilead-ssh2/1.0.0-build222/trilead-ssh2-1.0.0-build222.pom
#11 21.25 Progress (1): 1.2 kB
                    
Downloaded from central: 
https://repo.maven.apache.org/maven2/com/trilead/trilead-ssh2/1.0.0-build222/trilead-ssh2-1.0.0-build222.pom (1.2 kB at 48 
kB/s)
#11 21.25 Downloading from central: https://repo.maven.apache.org/maven2/com/jcraft/jsch.agentproxy.connector-factory/0.0.9/js
ch.agentproxy.connector-factory-0.0.9.pom
#11 21.28 Progress (1): 1.7 kB
                    
Downloaded from central: https://repo.maven.apache.org/maven2/com/jcraft/jsch.agentproxy.connector-factory/0.0.9/jsch.agentpro
xy.connector-factory-0.0.9.pom (1.7 kB at 50 kB/s)
#11 21.29 Downloading from central: 
https://repo.maven.apache.org/maven2/com/jcraft/jsch.agentproxy/0.0.9/jsch.agentproxy-0.0.9.pom
#11 21.32 Progress (1): 1.3 kB
Progress (1): 3.9 kB
Progress (1): 4.3 kB
                    
Downloaded from central: https://repo.maven.apache.org/maven2/com/jcraft/jsch.agentproxy/0.0.9/jsch.agentproxy-0.0.9.pom (4.3 
kB at 145 kB/s)
#11 21.32 Downloading from central: https://repo.maven.apache.org/maven2/org/sonatype/oss/oss-parent/6/oss-parent-6.pom
#11 21.35 Progress (1): 845 B
Progress (1): 2.5 kB
Progress (1): 4.8 kB
                    
Downloaded from central: https://repo.maven.apache.org/maven2/org/sonatype/oss/oss-parent/6/oss-parent-6.pom (4.8 kB at 179 
kB/s)
#11 21.36 Downloading from central: 
https://repo.maven.apache.org/maven2/com/jcraft/jsch.agentproxy.core/0.0.9/jsch.agentproxy.core-0.0.9.pom
#11 21.38 Progress (1): 804 B
                   
Downloaded from central: 
https://repo.maven.apache.org/maven2/com/jcraft/jsch.agentproxy.core/0.0.9/jsch.agentproxy.core-0.0.9.pom (804 B at 29 kB/s)
#11 21.39 Downloading from central: 
https://repo.maven.apache.org/maven2/com/jcraft/jsch.agentproxy.usocket-jna/0.0.9/jsch.agentproxy.usocket-jna-0.0.9.pom
#11 21.42 Progress (1): 1.3 kB
                    
Downloaded from central: 
https://repo.maven.apache.org/maven2/com/jcraft/jsch.agentproxy.usocket-jna/0.0.9/jsch.agentproxy.usocket-jna-0.0.9.pom (1.3 
kB at 50 kB/s)
#11 21.43 Downloading from central: 
https://repo.maven.apache.org/maven2/com/jcraft/jsch.agentproxy.usocket-nc/0.0.9/jsch.agentproxy.usocket-nc-0.0.9.pom
#11 21.45 Progress (1): 996 B
                   
Downloaded from central: 
https://repo.maven.apache.org/maven2/com/jcraft/jsch.agentproxy.usocket-nc/0.0.9/jsch.agentproxy.usocket-nc-0.0.9.pom (996 B 
at 32 kB/s)
#11 21.46 Downloading from central: 
https://repo.maven.apache.org/maven2/com/jcraft/jsch.agentproxy.sshagent/0.0.9/jsch.agentproxy.sshagent-0.0.9.pom
#11 21.49 Progress (1): 971 B
                   
Downloaded from central: 
https://repo.maven.apache.org/maven2/com/jcraft/jsch.agentproxy.sshagent/0.0.9/jsch.agentproxy.sshagent-0.0.9.pom (971 B at 
32 kB/s)
#11 21.50 Downloading from central: 
https://repo.maven.apache.org/maven2/com/jcraft/jsch.agentproxy.pageant/0.0.9/jsch.agentproxy.pageant-0.0.9.pom
#11 21.53 Progress (1): 1.3 kB
                    
Downloaded from central: 
https://repo.maven.apache.org/maven2/com/jcraft/jsch.agentproxy.pageant/0.0.9/jsch.agentproxy.pageant-0.0.9.pom (1.3 kB at 45 
kB/s)
#11 21.53 Downloading from central: https://repo.maven.apache.org/maven2/com/jcraft/jsch.agentproxy.svnkit-trilead-ssh2/0.0.9/
jsch.agentproxy.svnkit-trilead-ssh2-0.0.9.pom
#11 21.56 Progress (1): 1.1 kB
                    
Downloaded from central: https://repo.maven.apache.org/maven2/com/jcraft/jsch.agentproxy.svnkit-trilead-ssh2/0.0.9/jsch.agentp
roxy.svnkit-trilead-ssh2-0.0.9.pom (1.1 kB at 44 kB/s)
#11 21.56 Downloading from central: 
https://repo.maven.apache.org/maven2/com/trilead/trilead-ssh2/1.0.0-build217/trilead-ssh2-1.0.0-build217.pom
#11 21.59 Progress (1): 1.1 kB
                    
Downloaded from central: 
https://repo.maven.apache.org/maven2/com/trilead/trilead-ssh2/1.0.0-build217/trilead-ssh2-1.0.0-build217.pom (1.1 kB at 39 
kB/s)
#11 21.60 Downloading from central: https://repo.maven.apache.org/maven2/org/lz4/lz4-java/1.4.1/lz4-java-1.4.1.pom
#11 21.62 Progress (1): 850 B
Progress (1): 2.0 kB
                    
Downloaded from central: https://repo.maven.apache.org/maven2/org/lz4/lz4-java/1.4.1/lz4-java-1.4.1.pom (2.0 kB at 82 kB/s)
#11 21.63 Downloading from central: 
https://repo.maven.apache.org/maven2/org/codehaus/plexus/plexus-utils/4.0.1/plexus-utils-4.0.1.pom
#11 21.65 Progress (1): 765 B
Progress (1): 2.2 kB
Progress (1): 4.3 kB
Progress (1): 7.8 kB
                    
Downloaded from central: https://repo.maven.apache.org/maven2/org/codehaus/plexus/plexus-utils/4.0.1/plexus-utils-4.0.1.pom 
(7.8 kB at 270 kB/s)
#11 21.66 Downloading from central: https://repo.maven.apache.org/maven2/org/codehaus/plexus/plexus/17/plexus-17.pom
#11 21.69 Progress (1): 688 B
Progress (1): 2.5 kB
Progress (1): 6.4 kB
Progress (1): 8.8 kB
Progress (1): 11 kB 
Progress (1): 14 kB
Progress (1): 18 kB
Progress (1): 21 kB
Progress (1): 25 kB
Progress (1): 28 kB
                   
Downloaded from central: https://repo.maven.apache.org/maven2/org/codehaus/plexus/plexus/17/plexus-17.pom (28 kB at 909 kB/s)
#11 21.70 Downloading from central: 
https://repo.maven.apache.org/maven2/org/codehaus/plexus/plexus-xml/3.0.1/plexus-xml-3.0.1.pom
#11 21.72 Progress (1): 813 B
Progress (1): 2.6 kB
Progress (1): 3.7 kB
                    
Downloaded from central: https://repo.maven.apache.org/maven2/org/codehaus/plexus/plexus-xml/3.0.1/plexus-xml-3.0.1.pom (3.7 
kB at 142 kB/s)
#11 21.73 Downloading from central: https://repo.maven.apache.org/maven2/org/codehaus/plexus/plexus/18/plexus-18.pom
#11 21.75 Progress (1): 687 B
Progress (1): 2.5 kB
Progress (1): 6.4 kB
Progress (1): 8.8 kB
Progress (1): 10 kB 
Progress (1): 14 kB
Progress (1): 17 kB
Progress (1): 21 kB
Progress (1): 25 kB
Progress (1): 29 kB
Progress (1): 29 kB
                   
Downloaded from central: https://repo.maven.apache.org/maven2/org/codehaus/plexus/plexus/18/plexus-18.pom (29 kB at 1.0 MB/s)
#11 21.76 Downloading from central: 
https://repo.maven.apache.org/maven2/org/sonatype/plexus/plexus-sec-dispatcher/1.4/plexus-sec-dispatcher-1.4.pom
#11 21.78 Progress (1): 1.3 kB
Progress (1): 3.0 kB
                    
Downloaded from central: 
https://repo.maven.apache.org/maven2/org/sonatype/plexus/plexus-sec-dispatcher/1.4/plexus-sec-dispatcher-1.4.pom (3.0 kB at 
114 kB/s)
#11 21.79 Downloading from central: https://repo.maven.apache.org/maven2/com/google/code/gson/gson/2.11.0/gson-2.11.0.pom
#11 21.82 Progress (1): 719 B
Progress (1): 1.9 kB
Progress (1): 3.9 kB
Progress (1): 6.3 kB
Progress (1): 9.8 kB
Progress (1): 12 kB 
Progress (1): 12 kB
                   
Downloaded from central: https://repo.maven.apache.org/maven2/com/google/code/gson/gson/2.11.0/gson-2.11.0.pom (12 kB at 394 
kB/s)
#11 21.83 Downloading from central: 
https://repo.maven.apache.org/maven2/com/google/code/gson/gson-parent/2.11.0/gson-parent-2.11.0.pom
#11 21.85 Progress (1): 701 B
Progress (1): 1.9 kB
Progress (1): 3.9 kB
Progress (1): 5.6 kB
Progress (1): 7.2 kB
Progress (1): 9.0 kB
Progress (1): 10 kB 
Progress (1): 13 kB
Progress (1): 15 kB
Progress (1): 17 kB
Progress (1): 19 kB
Progress (1): 21 kB
Progress (1): 23 kB
Progress (1): 26 kB
                   
Downloaded from central: https://repo.maven.apache.org/maven2/com/google/code/gson/gson-parent/2.11.0/gson-parent-2.11.0.pom 
(26 kB at 897 kB/s)
#11 21.86 Downloading from central: 
https://repo.maven.apache.org/maven2/com/google/errorprone/error_prone_annotations/2.27.0/error_prone_annotations-2.27.0.pom
#11 21.89 Progress (1): 759 B
Progress (1): 2.8 kB
Progress (1): 4.3 kB
                    
Downloaded from central: 
https://repo.maven.apache.org/maven2/com/google/errorprone/error_prone_annotations/2.27.0/error_prone_annotations-2.27.0.pom 
(4.3 kB at 152 kB/s)
#11 21.89 Downloading from central: 
https://repo.maven.apache.org/maven2/com/google/errorprone/error_prone_parent/2.27.0/error_prone_parent-2.27.0.pom
#11 21.92 Progress (1): 720 B
Progress (1): 2.1 kB
Progress (1): 4.1 kB
Progress (1): 6.5 kB
Progress (1): 11 kB 
Progress (1): 13 kB
                   
Downloaded from central: 
https://repo.maven.apache.org/maven2/com/google/errorprone/error_prone_parent/2.27.0/error_prone_parent-2.27.0.pom (13 kB at 
469 kB/s)
#11 21.94 Downloading from central: 
https://repo.maven.apache.org/maven2/org/apache/maven/scm/maven-scm-api/2.1.0/maven-scm-api-2.1.0.jar
#11 21.96 Progress (1): 7.7/109 kB
Progress (1): 16/109 kB 
Progress (1): 32/109 kB
Progress (1): 49/109 kB
Progress (1): 65/109 kB
Progress (1): 81/109 kB
Progress (1): 98/109 kB
Progress (1): 109 kB   
                    
Downloaded from central: 
https://repo.maven.apache.org/maven2/org/apache/maven/scm/maven-scm-api/2.1.0/maven-scm-api-2.1.0.jar (109 kB at 3.0 MB/s)
#11 21.97 Downloading from central: https://repo.maven.apache.org/maven2/org/slf4j/slf4j-api/1.7.36/slf4j-api-1.7.36.jar
#11 21.97 Downloading from central: 
https://repo.maven.apache.org/maven2/org/apache/commons/commons-lang3/3.14.0/commons-lang3-3.14.0.jar
#11 21.98 Downloading from central: 
https://repo.maven.apache.org/maven2/org/apache/maven/scm/maven-scm-manager-plexus/2.1.0/maven-scm-manager-plexus-2.1.0.jar
#11 21.98 Downloading from central: 
https://repo.maven.apache.org/maven2/org/apache/maven/scm/maven-scm-provider-svnexe/2.1.0/maven-scm-provider-svnexe-2.1.0.jar
#11 21.98 Downloading from central: 
https://repo.maven.apache.org/maven2/org/apache/maven/scm/maven-scm-provider-gitexe/2.1.0/maven-scm-provider-gitexe-2.1.0.jar
#11 22.00 Progress (1): 7.7/41 kB
Progress (1): 16/41 kB 
Progress (1): 32/41 kB
Progress (2): 32/41 kB | 7.7/8.9 kB
Progress (2): 32/41 kB | 8.9 kB    
Progress (2): 41 kB | 8.9 kB   
                            
Downloaded from central: https://repo.maven.apache.org/maven2/org/slf4j/slf4j-api/1.7.36/slf4j-api-1.7.36.jar (41 kB at 1.2 
MB/s)
#11 22.01 Downloading from central: https://repo.maven.apache.org/maven2/commons-io/commons-io/2.16.1/commons-io-2.16.1.jar
#11 22.01 Downloaded from central: 
https://repo.maven.apache.org/maven2/org/apache/maven/scm/maven-scm-manager-plexus/2.1.0/maven-scm-manager-plexus-2.1.0.jar 
(8.9 kB at 279 kB/s)
#11 22.01 Downloading from central: 
https://repo.maven.apache.org/maven2/org/apache/commons/commons-text/1.11.0/commons-text-1.11.0.jar
#11 22.02 Progress (1): 7.7/75 kB
Progress (1): 12/75 kB 
Progress (1): 29/75 kB
Progress (1): 45/75 kB
Progress (1): 61/75 kB
Progress (2): 61/75 kB | 7.7/658 kB
Progress (2): 61/75 kB | 16/658 kB 
Progress (2): 75 kB | 16/658 kB   
Progress (2): 75 kB | 32/658 kB
Progress (2): 75 kB | 49/658 kB
Progress (3): 75 kB | 49/658 kB | 8.2/247 kB
Progress (3): 75 kB | 65/658 kB | 8.2/247 kB
Progress (3): 75 kB | 81/658 kB | 8.2/247 kB
                                            
Downloaded from central: 
https://repo.maven.apache.org/maven2/org/apache/maven/scm/maven-scm-provider-gitexe/2.1.0/maven-scm-provider-gitexe-2.1.0.jar 
(75 kB at 1.2 MB/s)
#11 22.04 Downloading from central: https://repo.maven.apache.org/maven2/org/apache/maven/scm/maven-scm-provider-git-commons/2
.1.0/maven-scm-provider-git-commons-2.1.0.jar
#11 22.04 Progress (2): 81/658 kB | 25/247 kB
Progress (2): 98/658 kB | 25/247 kB
Progress (2): 114/658 kB | 25/247 kB
Progress (2): 131/658 kB | 25/247 kB
Progress (2): 131/658 kB | 41/247 kB
Progress (2): 131/658 kB | 57/247 kB
Progress (2): 131/658 kB | 66/247 kB
Progress (2): 147/658 kB | 66/247 kB
Progress (2): 163/658 kB | 66/247 kB
Progress (3): 163/658 kB | 66/247 kB | 7.7/509 kB
Progress (3): 163/658 kB | 66/247 kB | 16/509 kB 
Progress (3): 180/658 kB | 66/247 kB | 16/509 kB
Progress (3): 180/658 kB | 82/247 kB | 16/509 kB
Progress (4): 180/658 kB | 82/247 kB | 16/509 kB | 7.7/84 kB
Progress (4): 180/658 kB | 82/247 kB | 16/509 kB | 16/84 kB 
Progress (4): 180/658 kB | 98/247 kB | 16/509 kB | 16/84 kB
Progress (4): 180/658 kB | 98/247 kB | 32/509 kB | 16/84 kB
Progress (4): 196/658 kB | 98/247 kB | 32/509 kB | 16/84 kB
Progress (4): 196/658 kB | 98/247 kB | 32/509 kB | 32/84 kB
Progress (4): 196/658 kB | 98/247 kB | 49/509 kB | 32/84 kB
Progress (4): 213/658 kB | 98/247 kB | 49/509 kB | 32/84 kB
Progress (4): 213/658 kB | 115/247 kB | 49/509 kB | 32/84 kB
Progress (4): 213/658 kB | 115/247 kB | 65/509 kB | 32/84 kB
Progress (4): 213/658 kB | 131/247 kB | 65/509 kB | 32/84 kB
Progress (4): 213/658 kB | 131/247 kB | 81/509 kB | 32/84 kB
Progress (4): 229/658 kB | 131/247 kB | 81/509 kB | 32/84 kB
Progress (4): 229/658 kB | 131/247 kB | 98/509 kB | 32/84 kB
Progress (4): 245/658 kB | 131/247 kB | 98/509 kB | 32/84 kB
Progress (4): 245/658 kB | 147/247 kB | 98/509 kB | 32/84 kB
Progress (5): 245/658 kB | 147/247 kB | 98/509 kB | 32/84 kB | 7.7/37 kB
Progress (5): 245/658 kB | 147/247 kB | 98/509 kB | 32/84 kB | 16/37 kB 
Progress (5): 245/658 kB | 147/247 kB | 98/509 kB | 32/84 kB | 32/37 kB
Progress (5): 262/658 kB | 147/247 kB | 98/509 kB | 32/84 kB | 32/37 kB
Progress (5): 262/658 kB | 147/247 kB | 98/509 kB | 32/84 kB | 37 kB   
Progress (5): 262/658 kB | 147/247 kB | 114/509 kB | 32/84 kB | 37 kB
Progress (5): 278/658 kB | 147/247 kB | 114/509 kB | 32/84 kB | 37 kB
                                                                     
Downloaded from central: https://repo.maven.apache.org/maven2/org/apache/maven/scm/maven-scm-provider-git-commons/2.1.0/maven-
scm-provider-git-commons-2.1.0.jar (37 kB at 326 kB/s)
#11 22.09 Downloading from central: https://repo.maven.apache.org/maven2/org/apache/maven/scm/maven-scm-provider-svn-commons/2
.1.0/maven-scm-provider-svn-commons-2.1.0.jar
#11 22.09 Progress (4): 278/658 kB | 164/247 kB | 114/509 kB | 32/84 kB
Progress (4): 278/658 kB | 180/247 kB | 114/509 kB | 32/84 kB
Progress (4): 278/658 kB | 180/247 kB | 131/509 kB | 32/84 kB
Progress (4): 278/658 kB | 197/247 kB | 131/509 kB | 32/84 kB
Progress (4): 278/658 kB | 200/247 kB | 131/509 kB | 32/84 kB
Progress (4): 294/658 kB | 200/247 kB | 131/509 kB | 32/84 kB
Progress (4): 311/658 kB | 200/247 kB | 131/509 kB | 32/84 kB
Progress (4): 311/658 kB | 200/247 kB | 147/509 kB | 32/84 kB
Progress (4): 327/658 kB | 200/247 kB | 147/509 kB | 32/84 kB
Progress (4): 344/658 kB | 200/247 kB | 147/509 kB | 32/84 kB
Progress (4): 360/658 kB | 200/247 kB | 147/509 kB | 32/84 kB
Progress (4): 360/658 kB | 200/247 kB | 163/509 kB | 32/84 kB
Progress (4): 376/658 kB | 200/247 kB | 163/509 kB | 32/84 kB
Progress (4): 376/658 kB | 200/247 kB | 180/509 kB | 32/84 kB
Progress (4): 393/658 kB | 200/247 kB | 180/509 kB | 32/84 kB
Progress (4): 393/658 kB | 200/247 kB | 196/509 kB | 32/84 kB
Progress (4): 393/658 kB | 200/247 kB | 213/509 kB | 32/84 kB
Progress (4): 393/658 kB | 200/247 kB | 229/509 kB | 32/84 kB
Progress (4): 409/658 kB | 200/247 kB | 229/509 kB | 32/84 kB
Progress (4): 409/658 kB | 200/247 kB | 245/509 kB | 32/84 kB
Progress (4): 409/658 kB | 200/247 kB | 262/509 kB | 32/84 kB
Progress (4): 426/658 kB | 200/247 kB | 262/509 kB | 32/84 kB
Progress (4): 442/658 kB | 200/247 kB | 262/509 kB | 32/84 kB
Progress (4): 442/658 kB | 200/247 kB | 278/509 kB | 32/84 kB
Progress (4): 458/658 kB | 200/247 kB | 278/509 kB | 32/84 kB
Progress (4): 458/658 kB | 200/247 kB | 294/509 kB | 32/84 kB
Progress (4): 475/658 kB | 200/247 kB | 294/509 kB | 32/84 kB
Progress (4): 491/658 kB | 200/247 kB | 294/509 kB | 32/84 kB
Progress (4): 491/658 kB | 200/247 kB | 311/509 kB | 32/84 kB
Progress (4): 491/658 kB | 217/247 kB | 311/509 kB | 32/84 kB
Progress (4): 491/658 kB | 217/247 kB | 327/509 kB | 32/84 kB
Progress (4): 507/658 kB | 217/247 kB | 327/509 kB | 32/84 kB
Progress (4): 507/658 kB | 217/247 kB | 344/509 kB | 32/84 kB
Progress (4): 524/658 kB | 217/247 kB | 344/509 kB | 32/84 kB
Progress (4): 540/658 kB | 217/247 kB | 344/509 kB | 32/84 kB
Progress (4): 557/658 kB | 217/247 kB | 344/509 kB | 32/84 kB
Progress (4): 557/658 kB | 217/247 kB | 360/509 kB | 32/84 kB
Progress (4): 573/658 kB | 217/247 kB | 360/509 kB | 32/84 kB
Progress (4): 589/658 kB | 217/247 kB | 360/509 kB | 32/84 kB
Progress (4): 606/658 kB | 217/247 kB | 360/509 kB | 32/84 kB
Progress (4): 606/658 kB | 217/247 kB | 376/509 kB | 32/84 kB
Progress (4): 606/658 kB | 217/247 kB | 393/509 kB | 32/84 kB
Progress (4): 622/658 kB | 217/247 kB | 393/509 kB | 32/84 kB
Progress (4): 622/658 kB | 217/247 kB | 409/509 kB | 32/84 kB
Progress (4): 622/658 kB | 217/247 kB | 426/509 kB | 32/84 kB
Progress (4): 622/658 kB | 233/247 kB | 426/509 kB | 32/84 kB
Progress (4): 622/658 kB | 233/247 kB | 442/509 kB | 32/84 kB
Progress (4): 639/658 kB | 233/247 kB | 442/509 kB | 32/84 kB
Progress (4): 639/658 kB | 233/247 kB | 458/509 kB | 32/84 kB
Progress (4): 655/658 kB | 233/247 kB | 458/509 kB | 32/84 kB
Progress (4): 658 kB | 233/247 kB | 458/509 kB | 32/84 kB    
Progress (4): 658 kB | 233/247 kB | 475/509 kB | 32/84 kB
Progress (4): 658 kB | 233/247 kB | 491/509 kB | 32/84 kB
                                                         
Downloaded from central: 
https://repo.maven.apache.org/maven2/org/apache/commons/commons-lang3/3.14.0/commons-lang3-3.14.0.jar (658 kB at 3.9 MB/s)
#11 22.14 Downloading from central: 
https://repo.maven.apache.org/maven2/org/apache/maven/scm/maven-scm-provider-hg/2.1.0/maven-scm-provider-hg-2.1.0.jar
#11 22.14 Progress (3): 233/247 kB | 507/509 kB | 32/84 kB
Progress (3): 233/247 kB | 509 kB | 32/84 kB    
Progress (3): 247 kB | 509 kB | 32/84 kB    
                                        
Downloaded from central: https://repo.maven.apache.org/maven2/commons-io/commons-io/2.16.1/commons-io-2.16.1.jar (509 kB at 
3.0 MB/s)
#11 22.15 Downloading from central: https://repo.maven.apache.org/maven2/com/google/code/maven-scm-provider-svnjava/maven-scm-
provider-svnjava/2.3.0/maven-scm-provider-svnjava-2.3.0.jar
#11 22.15 Progress (3): 247 kB | 32/84 kB | 7.7/40 kB
Progress (3): 247 kB | 32/84 kB | 16/40 kB 
Progress (3): 247 kB | 32/84 kB | 25/40 kB
Progress (3): 247 kB | 32/84 kB | 40 kB   
                                       
Downloaded from central: https://repo.maven.apache.org/maven2/org/apache/commons/commons-text/1.11.0/commons-text-1.11.0.jar 
(247 kB at 1.5 MB/s)
#11 22.15 Downloading from central: https://repo.maven.apache.org/maven2/net/java/dev/jna/jna/5.12.1/jna-5.12.1.jar
#11 22.15 Downloaded from central: https://repo.maven.apache.org/maven2/org/apache/maven/scm/maven-scm-provider-svn-commons/2.
1.0/maven-scm-provider-svn-commons-2.1.0.jar (40 kB at 236 kB/s)
#11 22.15 Downloading from central: https://repo.maven.apache.org/maven2/commons-lang/commons-lang/2.6/commons-lang-2.6.jar
#11 22.17 Progress (2): 32/84 kB | 16/67 kB
Progress (2): 32/84 kB | 25/67 kB
Progress (2): 32/84 kB | 41/67 kB
Progress (2): 32/84 kB | 57/67 kB
Progress (2): 32/84 kB | 67 kB   
                              
Downloaded from central: 
https://repo.maven.apache.org/maven2/org/apache/maven/scm/maven-scm-provider-hg/2.1.0/maven-scm-provider-hg-2.1.0.jar (67 kB 
at 345 kB/s)
#11 22.17 Downloading from central: 
https://repo.maven.apache.org/maven2/org/tmatesoft/svnkit/svnkit/1.10.11/svnkit-1.10.11.jar
#11 22.17 Progress (2): 32/84 kB | 0/1.9 MB
Progress (2): 32/84 kB | 0/1.9 MB
Progress (2): 32/84 kB | 0/1.9 MB
Progress (2): 32/84 kB | 0/1.9 MB
Progress (2): 32/84 kB | 0.1/1.9 MB
Progress (2): 32/84 kB | 0.1/1.9 MB
Progress (3): 32/84 kB | 0.1/1.9 MB | 4.1/69 kB
Progress (3): 32/84 kB | 0.1/1.9 MB | 12/69 kB 
Progress (3): 32/84 kB | 0.1/1.9 MB | 12/69 kB
Progress (3): 32/84 kB | 0.1/1.9 MB | 29/69 kB
Progress (3): 32/84 kB | 0.1/1.9 MB | 29/69 kB
Progress (3): 32/84 kB | 0.1/1.9 MB | 45/69 kB
Progress (3): 32/84 kB | 0.1/1.9 MB | 45/69 kB
Progress (3): 32/84 kB | 0.1/1.9 MB | 45/69 kB
Progress (3): 32/84 kB | 0.1/1.9 MB | 61/69 kB
Progress (3): 32/84 kB | 0.1/1.9 MB | 69 kB   
Progress (3): 32/84 kB | 0.2/1.9 MB | 69 kB
Progress (3): 32/84 kB | 0.2/1.9 MB | 69 kB
                                           
Downloaded from central: https://repo.maven.apache.org/maven2/com/google/code/maven-scm-provider-svnjava/maven-scm-provider-sv
njava/2.3.0/maven-scm-provider-svnjava-2.3.0.jar (69 kB at 315 kB/s)
#11 22.20 Progress (3): 32/84 kB | 0.2/1.9 MB | 7.7/284 kB
Progress (3): 32/84 kB | 0.2/1.9 MB | 16/284 kB 
                                               
Downloading from central: https://repo.maven.apache.org/maven2/org/apache/sshd/sshd-core/2.9.2/sshd-core-2.9.2.jar
#11 22.20 Progress (3): 32/84 kB | 0.2/1.9 MB | 16/284 kB
Progress (3): 32/84 kB | 0.2/1.9 MB | 16/284 kB
Progress (4): 32/84 kB | 0.2/1.9 MB | 16/284 kB | 0/4.3 MB
Progress (4): 32/84 kB | 0.2/1.9 MB | 16/284 kB | 0/4.3 MB
Progress (4): 32/84 kB | 0.2/1.9 MB | 16/284 kB | 0/4.3 MB
Progress (4): 32/84 kB | 0.2/1.9 MB | 16/284 kB | 0/4.3 MB
Progress (4): 32/84 kB | 0.2/1.9 MB | 32/284 kB | 0/4.3 MB
Progress (4): 32/84 kB | 0.2/1.9 MB | 49/284 kB | 0/4.3 MB
Progress (4): 32/84 kB | 0.2/1.9 MB | 49/284 kB | 0/4.3 MB
Progress (4): 32/84 kB | 0.2/1.9 MB | 65/284 kB | 0/4.3 MB
Progress (4): 32/84 kB | 0.3/1.9 MB | 65/284 kB | 0/4.3 MB
Progress (4): 32/84 kB | 0.3/1.9 MB | 65/284 kB | 0/4.3 MB
Progress (4): 32/84 kB | 0.3/1.9 MB | 65/284 kB | 0/4.3 MB
Progress (4): 32/84 kB | 0.3/1.9 MB | 81/284 kB | 0/4.3 MB
Progress (4): 32/84 kB | 0.3/1.9 MB | 81/284 kB | 0.1/4.3 MB
Progress (4): 32/84 kB | 0.3/1.9 MB | 98/284 kB | 0.1/4.3 MB
Progress (4): 32/84 kB | 0.3/1.9 MB | 98/284 kB | 0.1/4.3 MB
Progress (4): 32/84 kB | 0.3/1.9 MB | 98/284 kB | 0.1/4.3 MB
Progress (4): 32/84 kB | 0.3/1.9 MB | 114/284 kB | 0.1/4.3 MB
Progress (4): 32/84 kB | 0.3/1.9 MB | 114/284 kB | 0.1/4.3 MB
Progress (4): 32/84 kB | 0.3/1.9 MB | 114/284 kB | 0.1/4.3 MB
Progress (4): 32/84 kB | 0.3/1.9 MB | 114/284 kB | 0.1/4.3 MB
Progress (4): 32/84 kB | 0.3/1.9 MB | 131/284 kB | 0.1/4.3 MB
Progress (4): 49/84 kB | 0.3/1.9 MB | 131/284 kB | 0.1/4.3 MB
Progress (4): 49/84 kB | 0.3/1.9 MB | 147/284 kB | 0.1/4.3 MB
Progress (4): 49/84 kB | 0.3/1.9 MB | 147/284 kB | 0.1/4.3 MB
Progress (4): 49/84 kB | 0.3/1.9 MB | 163/284 kB | 0.1/4.3 MB
Progress (4): 49/84 kB | 0.3/1.9 MB | 163/284 kB | 0.1/4.3 MB
Progress (4): 49/84 kB | 0.3/1.9 MB | 163/284 kB | 0.1/4.3 MB
Progress (4): 49/84 kB | 0.3/1.9 MB | 180/284 kB | 0.1/4.3 MB
Progress (4): 49/84 kB | 0.3/1.9 MB | 196/284 kB | 0.1/4.3 MB
Progress (4): 49/84 kB | 0.3/1.9 MB | 196/284 kB | 0.1/4.3 MB
Progress (4): 49/84 kB | 0.4/1.9 MB | 196/284 kB | 0.1/4.3 MB
Progress (4): 49/84 kB | 0.4/1.9 MB | 196/284 kB | 0.2/4.3 MB
Progress (4): 49/84 kB | 0.4/1.9 MB | 196/284 kB | 0.2/4.3 MB
Progress (4): 49/84 kB | 0.4/1.9 MB | 196/284 kB | 0.2/4.3 MB
Progress (4): 49/84 kB | 0.4/1.9 MB | 213/284 kB | 0.2/4.3 MB
Progress (4): 49/84 kB | 0.4/1.9 MB | 213/284 kB | 0.2/4.3 MB
Progress (4): 49/84 kB | 0.4/1.9 MB | 213/284 kB | 0.2/4.3 MB
Progress (4): 49/84 kB | 0.4/1.9 MB | 213/284 kB | 0.2/4.3 MB
Progress (4): 49/84 kB | 0.4/1.9 MB | 213/284 kB | 0.2/4.3 MB
Progress (4): 49/84 kB | 0.4/1.9 MB | 213/284 kB | 0.2/4.3 MB
Progress (4): 49/84 kB | 0.4/1.9 MB | 213/284 kB | 0.2/4.3 MB
Progress (4): 49/84 kB | 0.4/1.9 MB | 229/284 kB | 0.2/4.3 MB
Progress (4): 49/84 kB | 0.4/1.9 MB | 229/284 kB | 0.3/4.3 MB
Progress (4): 49/84 kB | 0.4/1.9 MB | 229/284 kB | 0.3/4.3 MB
Progress (4): 49/84 kB | 0.4/1.9 MB | 229/284 kB | 0.3/4.3 MB
Progress (4): 49/84 kB | 0.4/1.9 MB | 245/284 kB | 0.3/4.3 MB
Progress (4): 49/84 kB | 0.4/1.9 MB | 245/284 kB | 0.3/4.3 MB
Progress (4): 49/84 kB | 0.5/1.9 MB | 245/284 kB | 0.3/4.3 MB
Progress (4): 49/84 kB | 0.5/1.9 MB | 245/284 kB | 0.3/4.3 MB
Progress (4): 49/84 kB | 0.5/1.9 MB | 245/284 kB | 0.3/4.3 MB
Progress (4): 49/84 kB | 0.5/1.9 MB | 262/284 kB | 0.3/4.3 MB
Progress (4): 49/84 kB | 0.5/1.9 MB | 262/284 kB | 0.3/4.3 MB
Progress (4): 49/84 kB | 0.5/1.9 MB | 262/284 kB | 0.3/4.3 MB
Progress (4): 49/84 kB | 0.5/1.9 MB | 262/284 kB | 0.3/4.3 MB
Progress (4): 49/84 kB | 0.5/1.9 MB | 262/284 kB | 0.4/4.3 MB
Progress (4): 49/84 kB | 0.5/1.9 MB | 278/284 kB | 0.4/4.3 MB
Progress (4): 49/84 kB | 0.5/1.9 MB | 278/284 kB | 0.4/4.3 MB
Progress (4): 49/84 kB | 0.5/1.9 MB | 278/284 kB | 0.4/4.3 MB
Progress (4): 49/84 kB | 0.5/1.9 MB | 278/284 kB | 0.4/4.3 MB
Progress (4): 49/84 kB | 0.5/1.9 MB | 284 kB | 0.4/4.3 MB    
Progress (4): 49/84 kB | 0.5/1.9 MB | 284 kB | 0.4/4.3 MB
Progress (4): 49/84 kB | 0.5/1.9 MB | 284 kB | 0.4/4.3 MB
                                                         
Downloaded from central: https://repo.maven.apache.org/maven2/commons-lang/commons-lang/2.6/commons-lang-2.6.jar (284 kB at 
970 kB/s)
#11 22.27 Downloading from central: 
https://repo.maven.apache.org/maven2/org/slf4j/jcl-over-slf4j/1.7.32/jcl-over-slf4j-1.7.32.jar
#11 22.27 Progress (3): 49/84 kB | 0.5/1.9 MB | 0.4/4.3 MB
Progress (3): 49/84 kB | 0.5/1.9 MB | 0.4/4.3 MB
Progress (3): 49/84 kB | 0.5/1.9 MB | 0.4/4.3 MB
Progress (3): 49/84 kB | 0.5/1.9 MB | 0.5/4.3 MB
Progress (3): 49/84 kB | 0.5/1.9 MB | 0.5/4.3 MB
Progress (3): 49/84 kB | 0.5/1.9 MB | 0.5/4.3 MB
Progress (3): 49/84 kB | 0.5/1.9 MB | 0.5/4.3 MB
Progress (3): 49/84 kB | 0.5/1.9 MB | 0.5/4.3 MB
Progress (3): 49/84 kB | 0.5/1.9 MB | 0.5/4.3 MB
Progress (3): 49/84 kB | 0.5/1.9 MB | 0.5/4.3 MB
Progress (3): 49/84 kB | 0.6/1.9 MB | 0.5/4.3 MB
Progress (3): 49/84 kB | 0.6/1.9 MB | 0.5/4.3 MB
Progress (3): 49/84 kB | 0.6/1.9 MB | 0.6/4.3 MB
Progress (3): 49/84 kB | 0.6/1.9 MB | 0.6/4.3 MB
Progress (3): 49/84 kB | 0.6/1.9 MB | 0.6/4.3 MB
Progress (3): 49/84 kB | 0.6/1.9 MB | 0.6/4.3 MB
Progress (3): 49/84 kB | 0.6/1.9 MB | 0.6/4.3 MB
Progress (3): 49/84 kB | 0.6/1.9 MB | 0.6/4.3 MB
Progress (3): 49/84 kB | 0.6/1.9 MB | 0.6/4.3 MB
Progress (3): 49/84 kB | 0.6/1.9 MB | 0.6/4.3 MB
Progress (3): 49/84 kB | 0.6/1.9 MB | 0.6/4.3 MB
Progress (3): 49/84 kB | 0.6/1.9 MB | 0.7/4.3 MB
Progress (3): 49/84 kB | 0.6/1.9 MB | 0.7/4.3 MB
Progress (3): 49/84 kB | 0.6/1.9 MB | 0.7/4.3 MB
Progress (3): 49/84 kB | 0.6/1.9 MB | 0.7/4.3 MB
Progress (3): 49/84 kB | 0.6/1.9 MB | 0.7/4.3 MB
Progress (3): 49/84 kB | 0.6/1.9 MB | 0.7/4.3 MB
Progress (3): 49/84 kB | 0.6/1.9 MB | 0.7/4.3 MB
Progress (3): 49/84 kB | 0.7/1.9 MB | 0.7/4.3 MB
Progress (3): 49/84 kB | 0.7/1.9 MB | 0.7/4.3 MB
Progress (3): 49/84 kB | 0.7/1.9 MB | 0.7/4.3 MB
Progress (3): 49/84 kB | 0.7/1.9 MB | 0.8/4.3 MB
Progress (4): 49/84 kB | 0.7/1.9 MB | 0.8/4.3 MB | 7.7/950 kB
Progress (4): 49/84 kB | 0.7/1.9 MB | 0.8/4.3 MB | 7.7/950 kB
Progress (4): 49/84 kB | 0.7/1.9 MB | 0.8/4.3 MB | 16/950 kB 
Progress (4): 49/84 kB | 0.7/1.9 MB | 0.8/4.3 MB | 16/950 kB
Progress (4): 49/84 kB | 0.7/1.9 MB | 0.8/4.3 MB | 32/950 kB
Progress (4): 49/84 kB | 0.7/1.9 MB | 0.8/4.3 MB | 32/950 kB
Progress (4): 49/84 kB | 0.7/1.9 MB | 0.8/4.3 MB | 32/950 kB
Progress (4): 49/84 kB | 0.7/1.9 MB | 0.8/4.3 MB | 32/950 kB
Progress (4): 49/84 kB | 0.7/1.9 MB | 0.8/4.3 MB | 32/950 kB
Progress (4): 49/84 kB | 0.7/1.9 MB | 0.8/4.3 MB | 32/950 kB
Progress (4): 49/84 kB | 0.7/1.9 MB | 0.8/4.3 MB | 49/950 kB
Progress (4): 49/84 kB | 0.7/1.9 MB | 0.8/4.3 MB | 49/950 kB
Progress (4): 49/84 kB | 0.7/1.9 MB | 0.8/4.3 MB | 49/950 kB
Progress (4): 49/84 kB | 0.7/1.9 MB | 0.8/4.3 MB | 49/950 kB
Progress (4): 49/84 kB | 0.8/1.9 MB | 0.8/4.3 MB | 49/950 kB
Progress (4): 49/84 kB | 0.8/1.9 MB | 0.8/4.3 MB | 65/950 kB
Progress (4): 49/84 kB | 0.8/1.9 MB | 0.9/4.3 MB | 65/950 kB
Progress (4): 49/84 kB | 0.8/1.9 MB | 0.9/4.3 MB | 65/950 kB
Progress (4): 49/84 kB | 0.8/1.9 MB | 0.9/4.3 MB | 81/950 kB
Progress (4): 49/84 kB | 0.8/1.9 MB | 0.9/4.3 MB | 81/950 kB
Progress (4): 49/84 kB | 0.8/1.9 MB | 0.9/4.3 MB | 98/950 kB
Progress (4): 49/84 kB | 0.8/1.9 MB | 0.9/4.3 MB | 98/950 kB
Progress (5): 49/84 kB | 0.8/1.9 MB | 0.9/4.3 MB | 98/950 kB | 7.7/17 kB
Progress (5): 49/84 kB | 0.8/1.9 MB | 0.9/4.3 MB | 98/950 kB | 16/17 kB 
Progress (5): 49/84 kB | 0.8/1.9 MB | 0.9/4.3 MB | 98/950 kB | 17 kB   
Progress (5): 49/84 kB | 0.8/1.9 MB | 0.9/4.3 MB | 114/950 kB | 17 kB
Progress (5): 49/84 kB | 0.8/1.9 MB | 0.9/4.3 MB | 114/950 kB | 17 kB
                                                                     
Downloaded from central: https://repo.maven.apache.org/maven2/org/slf4j/jcl-over-slf4j/1.7.32/jcl-over-slf4j-1.7.32.jar (17 
kB at 47 kB/s)
#11 22.33 Downloading from central: 
https://repo.maven.apache.org/maven2/org/apache/sshd/sshd-common/2.9.2/sshd-common-2.9.2.jar
#11 22.33 Progress (4): 49/84 kB | 0.8/1.9 MB | 0.9/4.3 MB | 131/950 kB
Progress (4): 49/84 kB | 0.8/1.9 MB | 0.9/4.3 MB | 131/950 kB
Progress (4): 49/84 kB | 0.8/1.9 MB | 0.9/4.3 MB | 131/950 kB
Progress (4): 49/84 kB | 0.8/1.9 MB | 0.9/4.3 MB | 147/950 kB
Progress (4): 49/84 kB | 0.8/1.9 MB | 0.9/4.3 MB | 147/950 kB
Progress (4): 49/84 kB | 0.8/1.9 MB | 0.9/4.3 MB | 147/950 kB
Progress (4): 49/84 kB | 0.8/1.9 MB | 0.9/4.3 MB | 147/950 kB
Progress (4): 49/84 kB | 0.8/1.9 MB | 0.9/4.3 MB | 163/950 kB
Progress (4): 49/84 kB | 0.9/1.9 MB | 0.9/4.3 MB | 163/950 kB
Progress (4): 49/84 kB | 0.9/1.9 MB | 0.9/4.3 MB | 163/950 kB
Progress (4): 49/84 kB | 0.9/1.9 MB | 0.9/4.3 MB | 163/950 kB
Progress (4): 49/84 kB | 0.9/1.9 MB | 1.0/4.3 MB | 163/950 kB
Progress (4): 49/84 kB | 0.9/1.9 MB | 1.0/4.3 MB | 163/950 kB
Progress (4): 49/84 kB | 0.9/1.9 MB | 1.0/4.3 MB | 180/950 kB
Progress (4): 49/84 kB | 0.9/1.9 MB | 1.0/4.3 MB | 180/950 kB
Progress (4): 49/84 kB | 0.9/1.9 MB | 1.0/4.3 MB | 196/950 kB
Progress (4): 49/84 kB | 0.9/1.9 MB | 1.0/4.3 MB | 196/950 kB
Progress (4): 49/84 kB | 0.9/1.9 MB | 1.0/4.3 MB | 213/950 kB
Progress (4): 49/84 kB | 0.9/1.9 MB | 1.0/4.3 MB | 213/950 kB
Progress (4): 49/84 kB | 0.9/1.9 MB | 1.0/4.3 MB | 213/950 kB
Progress (4): 49/84 kB | 0.9/1.9 MB | 1.0/4.3 MB | 213/950 kB
Progress (4): 49/84 kB | 0.9/1.9 MB | 1.0/4.3 MB | 229/950 kB
Progress (4): 49/84 kB | 0.9/1.9 MB | 1.0/4.3 MB | 229/950 kB
Progress (4): 49/84 kB | 0.9/1.9 MB | 1.0/4.3 MB | 245/950 kB
Progress (4): 49/84 kB | 0.9/1.9 MB | 1.0/4.3 MB | 245/950 kB
Progress (4): 49/84 kB | 0.9/1.9 MB | 1.0/4.3 MB | 245/950 kB
Progress (4): 49/84 kB | 0.9/1.9 MB | 1.0/4.3 MB | 245/950 kB
Progress (4): 49/84 kB | 0.9/1.9 MB | 1.0/4.3 MB | 262/950 kB
Progress (4): 49/84 kB | 1.0/1.9 MB | 1.0/4.3 MB | 262/950 kB
Progress (4): 49/84 kB | 1.0/1.9 MB | 1.0/4.3 MB | 262/950 kB
Progress (4): 49/84 kB | 1.0/1.9 MB | 1.0/4.3 MB | 278/950 kB
Progress (4): 49/84 kB | 1.0/1.9 MB | 1.1/4.3 MB | 278/950 kB
Progress (4): 49/84 kB | 1.0/1.9 MB | 1.1/4.3 MB | 278/950 kB
Progress (4): 49/84 kB | 1.0/1.9 MB | 1.1/4.3 MB | 278/950 kB
Progress (4): 49/84 kB | 1.0/1.9 MB | 1.1/4.3 MB | 294/950 kB
Progress (4): 49/84 kB | 1.0/1.9 MB | 1.1/4.3 MB | 294/950 kB
Progress (4): 49/84 kB | 1.0/1.9 MB | 1.1/4.3 MB | 294/950 kB
Progress (4): 49/84 kB | 1.0/1.9 MB | 1.1/4.3 MB | 294/950 kB
Progress (4): 49/84 kB | 1.0/1.9 MB | 1.1/4.3 MB | 294/950 kB
Progress (4): 49/84 kB | 1.0/1.9 MB | 1.1/4.3 MB | 294/950 kB
Progress (4): 49/84 kB | 1.0/1.9 MB | 1.1/4.3 MB | 311/950 kB
Progress (4): 49/84 kB | 1.0/1.9 MB | 1.1/4.3 MB | 311/950 kB
Progress (4): 49/84 kB | 1.0/1.9 MB | 1.1/4.3 MB | 311/950 kB
Progress (4): 49/84 kB | 1.0/1.9 MB | 1.1/4.3 MB | 327/950 kB
Progress (4): 49/84 kB | 1.0/1.9 MB | 1.1/4.3 MB | 344/950 kB
Progress (4): 49/84 kB | 1.1/1.9 MB | 1.1/4.3 MB | 344/950 kB
Progress (4): 49/84 kB | 1.1/1.9 MB | 1.1/4.3 MB | 344/950 kB
Progress (4): 49/84 kB | 1.1/1.9 MB | 1.1/4.3 MB | 360/950 kB
Progress (4): 49/84 kB | 1.1/1.9 MB | 1.1/4.3 MB | 360/950 kB
Progress (4): 49/84 kB | 1.1/1.9 MB | 1.1/4.3 MB | 360/950 kB
Progress (4): 49/84 kB | 1.1/1.9 MB | 1.1/4.3 MB | 376/950 kB
Progress (4): 49/84 kB | 1.1/1.9 MB | 1.2/4.3 MB | 376/950 kB
Progress (4): 49/84 kB | 1.1/1.9 MB | 1.2/4.3 MB | 393/950 kB
Progress (4): 49/84 kB | 1.1/1.9 MB | 1.2/4.3 MB | 393/950 kB
Progress (4): 49/84 kB | 1.1/1.9 MB | 1.2/4.3 MB | 393/950 kB
Progress (4): 49/84 kB | 1.1/1.9 MB | 1.2/4.3 MB | 393/950 kB
Progress (4): 49/84 kB | 1.1/1.9 MB | 1.2/4.3 MB | 409/950 kB
Progress (4): 49/84 kB | 1.1/1.9 MB | 1.2/4.3 MB | 426/950 kB
Progress (4): 49/84 kB | 1.1/1.9 MB | 1.2/4.3 MB | 426/950 kB
Progress (4): 49/84 kB | 1.1/1.9 MB | 1.2/4.3 MB | 426/950 kB
Progress (4): 49/84 kB | 1.1/1.9 MB | 1.2/4.3 MB | 426/950 kB
Progress (4): 49/84 kB | 1.1/1.9 MB | 1.2/4.3 MB | 442/950 kB
Progress (5): 49/84 kB | 1.1/1.9 MB | 1.2/4.3 MB | 442/950 kB | 8.2/945 kB
Progress (5): 49/84 kB | 1.1/1.9 MB | 1.2/4.3 MB | 458/950 kB | 8.2/945 kB
Progress (5): 49/84 kB | 1.1/1.9 MB | 1.2/4.3 MB | 458/950 kB | 8.2/945 kB
Progress (5): 49/84 kB | 1.2/1.9 MB | 1.2/4.3 MB | 458/950 kB | 8.2/945 kB
Progress (5): 49/84 kB | 1.2/1.9 MB | 1.2/4.3 MB | 458/950 kB | 8.2/945 kB
Progress (5): 49/84 kB | 1.2/1.9 MB | 1.2/4.3 MB | 475/950 kB | 8.2/945 kB
Progress (5): 49/84 kB | 1.2/1.9 MB | 1.3/4.3 MB | 475/950 kB | 8.2/945 kB
Progress (5): 49/84 kB | 1.2/1.9 MB | 1.3/4.3 MB | 475/950 kB | 8.2/945 kB
Progress (5): 49/84 kB | 1.2/1.9 MB | 1.3/4.3 MB | 491/950 kB | 8.2/945 kB
Progress (5): 49/84 kB | 1.2/1.9 MB | 1.3/4.3 MB | 491/950 kB | 8.2/945 kB
Progress (5): 49/84 kB | 1.2/1.9 MB | 1.3/4.3 MB | 491/950 kB | 8.2/945 kB
Progress (5): 49/84 kB | 1.2/1.9 MB | 1.3/4.3 MB | 491/950 kB | 25/945 kB 
Progress (5): 49/84 kB | 1.2/1.9 MB | 1.3/4.3 MB | 507/950 kB | 25/945 kB
Progress (5): 49/84 kB | 1.2/1.9 MB | 1.3/4.3 MB | 524/950 kB | 25/945 kB
Progress (5): 49/84 kB | 1.2/1.9 MB | 1.3/4.3 MB | 524/950 kB | 25/945 kB
Progress (5): 49/84 kB | 1.2/1.9 MB | 1.3/4.3 MB | 524/950 kB | 25/945 kB
Progress (5): 49/84 kB | 1.2/1.9 MB | 1.3/4.3 MB | 540/950 kB | 25/945 kB
Progress (5): 49/84 kB | 1.2/1.9 MB | 1.3/4.3 MB | 540/950 kB | 41/945 kB
Progress (5): 49/84 kB | 1.2/1.9 MB | 1.3/4.3 MB | 540/950 kB | 41/945 kB
Progress (5): 49/84 kB | 1.2/1.9 MB | 1.3/4.3 MB | 540/950 kB | 57/945 kB
Progress (5): 49/84 kB | 1.2/1.9 MB | 1.3/4.3 MB | 540/950 kB | 57/945 kB
Progress (5): 49/84 kB | 1.2/1.9 MB | 1.3/4.3 MB | 540/950 kB | 57/945 kB
Progress (5): 49/84 kB | 1.2/1.9 MB | 1.3/4.3 MB | 540/950 kB | 57/945 kB
Progress (5): 49/84 kB | 1.2/1.9 MB | 1.3/4.3 MB | 540/950 kB | 57/945 kB
Progress (5): 49/84 kB | 1.2/1.9 MB | 1.3/4.3 MB | 557/950 kB | 57/945 kB
Progress (5): 49/84 kB | 1.2/1.9 MB | 1.3/4.3 MB | 573/950 kB | 57/945 kB
Progress (5): 49/84 kB | 1.2/1.9 MB | 1.3/4.3 MB | 589/950 kB | 57/945 kB
Progress (5): 49/84 kB | 1.2/1.9 MB | 1.4/4.3 MB | 589/950 kB | 57/945 kB
Progress (5): 49/84 kB | 1.2/1.9 MB | 1.4/4.3 MB | 606/950 kB | 57/945 kB
Progress (5): 49/84 kB | 1.3/1.9 MB | 1.4/4.3 MB | 606/950 kB | 57/945 kB
Progress (5): 49/84 kB | 1.3/1.9 MB | 1.4/4.3 MB | 622/950 kB | 57/945 kB
Progress (5): 49/84 kB | 1.3/1.9 MB | 1.4/4.3 MB | 622/950 kB | 57/945 kB
Progress (5): 49/84 kB | 1.3/1.9 MB | 1.4/4.3 MB | 622/950 kB | 74/945 kB
Progress (5): 49/84 kB | 1.3/1.9 MB | 1.4/4.3 MB | 639/950 kB | 74/945 kB
Progress (5): 49/84 kB | 1.3/1.9 MB | 1.4/4.3 MB | 639/950 kB | 82/945 kB
Progress (5): 49/84 kB | 1.3/1.9 MB | 1.4/4.3 MB | 639/950 kB | 82/945 kB
Progress (5): 49/84 kB | 1.3/1.9 MB | 1.4/4.3 MB | 655/950 kB | 82/945 kB
Progress (5): 49/84 kB | 1.3/1.9 MB | 1.4/4.3 MB | 655/950 kB | 82/945 kB
Progress (5): 49/84 kB | 1.3/1.9 MB | 1.4/4.3 MB | 655/950 kB | 82/945 kB
Progress (5): 49/84 kB | 1.3/1.9 MB | 1.4/4.3 MB | 655/950 kB | 82/945 kB
Progress (5): 49/84 kB | 1.3/1.9 MB | 1.4/4.3 MB | 655/950 kB | 82/945 kB
Progress (5): 49/84 kB | 1.3/1.9 MB | 1.4/4.3 MB | 655/950 kB | 82/945 kB
Progress (5): 49/84 kB | 1.3/1.9 MB | 1.4/4.3 MB | 671/950 kB | 82/945 kB
Progress (5): 49/84 kB | 1.3/1.9 MB | 1.4/4.3 MB | 671/950 kB | 98/945 kB
Progress (5): 49/84 kB | 1.3/1.9 MB | 1.4/4.3 MB | 671/950 kB | 98/945 kB
Progress (5): 49/84 kB | 1.3/1.9 MB | 1.4/4.3 MB | 688/950 kB | 98/945 kB
Progress (5): 49/84 kB | 1.3/1.9 MB | 1.4/4.3 MB | 688/950 kB | 98/945 kB
Progress (5): 49/84 kB | 1.3/1.9 MB | 1.4/4.3 MB | 688/950 kB | 115/945 kB
Progress (5): 49/84 kB | 1.3/1.9 MB | 1.4/4.3 MB | 688/950 kB | 115/945 kB
Progress (5): 49/84 kB | 1.3/1.9 MB | 1.5/4.3 MB | 688/950 kB | 115/945 kB
Progress (5): 49/84 kB | 1.4/1.9 MB | 1.5/4.3 MB | 688/950 kB | 115/945 kB
Progress (5): 49/84 kB | 1.4/1.9 MB | 1.5/4.3 MB | 704/950 kB | 115/945 kB
Progress (5): 49/84 kB | 1.4/1.9 MB | 1.5/4.3 MB | 704/950 kB | 131/945 kB
Progress (5): 49/84 kB | 1.4/1.9 MB | 1.5/4.3 MB | 704/950 kB | 131/945 kB
Progress (5): 49/84 kB | 1.4/1.9 MB | 1.5/4.3 MB | 720/950 kB | 131/945 kB
Progress (5): 49/84 kB | 1.4/1.9 MB | 1.5/4.3 MB | 720/950 kB | 147/945 kB
Progress (5): 49/84 kB | 1.4/1.9 MB | 1.5/4.3 MB | 720/950 kB | 156/945 kB
Progress (5): 49/84 kB | 1.4/1.9 MB | 1.5/4.3 MB | 720/950 kB | 156/945 kB
Progress (5): 49/84 kB | 1.4/1.9 MB | 1.5/4.3 MB | 720/950 kB | 156/945 kB
Progress (5): 49/84 kB | 1.4/1.9 MB | 1.5/4.3 MB | 720/950 kB | 156/945 kB
Progress (5): 49/84 kB | 1.4/1.9 MB | 1.5/4.3 MB | 720/950 kB | 156/945 kB
Progress (5): 49/84 kB | 1.4/1.9 MB | 1.5/4.3 MB | 720/950 kB | 156/945 kB
Progress (5): 49/84 kB | 1.4/1.9 MB | 1.5/4.3 MB | 737/950 kB | 156/945 kB
Progress (5): 49/84 kB | 1.4/1.9 MB | 1.5/4.3 MB | 753/950 kB | 156/945 kB
Progress (5): 49/84 kB | 1.4/1.9 MB | 1.5/4.3 MB | 770/950 kB | 156/945 kB
Progress (5): 49/84 kB | 1.4/1.9 MB | 1.5/4.3 MB | 770/950 kB | 172/945 kB
Progress (5): 49/84 kB | 1.4/1.9 MB | 1.5/4.3 MB | 770/950 kB | 172/945 kB
Progress (5): 49/84 kB | 1.4/1.9 MB | 1.5/4.3 MB | 770/950 kB | 172/945 kB
Progress (5): 49/84 kB | 1.4/1.9 MB | 1.5/4.3 MB | 770/950 kB | 188/945 kB
Progress (5): 49/84 kB | 1.4/1.9 MB | 1.5/4.3 MB | 770/950 kB | 205/945 kB
Progress (5): 49/84 kB | 1.4/1.9 MB | 1.5/4.3 MB | 770/950 kB | 221/945 kB
Progress (5): 49/84 kB | 1.4/1.9 MB | 1.5/4.3 MB | 770/950 kB | 221/945 kB
Progress (5): 49/84 kB | 1.4/1.9 MB | 1.5/4.3 MB | 770/950 kB | 229/945 kB
Progress (5): 49/84 kB | 1.4/1.9 MB | 1.5/4.3 MB | 786/950 kB | 229/945 kB
Progress (5): 49/84 kB | 1.4/1.9 MB | 1.6/4.3 MB | 786/950 kB | 229/945 kB
Progress (5): 49/84 kB | 1.4/1.9 MB | 1.6/4.3 MB | 786/950 kB | 229/945 kB
Progress (5): 49/84 kB | 1.5/1.9 MB | 1.6/4.3 MB | 786/950 kB | 229/945 kB
Progress (5): 49/84 kB | 1.5/1.9 MB | 1.6/4.3 MB | 786/950 kB | 246/945 kB
Progress (5): 49/84 kB | 1.5/1.9 MB | 1.6/4.3 MB | 786/950 kB | 262/945 kB
Progress (5): 49/84 kB | 1.5/1.9 MB | 1.6/4.3 MB | 786/950 kB | 262/945 kB
Progress (5): 49/84 kB | 1.5/1.9 MB | 1.6/4.3 MB | 802/950 kB | 262/945 kB
Progress (5): 49/84 kB | 1.5/1.9 MB | 1.6/4.3 MB | 802/950 kB | 279/945 kB
Progress (5): 49/84 kB | 1.5/1.9 MB | 1.6/4.3 MB | 802/950 kB | 279/945 kB
Progress (5): 49/84 kB | 1.5/1.9 MB | 1.6/4.3 MB | 802/950 kB | 279/945 kB
Progress (5): 49/84 kB | 1.5/1.9 MB | 1.6/4.3 MB | 802/950 kB | 279/945 kB
Progress (5): 49/84 kB | 1.5/1.9 MB | 1.6/4.3 MB | 819/950 kB | 279/945 kB
Progress (5): 49/84 kB | 1.5/1.9 MB | 1.6/4.3 MB | 819/950 kB | 279/945 kB
Progress (5): 49/84 kB | 1.5/1.9 MB | 1.6/4.3 MB | 835/950 kB | 279/945 kB
Progress (5): 49/84 kB | 1.5/1.9 MB | 1.6/4.3 MB | 835/950 kB | 295/945 kB
Progress (5): 49/84 kB | 1.5/1.9 MB | 1.6/4.3 MB | 835/950 kB | 295/945 kB
Progress (5): 49/84 kB | 1.5/1.9 MB | 1.6/4.3 MB | 851/950 kB | 295/945 kB
Progress (5): 49/84 kB | 1.5/1.9 MB | 1.6/4.3 MB | 851/950 kB | 311/945 kB
Progress (5): 49/84 kB | 1.5/1.9 MB | 1.6/4.3 MB | 851/950 kB | 328/945 kB
Progress (5): 49/84 kB | 1.5/1.9 MB | 1.6/4.3 MB | 851/950 kB | 328/945 kB
Progress (5): 49/84 kB | 1.5/1.9 MB | 1.6/4.3 MB | 868/950 kB | 328/945 kB
Progress (5): 49/84 kB | 1.5/1.9 MB | 1.6/4.3 MB | 868/950 kB | 328/945 kB
Progress (5): 49/84 kB | 1.5/1.9 MB | 1.6/4.3 MB | 884/950 kB | 328/945 kB
Progress (5): 49/84 kB | 1.5/1.9 MB | 1.6/4.3 MB | 884/950 kB | 344/945 kB
Progress (5): 49/84 kB | 1.5/1.9 MB | 1.7/4.3 MB | 884/950 kB | 344/945 kB
Progress (5): 49/84 kB | 1.5/1.9 MB | 1.7/4.3 MB | 884/950 kB | 352/945 kB
Progress (5): 49/84 kB | 1.5/1.9 MB | 1.7/4.3 MB | 884/950 kB | 352/945 kB
Progress (5): 49/84 kB | 1.5/1.9 MB | 1.7/4.3 MB | 884/950 kB | 352/945 kB
Progress (5): 49/84 kB | 1.5/1.9 MB | 1.7/4.3 MB | 901/950 kB | 352/945 kB
Progress (5): 49/84 kB | 1.5/1.9 MB | 1.7/4.3 MB | 901/950 kB | 352/945 kB
Progress (5): 49/84 kB | 1.5/1.9 MB | 1.7/4.3 MB | 901/950 kB | 369/945 kB
Progress (5): 49/84 kB | 1.5/1.9 MB | 1.7/4.3 MB | 901/950 kB | 369/945 kB
Progress (5): 49/84 kB | 1.5/1.9 MB | 1.7/4.3 MB | 901/950 kB | 369/945 kB
Progress (5): 49/84 kB | 1.5/1.9 MB | 1.7/4.3 MB | 917/950 kB | 369/945 kB
Progress (5): 49/84 kB | 1.5/1.9 MB | 1.7/4.3 MB | 917/950 kB | 377/945 kB
Progress (5): 49/84 kB | 1.5/1.9 MB | 1.7/4.3 MB | 933/950 kB | 377/945 kB
Progress (5): 49/84 kB | 1.5/1.9 MB | 1.7/4.3 MB | 933/950 kB | 377/945 kB
Progress (5): 49/84 kB | 1.5/1.9 MB | 1.7/4.3 MB | 933/950 kB | 377/945 kB
Progress (5): 49/84 kB | 1.5/1.9 MB | 1.7/4.3 MB | 933/950 kB | 377/945 kB
Progress (5): 49/84 kB | 1.5/1.9 MB | 1.7/4.3 MB | 933/950 kB | 393/945 kB
Progress (5): 49/84 kB | 1.6/1.9 MB | 1.7/4.3 MB | 933/950 kB | 393/945 kB
Progress (5): 49/84 kB | 1.6/1.9 MB | 1.7/4.3 MB | 933/950 kB | 410/945 kB
Progress (5): 49/84 kB | 1.6/1.9 MB | 1.8/4.3 MB | 933/950 kB | 410/945 kB
Progress (5): 49/84 kB | 1.6/1.9 MB | 1.8/4.3 MB | 950 kB | 410/945 kB    
Progress (5): 49/84 kB | 1.6/1.9 MB | 1.8/4.3 MB | 950 kB | 410/945 kB
Progress (5): 49/84 kB | 1.6/1.9 MB | 1.8/4.3 MB | 950 kB | 410/945 kB
Progress (5): 49/84 kB | 1.6/1.9 MB | 1.8/4.3 MB | 950 kB | 426/945 kB
Progress (5): 49/84 kB | 1.6/1.9 MB | 1.8/4.3 MB | 950 kB | 426/945 kB
                                                                      
Downloaded from central: https://repo.maven.apache.org/maven2/org/apache/sshd/sshd-core/2.9.2/sshd-core-2.9.2.jar (950 kB at 
1.7 MB/s)
#11 22.52 Downloading from central: https://repo.maven.apache.org/maven2/net/i2p/crypto/eddsa/0.3.0/eddsa-0.3.0.jar
#11 22.52 Progress (4): 49/84 kB | 1.6/1.9 MB | 1.8/4.3 MB | 426/945 kB
Progress (4): 49/84 kB | 1.6/1.9 MB | 1.8/4.3 MB | 426/945 kB
Progress (4): 49/84 kB | 1.6/1.9 MB | 1.8/4.3 MB | 442/945 kB
Progress (4): 49/84 kB | 1.6/1.9 MB | 1.8/4.3 MB | 442/945 kB
Progress (4): 49/84 kB | 1.6/1.9 MB | 1.8/4.3 MB | 442/945 kB
Progress (4): 49/84 kB | 1.6/1.9 MB | 1.8/4.3 MB | 442/945 kB
Progress (4): 49/84 kB | 1.6/1.9 MB | 1.8/4.3 MB | 442/945 kB
Progress (4): 49/84 kB | 1.7/1.9 MB | 1.8/4.3 MB | 442/945 kB
Progress (4): 49/84 kB | 1.7/1.9 MB | 1.8/4.3 MB | 459/945 kB
Progress (4): 49/84 kB | 1.7/1.9 MB | 1.8/4.3 MB | 475/945 kB
Progress (4): 49/84 kB | 1.7/1.9 MB | 1.8/4.3 MB | 475/945 kB
Progress (4): 49/84 kB | 1.7/1.9 MB | 1.8/4.3 MB | 475/945 kB
Progress (4): 49/84 kB | 1.7/1.9 MB | 1.8/4.3 MB | 492/945 kB
Progress (4): 49/84 kB | 1.7/1.9 MB | 1.9/4.3 MB | 492/945 kB
Progress (4): 49/84 kB | 1.7/1.9 MB | 1.9/4.3 MB | 492/945 kB
Progress (4): 49/84 kB | 1.7/1.9 MB | 1.9/4.3 MB | 508/945 kB
Progress (4): 49/84 kB | 1.7/1.9 MB | 1.9/4.3 MB | 508/945 kB
Progress (4): 49/84 kB | 1.7/1.9 MB | 1.9/4.3 MB | 524/945 kB
Progress (4): 49/84 kB | 1.7/1.9 MB | 1.9/4.3 MB | 524/945 kB
Progress (4): 49/84 kB | 1.7/1.9 MB | 1.9/4.3 MB | 524/945 kB
Progress (4): 49/84 kB | 1.7/1.9 MB | 1.9/4.3 MB | 541/945 kB
Progress (4): 49/84 kB | 1.7/1.9 MB | 1.9/4.3 MB | 541/945 kB
Progress (4): 49/84 kB | 1.7/1.9 MB | 1.9/4.3 MB | 541/945 kB
Progress (4): 49/84 kB | 1.7/1.9 MB | 1.9/4.3 MB | 557/945 kB
Progress (4): 65/84 kB | 1.7/1.9 MB | 1.9/4.3 MB | 557/945 kB
Progress (4): 65/84 kB | 1.7/1.9 MB | 1.9/4.3 MB | 557/945 kB
Progress (4): 65/84 kB | 1.7/1.9 MB | 1.9/4.3 MB | 557/945 kB
Progress (4): 65/84 kB | 1.7/1.9 MB | 1.9/4.3 MB | 557/945 kB
Progress (4): 65/84 kB | 1.7/1.9 MB | 2.0/4.3 MB | 557/945 kB
Progress (4): 65/84 kB | 1.7/1.9 MB | 2.0/4.3 MB | 557/945 kB
Progress (4): 65/84 kB | 1.7/1.9 MB | 2.0/4.3 MB | 573/945 kB
Progress (4): 65/84 kB | 1.7/1.9 MB | 2.0/4.3 MB | 590/945 kB
Progress (4): 65/84 kB | 1.8/1.9 MB | 2.0/4.3 MB | 590/945 kB
Progress (4): 65/84 kB | 1.8/1.9 MB | 2.0/4.3 MB | 606/945 kB
Progress (4): 65/84 kB | 1.8/1.9 MB | 2.0/4.3 MB | 606/945 kB
Progress (4): 65/84 kB | 1.8/1.9 MB | 2.0/4.3 MB | 623/945 kB
Progress (4): 65/84 kB | 1.8/1.9 MB | 2.0/4.3 MB | 623/945 kB
Progress (4): 65/84 kB | 1.8/1.9 MB | 2.0/4.3 MB | 623/945 kB
Progress (4): 65/84 kB | 1.8/1.9 MB | 2.0/4.3 MB | 639/945 kB
Progress (4): 65/84 kB | 1.8/1.9 MB | 2.0/4.3 MB | 655/945 kB
Progress (4): 65/84 kB | 1.8/1.9 MB | 2.0/4.3 MB | 655/945 kB
Progress (4): 65/84 kB | 1.8/1.9 MB | 2.0/4.3 MB | 655/945 kB
Progress (4): 65/84 kB | 1.8/1.9 MB | 2.0/4.3 MB | 672/945 kB
Progress (4): 65/84 kB | 1.8/1.9 MB | 2.0/4.3 MB | 672/945 kB
Progress (4): 65/84 kB | 1.8/1.9 MB | 2.0/4.3 MB | 688/945 kB
Progress (4): 65/84 kB | 1.8/1.9 MB | 2.0/4.3 MB | 688/945 kB
Progress (4): 65/84 kB | 1.8/1.9 MB | 2.0/4.3 MB | 688/945 kB
Progress (4): 65/84 kB | 1.8/1.9 MB | 2.0/4.3 MB | 688/945 kB
Progress (4): 65/84 kB | 1.8/1.9 MB | 2.0/4.3 MB | 705/945 kB
Progress (4): 65/84 kB | 1.8/1.9 MB | 2.1/4.3 MB | 705/945 kB
Progress (4): 65/84 kB | 1.8/1.9 MB | 2.1/4.3 MB | 705/945 kB
Progress (4): 65/84 kB | 1.8/1.9 MB | 2.1/4.3 MB | 721/945 kB
Progress (4): 65/84 kB | 1.8/1.9 MB | 2.1/4.3 MB | 737/945 kB
Progress (4): 65/84 kB | 1.9/1.9 MB | 2.1/4.3 MB | 737/945 kB
Progress (5): 65/84 kB | 1.9/1.9 MB | 2.1/4.3 MB | 737/945 kB | 7.7/63 kB
Progress (5): 65/84 kB | 1.9/1.9 MB | 2.1/4.3 MB | 737/945 kB | 16/63 kB 
Progress (5): 65/84 kB | 1.9 MB | 2.1/4.3 MB | 737/945 kB | 16/63 kB    
Progress (5): 81/84 kB | 1.9 MB | 2.1/4.3 MB | 737/945 kB | 16/63 kB
Progress (5): 84 kB | 1.9 MB | 2.1/4.3 MB | 737/945 kB | 16/63 kB   
                                                                 
Downloaded from central: 
https://repo.maven.apache.org/maven2/org/apache/maven/scm/maven-scm-provider-svnexe/2.1.0/maven-scm-provider-svnexe-2.1.0.jar 
(84 kB at 134 kB/s)
#11 22.60 Downloaded from central: https://repo.maven.apache.org/maven2/net/java/dev/jna/jna/5.12.1/jna-5.12.1.jar (1.9 MB at 
3.0 MB/s)
#11 22.60 Downloading from central: 
https://repo.maven.apache.org/maven2/de/regnis/q/sequence/sequence-library/1.0.4/sequence-library-1.0.4.jar
#11 22.60 Downloading from central: https://repo.maven.apache.org/maven2/org/tmatesoft/sqljet/sqljet/1.1.15/sqljet-1.1.15.jar
#11 22.61 Progress (3): 2.1/4.3 MB | 754/945 kB | 16/63 kB
Progress (3): 2.1/4.3 MB | 754/945 kB | 32/63 kB
Progress (3): 2.1/4.3 MB | 754/945 kB | 32/63 kB
Progress (3): 2.1/4.3 MB | 754/945 kB | 49/63 kB
Progress (3): 2.1/4.3 MB | 754/945 kB | 49/63 kB
Progress (3): 2.1/4.3 MB | 770/945 kB | 49/63 kB
Progress (3): 2.1/4.3 MB | 770/945 kB | 63 kB   
Progress (3): 2.1/4.3 MB | 770/945 kB | 63 kB
Progress (3): 2.1/4.3 MB | 786/945 kB | 63 kB
                                             
Downloaded from central: https://repo.maven.apache.org/maven2/net/i2p/crypto/eddsa/0.3.0/eddsa-0.3.0.jar (63 kB at 99 kB/s)
#11 22.62 Downloading from central: https://repo.maven.apache.org/maven2/org/antlr/antlr-runtime/3.4/antlr-runtime-3.4.jar
#11 22.62 Progress (2): 2.1/4.3 MB | 786/945 kB
Progress (2): 2.1/4.3 MB | 803/945 kB
Progress (2): 2.2/4.3 MB | 803/945 kB
Progress (2): 2.2/4.3 MB | 819/945 kB
Progress (2): 2.2/4.3 MB | 819/945 kB
Progress (2): 2.2/4.3 MB | 836/945 kB
Progress (2): 2.2/4.3 MB | 836/945 kB
Progress (2): 2.2/4.3 MB | 852/945 kB
Progress (2): 2.2/4.3 MB | 852/945 kB
Progress (2): 2.2/4.3 MB | 868/945 kB
Progress (2): 2.2/4.3 MB | 868/945 kB
Progress (2): 2.2/4.3 MB | 885/945 kB
Progress (2): 2.2/4.3 MB | 885/945 kB
Progress (2): 2.2/4.3 MB | 901/945 kB
Progress (2): 2.3/4.3 MB | 901/945 kB
Progress (2): 2.3/4.3 MB | 918/945 kB
Progress (3): 2.3/4.3 MB | 918/945 kB | 8.2/762 kB
Progress (3): 2.3/4.3 MB | 918/945 kB | 8.2/762 kB
Progress (3): 2.3/4.3 MB | 918/945 kB | 8.2/762 kB
Progress (3): 2.3/4.3 MB | 934/945 kB | 8.2/762 kB
Progress (3): 2.3/4.3 MB | 934/945 kB | 25/762 kB 
Progress (3): 2.3/4.3 MB | 945 kB | 25/762 kB    
Progress (3): 2.3/4.3 MB | 945 kB | 25/762 kB
Progress (3): 2.3/4.3 MB | 945 kB | 41/762 kB
Progress (3): 2.3/4.3 MB | 945 kB | 41/762 kB
Progress (3): 2.3/4.3 MB | 945 kB | 41/762 kB
                                             
Downloaded from central: https://repo.maven.apache.org/maven2/org/apache/sshd/sshd-common/2.9.2/sshd-common-2.9.2.jar (945 kB 
at 1.4 MB/s)
#11 22.65 Downloading from central: 
https://repo.maven.apache.org/maven2/net/java/dev/jna/jna-platform/5.6.0/jna-platform-5.6.0.jar
#11 22.65 Progress (2): 2.3/4.3 MB | 41/762 kB
Progress (2): 2.3/4.3 MB | 57/762 kB
Progress (2): 2.4/4.3 MB | 57/762 kB
Progress (2): 2.4/4.3 MB | 57/762 kB
Progress (2): 2.4/4.3 MB | 74/762 kB
Progress (2): 2.4/4.3 MB | 90/762 kB
Progress (2): 2.4/4.3 MB | 90/762 kB
Progress (2): 2.4/4.3 MB | 106/762 kB
Progress (2): 2.4/4.3 MB | 106/762 kB
Progress (3): 2.4/4.3 MB | 106/762 kB | 7.7/72 kB
Progress (3): 2.4/4.3 MB | 106/762 kB | 16/72 kB 
Progress (3): 2.4/4.3 MB | 123/762 kB | 16/72 kB
Progress (3): 2.4/4.3 MB | 123/762 kB | 16/72 kB
Progress (4): 2.4/4.3 MB | 123/762 kB | 16/72 kB | 16/164 kB
Progress (4): 2.4/4.3 MB | 123/762 kB | 16/72 kB | 16/164 kB
Progress (4): 2.4/4.3 MB | 139/762 kB | 16/72 kB | 16/164 kB
Progress (4): 2.4/4.3 MB | 156/762 kB | 16/72 kB | 16/164 kB
Progress (4): 2.4/4.3 MB | 156/762 kB | 16/72 kB | 33/164 kB
Progress (4): 2.4/4.3 MB | 156/762 kB | 32/72 kB | 33/164 kB
Progress (4): 2.4/4.3 MB | 172/762 kB | 32/72 kB | 33/164 kB
Progress (4): 2.4/4.3 MB | 172/762 kB | 32/72 kB | 49/164 kB
Progress (4): 2.5/4.3 MB | 172/762 kB | 32/72 kB | 49/164 kB
Progress (4): 2.5/4.3 MB | 172/762 kB | 49/72 kB | 49/164 kB
Progress (4): 2.5/4.3 MB | 172/762 kB | 49/72 kB | 66/164 kB
Progress (4): 2.5/4.3 MB | 188/762 kB | 49/72 kB | 66/164 kB
Progress (4): 2.5/4.3 MB | 205/762 kB | 49/72 kB | 66/164 kB
Progress (4): 2.5/4.3 MB | 205/762 kB | 49/72 kB | 66/164 kB
Progress (4): 2.5/4.3 MB | 205/762 kB | 49/72 kB | 66/164 kB
Progress (4): 2.5/4.3 MB | 221/762 kB | 49/72 kB | 66/164 kB
Progress (4): 2.5/4.3 MB | 221/762 kB | 49/72 kB | 82/164 kB
Progress (4): 2.5/4.3 MB | 221/762 kB | 49/72 kB | 82/164 kB
Progress (4): 2.5/4.3 MB | 221/762 kB | 49/72 kB | 82/164 kB
Progress (4): 2.5/4.3 MB | 221/762 kB | 65/72 kB | 82/164 kB
Progress (4): 2.5/4.3 MB | 238/762 kB | 65/72 kB | 82/164 kB
Progress (4): 2.5/4.3 MB | 238/762 kB | 65/72 kB | 98/164 kB
Progress (4): 2.5/4.3 MB | 238/762 kB | 65/72 kB | 98/164 kB
Progress (4): 2.5/4.3 MB | 254/762 kB | 65/72 kB | 98/164 kB
Progress (4): 2.5/4.3 MB | 254/762 kB | 65/72 kB | 115/164 kB
Progress (4): 2.6/4.3 MB | 254/762 kB | 65/72 kB | 115/164 kB
Progress (4): 2.6/4.3 MB | 270/762 kB | 65/72 kB | 115/164 kB
Progress (5): 2.6/4.3 MB | 270/762 kB | 65/72 kB | 115/164 kB | 0/2.7 MB
Progress (5): 2.6/4.3 MB | 270/762 kB | 65/72 kB | 115/164 kB | 0/2.7 MB
Progress (5): 2.6/4.3 MB | 270/762 kB | 72 kB | 115/164 kB | 0/2.7 MB   
Progress (5): 2.6/4.3 MB | 270/762 kB | 72 kB | 115/164 kB | 0/2.7 MB
Progress (5): 2.6/4.3 MB | 287/762 kB | 72 kB | 115/164 kB | 0/2.7 MB
Progress (5): 2.6/4.3 MB | 303/762 kB | 72 kB | 115/164 kB | 0/2.7 MB
Progress (5): 2.6/4.3 MB | 303/762 kB | 72 kB | 131/164 kB | 0/2.7 MB
Progress (5): 2.6/4.3 MB | 303/762 kB | 72 kB | 131/164 kB | 0/2.7 MB
Progress (5): 2.6/4.3 MB | 303/762 kB | 72 kB | 131/164 kB | 0/2.7 MB
Progress (5): 2.6/4.3 MB | 319/762 kB | 72 kB | 131/164 kB | 0/2.7 MB
                                                                     
Downloaded from central: 
https://repo.maven.apache.org/maven2/de/regnis/q/sequence/sequence-library/1.0.4/sequence-library-1.0.4.jar (72 kB at 96 kB/s)
#11 22.73 Downloading from central: 
https://repo.maven.apache.org/maven2/com/trilead/trilead-ssh2/1.0.0-build222/trilead-ssh2-1.0.0-build222.jar
#11 22.73 Progress (4): 2.6/4.3 MB | 336/762 kB | 131/164 kB | 0/2.7 MB
Progress (4): 2.6/4.3 MB | 336/762 kB | 131/164 kB | 0/2.7 MB
Progress (4): 2.6/4.3 MB | 352/762 kB | 131/164 kB | 0/2.7 MB
Progress (4): 2.6/4.3 MB | 352/762 kB | 147/164 kB | 0/2.7 MB
Progress (4): 2.6/4.3 MB | 369/762 kB | 147/164 kB | 0/2.7 MB
Progress (4): 2.6/4.3 MB | 369/762 kB | 147/164 kB | 0/2.7 MB
Progress (4): 2.6/4.3 MB | 369/762 kB | 147/164 kB | 0/2.7 MB
Progress (4): 2.6/4.3 MB | 385/762 kB | 147/164 kB | 0/2.7 MB
Progress (4): 2.6/4.3 MB | 385/762 kB | 147/164 kB | 0/2.7 MB
Progress (4): 2.6/4.3 MB | 385/762 kB | 147/164 kB | 0.1/2.7 MB
Progress (4): 2.6/4.3 MB | 401/762 kB | 147/164 kB | 0.1/2.7 MB
Progress (4): 2.6/4.3 MB | 401/762 kB | 164/164 kB | 0.1/2.7 MB
Progress (4): 2.6/4.3 MB | 401/762 kB | 164 kB | 0.1/2.7 MB    
Progress (4): 2.6/4.3 MB | 418/762 kB | 164 kB | 0.1/2.7 MB
                                                           
Downloaded from central: https://repo.maven.apache.org/maven2/org/antlr/antlr-runtime/3.4/antlr-runtime-3.4.jar (164 kB at 
214 kB/s)
#11 22.75 Downloading from central: https://repo.maven.apache.org/maven2/com/jcraft/jsch.agentproxy.connector-factory/0.0.9/js
ch.agentproxy.connector-factory-0.0.9.jar
#11 22.75 Progress (3): 2.6/4.3 MB | 418/762 kB | 0.1/2.7 MB
Progress (3): 2.7/4.3 MB | 418/762 kB | 0.1/2.7 MB
Progress (3): 2.7/4.3 MB | 434/762 kB | 0.1/2.7 MB
Progress (3): 2.7/4.3 MB | 434/762 kB | 0.1/2.7 MB
Progress (3): 2.7/4.3 MB | 451/762 kB | 0.1/2.7 MB
Progress (3): 2.7/4.3 MB | 451/762 kB | 0.1/2.7 MB
Progress (3): 2.7/4.3 MB | 467/762 kB | 0.1/2.7 MB
Progress (3): 2.7/4.3 MB | 467/762 kB | 0.1/2.7 MB
Progress (3): 2.7/4.3 MB | 467/762 kB | 0.1/2.7 MB
Progress (3): 2.7/4.3 MB | 467/762 kB | 0.1/2.7 MB
Progress (3): 2.7/4.3 MB | 467/762 kB | 0.1/2.7 MB
Progress (3): 2.7/4.3 MB | 483/762 kB | 0.1/2.7 MB
Progress (3): 2.7/4.3 MB | 483/762 kB | 0.2/2.7 MB
Progress (3): 2.7/4.3 MB | 483/762 kB | 0.2/2.7 MB
Progress (3): 2.7/4.3 MB | 483/762 kB | 0.2/2.7 MB
Progress (3): 2.7/4.3 MB | 500/762 kB | 0.2/2.7 MB
Progress (3): 2.7/4.3 MB | 500/762 kB | 0.2/2.7 MB
Progress (3): 2.7/4.3 MB | 500/762 kB | 0.2/2.7 MB
Progress (3): 2.7/4.3 MB | 516/762 kB | 0.2/2.7 MB
Progress (3): 2.7/4.3 MB | 532/762 kB | 0.2/2.7 MB
Progress (3): 2.7/4.3 MB | 532/762 kB | 0.2/2.7 MB
Progress (3): 2.7/4.3 MB | 549/762 kB | 0.2/2.7 MB
Progress (3): 2.8/4.3 MB | 549/762 kB | 0.2/2.7 MB
Progress (3): 2.8/4.3 MB | 565/762 kB | 0.2/2.7 MB
Progress (3): 2.8/4.3 MB | 565/762 kB | 0.2/2.7 MB
Progress (3): 2.8/4.3 MB | 565/762 kB | 0.2/2.7 MB
Progress (3): 2.8/4.3 MB | 565/762 kB | 0.2/2.7 MB
Progress (3): 2.8/4.3 MB | 565/762 kB | 0.2/2.7 MB
Progress (3): 2.8/4.3 MB | 582/762 kB | 0.2/2.7 MB
Progress (3): 2.8/4.3 MB | 582/762 kB | 0.2/2.7 MB
Progress (3): 2.8/4.3 MB | 582/762 kB | 0.2/2.7 MB
Progress (3): 2.8/4.3 MB | 582/762 kB | 0.3/2.7 MB
Progress (3): 2.8/4.3 MB | 598/762 kB | 0.3/2.7 MB
Progress (3): 2.8/4.3 MB | 598/762 kB | 0.3/2.7 MB
Progress (3): 2.8/4.3 MB | 614/762 kB | 0.3/2.7 MB
Progress (3): 2.8/4.3 MB | 614/762 kB | 0.3/2.7 MB
Progress (3): 2.8/4.3 MB | 614/762 kB | 0.3/2.7 MB
Progress (3): 2.8/4.3 MB | 631/762 kB | 0.3/2.7 MB
Progress (3): 2.8/4.3 MB | 647/762 kB | 0.3/2.7 MB
Progress (3): 2.8/4.3 MB | 647/762 kB | 0.3/2.7 MB
Progress (3): 2.8/4.3 MB | 647/762 kB | 0.3/2.7 MB
Progress (3): 2.8/4.3 MB | 647/762 kB | 0.3/2.7 MB
Progress (3): 2.8/4.3 MB | 664/762 kB | 0.3/2.7 MB
Progress (3): 2.8/4.3 MB | 664/762 kB | 0.3/2.7 MB
Progress (4): 2.8/4.3 MB | 664/762 kB | 0.3/2.7 MB | 7.7/12 kB
Progress (4): 2.8/4.3 MB | 664/762 kB | 0.3/2.7 MB | 12/12 kB 
Progress (4): 2.8/4.3 MB | 664/762 kB | 0.3/2.7 MB | 12 kB   
Progress (4): 2.8/4.3 MB | 664/762 kB | 0.3/2.7 MB | 12 kB
Progress (4): 2.9/4.3 MB | 664/762 kB | 0.3/2.7 MB | 12 kB
                                                          
Downloaded from central: https://repo.maven.apache.org/maven2/com/jcraft/jsch.agentproxy.connector-factory/0.0.9/jsch.agentpro
xy.connector-factory-0.0.9.jar (12 kB at 15 kB/s)
#11 22.80 Downloading from central: 
https://repo.maven.apache.org/maven2/com/jcraft/jsch.agentproxy.core/0.0.9/jsch.agentproxy.core-0.0.9.jar
#11 22.80 Progress (3): 2.9/4.3 MB | 664/762 kB | 0.4/2.7 MB
Progress (3): 2.9/4.3 MB | 680/762 kB | 0.4/2.7 MB
Progress (3): 2.9/4.3 MB | 680/762 kB | 0.4/2.7 MB
Progress (3): 2.9/4.3 MB | 680/762 kB | 0.4/2.7 MB
Progress (3): 2.9/4.3 MB | 680/762 kB | 0.4/2.7 MB
Progress (3): 2.9/4.3 MB | 680/762 kB | 0.4/2.7 MB
Progress (3): 2.9/4.3 MB | 696/762 kB | 0.4/2.7 MB
Progress (3): 2.9/4.3 MB | 696/762 kB | 0.4/2.7 MB
Progress (3): 2.9/4.3 MB | 696/762 kB | 0.4/2.7 MB
Progress (3): 2.9/4.3 MB | 696/762 kB | 0.4/2.7 MB
Progress (3): 2.9/4.3 MB | 696/762 kB | 0.4/2.7 MB
Progress (3): 2.9/4.3 MB | 696/762 kB | 0.4/2.7 MB
Progress (3): 2.9/4.3 MB | 713/762 kB | 0.4/2.7 MB
Progress (3): 2.9/4.3 MB | 713/762 kB | 0.4/2.7 MB
Progress (4): 2.9/4.3 MB | 713/762 kB | 0.4/2.7 MB | 7.7/248 kB
Progress (4): 3.0/4.3 MB | 713/762 kB | 0.4/2.7 MB | 7.7/248 kB
Progress (4): 3.0/4.3 MB | 713/762 kB | 0.4/2.7 MB | 16/248 kB 
Progress (4): 3.0/4.3 MB | 713/762 kB | 0.5/2.7 MB | 16/248 kB
Progress (4): 3.0/4.3 MB | 713/762 kB | 0.5/2.7 MB | 16/248 kB
Progress (4): 3.0/4.3 MB | 713/762 kB | 0.5/2.7 MB | 16/248 kB
Progress (4): 3.0/4.3 MB | 713/762 kB | 0.5/2.7 MB | 16/248 kB
Progress (4): 3.0/4.3 MB | 729/762 kB | 0.5/2.7 MB | 16/248 kB
Progress (4): 3.0/4.3 MB | 729/762 kB | 0.5/2.7 MB | 16/248 kB
Progress (4): 3.0/4.3 MB | 729/762 kB | 0.5/2.7 MB | 16/248 kB
Progress (4): 3.0/4.3 MB | 729/762 kB | 0.5/2.7 MB | 32/248 kB
Progress (4): 3.0/4.3 MB | 745/762 kB | 0.5/2.7 MB | 32/248 kB
Progress (4): 3.0/4.3 MB | 745/762 kB | 0.5/2.7 MB | 32/248 kB
Progress (4): 3.0/4.3 MB | 745/762 kB | 0.5/2.7 MB | 32/248 kB
Progress (4): 3.0/4.3 MB | 745/762 kB | 0.5/2.7 MB | 49/248 kB
Progress (4): 3.0/4.3 MB | 745/762 kB | 0.5/2.7 MB | 49/248 kB
Progress (4): 3.0/4.3 MB | 745/762 kB | 0.5/2.7 MB | 49/248 kB
Progress (4): 3.0/4.3 MB | 745/762 kB | 0.6/2.7 MB | 49/248 kB
Progress (4): 3.0/4.3 MB | 762/762 kB | 0.6/2.7 MB | 49/248 kB
Progress (4): 3.0/4.3 MB | 762/762 kB | 0.6/2.7 MB | 49/248 kB
Progress (4): 3.0/4.3 MB | 762 kB | 0.6/2.7 MB | 49/248 kB    
Progress (4): 3.0/4.3 MB | 762 kB | 0.6/2.7 MB | 65/248 kB
Progress (4): 3.1/4.3 MB | 762 kB | 0.6/2.7 MB | 65/248 kB
                                                          
Downloaded from central: https://repo.maven.apache.org/maven2/org/tmatesoft/sqljet/sqljet/1.1.15/sqljet-1.1.15.jar (762 kB at 
887 kB/s)
#11 22.84 Downloading from central: 
https://repo.maven.apache.org/maven2/com/jcraft/jsch.agentproxy.usocket-jna/0.0.9/jsch.agentproxy.usocket-jna-0.0.9.jar
#11 22.84 Progress (3): 3.1/4.3 MB | 0.6/2.7 MB | 65/248 kB
Progress (3): 3.1/4.3 MB | 0.6/2.7 MB | 81/248 kB
Progress (3): 3.1/4.3 MB | 0.6/2.7 MB | 81/248 kB
Progress (3): 3.1/4.3 MB | 0.6/2.7 MB | 81/248 kB
Progress (3): 3.1/4.3 MB | 0.6/2.7 MB | 81/248 kB
Progress (3): 3.1/4.3 MB | 0.6/2.7 MB | 81/248 kB
Progress (3): 3.1/4.3 MB | 0.6/2.7 MB | 98/248 kB
Progress (3): 3.1/4.3 MB | 0.6/2.7 MB | 98/248 kB
Progress (3): 3.1/4.3 MB | 0.6/2.7 MB | 114/248 kB
Progress (3): 3.1/4.3 MB | 0.6/2.7 MB | 131/248 kB
Progress (3): 3.1/4.3 MB | 0.6/2.7 MB | 131/248 kB
Progress (3): 3.1/4.3 MB | 0.6/2.7 MB | 131/248 kB
Progress (3): 3.1/4.3 MB | 0.6/2.7 MB | 147/248 kB
Progress (3): 3.1/4.3 MB | 0.6/2.7 MB | 147/248 kB
Progress (3): 3.1/4.3 MB | 0.7/2.7 MB | 147/248 kB
Progress (4): 3.1/4.3 MB | 0.7/2.7 MB | 147/248 kB | 7.7/9.6 kB
Progress (4): 3.1/4.3 MB | 0.7/2.7 MB | 147/248 kB | 9.6 kB    
Progress (4): 3.1/4.3 MB | 0.7/2.7 MB | 163/248 kB | 9.6 kB
Progress (4): 3.1/4.3 MB | 0.7/2.7 MB | 163/248 kB | 9.6 kB
Progress (4): 3.1/4.3 MB | 0.7/2.7 MB | 163/248 kB | 9.6 kB
Progress (4): 3.1/4.3 MB | 0.7/2.7 MB | 163/248 kB | 9.6 kB
                                                           
Downloaded from central: 
https://repo.maven.apache.org/maven2/com/jcraft/jsch.agentproxy.core/0.0.9/jsch.agentproxy.core-0.0.9.jar (9.6 kB at 11 kB/s)
#11 22.86 Downloading from central: 
https://repo.maven.apache.org/maven2/com/jcraft/jsch.agentproxy.usocket-nc/0.0.9/jsch.agentproxy.usocket-nc-0.0.9.jar
#11 22.86 Progress (3): 3.1/4.3 MB | 0.7/2.7 MB | 163/248 kB
Progress (3): 3.1/4.3 MB | 0.7/2.7 MB | 180/248 kB
Progress (3): 3.1/4.3 MB | 0.7/2.7 MB | 180/248 kB
Progress (3): 3.1/4.3 MB | 0.7/2.7 MB | 196/248 kB
Progress (3): 3.2/4.3 MB | 0.7/2.7 MB | 196/248 kB
Progress (3): 3.2/4.3 MB | 0.7/2.7 MB | 213/248 kB
Progress (3): 3.2/4.3 MB | 0.7/2.7 MB | 213/248 kB
Progress (4): 3.2/4.3 MB | 0.7/2.7 MB | 213/248 kB | 6.6 kB
Progress (4): 3.2/4.3 MB | 0.8/2.7 MB | 213/248 kB | 6.6 kB
                                                           
Downloaded from central: 
https://repo.maven.apache.org/maven2/com/jcraft/jsch.agentproxy.usocket-jna/0.0.9/jsch.agentproxy.usocket-jna-0.0.9.jar (6.6 
kB at 7.4 kB/s)
#11 22.88 Downloading from central: 
https://repo.maven.apache.org/maven2/com/jcraft/jsch.agentproxy.sshagent/0.0.9/jsch.agentproxy.sshagent-0.0.9.jar
#11 22.88 Progress (3): 3.2/4.3 MB | 0.8/2.7 MB | 229/248 kB
Progress (3): 3.2/4.3 MB | 0.8/2.7 MB | 229/248 kB
Progress (3): 3.2/4.3 MB | 0.8/2.7 MB | 229/248 kB
Progress (3): 3.2/4.3 MB | 0.8/2.7 MB | 245/248 kB
Progress (3): 3.2/4.3 MB | 0.8/2.7 MB | 245/248 kB
Progress (3): 3.2/4.3 MB | 0.8/2.7 MB | 248 kB    
Progress (3): 3.2/4.3 MB | 0.8/2.7 MB | 248 kB
Progress (3): 3.2/4.3 MB | 0.8/2.7 MB | 248 kB
                                              
Downloaded from central: 
https://repo.maven.apache.org/maven2/com/trilead/trilead-ssh2/1.0.0-build222/trilead-ssh2-1.0.0-build222.jar (248 kB at 275 
kB/s)
#11 22.88 Downloading from central: 
https://repo.maven.apache.org/maven2/com/jcraft/jsch.agentproxy.pageant/0.0.9/jsch.agentproxy.pageant-0.0.9.jar
#11 22.89 Progress (2): 3.2/4.3 MB | 0.8/2.7 MB
Progress (2): 3.2/4.3 MB | 0.8/2.7 MB
Progress (2): 3.2/4.3 MB | 0.8/2.7 MB
Progress (2): 3.2/4.3 MB | 0.8/2.7 MB
Progress (2): 3.2/4.3 MB | 0.9/2.7 MB
Progress (2): 3.2/4.3 MB | 0.9/2.7 MB
Progress (2): 3.2/4.3 MB | 0.9/2.7 MB
Progress (2): 3.3/4.3 MB | 0.9/2.7 MB
Progress (2): 3.3/4.3 MB | 0.9/2.7 MB
Progress (2): 3.3/4.3 MB | 0.9/2.7 MB
Progress (2): 3.3/4.3 MB | 0.9/2.7 MB
Progress (2): 3.3/4.3 MB | 0.9/2.7 MB
Progress (2): 3.3/4.3 MB | 0.9/2.7 MB
Progress (2): 3.3/4.3 MB | 0.9/2.7 MB
Progress (2): 3.3/4.3 MB | 0.9/2.7 MB
Progress (3): 3.3/4.3 MB | 0.9/2.7 MB | 4.3 kB
Progress (3): 3.3/4.3 MB | 0.9/2.7 MB | 4.3 kB
Progress (3): 3.3/4.3 MB | 0.9/2.7 MB | 4.3 kB
                                              
Downloaded from central: 
https://repo.maven.apache.org/maven2/com/jcraft/jsch.agentproxy.sshagent/0.0.9/jsch.agentproxy.sshagent-0.0.9.jar (4.3 kB at 
4.7 kB/s)
#11 22.91 Downloading from central: https://repo.maven.apache.org/maven2/com/jcraft/jsch.agentproxy.svnkit-trilead-ssh2/0.0.9/
jsch.agentproxy.svnkit-trilead-ssh2-0.0.9.jar
#11 22.91 Progress (2): 3.4/4.3 MB | 0.9/2.7 MB
Progress (2): 3.4/4.3 MB | 0.9/2.7 MB
Progress (2): 3.4/4.3 MB | 0.9/2.7 MB
Progress (2): 3.4/4.3 MB | 1.0/2.7 MB
Progress (2): 3.4/4.3 MB | 1.0/2.7 MB
Progress (2): 3.4/4.3 MB | 1.0/2.7 MB
Progress (2): 3.4/4.3 MB | 1.0/2.7 MB
Progress (2): 3.4/4.3 MB | 1.0/2.7 MB
Progress (3): 3.4/4.3 MB | 1.0/2.7 MB | 5.3 kB
Progress (3): 3.4/4.3 MB | 1.0/2.7 MB | 5.3 kB
Progress (3): 3.4/4.3 MB | 1.0/2.7 MB | 5.3 kB
                                              
Downloaded from central: 
https://repo.maven.apache.org/maven2/com/jcraft/jsch.agentproxy.usocket-nc/0.0.9/jsch.agentproxy.usocket-nc-0.0.9.jar (5.3 kB 
at 5.7 kB/s)
#11 22.92 Progress (2): 3.4/4.3 MB | 1.0/2.7 MB
                                     
Downloading from central: https://repo.maven.apache.org/maven2/org/lz4/lz4-java/1.4.1/lz4-java-1.4.1.jar
#11 22.92 Progress (2): 3.4/4.3 MB | 1.0/2.7 MB
Progress (2): 3.5/4.3 MB | 1.0/2.7 MB
Progress (2): 3.5/4.3 MB | 1.0/2.7 MB
Progress (2): 3.5/4.3 MB | 1.0/2.7 MB
Progress (2): 3.5/4.3 MB | 1.0/2.7 MB
Progress (2): 3.5/4.3 MB | 1.1/2.7 MB
Progress (2): 3.5/4.3 MB | 1.1/2.7 MB
Progress (2): 3.5/4.3 MB | 1.1/2.7 MB
Progress (2): 3.5/4.3 MB | 1.1/2.7 MB
Progress (2): 3.6/4.3 MB | 1.1/2.7 MB
Progress (2): 3.6/4.3 MB | 1.1/2.7 MB
Progress (2): 3.6/4.3 MB | 1.1/2.7 MB
Progress (2): 3.6/4.3 MB | 1.1/2.7 MB
Progress (2): 3.6/4.3 MB | 1.1/2.7 MB
Progress (2): 3.6/4.3 MB | 1.1/2.7 MB
Progress (2): 3.6/4.3 MB | 1.1/2.7 MB
Progress (2): 3.6/4.3 MB | 1.1/2.7 MB
Progress (3): 3.6/4.3 MB | 1.1/2.7 MB | 7.7/7.8 kB
Progress (3): 3.6/4.3 MB | 1.1/2.7 MB | 7.8 kB    
Progress (3): 3.6/4.3 MB | 1.1/2.7 MB | 7.8 kB
Progress (4): 3.6/4.3 MB | 1.1/2.7 MB | 7.8 kB | 3.8 kB
Progress (4): 3.6/4.3 MB | 1.2/2.7 MB | 7.8 kB | 3.8 kB
Progress (4): 3.6/4.3 MB | 1.2/2.7 MB | 7.8 kB | 3.8 kB
                                                       
Downloaded from central: 
https://repo.maven.apache.org/maven2/com/jcraft/jsch.agentproxy.pageant/0.0.9/jsch.agentproxy.pageant-0.0.9.jar (7.8 kB at 
8.2 kB/s)
#11 22.94 Downloading from central: 
https://repo.maven.apache.org/maven2/org/codehaus/plexus/plexus-utils/4.0.1/plexus-utils-4.0.1.jar
#11 22.94 Progress (3): 3.6/4.3 MB | 1.2/2.7 MB | 3.8 kB
Progress (3): 3.7/4.3 MB | 1.2/2.7 MB | 3.8 kB
                                              
Downloaded from central: https://repo.maven.apache.org/maven2/com/jcraft/jsch.agentproxy.svnkit-trilead-ssh2/0.0.9/jsch.agentp
roxy.svnkit-trilead-ssh2-0.0.9.jar (3.8 kB at 4.0 kB/s)
#11 22.94 Downloading from central: 
https://repo.maven.apache.org/maven2/org/codehaus/plexus/plexus-xml/3.0.1/plexus-xml-3.0.1.jar
#11 22.94 Progress (2): 3.7/4.3 MB | 1.2/2.7 MB
Progress (2): 3.7/4.3 MB | 1.2/2.7 MB
Progress (2): 3.7/4.3 MB | 1.2/2.7 MB
Progress (2): 3.7/4.3 MB | 1.2/2.7 MB
Progress (2): 3.7/4.3 MB | 1.2/2.7 MB
Progress (2): 3.7/4.3 MB | 1.2/2.7 MB
Progress (2): 3.7/4.3 MB | 1.2/2.7 MB
Progress (2): 3.7/4.3 MB | 1.2/2.7 MB
Progress (2): 3.7/4.3 MB | 1.2/2.7 MB
Progress (2): 3.7/4.3 MB | 1.3/2.7 MB
Progress (3): 3.7/4.3 MB | 1.3/2.7 MB | 7.7/370 kB
Progress (3): 3.7/4.3 MB | 1.3/2.7 MB | 8.2/370 kB
Progress (3): 3.7/4.3 MB | 1.3/2.7 MB | 8.2/370 kB
Progress (3): 3.8/4.3 MB | 1.3/2.7 MB | 8.2/370 kB
Progress (3): 3.8/4.3 MB | 1.3/2.7 MB | 8.2/370 kB
Progress (3): 3.8/4.3 MB | 1.3/2.7 MB | 8.2/370 kB
Progress (3): 3.8/4.3 MB | 1.3/2.7 MB | 8.2/370 kB
Progress (3): 3.8/4.3 MB | 1.3/2.7 MB | 8.2/370 kB
Progress (4): 3.8/4.3 MB | 1.3/2.7 MB | 8.2/370 kB | 4.1/193 kB
Progress (4): 3.8/4.3 MB | 1.3/2.7 MB | 8.2/370 kB | 4.1/193 kB
Progress (4): 3.8/4.3 MB | 1.3/2.7 MB | 8.2/370 kB | 4.1/193 kB
Progress (4): 3.8/4.3 MB | 1.3/2.7 MB | 8.2/370 kB | 20/193 kB 
Progress (4): 3.8/4.3 MB | 1.3/2.7 MB | 8.2/370 kB | 20/193 kB
Progress (4): 3.8/4.3 MB | 1.3/2.7 MB | 25/370 kB | 20/193 kB 
Progress (4): 3.8/4.3 MB | 1.3/2.7 MB | 25/370 kB | 20/193 kB
Progress (4): 3.8/4.3 MB | 1.3/2.7 MB | 25/370 kB | 20/193 kB
Progress (4): 3.8/4.3 MB | 1.3/2.7 MB | 25/370 kB | 37/193 kB
Progress (4): 3.8/4.3 MB | 1.3/2.7 MB | 25/370 kB | 37/193 kB
Progress (4): 3.8/4.3 MB | 1.4/2.7 MB | 25/370 kB | 37/193 kB
Progress (4): 3.8/4.3 MB | 1.4/2.7 MB | 25/370 kB | 37/193 kB
Progress (4): 3.8/4.3 MB | 1.4/2.7 MB | 41/370 kB | 37/193 kB
Progress (4): 3.8/4.3 MB | 1.4/2.7 MB | 41/370 kB | 37/193 kB
Progress (4): 3.8/4.3 MB | 1.4/2.7 MB | 41/370 kB | 53/193 kB
Progress (4): 3.8/4.3 MB | 1.4/2.7 MB | 41/370 kB | 53/193 kB
Progress (4): 3.8/4.3 MB | 1.4/2.7 MB | 41/370 kB | 70/193 kB
Progress (4): 3.8/4.3 MB | 1.4/2.7 MB | 41/370 kB | 70/193 kB
Progress (4): 3.8/4.3 MB | 1.4/2.7 MB | 57/370 kB | 70/193 kB
Progress (4): 3.8/4.3 MB | 1.4/2.7 MB | 57/370 kB | 70/193 kB
Progress (4): 3.9/4.3 MB | 1.4/2.7 MB | 57/370 kB | 70/193 kB
Progress (5): 3.9/4.3 MB | 1.4/2.7 MB | 57/370 kB | 70/193 kB | 7.7/94 kB
Progress (5): 3.9/4.3 MB | 1.4/2.7 MB | 57/370 kB | 70/193 kB | 16/94 kB 
Progress (5): 3.9/4.3 MB | 1.4/2.7 MB | 57/370 kB | 70/193 kB | 16/94 kB
Progress (5): 3.9/4.3 MB | 1.4/2.7 MB | 57/370 kB | 86/193 kB | 16/94 kB
Progress (5): 3.9/4.3 MB | 1.4/2.7 MB | 74/370 kB | 86/193 kB | 16/94 kB
Progress (5): 3.9/4.3 MB | 1.4/2.7 MB | 74/370 kB | 86/193 kB | 16/94 kB
Progress (5): 3.9/4.3 MB | 1.4/2.7 MB | 74/370 kB | 86/193 kB | 16/94 kB
Progress (5): 3.9/4.3 MB | 1.4/2.7 MB | 74/370 kB | 102/193 kB | 16/94 kB
Progress (5): 3.9/4.3 MB | 1.5/2.7 MB | 74/370 kB | 102/193 kB | 16/94 kB
Progress (5): 3.9/4.3 MB | 1.5/2.7 MB | 74/370 kB | 102/193 kB | 16/94 kB
Progress (5): 3.9/4.3 MB | 1.5/2.7 MB | 74/370 kB | 102/193 kB | 32/94 kB
Progress (5): 3.9/4.3 MB | 1.5/2.7 MB | 74/370 kB | 102/193 kB | 32/94 kB
Progress (5): 3.9/4.3 MB | 1.5/2.7 MB | 90/370 kB | 102/193 kB | 32/94 kB
Progress (5): 3.9/4.3 MB | 1.5/2.7 MB | 90/370 kB | 119/193 kB | 32/94 kB
Progress (5): 3.9/4.3 MB | 1.5/2.7 MB | 90/370 kB | 119/193 kB | 32/94 kB
Progress (5): 3.9/4.3 MB | 1.5/2.7 MB | 90/370 kB | 119/193 kB | 32/94 kB
Progress (5): 3.9/4.3 MB | 1.5/2.7 MB | 90/370 kB | 119/193 kB | 32/94 kB
Progress (5): 3.9/4.3 MB | 1.5/2.7 MB | 90/370 kB | 119/193 kB | 49/94 kB
Progress (5): 3.9/4.3 MB | 1.5/2.7 MB | 90/370 kB | 135/193 kB | 49/94 kB
Progress (5): 3.9/4.3 MB | 1.5/2.7 MB | 106/370 kB | 135/193 kB | 49/94 kB
Progress (5): 3.9/4.3 MB | 1.5/2.7 MB | 106/370 kB | 135/193 kB | 49/94 kB
Progress (5): 3.9/4.3 MB | 1.5/2.7 MB | 106/370 kB | 135/193 kB | 49/94 kB
Progress (5): 3.9/4.3 MB | 1.5/2.7 MB | 106/370 kB | 152/193 kB | 49/94 kB
Progress (5): 3.9/4.3 MB | 1.5/2.7 MB | 106/370 kB | 152/193 kB | 49/94 kB
Progress (5): 3.9/4.3 MB | 1.5/2.7 MB | 123/370 kB | 152/193 kB | 49/94 kB
Progress (5): 4.0/4.3 MB | 1.5/2.7 MB | 123/370 kB | 152/193 kB | 49/94 kB
Progress (5): 4.0/4.3 MB | 1.5/2.7 MB | 123/370 kB | 152/193 kB | 65/94 kB
Progress (5): 4.0/4.3 MB | 1.6/2.7 MB | 123/370 kB | 152/193 kB | 65/94 kB
Progress (5): 4.0/4.3 MB | 1.6/2.7 MB | 123/370 kB | 152/193 kB | 65/94 kB
Progress (5): 4.0/4.3 MB | 1.6/2.7 MB | 139/370 kB | 152/193 kB | 65/94 kB
Progress (5): 4.0/4.3 MB | 1.6/2.7 MB | 139/370 kB | 168/193 kB | 65/94 kB
Progress (5): 4.0/4.3 MB | 1.6/2.7 MB | 139/370 kB | 168/193 kB | 65/94 kB
Progress (5): 4.0/4.3 MB | 1.6/2.7 MB | 139/370 kB | 168/193 kB | 81/94 kB
Progress (5): 4.0/4.3 MB | 1.6/2.7 MB | 139/370 kB | 168/193 kB | 81/94 kB
Progress (5): 4.0/4.3 MB | 1.6/2.7 MB | 156/370 kB | 168/193 kB | 81/94 kB
Progress (5): 4.0/4.3 MB | 1.6/2.7 MB | 156/370 kB | 184/193 kB | 81/94 kB
Progress (5): 4.0/4.3 MB | 1.6/2.7 MB | 156/370 kB | 184/193 kB | 81/94 kB
Progress (5): 4.0/4.3 MB | 1.6/2.7 MB | 156/370 kB | 184/193 kB | 81/94 kB
Progress (5): 4.0/4.3 MB | 1.6/2.7 MB | 156/370 kB | 184/193 kB | 81/94 kB
Progress (5): 4.0/4.3 MB | 1.6/2.7 MB | 156/370 kB | 184/193 kB | 94 kB   
Progress (5): 4.0/4.3 MB | 1.6/2.7 MB | 156/370 kB | 184/193 kB | 94 kB
Progress (5): 4.0/4.3 MB | 1.6/2.7 MB | 156/370 kB | 193 kB | 94 kB    
Progress (5): 4.0/4.3 MB | 1.6/2.7 MB | 156/370 kB | 193 kB | 94 kB
Progress (5): 4.0/4.3 MB | 1.6/2.7 MB | 172/370 kB | 193 kB | 94 kB
Progress (5): 4.0/4.3 MB | 1.6/2.7 MB | 172/370 kB | 193 kB | 94 kB
Progress (5): 4.0/4.3 MB | 1.6/2.7 MB | 188/370 kB | 193 kB | 94 kB
Progress (5): 4.1/4.3 MB | 1.6/2.7 MB | 188/370 kB | 193 kB | 94 kB
Progress (5): 4.1/4.3 MB | 1.6/2.7 MB | 188/370 kB | 193 kB | 94 kB
                                                                   
Downloaded from central: https://repo.maven.apache.org/maven2/org/codehaus/plexus/plexus-xml/3.0.1/plexus-xml-3.0.1.jar (94 
kB at 89 kB/s)
#11 23.04 Downloading from central: 
https://repo.maven.apache.org/maven2/org/sonatype/plexus/plexus-sec-dispatcher/1.4/plexus-sec-dispatcher-1.4.jar
#11 23.04 Downloaded from central: 
https://repo.maven.apache.org/maven2/org/codehaus/plexus/plexus-utils/4.0.1/plexus-utils-4.0.1.jar (193 kB at 181 kB/s)
#11 23.04 Downloading from central: https://repo.maven.apache.org/maven2/com/google/code/gson/gson/2.11.0/gson-2.11.0.jar
#11 23.05 Progress (3): 4.1/4.3 MB | 1.7/2.7 MB | 188/370 kB
Progress (3): 4.1/4.3 MB | 1.7/2.7 MB | 188/370 kB
Progress (3): 4.1/4.3 MB | 1.7/2.7 MB | 193/370 kB
Progress (3): 4.1/4.3 MB | 1.7/2.7 MB | 193/370 kB
Progress (3): 4.1/4.3 MB | 1.7/2.7 MB | 209/370 kB
Progress (3): 4.1/4.3 MB | 1.7/2.7 MB | 209/370 kB
Progress (3): 4.1/4.3 MB | 1.7/2.7 MB | 209/370 kB
Progress (3): 4.1/4.3 MB | 1.7/2.7 MB | 225/370 kB
Progress (3): 4.1/4.3 MB | 1.7/2.7 MB | 225/370 kB
Progress (3): 4.1/4.3 MB | 1.7/2.7 MB | 242/370 kB
Progress (3): 4.1/4.3 MB | 1.7/2.7 MB | 242/370 kB
Progress (3): 4.1/4.3 MB | 1.7/2.7 MB | 242/370 kB
Progress (3): 4.1/4.3 MB | 1.7/2.7 MB | 242/370 kB
Progress (3): 4.1/4.3 MB | 1.7/2.7 MB | 258/370 kB
Progress (3): 4.1/4.3 MB | 1.7/2.7 MB | 258/370 kB
Progress (3): 4.1/4.3 MB | 1.7/2.7 MB | 274/370 kB
Progress (3): 4.1/4.3 MB | 1.7/2.7 MB | 274/370 kB
Progress (3): 4.1/4.3 MB | 1.8/2.7 MB | 274/370 kB
Progress (3): 4.1/4.3 MB | 1.8/2.7 MB | 291/370 kB
Progress (3): 4.1/4.3 MB | 1.8/2.7 MB | 307/370 kB
Progress (3): 4.1/4.3 MB | 1.8/2.7 MB | 324/370 kB
Progress (3): 4.1/4.3 MB | 1.8/2.7 MB | 340/370 kB
Progress (3): 4.1/4.3 MB | 1.8/2.7 MB | 340/370 kB
Progress (3): 4.1/4.3 MB | 1.8/2.7 MB | 340/370 kB
Progress (3): 4.1/4.3 MB | 1.8/2.7 MB | 356/370 kB
Progress (3): 4.1/4.3 MB | 1.8/2.7 MB | 356/370 kB
Progress (3): 4.1/4.3 MB | 1.8/2.7 MB | 370 kB    
Progress (3): 4.2/4.3 MB | 1.8/2.7 MB | 370 kB
Progress (3): 4.2/4.3 MB | 1.8/2.7 MB | 370 kB
Progress (3): 4.2/4.3 MB | 1.8/2.7 MB | 370 kB
Progress (3): 4.2/4.3 MB | 1.8/2.7 MB | 370 kB
Progress (3): 4.2/4.3 MB | 1.8/2.7 MB | 370 kB
Progress (3): 4.2/4.3 MB | 1.8/2.7 MB | 370 kB
Progress (3): 4.2/4.3 MB | 1.9/2.7 MB | 370 kB
                                              
Downloaded from central: https://repo.maven.apache.org/maven2/org/lz4/lz4-java/1.4.1/lz4-java-1.4.1.jar (370 kB at 341 kB/s)
#11 23.07 Progress (2): 4.2/4.3 MB | 1.9/2.7 MB
                                     
Downloading from central: 
https://repo.maven.apache.org/maven2/com/google/errorprone/error_prone_annotations/2.27.0/error_prone_annotations-2.27.0.jar
#11 23.07 Progress (2): 4.2/4.3 MB | 1.9/2.7 MB
Progress (2): 4.2/4.3 MB | 1.9/2.7 MB
Progress (2): 4.2/4.3 MB | 1.9/2.7 MB
Progress (2): 4.2/4.3 MB | 1.9/2.7 MB
Progress (2): 4.2/4.3 MB | 1.9/2.7 MB
Progress (2): 4.2/4.3 MB | 1.9/2.7 MB
Progress (2): 4.2/4.3 MB | 1.9/2.7 MB
Progress (2): 4.2/4.3 MB | 1.9/2.7 MB
Progress (2): 4.2/4.3 MB | 1.9/2.7 MB
Progress (2): 4.3/4.3 MB | 1.9/2.7 MB
Progress (3): 4.3/4.3 MB | 1.9/2.7 MB | 7.7/28 kB
Progress (3): 4.3/4.3 MB | 1.9/2.7 MB | 16/28 kB 
Progress (3): 4.3/4.3 MB | 2.0/2.7 MB | 16/28 kB
Progress (3): 4.3/4.3 MB | 2.0/2.7 MB | 28 kB   
Progress (3): 4.3/4.3 MB | 2.0/2.7 MB | 28 kB
Progress (3): 4.3/4.3 MB | 2.0/2.7 MB | 28 kB
                                             
Downloaded from central: 
https://repo.maven.apache.org/maven2/org/sonatype/plexus/plexus-sec-dispatcher/1.4/plexus-sec-dispatcher-1.4.jar (28 kB at 25 
kB/s)
#11 23.09 Progress (2): 4.3/4.3 MB | 2.0/2.7 MB
Progress (2): 4.3/4.3 MB | 2.0/2.7 MB
Progress (2): 4.3/4.3 MB | 2.0/2.7 MB
Progress (2): 4.3/4.3 MB | 2.0/2.7 MB
Progress (2): 4.3/4.3 MB | 2.0/2.7 MB
Progress (2): 4.3/4.3 MB | 2.0/2.7 MB
Progress (2): 4.3/4.3 MB | 2.1/2.7 MB
Progress (2): 4.3/4.3 MB | 2.1/2.7 MB
Progress (2): 4.3/4.3 MB | 2.1/2.7 MB
Progress (2): 4.3 MB | 2.1/2.7 MB    
Progress (3): 4.3 MB | 2.1/2.7 MB | 7.7/298 kB
Progress (3): 4.3 MB | 2.1/2.7 MB | 16/298 kB 
Progress (3): 4.3 MB | 2.1/2.7 MB | 16/298 kB
                                             
Downloaded from central: https://repo.maven.apache.org/maven2/org/tmatesoft/svnkit/svnkit/1.10.11/svnkit-1.10.11.jar (4.3 MB 
at 3.9 MB/s)
#11 23.10 Progress (2): 2.1/2.7 MB | 32/298 kB
Progress (2): 2.1/2.7 MB | 32/298 kB
Progress (2): 2.1/2.7 MB | 32/298 kB
Progress (2): 2.1/2.7 MB | 49/298 kB
Progress (3): 2.1/2.7 MB | 49/298 kB | 7.7/19 kB
Progress (3): 2.1/2.7 MB | 49/298 kB | 8.2/19 kB
Progress (3): 2.1/2.7 MB | 65/298 kB | 8.2/19 kB
Progress (3): 2.1/2.7 MB | 65/298 kB | 19 kB    
Progress (3): 2.1/2.7 MB | 65/298 kB | 19 kB
Progress (3): 2.1/2.7 MB | 65/298 kB | 19 kB
Progress (3): 2.2/2.7 MB | 65/298 kB | 19 kB
                                            
Downloaded from central: 
https://repo.maven.apache.org/maven2/com/google/errorprone/error_prone_annotations/2.27.0/error_prone_annotations-2.27.0.jar 
(19 kB at 17 kB/s)
#11 23.12 Progress (2): 2.2/2.7 MB | 65/298 kB
Progress (2): 2.2/2.7 MB | 81/298 kB
Progress (2): 2.2/2.7 MB | 81/298 kB
Progress (2): 2.2/2.7 MB | 81/298 kB
Progress (2): 2.2/2.7 MB | 81/298 kB
Progress (2): 2.2/2.7 MB | 98/298 kB
Progress (2): 2.2/2.7 MB | 98/298 kB
Progress (2): 2.3/2.7 MB | 98/298 kB
Progress (2): 2.3/2.7 MB | 114/298 kB
Progress (2): 2.3/2.7 MB | 114/298 kB
Progress (2): 2.3/2.7 MB | 114/298 kB
Progress (2): 2.3/2.7 MB | 131/298 kB
Progress (2): 2.3/2.7 MB | 131/298 kB
Progress (2): 2.3/2.7 MB | 147/298 kB
Progress (2): 2.3/2.7 MB | 147/298 kB
Progress (2): 2.3/2.7 MB | 147/298 kB
Progress (2): 2.3/2.7 MB | 163/298 kB
Progress (2): 2.4/2.7 MB | 163/298 kB
Progress (2): 2.4/2.7 MB | 180/298 kB
Progress (2): 2.4/2.7 MB | 180/298 kB
Progress (2): 2.4/2.7 MB | 196/298 kB
Progress (2): 2.4/2.7 MB | 213/298 kB
Progress (2): 2.4/2.7 MB | 213/298 kB
Progress (2): 2.4/2.7 MB | 229/298 kB
Progress (2): 2.4/2.7 MB | 229/298 kB
Progress (2): 2.4/2.7 MB | 245/298 kB
Progress (2): 2.4/2.7 MB | 245/298 kB
Progress (2): 2.4/2.7 MB | 245/298 kB
Progress (2): 2.5/2.7 MB | 245/298 kB
Progress (2): 2.5/2.7 MB | 262/298 kB
Progress (2): 2.5/2.7 MB | 262/298 kB
Progress (2): 2.5/2.7 MB | 278/298 kB
Progress (2): 2.5/2.7 MB | 278/298 kB
Progress (2): 2.5/2.7 MB | 294/298 kB
Progress (2): 2.5/2.7 MB | 298 kB    
Progress (2): 2.5/2.7 MB | 298 kB
                                 
Downloaded from central: https://repo.maven.apache.org/maven2/com/google/code/gson/gson/2.11.0/gson-2.11.0.jar (298 kB at 252 
kB/s)
#11 23.16 Progress (1): 2.5/2.7 MB
Progress (1): 2.5/2.7 MB
Progress (1): 2.6/2.7 MB
Progress (1): 2.6/2.7 MB
Progress (1): 2.6/2.7 MB
Progress (1): 2.6/2.7 MB
Progress (1): 2.6/2.7 MB
Progress (1): 2.6/2.7 MB
Progress (1): 2.7/2.7 MB
Progress (1): 2.7/2.7 MB
Progress (1): 2.7/2.7 MB
Progress (1): 2.7/2.7 MB
Progress (1): 2.7/2.7 MB
Progress (1): 2.7/2.7 MB
Progress (1): 2.7 MB    
                    
Downloaded from central: https://repo.maven.apache.org/maven2/net/java/dev/jna/jna-platform/5.6.0/jna-platform-5.6.0.jar (2.7 
MB at 2.3 MB/s)
#11 23.41 [INFO] Storing buildNumber: January 9, 2026 at 2:42 PM at timestamp: 1767969776448
#11 23.44 [INFO] Executing: /bin/sh -c cd '/workspace' && 'git' 'symbolic-ref' 'HEAD'
#11 23.44 [INFO] Working directory: /workspace
#11 23.47 [INFO] Storing scmBranch: master
#11 23.48 [INFO] 
#11 23.48 [INFO] --- enforcer:3.5.0:enforce (enforce-maven-version) @ openjpa-parent ---
#11 23.49 Downloading from central: 
https://repo.maven.apache.org/maven2/org/apache/maven/enforcer/enforcer-api/3.5.0/enforcer-api-3.5.0.pom
#11 23.53 Progress (1): 834 B
Progress (1): 2.6 kB
Progress (1): 3.8 kB
                    
Downloaded from central: 
https://repo.maven.apache.org/maven2/org/apache/maven/enforcer/enforcer-api/3.5.0/enforcer-api-3.5.0.pom (3.8 kB at 78 kB/s)
#11 23.54 Downloading from central: 
https://repo.maven.apache.org/maven2/org/apache/maven/enforcer/enforcer-rules/3.5.0/enforcer-rules-3.5.0.pom
#11 23.58 Progress (1): 836 B
Progress (1): 4.2 kB
Progress (1): 5.4 kB
                    
Downloaded from central: 
https://repo.maven.apache.org/maven2/org/apache/maven/enforcer/enforcer-rules/3.5.0/enforcer-rules-3.5.0.pom (5.4 kB at 124 
kB/s)
#11 23.59 Downloading from central: 
https://repo.maven.apache.org/maven2/org/apache/maven/resolver/maven-resolver-util/1.4.1/maven-resolver-util-1.4.1.pom
#11 23.63 Progress (1): 825 B
Progress (1): 2.8 kB
Progress (1): 2.8 kB
                    
Downloaded from central: 
https://repo.maven.apache.org/maven2/org/apache/maven/resolver/maven-resolver-util/1.4.1/maven-resolver-util-1.4.1.pom (2.8 
kB at 67 kB/s)
#11 23.64 Downloading from central: 
https://repo.maven.apache.org/maven2/org/apache/maven/resolver/maven-resolver/1.4.1/maven-resolver-1.4.1.pom
#11 23.68 Progress (1): 770 B
Progress (1): 2.2 kB
Progress (1): 5.9 kB
Progress (1): 9.5 kB
Progress (1): 13 kB 
Progress (1): 16 kB
Progress (1): 18 kB
                   
Downloaded from central: 
https://repo.maven.apache.org/maven2/org/apache/maven/resolver/maven-resolver/1.4.1/maven-resolver-1.4.1.pom (18 kB at 423 
kB/s)
#11 23.69 Downloading from central: https://repo.maven.apache.org/maven2/org/apache/maven/maven-parent/33/maven-parent-33.pom
#11 23.73 Progress (1): 717 B
Progress (1): 1.9 kB
Progress (1): 5.4 kB
Progress (1): 9.9 kB
Progress (1): 14 kB 
Progress (1): 19 kB
Progress (1): 23 kB
Progress (1): 26 kB
Progress (1): 27 kB
Progress (1): 30 kB
Progress (1): 33 kB
Progress (1): 36 kB
Progress (1): 39 kB
Progress (1): 44 kB
                   
Downloaded from central: https://repo.maven.apache.org/maven2/org/apache/maven/maven-parent/33/maven-parent-33.pom (44 kB at 
981 kB/s)
#11 23.74 Downloading from central: 
https://repo.maven.apache.org/maven2/org/apache/maven/resolver/maven-resolver-api/1.4.1/maven-resolver-api-1.4.1.pom
#11 23.78 Progress (1): 843 B
Progress (1): 2.6 kB
Progress (1): 2.6 kB
                    
Downloaded from central: 
https://repo.maven.apache.org/maven2/org/apache/maven/resolver/maven-resolver-api/1.4.1/maven-resolver-api-1.4.1.pom (2.6 kB 
at 58 kB/s)
#11 23.79 Downloading from central: 
https://repo.maven.apache.org/maven2/commons-codec/commons-codec/1.17.0/commons-codec-1.17.0.pom
#11 23.83 Progress (1): 739 B
Progress (1): 1.9 kB
Progress (1): 3.9 kB
Progress (1): 5.8 kB
Progress (1): 8.3 kB
Progress (1): 11 kB 
Progress (1): 14 kB
Progress (1): 17 kB
Progress (1): 18 kB
                   
Downloaded from central: https://repo.maven.apache.org/maven2/commons-codec/commons-codec/1.17.0/commons-codec-1.17.0.pom (18 
kB at 416 kB/s)
#11 23.84 Downloading from central: https://repo.maven.apache.org/maven2/org/apache-extras/beanshell/bsh/2.0b6/bsh-2.0b6.pom
#11 23.89 Progress (1): 878 B
Progress (1): 2.2 kB
Progress (1): 4.9 kB
Progress (1): 5.0 kB
                    
Downloaded from central: https://repo.maven.apache.org/maven2/org/apache-extras/beanshell/bsh/2.0b6/bsh-2.0b6.pom (5.0 kB at 
96 kB/s)
#11 23.90 Downloading from central: 
https://repo.maven.apache.org/maven2/org/codehaus/plexus/plexus-xml/3.0.0/plexus-xml-3.0.0.jar
#11 23.95 Progress (1): 7.7/93 kB
Progress (1): 16/93 kB 
Progress (1): 32/93 kB
Progress (1): 49/93 kB
Progress (1): 65/93 kB
Progress (1): 81/93 kB
Progress (1): 93 kB   
                   
Downloaded from central: https://repo.maven.apache.org/maven2/org/codehaus/plexus/plexus-xml/3.0.0/plexus-xml-3.0.0.jar (93 
kB at 1.8 MB/s)
#11 23.96 Downloading from central: 
https://repo.maven.apache.org/maven2/org/apache/maven/enforcer/enforcer-api/3.5.0/enforcer-api-3.5.0.jar
#11 23.96 Downloading from central: 
https://repo.maven.apache.org/maven2/org/apache/maven/enforcer/enforcer-rules/3.5.0/enforcer-rules-3.5.0.jar
#11 23.96 Downloading from central: 
https://repo.maven.apache.org/maven2/org/apache/maven/resolver/maven-resolver-util/1.4.1/maven-resolver-util-1.4.1.jar
#11 23.96 Downloading from central: 
https://repo.maven.apache.org/maven2/commons-codec/commons-codec/1.17.0/commons-codec-1.17.0.jar
#11 23.96 Downloading from central: https://repo.maven.apache.org/maven2/org/apache-extras/beanshell/bsh/2.0b6/bsh-2.0b6.jar
#11 23.99 Progress (1): 7.7/389 kB
Progress (1): 16/389 kB 
Progress (1): 32/389 kB
Progress (1): 49/389 kB
Progress (1): 65/389 kB
Progress (1): 81/389 kB
Progress (2): 81/389 kB | 7.7/15 kB
Progress (2): 81/389 kB | 15 kB    
Progress (2): 98/389 kB | 15 kB
                               
Downloaded from central: 
https://repo.maven.apache.org/maven2/org/apache/maven/enforcer/enforcer-api/3.5.0/enforcer-api-3.5.0.jar (15 kB at 303 kB/s)
#11 24.00 Progress (1): 114/389 kB
Progress (2): 114/389 kB | 7.7/373 kB
Progress (2): 131/389 kB | 7.7/373 kB
Progress (2): 131/389 kB | 16/373 kB 
Progress (2): 131/389 kB | 32/373 kB
Progress (3): 131/389 kB | 32/373 kB | 7.7/168 kB
Progress (3): 131/389 kB | 32/373 kB | 16/168 kB 
Progress (3): 147/389 kB | 32/373 kB | 16/168 kB
Progress (3): 147/389 kB | 49/373 kB | 16/168 kB
Progress (3): 163/389 kB | 49/373 kB | 16/168 kB
Progress (4): 163/389 kB | 49/373 kB | 16/168 kB | 7.7/147 kB
Progress (4): 163/389 kB | 65/373 kB | 16/168 kB | 7.7/147 kB
Progress (4): 163/389 kB | 65/373 kB | 32/168 kB | 7.7/147 kB
Progress (4): 163/389 kB | 65/373 kB | 32/168 kB | 16/147 kB 
Progress (4): 163/389 kB | 65/373 kB | 32/168 kB | 32/147 kB
Progress (4): 163/389 kB | 81/373 kB | 32/168 kB | 32/147 kB
Progress (4): 180/389 kB | 81/373 kB | 32/168 kB | 32/147 kB
Progress (4): 180/389 kB | 81/373 kB | 49/168 kB | 32/147 kB
Progress (4): 180/389 kB | 81/373 kB | 49/168 kB | 49/147 kB
Progress (4): 196/389 kB | 81/373 kB | 49/168 kB | 49/147 kB
Progress (4): 196/389 kB | 98/373 kB | 49/168 kB | 49/147 kB
Progress (4): 196/389 kB | 98/373 kB | 65/168 kB | 49/147 kB
Progress (4): 213/389 kB | 98/373 kB | 65/168 kB | 49/147 kB
Progress (4): 213/389 kB | 98/373 kB | 65/168 kB | 65/147 kB
Progress (4): 213/389 kB | 98/373 kB | 65/168 kB | 81/147 kB
Progress (4): 229/389 kB | 98/373 kB | 65/168 kB | 81/147 kB
Progress (4): 229/389 kB | 98/373 kB | 65/168 kB | 98/147 kB
Progress (4): 229/389 kB | 114/373 kB | 65/168 kB | 98/147 kB
Progress (4): 229/389 kB | 114/373 kB | 81/168 kB | 98/147 kB
Progress (4): 245/389 kB | 114/373 kB | 81/168 kB | 98/147 kB
Progress (4): 245/389 kB | 131/373 kB | 81/168 kB | 98/147 kB
Progress (4): 245/389 kB | 131/373 kB | 81/168 kB | 114/147 kB
Progress (4): 245/389 kB | 131/373 kB | 81/168 kB | 131/147 kB
Progress (4): 245/389 kB | 131/373 kB | 98/168 kB | 131/147 kB
Progress (4): 245/389 kB | 131/373 kB | 98/168 kB | 147/147 kB
Progress (4): 262/389 kB | 131/373 kB | 98/168 kB | 147/147 kB
Progress (4): 262/389 kB | 131/373 kB | 98/168 kB | 147 kB    
Progress (4): 278/389 kB | 131/373 kB | 98/168 kB | 147 kB
Progress (4): 278/389 kB | 147/373 kB | 98/168 kB | 147 kB
                                                          
Downloaded from central: 
https://repo.maven.apache.org/maven2/org/apache/maven/enforcer/enforcer-rules/3.5.0/enforcer-rules-3.5.0.jar (147 kB at 1.6 
MB/s)
#11 24.05 Progress (3): 294/389 kB | 147/373 kB | 98/168 kB
Progress (3): 311/389 kB | 147/373 kB | 98/168 kB
Progress (3): 311/389 kB | 163/373 kB | 98/168 kB
Progress (3): 311/389 kB | 163/373 kB | 114/168 kB
Progress (3): 311/389 kB | 180/373 kB | 114/168 kB
Progress (3): 311/389 kB | 196/373 kB | 114/168 kB
Progress (3): 327/389 kB | 196/373 kB | 114/168 kB
Progress (3): 327/389 kB | 196/373 kB | 131/168 kB
Progress (3): 327/389 kB | 212/373 kB | 131/168 kB
Progress (3): 344/389 kB | 212/373 kB | 131/168 kB
Progress (3): 360/389 kB | 212/373 kB | 131/168 kB
Progress (3): 360/389 kB | 229/373 kB | 131/168 kB
Progress (3): 376/389 kB | 229/373 kB | 131/168 kB
Progress (3): 376/389 kB | 229/373 kB | 147/168 kB
Progress (3): 376/389 kB | 245/373 kB | 147/168 kB
Progress (3): 389 kB | 245/373 kB | 147/168 kB    
Progress (3): 389 kB | 245/373 kB | 163/168 kB
Progress (3): 389 kB | 245/373 kB | 168 kB    
Progress (3): 389 kB | 262/373 kB | 168 kB
Progress (3): 389 kB | 278/373 kB | 168 kB
                                          
Downloaded from central: https://repo.maven.apache.org/maven2/org/apache-extras/beanshell/bsh/2.0b6/bsh-2.0b6.jar (389 kB at 
3.7 MB/s)
#11 24.06 Progress (2): 294/373 kB | 168 kB
                                 
Downloaded from central: 
https://repo.maven.apache.org/maven2/org/apache/maven/resolver/maven-resolver-util/1.4.1/maven-resolver-util-1.4.1.jar (168 
kB at 1.6 MB/s)
#11 24.07 Progress (1): 311/373 kB
Progress (1): 327/373 kB
Progress (1): 344/373 kB
Progress (1): 360/373 kB
Progress (1): 373 kB    
                    
Downloaded from central: https://repo.maven.apache.org/maven2/commons-codec/commons-codec/1.17.0/commons-codec-1.17.0.jar 
(373 kB at 3.3 MB/s)
#11 24.19 [INFO] Rule 0: org.apache.maven.enforcer.rules.version.RequireMavenVersion passed
#11 24.19 [INFO] 
#11 24.19 [INFO] --- enforcer:3.5.0:enforce (enforce-java-version) @ openjpa-parent ---
#11 24.21 [INFO] Rule 0: org.apache.maven.enforcer.rules.version.RequireJavaVersion passed
#11 24.21 [INFO] 
#11 24.21 [INFO] --- enforcer:3.5.0:enforce (default) @ openjpa-parent ---
#11 24.22 [INFO] Rule 0: org.apache.maven.enforcer.rules.version.RequireMavenVersion passed
#11 24.22 [INFO] Rule 1: org.apache.maven.enforcer.rules.version.RequireJavaVersion passed
#11 24.22 [INFO] 
#11 24.22 [INFO] --- checkstyle:3.6.0:checkstyle (default) @ openjpa-parent ---
#11 24.22 Downloading from central: 
https://repo.maven.apache.org/maven2/org/apache/maven/reporting/maven-reporting-api/4.0.0/maven-reporting-api-4.0.0.pom
#11 24.26 Progress (1): 790 B
Progress (1): 2.4 kB
Progress (1): 2.8 kB
                    
Downloaded from central: 
https://repo.maven.apache.org/maven2/org/apache/maven/reporting/maven-reporting-api/4.0.0/maven-reporting-api-4.0.0.pom (2.8 
kB at 87 kB/s)
#11 24.26 Downloading from central: 
https://repo.maven.apache.org/maven2/org/apache/maven/shared/maven-shared-components/43/maven-shared-components-43.pom
#11 24.29 Progress (1): 811 B
Progress (1): 2.3 kB
Progress (1): 3.8 kB
                    
Downloaded from central: 
https://repo.maven.apache.org/maven2/org/apache/maven/shared/maven-shared-components/43/maven-shared-components-43.pom (3.8 
kB at 114 kB/s)
#11 24.30 Downloading from central: 
https://repo.maven.apache.org/maven2/org/apache/maven/doxia/doxia-sink-api/2.0.0/doxia-sink-api-2.0.0.pom
#11 24.32 Progress (1): 835 B
Progress (1): 1.4 kB
                    
Downloaded from central: 
https://repo.maven.apache.org/maven2/org/apache/maven/doxia/doxia-sink-api/2.0.0/doxia-sink-api-2.0.0.pom (1.4 kB at 54 kB/s)
#11 24.33 Downloading from central: https://repo.maven.apache.org/maven2/org/apache/maven/doxia/doxia/2.0.0/doxia-2.0.0.pom
#11 24.36 Progress (1): 752 B
Progress (1): 2.2 kB
Progress (1): 3.7 kB
Progress (1): 8.3 kB
Progress (1): 11 kB 
Progress (1): 15 kB
Progress (1): 17 kB
                   
Downloaded from central: https://repo.maven.apache.org/maven2/org/apache/maven/doxia/doxia/2.0.0/doxia-2.0.0.pom (17 kB at 
538 kB/s)
#11 24.37 Downloading from central: https://repo.maven.apache.org/maven2/org/junit/junit-bom/5.11.1/junit-bom-5.11.1.pom
#11 24.40 Progress (1): 908 B
Progress (1): 4.1 kB
Progress (1): 5.6 kB
                    
Downloaded from central: https://repo.maven.apache.org/maven2/org/junit/junit-bom/5.11.1/junit-bom-5.11.1.pom (5.6 kB at 182 
kB/s)
#11 24.41 Downloading from central: 
https://repo.maven.apache.org/maven2/org/apache/maven/reporting/maven-reporting-impl/4.0.0/maven-reporting-impl-4.0.0.pom
#11 24.43 Progress (1): 783 B
Progress (1): 2.3 kB
Progress (1): 5.7 kB
Progress (1): 8.5 kB
Progress (1): 8.8 kB
                    
Downloaded from central: 
https://repo.maven.apache.org/maven2/org/apache/maven/reporting/maven-reporting-impl/4.0.0/maven-reporting-impl-4.0.0.pom 
(8.8 kB at 283 kB/s)
#11 24.44 Downloading from central: 
https://repo.maven.apache.org/maven2/org/apache/maven/shared/maven-shared-utils/3.4.2/maven-shared-utils-3.4.2.pom
#11 24.48 Progress (1): 793 B
Progress (1): 2.3 kB
Progress (1): 4.3 kB
Progress (1): 5.9 kB
                    
Downloaded from central: 
https://repo.maven.apache.org/maven2/org/apache/maven/shared/maven-shared-utils/3.4.2/maven-shared-utils-3.4.2.pom (5.9 kB at 
147 kB/s)
#11 24.49 Downloading from central: 
https://repo.maven.apache.org/maven2/org/apache/maven/shared/maven-shared-components/39/maven-shared-components-39.pom
#11 24.51 Progress (1): 812 B
Progress (1): 2.2 kB
Progress (1): 3.2 kB
                    
Downloaded from central: 
https://repo.maven.apache.org/maven2/org/apache/maven/shared/maven-shared-components/39/maven-shared-components-39.pom (3.2 
kB at 119 kB/s)
#11 24.52 Downloading from central: https://repo.maven.apache.org/maven2/org/apache/maven/maven-parent/39/maven-parent-39.pom
#11 24.55 Progress (1): 724 B
Progress (1): 1.9 kB
Progress (1): 5.5 kB
Progress (1): 9.7 kB
Progress (1): 14 kB 
Progress (1): 19 kB
Progress (1): 23 kB
Progress (1): 26 kB
Progress (1): 28 kB
Progress (1): 30 kB
Progress (1): 34 kB
Progress (1): 37 kB
Progress (1): 40 kB
Progress (1): 43 kB
Progress (1): 48 kB
                   
Downloaded from central: https://repo.maven.apache.org/maven2/org/apache/maven/maven-parent/39/maven-parent-39.pom (48 kB at 
1.5 MB/s)
#11 24.56 Downloading from central: 
https://repo.maven.apache.org/maven2/org/apache/maven/doxia/doxia-site-model/2.0.0/doxia-site-model-2.0.0.pom
#11 24.59 Progress (1): 789 B
Progress (1): 2.7 kB
Progress (1): 5.8 kB
                    
Downloaded from central: 
https://repo.maven.apache.org/maven2/org/apache/maven/doxia/doxia-site-model/2.0.0/doxia-site-model-2.0.0.pom (5.8 kB at 162 
kB/s)
#11 24.60 Downloading from central: 
https://repo.maven.apache.org/maven2/org/apache/maven/doxia/doxia-sitetools/2.0.0/doxia-sitetools-2.0.0.pom
#11 24.63 Progress (1): 757 B
Progress (1): 2.2 kB
Progress (1): 5.4 kB
Progress (1): 8.4 kB
Progress (1): 12 kB 
                   
Downloaded from central: 
https://repo.maven.apache.org/maven2/org/apache/maven/doxia/doxia-sitetools/2.0.0/doxia-sitetools-2.0.0.pom (12 kB at 342 
kB/s)
#11 24.64 Downloading from central: 
https://repo.maven.apache.org/maven2/org/eclipse/sisu/org.eclipse.sisu.plexus/0.9.0.M3/org.eclipse.sisu.plexus-0.9.0.M3.pom
#11 24.67 Progress (1): 817 B
Progress (1): 3.4 kB
Progress (1): 9.9 kB
Progress (1): 17 kB 
Progress (1): 17 kB
                   
Downloaded from central: 
https://repo.maven.apache.org/maven2/org/eclipse/sisu/org.eclipse.sisu.plexus/0.9.0.M3/org.eclipse.sisu.plexus-0.9.0.M3.pom 
(17 kB at 549 kB/s)
#11 24.68 Downloading from central: 
https://repo.maven.apache.org/maven2/org/eclipse/sisu/sisu-inject/0.9.0.M3/sisu-inject-0.9.0.M3.pom
#11 24.70 Progress (1): 777 B
Progress (1): 2.7 kB
Progress (1): 4.7 kB
Progress (1): 8.0 kB
Progress (1): 11 kB 
Progress (1): 15 kB
Progress (1): 19 kB
Progress (1): 21 kB
Progress (1): 24 kB
                   
Downloaded from central: https://repo.maven.apache.org/maven2/org/eclipse/sisu/sisu-inject/0.9.0.M3/sisu-inject-0.9.0.M3.pom 
(24 kB at 840 kB/s)
#11 24.71 Downloading from central: 
https://repo.maven.apache.org/maven2/org/eclipse/sisu/org.eclipse.sisu.inject/0.9.0.M3/org.eclipse.sisu.inject-0.9.0.M3.pom
#11 24.76 Progress (1): 804 B
Progress (1): 3.7 kB
Progress (1): 11 kB 
Progress (1): 18 kB
Progress (1): 20 kB
                   
Downloaded from central: 
https://repo.maven.apache.org/maven2/org/eclipse/sisu/org.eclipse.sisu.inject/0.9.0.M3/org.eclipse.sisu.inject-0.9.0.M3.pom 
(20 kB at 426 kB/s)
#11 24.76 Downloading from central: https://repo.maven.apache.org/maven2/org/codehaus/plexus/plexus-component-annotations/2.1.
0/plexus-component-annotations-2.1.0.pom
#11 24.79 Progress (1): 750 B
                   
Downloaded from central: https://repo.maven.apache.org/maven2/org/codehaus/plexus/plexus-component-annotations/2.1.0/plexus-co
mponent-annotations-2.1.0.pom (750 B at 23 kB/s)
#11 24.80 Downloading from central: 
https://repo.maven.apache.org/maven2/org/codehaus/plexus/plexus-containers/2.1.0/plexus-containers-2.1.0.pom
#11 24.84 Progress (1): 1.3 kB
Progress (1): 4.7 kB
Progress (1): 4.8 kB
                    
Downloaded from central: 
https://repo.maven.apache.org/maven2/org/codehaus/plexus/plexus-containers/2.1.0/plexus-containers-2.1.0.pom (4.8 kB at 123 
kB/s)
#11 24.84 Downloading from central: 
https://repo.maven.apache.org/maven2/org/codehaus/plexus/plexus-classworlds/2.6.0/plexus-classworlds-2.6.0.pom
#11 24.88 Progress (1): 932 B
Progress (1): 2.6 kB
Progress (1): 5.5 kB
Progress (1): 7.9 kB
                    
Downloaded from central: 
https://repo.maven.apache.org/maven2/org/codehaus/plexus/plexus-classworlds/2.6.0/plexus-classworlds-2.6.0.pom (7.9 kB at 220 
kB/s)
#11 24.88 Downloading from central: 
https://repo.maven.apache.org/maven2/org/apache/maven/doxia/doxia-core/2.0.0/doxia-core-2.0.0.pom
#11 24.91 Progress (1): 815 B
Progress (1): 3.7 kB
Progress (1): 3.9 kB
                    
Downloaded from central: https://repo.maven.apache.org/maven2/org/apache/maven/doxia/doxia-core/2.0.0/doxia-core-2.0.0.pom 
(3.9 kB at 135 kB/s)
#11 24.92 Downloading from central: https://repo.maven.apache.org/maven2/commons-io/commons-io/2.17.0/commons-io-2.17.0.pom
#11 24.95 Progress (1): 758 B
Progress (1): 2.0 kB
Progress (1): 4.8 kB
Progress (1): 6.8 kB
Progress (1): 9.0 kB
Progress (1): 12 kB 
Progress (1): 15 kB
Progress (1): 18 kB
Progress (1): 20 kB
                   
Downloaded from central: https://repo.maven.apache.org/maven2/commons-io/commons-io/2.17.0/commons-io-2.17.0.pom (20 kB at 
668 kB/s)
#11 24.96 Downloading from central: 
https://repo.maven.apache.org/maven2/org/apache/commons/commons-parent/74/commons-parent-74.pom
#11 24.99 Progress (1): 704 B
Progress (1): 1.9 kB
Progress (1): 3.2 kB
Progress (1): 4.6 kB
Progress (1): 6.8 kB
Progress (1): 8.5 kB
Progress (1): 10 kB 
Progress (1): 13 kB
Progress (1): 15 kB
Progress (1): 17 kB
Progress (1): 20 kB
Progress (1): 22 kB
Progress (1): 25 kB
Progress (1): 28 kB
Progress (1): 32 kB
Progress (1): 32 kB
Progress (1): 35 kB
Progress (1): 40 kB
Progress (1): 43 kB
Progress (1): 46 kB
Progress (1): 49 kB
Progress (1): 51 kB
Progress (1): 55 kB
Progress (1): 57 kB
Progress (1): 59 kB
Progress (1): 63 kB
Progress (1): 67 kB
Progress (1): 70 kB
Progress (1): 73 kB
Progress (1): 75 kB
Progress (1): 78 kB
                   
Downloaded from central: https://repo.maven.apache.org/maven2/org/apache/commons/commons-parent/74/commons-parent-74.pom (78 
kB at 2.0 MB/s)
#11 25.00 Downloading from central: https://repo.maven.apache.org/maven2/org/junit/junit-bom/5.11.0/junit-bom-5.11.0.pom
#11 25.03 Progress (1): 908 B
Progress (1): 4.1 kB
Progress (1): 5.6 kB
                    
Downloaded from central: https://repo.maven.apache.org/maven2/org/junit/junit-bom/5.11.0/junit-bom-5.11.0.pom (5.6 kB at 182 
kB/s)
#11 25.05 Downloading from central: 
https://repo.maven.apache.org/maven2/org/apache/commons/commons-text/1.12.0/commons-text-1.12.0.pom
#11 25.07 Progress (1): 742 B
Progress (1): 2.1 kB
Progress (1): 3.7 kB
Progress (1): 6.7 kB
Progress (1): 9.0 kB
Progress (1): 13 kB 
Progress (1): 16 kB
Progress (1): 18 kB
Progress (1): 20 kB
                   
Downloaded from central: https://repo.maven.apache.org/maven2/org/apache/commons/commons-text/1.12.0/commons-text-1.12.0.pom 
(20 kB at 684 kB/s)
#11 25.08 Downloading from central: 
https://repo.maven.apache.org/maven2/org/apache/commons/commons-lang3/3.17.0/commons-lang3-3.17.0.pom
#11 25.11 Progress (1): 740 B
Progress (1): 1.8 kB
Progress (1): 4.1 kB
Progress (1): 5.8 kB
Progress (1): 7.5 kB
Progress (1): 10.0 kB
Progress (1): 13 kB  
Progress (1): 17 kB
Progress (1): 19 kB
Progress (1): 22 kB
Progress (1): 26 kB
Progress (1): 29 kB
Progress (1): 31 kB
                   
Downloaded from central: 
https://repo.maven.apache.org/maven2/org/apache/commons/commons-lang3/3.17.0/commons-lang3-3.17.0.pom (31 kB at 1.0 MB/s)
#11 25.12 Downloading from central: 
https://repo.maven.apache.org/maven2/org/apache/commons/commons-parent/73/commons-parent-73.pom
#11 25.14 Progress (1): 704 B
Progress (1): 1.9 kB
Progress (1): 3.2 kB
Progress (1): 4.6 kB
Progress (1): 6.8 kB
Progress (1): 8.4 kB
Progress (1): 11 kB 
Progress (1): 13 kB
Progress (1): 15 kB
Progress (1): 17 kB
Progress (1): 20 kB
Progress (1): 22 kB
Progress (1): 25 kB
Progress (1): 28 kB
Progress (1): 32 kB
Progress (1): 35 kB
Progress (1): 40 kB
Progress (1): 43 kB
Progress (1): 45 kB
Progress (1): 48 kB
Progress (1): 51 kB
Progress (1): 55 kB
Progress (1): 57 kB
Progress (1): 59 kB
Progress (1): 63 kB
Progress (1): 67 kB
Progress (1): 70 kB
Progress (1): 73 kB
Progress (1): 75 kB
Progress (1): 78 kB
                   
Downloaded from central: https://repo.maven.apache.org/maven2/org/apache/commons/commons-parent/73/commons-parent-73.pom (78 
kB at 2.4 MB/s)
#11 25.17 Downloading from central: 
https://repo.maven.apache.org/maven2/org/apache/maven/doxia/doxia-integration-tools/2.0.0/doxia-integration-tools-2.0.0.pom
#11 25.19 Progress (1): 798 B
Progress (1): 3.5 kB
Progress (1): 7.8 kB
                    
Downloaded from central: 
https://repo.maven.apache.org/maven2/org/apache/maven/doxia/doxia-integration-tools/2.0.0/doxia-integration-tools-2.0.0.pom 
(7.8 kB at 228 kB/s)
#11 25.21 Downloading from central: 
https://repo.maven.apache.org/maven2/org/codehaus/plexus/plexus-i18n/1.0-beta-10/plexus-i18n-1.0-beta-10.pom
#11 25.23 Progress (1): 1.4 kB
Progress (1): 2.1 kB
                    
Downloaded from central: 
https://repo.maven.apache.org/maven2/org/codehaus/plexus/plexus-i18n/1.0-beta-10/plexus-i18n-1.0-beta-10.pom (2.1 kB at 69 
kB/s)
#11 25.24 Downloading from central: 
https://repo.maven.apache.org/maven2/org/codehaus/plexus/plexus-interpolation/1.27/plexus-interpolation-1.27.pom
#11 25.28 Progress (1): 1.3 kB
Progress (1): 3.0 kB
                    
Downloaded from central: 
https://repo.maven.apache.org/maven2/org/codehaus/plexus/plexus-interpolation/1.27/plexus-interpolation-1.27.pom (3.0 kB at 
86 kB/s)
#11 25.28 Downloading from central: https://repo.maven.apache.org/maven2/org/codehaus/plexus/plexus/16/plexus-16.pom
#11 25.32 Progress (1): 690 B
Progress (1): 2.5 kB
Progress (1): 6.4 kB
Progress (1): 8.8 kB
Progress (1): 11 kB 
Progress (1): 14 kB
Progress (1): 18 kB
Progress (1): 21 kB
Progress (1): 25 kB
Progress (1): 28 kB
                   
Downloaded from central: https://repo.maven.apache.org/maven2/org/codehaus/plexus/plexus/16/plexus-16.pom (28 kB at 768 kB/s)
#11 25.32 Downloading from central: https://repo.maven.apache.org/maven2/org/junit/junit-bom/5.10.1/junit-bom-5.10.1.pom
#11 25.35 Progress (1): 908 B
Progress (1): 4.1 kB
Progress (1): 5.6 kB
                    
Downloaded from central: https://repo.maven.apache.org/maven2/org/junit/junit-bom/5.10.1/junit-bom-5.10.1.pom (5.6 kB at 217 
kB/s)
#11 25.36 Downloading from central: 
https://repo.maven.apache.org/maven2/org/apache/maven/doxia/doxia-site-renderer/2.0.0/doxia-site-renderer-2.0.0.pom
#11 25.39 Progress (1): 774 B
Progress (1): 2.7 kB
Progress (1): 6.8 kB
Progress (1): 7.4 kB
                    
Downloaded from central: 
https://repo.maven.apache.org/maven2/org/apache/maven/doxia/doxia-site-renderer/2.0.0/doxia-site-renderer-2.0.0.pom (7.4 kB 
at 224 kB/s)
#11 25.40 Downloading from central: 
https://repo.maven.apache.org/maven2/org/apache/maven/doxia/doxia-skin-model/2.0.0/doxia-skin-model-2.0.0.pom
#11 25.43 Progress (1): 797 B
Progress (1): 2.3 kB
Progress (1): 3.0 kB
                    
Downloaded from central: 
https://repo.maven.apache.org/maven2/org/apache/maven/doxia/doxia-skin-model/2.0.0/doxia-skin-model-2.0.0.pom (3.0 kB at 94 
kB/s)
#11 25.44 Downloading from central: 
https://repo.maven.apache.org/maven2/org/apache/maven/doxia/doxia-module-xhtml5/2.0.0/doxia-module-xhtml5-2.0.0.pom
#11 25.47 Progress (1): 819 B
Progress (1): 2.9 kB
                    
Downloaded from central: 
https://repo.maven.apache.org/maven2/org/apache/maven/doxia/doxia-module-xhtml5/2.0.0/doxia-module-xhtml5-2.0.0.pom (2.9 kB 
at 74 kB/s)
#11 25.48 Downloading from central: 
https://repo.maven.apache.org/maven2/org/apache/maven/doxia/doxia-modules/2.0.0/doxia-modules-2.0.0.pom
#11 25.52 Progress (1): 819 B
Progress (1): 2.5 kB
                    
Downloaded from central: 
https://repo.maven.apache.org/maven2/org/apache/maven/doxia/doxia-modules/2.0.0/doxia-modules-2.0.0.pom (2.5 kB at 66 kB/s)
#11 25.53 Downloading from central: 
https://repo.maven.apache.org/maven2/org/codehaus/plexus/plexus-velocity/2.2.0/plexus-velocity-2.2.0.pom
#11 25.56 Progress (1): 813 B
Progress (1): 2.4 kB
Progress (1): 4.1 kB
                    
Downloaded from central: 
https://repo.maven.apache.org/maven2/org/codehaus/plexus/plexus-velocity/2.2.0/plexus-velocity-2.2.0.pom (4.1 kB at 131 kB/s)
#11 25.56 Downloading from central: https://repo.maven.apache.org/maven2/org/codehaus/plexus/plexus/19/plexus-19.pom
#11 25.59 Progress (1): 990 B
Progress (1): 4.2 kB
Progress (1): 7.6 kB
Progress (1): 9.4 kB
Progress (1): 12 kB 
Progress (1): 16 kB
Progress (1): 19 kB
Progress (1): 24 kB
Progress (1): 25 kB
                   
Downloaded from central: https://repo.maven.apache.org/maven2/org/codehaus/plexus/plexus/19/plexus-19.pom (25 kB at 819 kB/s)
#11 25.61 Downloading from central: 
https://repo.maven.apache.org/maven2/org/apache/velocity/velocity-engine-core/2.4/velocity-engine-core-2.4.pom
#11 25.64 Progress (1): 797 B
Progress (1): 2.2 kB
Progress (1): 5.1 kB
Progress (1): 9.3 kB
Progress (1): 12 kB 
                   
Downloaded from central: 
https://repo.maven.apache.org/maven2/org/apache/velocity/velocity-engine-core/2.4/velocity-engine-core-2.4.pom (12 kB at 292 
kB/s)
#11 25.65 Downloading from central: 
https://repo.maven.apache.org/maven2/org/apache/velocity/velocity-engine-parent/2.4/velocity-engine-parent-2.4.pom
#11 25.68 Progress (1): 801 B
Progress (1): 2.6 kB
Progress (1): 5.1 kB
Progress (1): 7.7 kB
Progress (1): 9.5 kB
                    
Downloaded from central: 
https://repo.maven.apache.org/maven2/org/apache/velocity/velocity-engine-parent/2.4/velocity-engine-parent-2.4.pom (9.5 kB at 
307 kB/s)
#11 25.68 Downloading from central: 
https://repo.maven.apache.org/maven2/org/apache/velocity/velocity-master/7/velocity-master-7.pom
#11 25.72 Progress (1): 812 B
Progress (1): 2.2 kB
Progress (1): 5.3 kB
Progress (1): 7.9 kB
                    
Downloaded from central: https://repo.maven.apache.org/maven2/org/apache/velocity/velocity-master/7/velocity-master-7.pom 
(7.9 kB at 214 kB/s)
#11 25.73 Downloading from central: 
https://repo.maven.apache.org/maven2/org/apache/velocity/tools/velocity-tools-generic/3.1/velocity-tools-generic-3.1.pom
#11 25.76 Progress (1): 862 B
Progress (1): 2.6 kB
                    
Downloaded from central: 
https://repo.maven.apache.org/maven2/org/apache/velocity/tools/velocity-tools-generic/3.1/velocity-tools-generic-3.1.pom (2.6 
kB at 80 kB/s)
#11 25.76 Downloading from central: 
https://repo.maven.apache.org/maven2/org/apache/velocity/tools/velocity-tools-parent/3.1/velocity-tools-parent-3.1.pom
#11 25.79 Progress (1): 807 B
Progress (1): 2.2 kB
Progress (1): 4.5 kB
Progress (1): 7.5 kB
Progress (1): 8.0 kB
                    
Downloaded from central: 
https://repo.maven.apache.org/maven2/org/apache/velocity/tools/velocity-tools-parent/3.1/velocity-tools-parent-3.1.pom (8.0 
kB at 259 kB/s)
#11 25.80 Downloading from central: 
https://repo.maven.apache.org/maven2/org/apache/velocity/velocity-master/4/velocity-master-4.pom
#11 25.84 Progress (1): 806 B
Progress (1): 2.4 kB
Progress (1): 5.9 kB
Progress (1): 7.8 kB
                    
Downloaded from central: https://repo.maven.apache.org/maven2/org/apache/velocity/velocity-master/4/velocity-master-4.pom 
(7.8 kB at 204 kB/s)
#11 25.84 Downloading from central: 
https://repo.maven.apache.org/maven2/org/apache/velocity/velocity-engine-core/2.3/velocity-engine-core-2.3.pom
#11 25.88 Progress (1): 1.3 kB
Progress (1): 4.5 kB
Progress (1): 8.2 kB
Progress (1): 10 kB 
                   
Downloaded from central: 
https://repo.maven.apache.org/maven2/org/apache/velocity/velocity-engine-core/2.3/velocity-engine-core-2.3.pom (10 kB at 308 
kB/s)
#11 25.88 Downloading from central: 
https://repo.maven.apache.org/maven2/org/apache/velocity/velocity-engine-parent/2.3/velocity-engine-parent-2.3.pom
#11 25.91 Progress (1): 795 B
Progress (1): 2.2 kB
Progress (1): 5.9 kB
Progress (1): 9.3 kB
Progress (1): 12 kB 
Progress (1): 14 kB
                   
Downloaded from central: 
https://repo.maven.apache.org/maven2/org/apache/velocity/velocity-engine-parent/2.3/velocity-engine-parent-2.3.pom (14 kB at 
477 kB/s)
#11 25.91 Downloading from central: 
https://repo.maven.apache.org/maven2/org/apache/commons/commons-lang3/3.11/commons-lang3-3.11.pom
#11 25.94 Progress (1): 728 B
Progress (1): 2.0 kB
Progress (1): 5.2 kB
Progress (1): 8.8 kB
Progress (1): 12 kB 
Progress (1): 15 kB
Progress (1): 17 kB
Progress (1): 18 kB
Progress (1): 21 kB
Progress (1): 24 kB
Progress (1): 27 kB
Progress (1): 30 kB
Progress (1): 30 kB
                   
Downloaded from central: https://repo.maven.apache.org/maven2/org/apache/commons/commons-lang3/3.11/commons-lang3-3.11.pom 
(30 kB at 969 kB/s)
#11 25.95 Downloading from central: 
https://repo.maven.apache.org/maven2/org/apache/commons/commons-parent/51/commons-parent-51.pom
#11 25.98 Progress (1): 702 B
Progress (1): 1.8 kB
Progress (1): 3.1 kB
Progress (1): 4.6 kB
Progress (1): 6.7 kB
Progress (1): 8.1 kB
Progress (1): 10 kB 
Progress (1): 12 kB
Progress (1): 14 kB
Progress (1): 17 kB
Progress (1): 20 kB
Progress (1): 22 kB
Progress (1): 25 kB
Progress (1): 29 kB
Progress (1): 32 kB
Progress (1): 32 kB
Progress (1): 36 kB
Progress (1): 40 kB
Progress (1): 42 kB
Progress (1): 44 kB
Progress (1): 47 kB
Progress (1): 51 kB
Progress (1): 54 kB
Progress (1): 56 kB
Progress (1): 61 kB
Progress (1): 65 kB
Progress (1): 72 kB
Progress (1): 75 kB
Progress (1): 78 kB
                   
Downloaded from central: https://repo.maven.apache.org/maven2/org/apache/commons/commons-parent/51/commons-parent-51.pom (78 
kB at 2.2 MB/s)
#11 25.99 Downloading from central: https://repo.maven.apache.org/maven2/org/slf4j/slf4j-api/1.7.30/slf4j-api-1.7.30.pom
#11 26.02 Progress (1): 1.0 kB
Progress (1): 3.3 kB
Progress (1): 3.8 kB
                    
Downloaded from central: https://repo.maven.apache.org/maven2/org/slf4j/slf4j-api/1.7.30/slf4j-api-1.7.30.pom (3.8 kB at 124 
kB/s)
#11 26.03 Downloading from central: https://repo.maven.apache.org/maven2/org/slf4j/slf4j-parent/1.7.30/slf4j-parent-1.7.30.pom
#11 26.05 Progress (1): 1.0 kB
Progress (1): 3.1 kB
Progress (1): 6.0 kB
Progress (1): 9.0 kB
Progress (1): 12 kB 
Progress (1): 14 kB
                   
Downloaded from central: https://repo.maven.apache.org/maven2/org/slf4j/slf4j-parent/1.7.30/slf4j-parent-1.7.30.pom (14 kB at 
511 kB/s)
#11 26.06 Downloading from central: 
https://repo.maven.apache.org/maven2/commons-beanutils/commons-beanutils/1.9.4/commons-beanutils-1.9.4.pom
#11 26.09 Progress (1): 757 B
Progress (1): 2.1 kB
Progress (1): 3.6 kB
Progress (1): 6.9 kB
Progress (1): 11 kB 
Progress (1): 13 kB
Progress (1): 16 kB
Progress (1): 18 kB
                   
Downloaded from central: 
https://repo.maven.apache.org/maven2/commons-beanutils/commons-beanutils/1.9.4/commons-beanutils-1.9.4.pom (18 kB at 581 kB/s)
#11 26.10 Downloading from central: 
https://repo.maven.apache.org/maven2/org/apache/commons/commons-parent/47/commons-parent-47.pom
#11 26.13 Progress (1): 701 B
Progress (1): 1.9 kB
Progress (1): 3.3 kB
Progress (1): 4.9 kB
Progress (1): 6.6 kB
Progress (1): 8.3 kB
Progress (1): 9.7 kB
Progress (1): 12 kB 
Progress (1): 15 kB
Progress (1): 18 kB
Progress (1): 22 kB
Progress (1): 26 kB
Progress (1): 29 kB
Progress (1): 32 kB
Progress (1): 34 kB
Progress (1): 34 kB
Progress (1): 37 kB
Progress (1): 41 kB
Progress (1): 44 kB
Progress (1): 46 kB
Progress (1): 50 kB
Progress (1): 54 kB
Progress (1): 60 kB
Progress (1): 64 kB
Progress (1): 67 kB
Progress (1): 69 kB
Progress (1): 71 kB
Progress (1): 73 kB
Progress (1): 75 kB
Progress (1): 77 kB
Progress (1): 78 kB
                   
Downloaded from central: https://repo.maven.apache.org/maven2/org/apache/commons/commons-parent/47/commons-parent-47.pom (78 
kB at 2.4 MB/s)
#11 26.13 Downloading from central: https://repo.maven.apache.org/maven2/org/apache/apache/19/apache-19.pom
#11 26.16 Progress (1): 756 B
Progress (1): 2.1 kB
Progress (1): 3.9 kB
Progress (1): 8.0 kB
Progress (1): 12 kB 
Progress (1): 15 kB
                   
Downloaded from central: https://repo.maven.apache.org/maven2/org/apache/apache/19/apache-19.pom (15 kB at 469 kB/s)
#11 26.18 Downloading from central: 
https://repo.maven.apache.org/maven2/commons-collections/commons-collections/3.2.2/commons-collections-3.2.2.pom
#11 26.20 Progress (1): 780 B
Progress (1): 2.4 kB
Progress (1): 5.9 kB
Progress (1): 9.4 kB
Progress (1): 11 kB 
Progress (1): 12 kB
                   
Downloaded from central: 
https://repo.maven.apache.org/maven2/commons-collections/commons-collections/3.2.2/commons-collections-3.2.2.pom (12 kB at 
517 kB/s)
#11 26.21 Downloading from central: 
https://repo.maven.apache.org/maven2/org/apache/commons/commons-parent/39/commons-parent-39.pom
#11 26.23 Progress (1): 715 B
Progress (1): 1.9 kB
Progress (1): 3.0 kB
Progress (1): 4.6 kB
Progress (1): 7.9 kB
Progress (1): 11 kB 
Progress (1): 14 kB
Progress (1): 18 kB
Progress (1): 21 kB
Progress (1): 23 kB
Progress (1): 26 kB
Progress (1): 29 kB
Progress (1): 32 kB
Progress (1): 35 kB
Progress (1): 37 kB
Progress (1): 37 kB
Progress (1): 41 kB
Progress (1): 46 kB
Progress (1): 50 kB
Progress (1): 53 kB
Progress (1): 55 kB
Progress (1): 58 kB
Progress (1): 60 kB
Progress (1): 62 kB
Progress (1): 62 kB
                   
Downloaded from central: https://repo.maven.apache.org/maven2/org/apache/commons/commons-parent/39/commons-parent-39.pom (62 
kB at 2.0 MB/s)
#11 26.24 Downloading from central: https://repo.maven.apache.org/maven2/org/apache/apache/16/apache-16.pom
#11 26.27 Progress (1): 749 B
Progress (1): 2.1 kB
Progress (1): 3.9 kB
Progress (1): 7.8 kB
Progress (1): 11 kB 
Progress (1): 14 kB
Progress (1): 15 kB
                   
Downloaded from central: https://repo.maven.apache.org/maven2/org/apache/apache/16/apache-16.pom (15 kB at 513 kB/s)
#11 26.28 Downloading from central: 
https://repo.maven.apache.org/maven2/org/apache/commons/commons-digester3/3.2/commons-digester3-3.2.pom
#11 26.31 Progress (1): 765 B
Progress (1): 2.1 kB
Progress (1): 4.6 kB
Progress (1): 6.8 kB
Progress (1): 8.6 kB
Progress (1): 12 kB 
Progress (1): 14 kB
Progress (1): 17 kB
Progress (1): 18 kB
                   
Downloaded from central: 
https://repo.maven.apache.org/maven2/org/apache/commons/commons-digester3/3.2/commons-digester3-3.2.pom (18 kB at 550 kB/s)
#11 26.31 Downloading from central: 
https://repo.maven.apache.org/maven2/org/apache/commons/commons-parent/22/commons-parent-22.pom
#11 26.34 Progress (1): 724 B
Progress (1): 1.9 kB
Progress (1): 3.4 kB
Progress (1): 7.0 kB
Progress (1): 9.6 kB
Progress (1): 14 kB 
Progress (1): 17 kB
Progress (1): 19 kB
Progress (1): 23 kB
Progress (1): 30 kB
Progress (1): 33 kB
Progress (1): 36 kB
Progress (1): 38 kB
Progress (1): 41 kB
Progress (1): 42 kB
                   
Downloaded from central: https://repo.maven.apache.org/maven2/org/apache/commons/commons-parent/22/commons-parent-22.pom (42 
kB at 1.4 MB/s)
#11 26.35 Downloading from central: 
https://repo.maven.apache.org/maven2/commons-beanutils/commons-beanutils/1.8.3/commons-beanutils-1.8.3.pom
#11 26.38 Progress (1): 784 B
Progress (1): 2.2 kB
Progress (1): 5.8 kB
Progress (1): 7.7 kB
Progress (1): 11 kB 
Progress (1): 11 kB
                   
Downloaded from central: 
https://repo.maven.apache.org/maven2/commons-beanutils/commons-beanutils/1.8.3/commons-beanutils-1.8.3.pom (11 kB at 295 kB/s)
#11 26.39 Downloading from central: 
https://repo.maven.apache.org/maven2/org/apache/commons/commons-parent/14/commons-parent-14.pom
#11 26.42 Progress (1): 730 B
Progress (1): 1.9 kB
Progress (1): 4.1 kB
Progress (1): 8.2 kB
Progress (1): 12 kB 
Progress (1): 14 kB
Progress (1): 18 kB
Progress (1): 21 kB
Progress (1): 27 kB
Progress (1): 30 kB
Progress (1): 31 kB
                   
Downloaded from central: https://repo.maven.apache.org/maven2/org/apache/commons/commons-parent/14/commons-parent-14.pom (31 
kB at 1.1 MB/s)
#11 26.43 Downloading from central: 
https://repo.maven.apache.org/maven2/commons-logging/commons-logging/1.1.1/commons-logging-1.1.1.pom
#11 26.45 Progress (1): 783 B
Progress (1): 2.0 kB
Progress (1): 5.0 kB
Progress (1): 6.7 kB
Progress (1): 10 kB 
Progress (1): 13 kB
Progress (1): 16 kB
Progress (1): 18 kB
                   
Downloaded from central: https://repo.maven.apache.org/maven2/commons-logging/commons-logging/1.1.1/commons-logging-1.1.1.pom 
(18 kB at 706 kB/s)
#11 26.46 Downloading from central: 
https://repo.maven.apache.org/maven2/org/apache/commons/commons-parent/5/commons-parent-5.pom
#11 26.48 Progress (1): 779 B
Progress (1): 2.1 kB
Progress (1): 4.7 kB
Progress (1): 8.3 kB
Progress (1): 11 kB 
Progress (1): 16 kB
                   
Downloaded from central: https://repo.maven.apache.org/maven2/org/apache/commons/commons-parent/5/commons-parent-5.pom (16 kB 
at 573 kB/s)
#11 26.49 Downloading from central: 
https://repo.maven.apache.org/maven2/org/apache/commons/commons-lang3/3.10/commons-lang3-3.10.pom
#11 26.52 Progress (1): 722 B
Progress (1): 2.0 kB
Progress (1): 5.3 kB
Progress (1): 8.9 kB
Progress (1): 13 kB 
Progress (1): 15 kB
Progress (1): 17 kB
Progress (1): 19 kB
Progress (1): 21 kB
Progress (1): 25 kB
Progress (1): 28 kB
Progress (1): 31 kB
                   
Downloaded from central: https://repo.maven.apache.org/maven2/org/apache/commons/commons-lang3/3.10/commons-lang3-3.10.pom 
(31 kB at 926 kB/s)
#11 26.53 Downloading from central: 
https://repo.maven.apache.org/maven2/org/apache/commons/commons-parent/50/commons-parent-50.pom
#11 26.56 Progress (1): 702 B
Progress (1): 1.8 kB
Progress (1): 3.1 kB
Progress (1): 4.6 kB
Progress (1): 6.7 kB
Progress (1): 8.3 kB
Progress (1): 11 kB 
Progress (1): 13 kB
Progress (1): 15 kB
Progress (1): 17 kB
Progress (1): 20 kB
Progress (1): 23 kB
Progress (1): 26 kB
Progress (1): 30 kB
Progress (1): 33 kB
Progress (1): 34 kB
Progress (1): 37 kB
Progress (1): 39 kB
Progress (1): 42 kB
Progress (1): 45 kB
Progress (1): 49 kB
Progress (1): 51 kB
Progress (1): 53 kB
Progress (1): 58 kB
Progress (1): 62 kB
Progress (1): 69 kB
Progress (1): 72 kB
Progress (1): 76 kB
                   
Downloaded from central: https://repo.maven.apache.org/maven2/org/apache/commons/commons-parent/50/commons-parent-50.pom (76 
kB at 2.0 MB/s)
#11 26.57 Downloading from central: 
https://repo.maven.apache.org/maven2/com/github/cliftonlabs/json-simple/3.0.2/json-simple-3.0.2.pom
#11 26.60 Progress (1): 1.0 kB
Progress (1): 3.1 kB
Progress (1): 6.8 kB
Progress (1): 7.5 kB
                    
Downloaded from central: https://repo.maven.apache.org/maven2/com/github/cliftonlabs/json-simple/3.0.2/json-simple-3.0.2.pom 
(7.5 kB at 214 kB/s)
#11 26.61 Downloading from central: 
https://repo.maven.apache.org/maven2/org/apache/maven/doxia/doxia-module-apt/2.0.0/doxia-module-apt-2.0.0.pom
#11 26.63 Progress (1): 819 B
Progress (1): 2.9 kB
                    
Downloaded from central: 
https://repo.maven.apache.org/maven2/org/apache/maven/doxia/doxia-module-apt/2.0.0/doxia-module-apt-2.0.0.pom (2.9 kB at 102 
kB/s)
#11 26.64 Downloading from central: 
https://repo.maven.apache.org/maven2/org/apache/maven/doxia/doxia-module-xdoc/2.0.0/doxia-module-xdoc-2.0.0.pom
#11 26.67 Progress (1): 779 B
Progress (1): 3.1 kB
Progress (1): 5.4 kB
                    
Downloaded from central: 
https://repo.maven.apache.org/maven2/org/apache/maven/doxia/doxia-module-xdoc/2.0.0/doxia-module-xdoc-2.0.0.pom (5.4 kB at 
174 kB/s)
#11 26.68 Downloading from central: 
https://repo.maven.apache.org/maven2/org/apache/maven/maven-archiver/3.6.2/maven-archiver-3.6.2.pom
#11 26.71 Progress (1): 801 B
Progress (1): 2.3 kB
Progress (1): 4.4 kB
                    
Downloaded from central: https://repo.maven.apache.org/maven2/org/apache/maven/maven-archiver/3.6.2/maven-archiver-3.6.2.pom 
(4.4 kB at 141 kB/s)
#11 26.72 Downloading from central: 
https://repo.maven.apache.org/maven2/org/apache/maven/shared/maven-shared-components/41/maven-shared-components-41.pom
#11 26.74 Progress (1): 816 B
Progress (1): 2.3 kB
Progress (1): 3.2 kB
                    
Downloaded from central: 
https://repo.maven.apache.org/maven2/org/apache/maven/shared/maven-shared-components/41/maven-shared-components-41.pom (3.2 
kB at 118 kB/s)
#11 26.75 Downloading from central: 
https://repo.maven.apache.org/maven2/org/codehaus/plexus/plexus-archiver/4.9.2/plexus-archiver-4.9.2.pom
#11 26.77 Progress (1): 1.2 kB
Progress (1): 4.1 kB
Progress (1): 6.0 kB
                    
Downloaded from central: 
https://repo.maven.apache.org/maven2/org/codehaus/plexus/plexus-archiver/4.9.2/plexus-archiver-4.9.2.pom (6.0 kB at 214 kB/s)
#11 26.78 Downloading from central: 
https://repo.maven.apache.org/maven2/org/codehaus/plexus/plexus-io/3.4.2/plexus-io-3.4.2.pom
#11 26.80 Progress (1): 1.2 kB
Progress (1): 3.9 kB
                    
Downloaded from central: https://repo.maven.apache.org/maven2/org/codehaus/plexus/plexus-io/3.4.2/plexus-io-3.4.2.pom (3.9 kB 
at 154 kB/s)
#11 26.81 Downloading from central: https://repo.maven.apache.org/maven2/commons-io/commons-io/2.15.1/commons-io-2.15.1.pom
#11 26.83 Progress (1): 765 B
Progress (1): 2.1 kB
Progress (1): 5.1 kB
Progress (1): 7.5 kB
Progress (1): 10 kB 
Progress (1): 12 kB
Progress (1): 15 kB
Progress (1): 18 kB
Progress (1): 20 kB
                   
Downloaded from central: https://repo.maven.apache.org/maven2/commons-io/commons-io/2.15.1/commons-io-2.15.1.pom (20 kB at 
799 kB/s)
#11 26.84 Downloading from central: 
https://repo.maven.apache.org/maven2/org/apache/commons/commons-parent/65/commons-parent-65.pom
#11 26.87 Progress (1): 703 B
Progress (1): 1.9 kB
Progress (1): 3.1 kB
Progress (1): 4.6 kB
Progress (1): 6.4 kB
Progress (1): 8.4 kB
Progress (1): 10 kB 
Progress (1): 13 kB
Progress (1): 15 kB
Progress (1): 18 kB
Progress (1): 19 kB
Progress (1): 23 kB
Progress (1): 25 kB
Progress (1): 28 kB
Progress (1): 32 kB
Progress (1): 32 kB
Progress (1): 35 kB
Progress (1): 41 kB
Progress (1): 43 kB
Progress (1): 46 kB
Progress (1): 49 kB
Progress (1): 51 kB
Progress (1): 54 kB
Progress (1): 58 kB
Progress (1): 60 kB
Progress (1): 64 kB
Progress (1): 67 kB
Progress (1): 71 kB
Progress (1): 73 kB
Progress (1): 76 kB
Progress (1): 78 kB
                   
Downloaded from central: https://repo.maven.apache.org/maven2/org/apache/commons/commons-parent/65/commons-parent-65.pom (78 
kB at 2.4 MB/s)
#11 26.88 Downloading from central: 
https://repo.maven.apache.org/maven2/org/apache/commons/commons-compress/1.26.1/commons-compress-1.26.1.pom
#11 26.91 Progress (1): 753 B
Progress (1): 1.9 kB
Progress (1): 3.7 kB
Progress (1): 5.8 kB
Progress (1): 9.1 kB
Progress (1): 12 kB 
Progress (1): 15 kB
Progress (1): 19 kB
Progress (1): 21 kB
Progress (1): 22 kB
                   
Downloaded from central: 
https://repo.maven.apache.org/maven2/org/apache/commons/commons-compress/1.26.1/commons-compress-1.26.1.pom (22 kB at 771 
kB/s)
#11 26.91 Downloading from central: 
https://repo.maven.apache.org/maven2/org/apache/commons/commons-parent/66/commons-parent-66.pom
#11 26.94 Progress (1): 810 B
Progress (1): 2.1 kB
Progress (1): 3.4 kB
Progress (1): 4.8 kB
Progress (1): 6.8 kB
Progress (1): 8.7 kB
Progress (1): 11 kB 
Progress (1): 12 kB
Progress (1): 13 kB
Progress (1): 16 kB
Progress (1): 18 kB
Progress (1): 21 kB
Progress (1): 23 kB
Progress (1): 26 kB
Progress (1): 29 kB
Progress (1): 32 kB
Progress (1): 35 kB
Progress (1): 40 kB
Progress (1): 43 kB
Progress (1): 46 kB
Progress (1): 49 kB
Progress (1): 51 kB
Progress (1): 55 kB
Progress (1): 57 kB
Progress (1): 60 kB
Progress (1): 63 kB
Progress (1): 67 kB
Progress (1): 70 kB
Progress (1): 73 kB
Progress (1): 75 kB
Progress (1): 77 kB
                   
Downloaded from central: https://repo.maven.apache.org/maven2/org/apache/commons/commons-parent/66/commons-parent-66.pom (77 
kB at 2.3 MB/s)
#11 26.96 Downloading from central: 
https://repo.maven.apache.org/maven2/commons-codec/commons-codec/1.16.1/commons-codec-1.16.1.pom
#11 26.98 Progress (1): 742 B
Progress (1): 1.9 kB
Progress (1): 3.8 kB
Progress (1): 6.2 kB
Progress (1): 8.6 kB
Progress (1): 11 kB 
Progress (1): 13 kB
Progress (1): 16 kB
                   
Downloaded from central: https://repo.maven.apache.org/maven2/commons-codec/commons-codec/1.16.1/commons-codec-1.16.1.pom (16 
kB at 560 kB/s)
#11 26.99 Downloading from central: 
https://repo.maven.apache.org/maven2/com/github/luben/zstd-jni/1.5.5-11/zstd-jni-1.5.5-11.pom
#11 27.02 Progress (1): 1.1 kB
Progress (1): 2.0 kB
                    
Downloaded from central: https://repo.maven.apache.org/maven2/com/github/luben/zstd-jni/1.5.5-11/zstd-jni-1.5.5-11.pom (2.0 
kB at 67 kB/s)
#11 27.03 Downloading from central: https://repo.maven.apache.org/maven2/org/codehaus/plexus/plexus-component-annotations/2.2.
0/plexus-component-annotations-2.2.0.pom
#11 27.05 Progress (1): 736 B
                   
Downloaded from central: https://repo.maven.apache.org/maven2/org/codehaus/plexus/plexus-component-annotations/2.2.0/plexus-co
mponent-annotations-2.2.0.pom (736 B at 29 kB/s)
#11 27.06 Downloading from central: 
https://repo.maven.apache.org/maven2/org/codehaus/plexus/plexus-containers/2.2.0/plexus-containers-2.2.0.pom
#11 27.08 Progress (1): 1.3 kB
Progress (1): 2.3 kB
                    
Downloaded from central: 
https://repo.maven.apache.org/maven2/org/codehaus/plexus/plexus-containers/2.2.0/plexus-containers-2.2.0.pom (2.3 kB at 82 
kB/s)
#11 27.09 Downloading from central: 
https://repo.maven.apache.org/maven2/org/codehaus/plexus/plexus-resources/1.3.0/plexus-resources-1.3.0.pom
#11 27.12 Progress (1): 1.2 kB
Progress (1): 3.8 kB
Progress (1): 4.0 kB
                    
Downloaded from central: 
https://repo.maven.apache.org/maven2/org/codehaus/plexus/plexus-resources/1.3.0/plexus-resources-1.3.0.pom (4.0 kB at 130 
kB/s)
#11 27.13 Downloading from central: 
https://repo.maven.apache.org/maven2/com/puppycrawl/tools/checkstyle/9.3/checkstyle-9.3.pom
#11 27.16 Progress (1): 850 B
Progress (1): 4.0 kB
Progress (1): 6.2 kB
Progress (1): 8.9 kB
Progress (1): 12 kB 
Progress (1): 14 kB
Progress (1): 17 kB
Progress (1): 21 kB
Progress (1): 25 kB
Progress (1): 29 kB
Progress (1): 39 kB
Progress (1): 42 kB
Progress (1): 47 kB
Progress (1): 50 kB
Progress (1): 54 kB
Progress (1): 57 kB
Progress (1): 60 kB
Progress (1): 63 kB
Progress (1): 65 kB
Progress (1): 68 kB
Progress (1): 70 kB
Progress (1): 73 kB
Progress (1): 77 kB
Progress (1): 81 kB
Progress (1): 96 kB
Progress (1): 114 kB
Progress (1): 122 kB
Progress (1): 131 kB
Progress (1): 137 kB
Progress (1): 142 kB
                    
Downloaded from central: https://repo.maven.apache.org/maven2/com/puppycrawl/tools/checkstyle/9.3/checkstyle-9.3.pom (142 kB 
at 3.5 MB/s)
#11 27.18 Downloading from central: https://repo.maven.apache.org/maven2/info/picocli/picocli/4.6.2/picocli-4.6.2.pom
#11 27.21 Progress (1): 997 B
Progress (1): 1.4 kB
                    
Downloaded from central: https://repo.maven.apache.org/maven2/info/picocli/picocli/4.6.2/picocli-4.6.2.pom (1.4 kB at 42 kB/s)
#11 27.21 Downloading from central: 
https://repo.maven.apache.org/maven2/org/antlr/antlr4-runtime/4.9.3/antlr4-runtime-4.9.3.pom
#11 27.24 Progress (1): 915 B
Progress (1): 3.3 kB
Progress (1): 3.6 kB
                    
Downloaded from central: https://repo.maven.apache.org/maven2/org/antlr/antlr4-runtime/4.9.3/antlr4-runtime-4.9.3.pom (3.6 kB 
at 121 kB/s)
#11 27.25 Downloading from central: https://repo.maven.apache.org/maven2/org/antlr/antlr4-master/4.9.3/antlr4-master-4.9.3.pom
#11 27.28 Progress (1): 1.0 kB
Progress (1): 2.9 kB
Progress (1): 4.4 kB
                    
Downloaded from central: https://repo.maven.apache.org/maven2/org/antlr/antlr4-master/4.9.3/antlr4-master-4.9.3.pom (4.4 kB 
at 130 kB/s)
#11 27.29 Downloading from central: 
https://repo.maven.apache.org/maven2/com/google/guava/guava/31.0.1-jre/guava-31.0.1-jre.pom
#11 27.32 Progress (1): 1.1 kB
Progress (1): 2.9 kB
Progress (1): 4.9 kB
Progress (1): 6.8 kB
Progress (1): 8.6 kB
Progress (1): 11 kB 
                   
Downloaded from central: https://repo.maven.apache.org/maven2/com/google/guava/guava/31.0.1-jre/guava-31.0.1-jre.pom (11 kB 
at 332 kB/s)
#11 27.32 Downloading from central: 
https://repo.maven.apache.org/maven2/com/google/guava/guava-parent/31.0.1-jre/guava-parent-31.0.1-jre.pom
#11 27.35 Progress (1): 903 B
Progress (1): 2.7 kB
Progress (1): 5.2 kB
Progress (1): 7.7 kB
Progress (1): 9.4 kB
Progress (1): 14 kB 
                   
Downloaded from central: 
https://repo.maven.apache.org/maven2/com/google/guava/guava-parent/31.0.1-jre/guava-parent-31.0.1-jre.pom (14 kB at 419 kB/s)
#11 27.38 Downloading from central: 
https://repo.maven.apache.org/maven2/com/google/guava/failureaccess/1.0.1/failureaccess-1.0.1.pom
#11 27.42 Progress (1): 981 B
Progress (1): 2.4 kB
                    
Downloaded from central: https://repo.maven.apache.org/maven2/com/google/guava/failureaccess/1.0.1/failureaccess-1.0.1.pom 
(2.4 kB at 47 kB/s)
#11 27.45 Downloading from central: 
https://repo.maven.apache.org/maven2/com/google/guava/guava-parent/26.0-android/guava-parent-26.0-android.pom
#11 27.49 Progress (1): 982 B
Progress (1): 2.7 kB
Progress (1): 5.4 kB
Progress (1): 7.4 kB
Progress (1): 10 kB 
                   
Downloaded from central: 
https://repo.maven.apache.org/maven2/com/google/guava/guava-parent/26.0-android/guava-parent-26.0-android.pom (10 kB at 217 
kB/s)
#11 27.52 Downloading from central: https://repo.maven.apache.org/maven2/com/google/guava/listenablefuture/9999.0-empty-to-avo
id-conflict-with-guava/listenablefuture-9999.0-empty-to-avoid-conflict-with-guava.pom
#11 27.56 Progress (1): 1.0 kB
Progress (1): 2.3 kB
                    
Downloaded from central: https://repo.maven.apache.org/maven2/com/google/guava/listenablefuture/9999.0-empty-to-avoid-conflict
-with-guava/listenablefuture-9999.0-empty-to-avoid-conflict-with-guava.pom (2.3 kB at 46 kB/s)
#11 27.57 Downloading from central: 
https://repo.maven.apache.org/maven2/com/google/code/findbugs/jsr305/3.0.2/jsr305-3.0.2.pom
#11 27.60 Progress (1): 1.0 kB
Progress (1): 3.7 kB
Progress (1): 4.3 kB
                    
Downloaded from central: https://repo.maven.apache.org/maven2/com/google/code/findbugs/jsr305/3.0.2/jsr305-3.0.2.pom (4.3 kB 
at 143 kB/s)
#11 27.61 Downloading from central: 
https://repo.maven.apache.org/maven2/org/checkerframework/checker-qual/3.12.0/checker-qual-3.12.0.pom
#11 27.64 Progress (1): 951 B
Progress (1): 2.1 kB
                    
Downloaded from central: 
https://repo.maven.apache.org/maven2/org/checkerframework/checker-qual/3.12.0/checker-qual-3.12.0.pom (2.1 kB at 58 kB/s)
#11 27.65 Downloading from central: 
https://repo.maven.apache.org/maven2/com/google/errorprone/error_prone_annotations/2.7.1/error_prone_annotations-2.7.1.pom
#11 27.68 Progress (1): 835 B
Progress (1): 2.1 kB
                    
Downloaded from central: 
https://repo.maven.apache.org/maven2/com/google/errorprone/error_prone_annotations/2.7.1/error_prone_annotations-2.7.1.pom 
(2.1 kB at 73 kB/s)
#11 27.68 Downloading from central: 
https://repo.maven.apache.org/maven2/com/google/errorprone/error_prone_parent/2.7.1/error_prone_parent-2.7.1.pom
#11 27.72 Progress (1): 743 B
Progress (1): 2.4 kB
Progress (1): 4.9 kB
Progress (1): 7.0 kB
                    
Downloaded from central: 
https://repo.maven.apache.org/maven2/com/google/errorprone/error_prone_parent/2.7.1/error_prone_parent-2.7.1.pom (7.0 kB at 
170 kB/s)
#11 27.73 Downloading from central: 
https://repo.maven.apache.org/maven2/com/google/j2objc/j2objc-annotations/1.3/j2objc-annotations-1.3.pom
#11 27.77 Progress (1): 857 B
Progress (1): 2.8 kB
                    
Downloaded from central: 
https://repo.maven.apache.org/maven2/com/google/j2objc/j2objc-annotations/1.3/j2objc-annotations-1.3.pom (2.8 kB at 84 kB/s)
#11 27.77 Downloading from central: 
https://repo.maven.apache.org/maven2/org/reflections/reflections/0.10.2/reflections-0.10.2.pom
#11 27.80 Progress (1): 1.3 kB
Progress (1): 3.9 kB
Progress (1): 8.1 kB
Progress (1): 9.3 kB
                    
Downloaded from central: https://repo.maven.apache.org/maven2/org/reflections/reflections/0.10.2/reflections-0.10.2.pom (9.3 
kB at 358 kB/s)
#11 27.80 Downloading from central: 
https://repo.maven.apache.org/maven2/org/javassist/javassist/3.28.0-GA/javassist-3.28.0-GA.pom
#11 27.83 Progress (1): 948 B
Progress (1): 3.4 kB
Progress (1): 5.5 kB
Progress (1): 7.9 kB
Progress (1): 9.8 kB
Progress (1): 11 kB 
                   
Downloaded from central: https://repo.maven.apache.org/maven2/org/javassist/javassist/3.28.0-GA/javassist-3.28.0-GA.pom (11 
kB at 360 kB/s)
#11 27.84 Downloading from central: https://repo.maven.apache.org/maven2/net/sf/saxon/Saxon-HE/10.6/Saxon-HE-10.6.pom
#11 27.87 Progress (1): 1.3 kB
Progress (1): 2.6 kB
                    
Downloaded from central: https://repo.maven.apache.org/maven2/net/sf/saxon/Saxon-HE/10.6/Saxon-HE-10.6.pom (2.6 kB at 79 kB/s)
#11 27.88 Downloading from central: https://repo.maven.apache.org/maven2/javax/xml/bind/jaxb-api/2.3.1/jaxb-api-2.3.1.pom
#11 27.91 Progress (1): 725 B
Progress (1): 2.0 kB
Progress (1): 4.1 kB
Progress (1): 7.1 kB
Progress (1): 10 kB 
Progress (1): 13 kB
Progress (1): 17 kB
Progress (1): 20 kB
                   
Downloaded from central: https://repo.maven.apache.org/maven2/javax/xml/bind/jaxb-api/2.3.1/jaxb-api-2.3.1.pom (20 kB at 593 
kB/s)
#11 27.92 Downloading from central: 
https://repo.maven.apache.org/maven2/javax/xml/bind/jaxb-api-parent/2.3.1/jaxb-api-parent-2.3.1.pom
#11 27.94 Progress (1): 754 B
Progress (1): 2.0 kB
Progress (1): 3.9 kB
Progress (1): 6.5 kB
Progress (1): 8.1 kB
                    
Downloaded from central: https://repo.maven.apache.org/maven2/javax/xml/bind/jaxb-api-parent/2.3.1/jaxb-api-parent-2.3.1.pom 
(8.1 kB at 270 kB/s)
#11 27.95 Downloading from central: https://repo.maven.apache.org/maven2/net/java/jvnet-parent/5/jvnet-parent-5.pom
#11 28.03 Progress (1): 834 B
Progress (1): 2.8 kB
Progress (1): 5.4 kB
Progress (1): 8.9 kB
                    
Downloaded from central: https://repo.maven.apache.org/maven2/net/java/jvnet-parent/5/jvnet-parent-5.pom (8.9 kB at 104 kB/s)
#11 28.04 Downloading from central: 
https://repo.maven.apache.org/maven2/javax/activation/javax.activation-api/1.2.0/javax.activation-api-1.2.0.pom
#11 28.08 Progress (1): 747 B
Progress (1): 2.1 kB
Progress (1): 3.5 kB
Progress (1): 4.9 kB
                    
Downloaded from central: 
https://repo.maven.apache.org/maven2/javax/activation/javax.activation-api/1.2.0/javax.activation-api-1.2.0.pom (4.9 kB at 
137 kB/s)
#11 28.08 Downloading from central: https://repo.maven.apache.org/maven2/com/sun/activation/all/1.2.0/all-1.2.0.pom
#11 28.11 Progress (1): 681 B
Progress (1): 2.0 kB
Progress (1): 3.4 kB
Progress (1): 5.4 kB
Progress (1): 7.7 kB
Progress (1): 9.8 kB
Progress (1): 12 kB 
Progress (1): 15 kB
Progress (1): 18 kB
Progress (1): 18 kB
                   
Downloaded from central: https://repo.maven.apache.org/maven2/com/sun/activation/all/1.2.0/all-1.2.0.pom (18 kB at 544 kB/s)
#11 28.12 Downloading from central: https://repo.maven.apache.org/maven2/net/java/jvnet-parent/1/jvnet-parent-1.pom
#11 28.15 Progress (1): 846 B
Progress (1): 2.5 kB
Progress (1): 4.7 kB
                    
Downloaded from central: https://repo.maven.apache.org/maven2/net/java/jvnet-parent/1/jvnet-parent-1.pom (4.7 kB at 162 kB/s)
#11 28.16 Downloading from central: 
https://repo.maven.apache.org/maven2/org/apache/maven/reporting/maven-reporting-api/4.0.0/maven-reporting-api-4.0.0.jar
#11 28.19 Progress (1): 7.7/9.8 kB
Progress (1): 9.8 kB    
                    
Downloaded from central: 
https://repo.maven.apache.org/maven2/org/apache/maven/reporting/maven-reporting-api/4.0.0/maven-reporting-api-4.0.0.jar (9.8 
kB at 362 kB/s)
#11 28.19 Downloading from central: 
https://repo.maven.apache.org/maven2/org/apache/maven/reporting/maven-reporting-impl/4.0.0/maven-reporting-impl-4.0.0.jar
#11 28.19 Downloading from central: 
https://repo.maven.apache.org/maven2/org/apache/maven/shared/maven-shared-utils/3.4.2/maven-shared-utils-3.4.2.jar
#11 28.20 Downloading from central: 
https://repo.maven.apache.org/maven2/org/apache/maven/doxia/doxia-site-model/2.0.0/doxia-site-model-2.0.0.jar
#11 28.20 Downloading from central: 
https://repo.maven.apache.org/maven2/org/apache/maven/doxia/doxia-site-renderer/2.0.0/doxia-site-renderer-2.0.0.jar
#11 28.20 Downloading from central: 
https://repo.maven.apache.org/maven2/org/apache/maven/doxia/doxia-skin-model/2.0.0/doxia-skin-model-2.0.0.jar
#11 28.22 Progress (1): 16/86 kB
Progress (1): 33/86 kB
Progress (1): 49/86 kB
Progress (1): 57/86 kB
Progress (2): 57/86 kB | 7.6/21 kB
Progress (2): 74/86 kB | 7.6/21 kB
Progress (2): 86 kB | 7.6/21 kB   
Progress (2): 86 kB | 21 kB    
                           
Downloaded from central: 
https://repo.maven.apache.org/maven2/org/apache/maven/doxia/doxia-site-model/2.0.0/doxia-site-model-2.0.0.jar (86 kB at 2.3 
MB/s)
#11 28.23 Downloading from central: 
https://repo.maven.apache.org/maven2/org/apache/maven/doxia/doxia-module-xhtml5/2.0.0/doxia-module-xhtml5-2.0.0.jar
#11 28.23 Downloaded from central: 
https://repo.maven.apache.org/maven2/org/apache/maven/reporting/maven-reporting-impl/4.0.0/maven-reporting-impl-4.0.0.jar (21 
kB at 476 kB/s)
#11 28.23 Downloading from central: 
https://repo.maven.apache.org/maven2/org/codehaus/plexus/plexus-velocity/2.2.0/plexus-velocity-2.2.0.jar
#11 28.24 Progress (1): 7.7/151 kB
Progress (1): 16/151 kB 
Progress (1): 25/151 kB
Progress (2): 25/151 kB | 7.7/44 kB
Progress (2): 25/151 kB | 12/44 kB 
Progress (2): 25/151 kB | 28/44 kB
Progress (2): 41/151 kB | 28/44 kB
Progress (2): 41/151 kB | 44 kB   
Progress (2): 57/151 kB | 44 kB
Progress (3): 57/151 kB | 44 kB | 7.7/16 kB
Progress (3): 57/151 kB | 44 kB | 16/16 kB 
Progress (3): 74/151 kB | 44 kB | 16/16 kB
Progress (3): 74/151 kB | 44 kB | 16 kB   
Progress (3): 90/151 kB | 44 kB | 16 kB
                                       
Downloaded from central: 
https://repo.maven.apache.org/maven2/org/apache/maven/doxia/doxia-skin-model/2.0.0/doxia-skin-model-2.0.0.jar (16 kB at 309 
kB/s)
#11 28.25 Downloaded from central: 
https://repo.maven.apache.org/maven2/org/apache/maven/doxia/doxia-site-renderer/2.0.0/doxia-site-renderer-2.0.0.jar (44 kB at 
793 kB/s)
#11 28.25 Progress (1): 106/151 kB
                        
Downloading from central: 
https://repo.maven.apache.org/maven2/org/apache/velocity/velocity-engine-core/2.4/velocity-engine-core-2.4.jar
#11 28.25 Progress (1): 123/151 kB
                        
Downloading from central: 
https://repo.maven.apache.org/maven2/org/apache/velocity/tools/velocity-tools-generic/3.1/velocity-tools-generic-3.1.jar
#11 28.25 Progress (1): 139/151 kB
Progress (1): 151 kB    
                    
Downloaded from central: 
https://repo.maven.apache.org/maven2/org/apache/maven/shared/maven-shared-utils/3.4.2/maven-shared-utils-3.4.2.jar (151 kB at 
2.3 MB/s)
#11 28.26 Downloading from central: 
https://repo.maven.apache.org/maven2/org/apache/commons/commons-digester3/3.2/commons-digester3-3.2.jar
#11 28.26 Progress (1): 3.4/5.7 kB
Progress (1): 5.7 kB    
                    
Downloaded from central: 
https://repo.maven.apache.org/maven2/org/codehaus/plexus/plexus-velocity/2.2.0/plexus-velocity-2.2.0.jar (5.7 kB at 89 kB/s)
#11 28.26 Downloading from central: 
https://repo.maven.apache.org/maven2/com/github/cliftonlabs/json-simple/3.0.2/json-simple-3.0.2.jar
#11 28.26 Progress (1): 7.7/17 kB
Progress (1): 16/17 kB 
Progress (1): 17 kB   
                   
Downloaded from central: 
https://repo.maven.apache.org/maven2/org/apache/maven/doxia/doxia-module-xhtml5/2.0.0/doxia-module-xhtml5-2.0.0.jar (17 kB at 
254 kB/s)
#11 28.26 Downloading from central: 
https://repo.maven.apache.org/maven2/org/apache/maven/doxia/doxia-module-apt/2.0.0/doxia-module-apt-2.0.0.jar
#11 28.28 Progress (1): 7.7/35 kB
Progress (1): 16/35 kB 
Progress (1): 32/35 kB
Progress (1): 35 kB   
                   
Downloaded from central: https://repo.maven.apache.org/maven2/com/github/cliftonlabs/json-simple/3.0.2/json-simple-3.0.2.jar 
(35 kB at 390 kB/s)
#11 28.29 Downloading from central: 
https://repo.maven.apache.org/maven2/org/apache/maven/doxia/doxia-module-xdoc/2.0.0/doxia-module-xdoc-2.0.0.jar
#11 28.29 Progress (1): 7.7/54 kB
Progress (1): 16/54 kB 
Progress (1): 32/54 kB
Progress (2): 32/54 kB | 7.7/510 kB
Progress (3): 32/54 kB | 7.7/510 kB | 7.7/242 kB
Progress (3): 32/54 kB | 16/510 kB | 7.7/242 kB 
Progress (3): 32/54 kB | 16/510 kB | 16/242 kB 
Progress (3): 49/54 kB | 16/510 kB | 16/242 kB
Progress (3): 54 kB | 16/510 kB | 16/242 kB   
Progress (3): 54 kB | 32/510 kB | 16/242 kB
Progress (3): 54 kB | 49/510 kB | 16/242 kB
Progress (4): 54 kB | 49/510 kB | 16/242 kB | 16/217 kB
                                                       
Downloaded from central: 
https://repo.maven.apache.org/maven2/org/apache/maven/doxia/doxia-module-apt/2.0.0/doxia-module-apt-2.0.0.jar (54 kB at 508 
kB/s)
#11 28.30 Downloading from central: 
https://repo.maven.apache.org/maven2/org/apache/maven/maven-archiver/3.6.2/maven-archiver-3.6.2.jar
#11 28.30 Progress (3): 49/510 kB | 28/242 kB | 16/217 kB
Progress (3): 49/510 kB | 44/242 kB | 16/217 kB
Progress (3): 49/510 kB | 44/242 kB | 25/217 kB
Progress (3): 65/510 kB | 44/242 kB | 25/217 kB
Progress (3): 65/510 kB | 61/242 kB | 25/217 kB
Progress (3): 65/510 kB | 77/242 kB | 25/217 kB
Progress (3): 65/510 kB | 77/242 kB | 41/217 kB
Progress (3): 81/510 kB | 77/242 kB | 41/217 kB
Progress (3): 81/510 kB | 93/242 kB | 41/217 kB
Progress (3): 98/510 kB | 93/242 kB | 41/217 kB
Progress (3): 114/510 kB | 93/242 kB | 41/217 kB
Progress (3): 114/510 kB | 110/242 kB | 41/217 kB
Progress (4): 114/510 kB | 110/242 kB | 41/217 kB | 7.7/35 kB
Progress (4): 114/510 kB | 126/242 kB | 41/217 kB | 7.7/35 kB
Progress (4): 114/510 kB | 126/242 kB | 41/217 kB | 16/35 kB 
Progress (4): 114/510 kB | 126/242 kB | 41/217 kB | 32/35 kB
Progress (4): 114/510 kB | 126/242 kB | 41/217 kB | 35 kB   
Progress (4): 114/510 kB | 143/242 kB | 41/217 kB | 35 kB
                                                         
Downloaded from central: 
https://repo.maven.apache.org/maven2/org/apache/maven/doxia/doxia-module-xdoc/2.0.0/doxia-module-xdoc-2.0.0.jar (35 kB at 275 
kB/s)
#11 28.33 Downloading from central: 
https://repo.maven.apache.org/maven2/org/codehaus/plexus/plexus-archiver/4.9.2/plexus-archiver-4.9.2.jar
#11 28.33 Progress (3): 114/510 kB | 159/242 kB | 41/217 kB
Progress (3): 131/510 kB | 159/242 kB | 41/217 kB
Progress (3): 147/510 kB | 159/242 kB | 41/217 kB
Progress (3): 147/510 kB | 175/242 kB | 41/217 kB
Progress (3): 147/510 kB | 175/242 kB | 57/217 kB
Progress (3): 147/510 kB | 175/242 kB | 66/217 kB
Progress (4): 147/510 kB | 175/242 kB | 66/217 kB | 7.7/27 kB
Progress (4): 147/510 kB | 175/242 kB | 66/217 kB | 16/27 kB 
Progress (4): 163/510 kB | 175/242 kB | 66/217 kB | 16/27 kB
Progress (4): 163/510 kB | 175/242 kB | 66/217 kB | 27 kB   
                                                         
Downloaded from central: https://repo.maven.apache.org/maven2/org/apache/maven/maven-archiver/3.6.2/maven-archiver-3.6.2.jar 
(27 kB at 190 kB/s)
#11 28.34 Progress (3): 163/510 kB | 192/242 kB | 66/217 kB
                                                 
Downloading from central: https://repo.maven.apache.org/maven2/org/codehaus/plexus/plexus-io/3.4.2/plexus-io-3.4.2.jar
#11 28.34 Progress (3): 180/510 kB | 192/242 kB | 66/217 kB
Progress (3): 180/510 kB | 208/242 kB | 66/217 kB
Progress (3): 180/510 kB | 208/242 kB | 82/217 kB
Progress (3): 196/510 kB | 208/242 kB | 82/217 kB
Progress (3): 196/510 kB | 208/242 kB | 98/217 kB
Progress (3): 213/510 kB | 208/242 kB | 98/217 kB
Progress (3): 213/510 kB | 225/242 kB | 98/217 kB
Progress (3): 213/510 kB | 225/242 kB | 115/217 kB
Progress (3): 229/510 kB | 225/242 kB | 115/217 kB
Progress (3): 229/510 kB | 225/242 kB | 131/217 kB
Progress (3): 229/510 kB | 241/242 kB | 131/217 kB
Progress (3): 229/510 kB | 242 kB | 131/217 kB    
Progress (3): 245/510 kB | 242 kB | 131/217 kB
Progress (3): 245/510 kB | 242 kB | 147/217 kB
                                              
Downloaded from central: 
https://repo.maven.apache.org/maven2/org/apache/commons/commons-digester3/3.2/commons-digester3-3.2.jar (242 kB at 1.5 MB/s)
#11 28.35 Downloading from central: 
https://repo.maven.apache.org/maven2/org/apache/commons/commons-compress/1.26.1/commons-compress-1.26.1.jar
#11 28.36 Progress (2): 262/510 kB | 147/217 kB
Progress (2): 262/510 kB | 164/217 kB
Progress (2): 262/510 kB | 172/217 kB
Progress (2): 278/510 kB | 172/217 kB
Progress (2): 278/510 kB | 188/217 kB
Progress (3): 278/510 kB | 188/217 kB | 7.7/225 kB
Progress (3): 278/510 kB | 188/217 kB | 16/225 kB 
Progress (3): 278/510 kB | 188/217 kB | 32/225 kB
Progress (3): 278/510 kB | 188/217 kB | 49/225 kB
Progress (3): 278/510 kB | 197/217 kB | 49/225 kB
Progress (3): 294/510 kB | 197/217 kB | 49/225 kB
Progress (3): 294/510 kB | 205/217 kB | 49/225 kB
Progress (3): 294/510 kB | 217 kB | 49/225 kB    
Progress (3): 311/510 kB | 217 kB | 49/225 kB
Progress (3): 311/510 kB | 217 kB | 65/225 kB
                                             
Downloaded from central: 
https://repo.maven.apache.org/maven2/org/apache/velocity/tools/velocity-tools-generic/3.1/velocity-tools-generic-3.1.jar (217 
kB at 1.3 MB/s)
#11 28.37 Downloading from central: 
https://repo.maven.apache.org/maven2/commons-codec/commons-codec/1.16.1/commons-codec-1.16.1.jar
#11 28.37 Progress (3): 311/510 kB | 65/225 kB | 7.7/79 kB
Progress (3): 327/510 kB | 65/225 kB | 7.7/79 kB
Progress (3): 327/510 kB | 65/225 kB | 16/79 kB 
Progress (3): 327/510 kB | 81/225 kB | 16/79 kB
Progress (3): 327/510 kB | 98/225 kB | 16/79 kB
Progress (3): 327/510 kB | 98/225 kB | 32/79 kB
Progress (3): 344/510 kB | 98/225 kB | 32/79 kB
Progress (3): 344/510 kB | 98/225 kB | 49/79 kB
Progress (3): 360/510 kB | 98/225 kB | 49/79 kB
Progress (3): 360/510 kB | 114/225 kB | 49/79 kB
Progress (3): 360/510 kB | 114/225 kB | 65/79 kB
Progress (3): 360/510 kB | 114/225 kB | 79 kB   
Progress (3): 360/510 kB | 131/225 kB | 79 kB
Progress (3): 360/510 kB | 147/225 kB | 79 kB
Progress (3): 360/510 kB | 163/225 kB | 79 kB
                                             
Downloaded from central: https://repo.maven.apache.org/maven2/org/codehaus/plexus/plexus-io/3.4.2/plexus-io-3.4.2.jar (79 kB 
at 425 kB/s)
#11 28.38 Downloading from central: 
https://repo.maven.apache.org/maven2/com/github/luben/zstd-jni/1.5.5-11/zstd-jni-1.5.5-11.jar
#11 28.39 Progress (2): 360/510 kB | 180/225 kB
Progress (2): 360/510 kB | 196/225 kB
Progress (2): 360/510 kB | 213/225 kB
Progress (2): 360/510 kB | 225 kB    
                                 
Downloaded from central: 
https://repo.maven.apache.org/maven2/org/codehaus/plexus/plexus-archiver/4.9.2/plexus-archiver-4.9.2.jar (225 kB at 1.1 MB/s)
#11 28.39 Downloading from central: 
https://repo.maven.apache.org/maven2/org/apache/maven/resolver/maven-resolver-api/1.4.1/maven-resolver-api-1.4.1.jar
#11 28.40 Progress (2): 360/510 kB | 0/1.1 MB
Progress (2): 360/510 kB | 0/1.1 MB
Progress (2): 360/510 kB | 0/1.1 MB
Progress (2): 360/510 kB | 0/1.1 MB
Progress (2): 360/510 kB | 0.1/1.1 MB
Progress (2): 360/510 kB | 0.1/1.1 MB
Progress (2): 360/510 kB | 0.1/1.1 MB
Progress (2): 360/510 kB | 0.1/1.1 MB
Progress (2): 360/510 kB | 0.1/1.1 MB
Progress (2): 360/510 kB | 0.1/1.1 MB
Progress (2): 360/510 kB | 0.2/1.1 MB
Progress (2): 360/510 kB | 0.2/1.1 MB
Progress (3): 360/510 kB | 0.2/1.1 MB | 0/6.8 MB
Progress (3): 360/510 kB | 0.2/1.1 MB | 0/6.8 MB
Progress (3): 360/510 kB | 0.2/1.1 MB | 0/6.8 MB
Progress (4): 360/510 kB | 0.2/1.1 MB | 0/6.8 MB | 8.2/365 kB
Progress (4): 360/510 kB | 0.2/1.1 MB | 0/6.8 MB | 8.2/365 kB
Progress (4): 360/510 kB | 0.2/1.1 MB | 0/6.8 MB | 8.2/365 kB
Progress (4): 360/510 kB | 0.2/1.1 MB | 0/6.8 MB | 8.2/365 kB
Progress (4): 360/510 kB | 0.2/1.1 MB | 0/6.8 MB | 8.2/365 kB
Progress (4): 360/510 kB | 0.2/1.1 MB | 0/6.8 MB | 8.2/365 kB
Progress (4): 360/510 kB | 0.2/1.1 MB | 0.1/6.8 MB | 8.2/365 kB
Progress (4): 360/510 kB | 0.2/1.1 MB | 0.1/6.8 MB | 25/365 kB 
Progress (4): 360/510 kB | 0.3/1.1 MB | 0.1/6.8 MB | 25/365 kB
Progress (4): 360/510 kB | 0.3/1.1 MB | 0.1/6.8 MB | 25/365 kB
Progress (4): 360/510 kB | 0.3/1.1 MB | 0.1/6.8 MB | 25/365 kB
Progress (4): 360/510 kB | 0.3/1.1 MB | 0.1/6.8 MB | 41/365 kB
Progress (4): 360/510 kB | 0.3/1.1 MB | 0.1/6.8 MB | 41/365 kB
Progress (4): 360/510 kB | 0.3/1.1 MB | 0.1/6.8 MB | 41/365 kB
Progress (4): 360/510 kB | 0.3/1.1 MB | 0.1/6.8 MB | 41/365 kB
Progress (4): 360/510 kB | 0.3/1.1 MB | 0.1/6.8 MB | 57/365 kB
Progress (4): 360/510 kB | 0.3/1.1 MB | 0.1/6.8 MB | 57/365 kB
Progress (4): 360/510 kB | 0.3/1.1 MB | 0.1/6.8 MB | 57/365 kB
Progress (4): 360/510 kB | 0.3/1.1 MB | 0.1/6.8 MB | 57/365 kB
Progress (4): 360/510 kB | 0.4/1.1 MB | 0.1/6.8 MB | 57/365 kB
Progress (4): 360/510 kB | 0.4/1.1 MB | 0.1/6.8 MB | 74/365 kB
Progress (4): 360/510 kB | 0.4/1.1 MB | 0.1/6.8 MB | 74/365 kB
Progress (4): 360/510 kB | 0.4/1.1 MB | 0.1/6.8 MB | 74/365 kB
Progress (4): 360/510 kB | 0.4/1.1 MB | 0.1/6.8 MB | 74/365 kB
Progress (4): 360/510 kB | 0.4/1.1 MB | 0.1/6.8 MB | 74/365 kB
Progress (4): 360/510 kB | 0.4/1.1 MB | 0.1/6.8 MB | 74/365 kB
Progress (4): 360/510 kB | 0.4/1.1 MB | 0.1/6.8 MB | 74/365 kB
Progress (4): 360/510 kB | 0.4/1.1 MB | 0.1/6.8 MB | 74/365 kB
Progress (4): 360/510 kB | 0.4/1.1 MB | 0.2/6.8 MB | 74/365 kB
Progress (4): 360/510 kB | 0.5/1.1 MB | 0.2/6.8 MB | 74/365 kB
Progress (4): 360/510 kB | 0.5/1.1 MB | 0.2/6.8 MB | 90/365 kB
Progress (4): 360/510 kB | 0.5/1.1 MB | 0.2/6.8 MB | 90/365 kB
Progress (4): 360/510 kB | 0.5/1.1 MB | 0.2/6.8 MB | 90/365 kB
Progress (4): 360/510 kB | 0.5/1.1 MB | 0.2/6.8 MB | 106/365 kB
Progress (4): 360/510 kB | 0.5/1.1 MB | 0.2/6.8 MB | 106/365 kB
Progress (4): 360/510 kB | 0.5/1.1 MB | 0.2/6.8 MB | 106/365 kB
Progress (4): 360/510 kB | 0.5/1.1 MB | 0.2/6.8 MB | 106/365 kB
Progress (4): 360/510 kB | 0.5/1.1 MB | 0.2/6.8 MB | 106/365 kB
Progress (4): 360/510 kB | 0.5/1.1 MB | 0.2/6.8 MB | 123/365 kB
Progress (5): 360/510 kB | 0.5/1.1 MB | 0.2/6.8 MB | 123/365 kB | 7.7/149 kB
Progress (5): 360/510 kB | 0.5/1.1 MB | 0.2/6.8 MB | 123/365 kB | 16/149 kB 
Progress (5): 360/510 kB | 0.5/1.1 MB | 0.2/6.8 MB | 123/365 kB | 16/149 kB
Progress (5): 360/510 kB | 0.5/1.1 MB | 0.2/6.8 MB | 123/365 kB | 16/149 kB
Progress (5): 360/510 kB | 0.5/1.1 MB | 0.2/6.8 MB | 123/365 kB | 16/149 kB
Progress (5): 360/510 kB | 0.5/1.1 MB | 0.2/6.8 MB | 139/365 kB | 16/149 kB
Progress (5): 360/510 kB | 0.5/1.1 MB | 0.2/6.8 MB | 156/365 kB | 16/149 kB
Progress (5): 360/510 kB | 0.5/1.1 MB | 0.2/6.8 MB | 156/365 kB | 32/149 kB
Progress (5): 360/510 kB | 0.5/1.1 MB | 0.2/6.8 MB | 172/365 kB | 32/149 kB
Progress (5): 360/510 kB | 0.5/1.1 MB | 0.2/6.8 MB | 172/365 kB | 32/149 kB
Progress (5): 360/510 kB | 0.5/1.1 MB | 0.3/6.8 MB | 172/365 kB | 32/149 kB
Progress (5): 360/510 kB | 0.6/1.1 MB | 0.3/6.8 MB | 172/365 kB | 32/149 kB
Progress (5): 360/510 kB | 0.6/1.1 MB | 0.3/6.8 MB | 172/365 kB | 32/149 kB
Progress (5): 360/510 kB | 0.6/1.1 MB | 0.3/6.8 MB | 172/365 kB | 49/149 kB
Progress (5): 360/510 kB | 0.6/1.1 MB | 0.3/6.8 MB | 172/365 kB | 49/149 kB
Progress (5): 360/510 kB | 0.6/1.1 MB | 0.3/6.8 MB | 188/365 kB | 49/149 kB
Progress (5): 360/510 kB | 0.6/1.1 MB | 0.3/6.8 MB | 188/365 kB | 49/149 kB
Progress (5): 360/510 kB | 0.6/1.1 MB | 0.3/6.8 MB | 188/365 kB | 49/149 kB
Progress (5): 360/510 kB | 0.6/1.1 MB | 0.3/6.8 MB | 188/365 kB | 65/149 kB
Progress (5): 360/510 kB | 0.6/1.1 MB | 0.3/6.8 MB | 205/365 kB | 65/149 kB
Progress (5): 360/510 kB | 0.6/1.1 MB | 0.3/6.8 MB | 205/365 kB | 81/149 kB
Progress (5): 360/510 kB | 0.6/1.1 MB | 0.3/6.8 MB | 205/365 kB | 81/149 kB
Progress (5): 360/510 kB | 0.6/1.1 MB | 0.3/6.8 MB | 205/365 kB | 81/149 kB
Progress (5): 360/510 kB | 0.6/1.1 MB | 0.3/6.8 MB | 221/365 kB | 81/149 kB
Progress (5): 360/510 kB | 0.6/1.1 MB | 0.3/6.8 MB | 221/365 kB | 98/149 kB
Progress (5): 360/510 kB | 0.6/1.1 MB | 0.3/6.8 MB | 238/365 kB | 98/149 kB
Progress (5): 360/510 kB | 0.6/1.1 MB | 0.3/6.8 MB | 238/365 kB | 98/149 kB
Progress (5): 360/510 kB | 0.6/1.1 MB | 0.3/6.8 MB | 238/365 kB | 98/149 kB
Progress (5): 360/510 kB | 0.6/1.1 MB | 0.3/6.8 MB | 254/365 kB | 98/149 kB
Progress (5): 360/510 kB | 0.6/1.1 MB | 0.3/6.8 MB | 270/365 kB | 98/149 kB
Progress (5): 360/510 kB | 0.6/1.1 MB | 0.3/6.8 MB | 270/365 kB | 114/149 kB
Progress (5): 360/510 kB | 0.6/1.1 MB | 0.4/6.8 MB | 270/365 kB | 114/149 kB
Progress (5): 360/510 kB | 0.6/1.1 MB | 0.4/6.8 MB | 270/365 kB | 114/149 kB
Progress (5): 360/510 kB | 0.6/1.1 MB | 0.4/6.8 MB | 270/365 kB | 131/149 kB
Progress (5): 360/510 kB | 0.6/1.1 MB | 0.4/6.8 MB | 270/365 kB | 131/149 kB
Progress (5): 360/510 kB | 0.6/1.1 MB | 0.4/6.8 MB | 270/365 kB | 131/149 kB
Progress (5): 360/510 kB | 0.7/1.1 MB | 0.4/6.8 MB | 270/365 kB | 131/149 kB
Progress (5): 360/510 kB | 0.7/1.1 MB | 0.4/6.8 MB | 287/365 kB | 131/149 kB
Progress (5): 360/510 kB | 0.7/1.1 MB | 0.4/6.8 MB | 303/365 kB | 131/149 kB
Progress (5): 360/510 kB | 0.7/1.1 MB | 0.4/6.8 MB | 303/365 kB | 131/149 kB
Progress (5): 360/510 kB | 0.7/1.1 MB | 0.4/6.8 MB | 303/365 kB | 147/149 kB
Progress (5): 360/510 kB | 0.7/1.1 MB | 0.4/6.8 MB | 303/365 kB | 149 kB    
Progress (5): 360/510 kB | 0.7/1.1 MB | 0.4/6.8 MB | 303/365 kB | 149 kB
Progress (5): 360/510 kB | 0.7/1.1 MB | 0.4/6.8 MB | 303/365 kB | 149 kB
Progress (5): 360/510 kB | 0.7/1.1 MB | 0.4/6.8 MB | 303/365 kB | 149 kB
Progress (5): 360/510 kB | 0.7/1.1 MB | 0.4/6.8 MB | 303/365 kB | 149 kB
                                                                        
Downloaded from central: 
https://repo.maven.apache.org/maven2/org/apache/maven/resolver/maven-resolver-api/1.4.1/maven-resolver-api-1.4.1.jar (149 kB 
at 446 kB/s)
#11 28.53 Progress (4): 360/510 kB | 0.7/1.1 MB | 0.4/6.8 MB | 319/365 kB
                                                               
Downloading from central: 
https://repo.maven.apache.org/maven2/org/eclipse/sisu/org.eclipse.sisu.plexus/0.9.0.M3/org.eclipse.sisu.plexus-0.9.0.M3.jar
#11 28.53 Progress (4): 360/510 kB | 0.7/1.1 MB | 0.4/6.8 MB | 319/365 kB
Progress (4): 360/510 kB | 0.7/1.1 MB | 0.4/6.8 MB | 336/365 kB
Progress (4): 360/510 kB | 0.7/1.1 MB | 0.4/6.8 MB | 352/365 kB
Progress (4): 360/510 kB | 0.7/1.1 MB | 0.4/6.8 MB | 352/365 kB
Progress (4): 360/510 kB | 0.7/1.1 MB | 0.4/6.8 MB | 352/365 kB
Progress (4): 360/510 kB | 0.7/1.1 MB | 0.5/6.8 MB | 352/365 kB
Progress (4): 360/510 kB | 0.7/1.1 MB | 0.5/6.8 MB | 365 kB    
Progress (4): 360/510 kB | 0.7/1.1 MB | 0.5/6.8 MB | 365 kB
Progress (4): 360/510 kB | 0.7/1.1 MB | 0.5/6.8 MB | 365 kB
                                                           
Downloaded from central: https://repo.maven.apache.org/maven2/commons-codec/commons-codec/1.16.1/commons-codec-1.16.1.jar 
(365 kB at 1.0 MB/s)
#11 28.55 Downloading from central: 
https://repo.maven.apache.org/maven2/org/eclipse/sisu/org.eclipse.sisu.inject/0.9.0.M3/org.eclipse.sisu.inject-0.9.0.M3.jar
#11 28.55 Progress (3): 360/510 kB | 0.8/1.1 MB | 0.5/6.8 MB
Progress (3): 360/510 kB | 0.8/1.1 MB | 0.5/6.8 MB
Progress (3): 360/510 kB | 0.8/1.1 MB | 0.5/6.8 MB
Progress (3): 360/510 kB | 0.8/1.1 MB | 0.5/6.8 MB
Progress (3): 360/510 kB | 0.8/1.1 MB | 0.5/6.8 MB
Progress (3): 360/510 kB | 0.8/1.1 MB | 0.5/6.8 MB
Progress (3): 360/510 kB | 0.8/1.1 MB | 0.5/6.8 MB
Progress (3): 360/510 kB | 0.8/1.1 MB | 0.5/6.8 MB
Progress (4): 360/510 kB | 0.8/1.1 MB | 0.5/6.8 MB | 7.7/216 kB
Progress (4): 360/510 kB | 0.8/1.1 MB | 0.5/6.8 MB | 16/216 kB 
Progress (4): 360/510 kB | 0.8/1.1 MB | 0.5/6.8 MB | 16/216 kB
Progress (4): 360/510 kB | 0.8/1.1 MB | 0.5/6.8 MB | 16/216 kB
Progress (4): 360/510 kB | 0.8/1.1 MB | 0.5/6.8 MB | 32/216 kB
Progress (4): 360/510 kB | 0.8/1.1 MB | 0.5/6.8 MB | 49/216 kB
Progress (4): 360/510 kB | 0.8/1.1 MB | 0.6/6.8 MB | 49/216 kB
Progress (4): 360/510 kB | 0.8/1.1 MB | 0.6/6.8 MB | 49/216 kB
Progress (4): 360/510 kB | 0.8/1.1 MB | 0.6/6.8 MB | 65/216 kB
Progress (4): 360/510 kB | 0.8/1.1 MB | 0.6/6.8 MB | 65/216 kB
Progress (4): 360/510 kB | 0.8/1.1 MB | 0.6/6.8 MB | 81/216 kB
Progress (4): 360/510 kB | 0.9/1.1 MB | 0.6/6.8 MB | 81/216 kB
Progress (4): 360/510 kB | 0.9/1.1 MB | 0.6/6.8 MB | 81/216 kB
Progress (4): 360/510 kB | 0.9/1.1 MB | 0.6/6.8 MB | 81/216 kB
Progress (4): 360/510 kB | 0.9/1.1 MB | 0.6/6.8 MB | 98/216 kB
Progress (4): 360/510 kB | 0.9/1.1 MB | 0.6/6.8 MB | 98/216 kB
Progress (4): 360/510 kB | 0.9/1.1 MB | 0.6/6.8 MB | 98/216 kB
Progress (4): 360/510 kB | 0.9/1.1 MB | 0.6/6.8 MB | 114/216 kB
Progress (4): 360/510 kB | 0.9/1.1 MB | 0.6/6.8 MB | 131/216 kB
Progress (4): 360/510 kB | 0.9/1.1 MB | 0.6/6.8 MB | 131/216 kB
Progress (4): 360/510 kB | 0.9/1.1 MB | 0.6/6.8 MB | 131/216 kB
Progress (4): 360/510 kB | 0.9/1.1 MB | 0.6/6.8 MB | 147/216 kB
Progress (4): 360/510 kB | 0.9/1.1 MB | 0.7/6.8 MB | 147/216 kB
Progress (4): 360/510 kB | 0.9/1.1 MB | 0.7/6.8 MB | 163/216 kB
Progress (4): 360/510 kB | 0.9/1.1 MB | 0.7/6.8 MB | 163/216 kB
Progress (4): 360/510 kB | 0.9/1.1 MB | 0.7/6.8 MB | 163/216 kB
Progress (4): 360/510 kB | 0.9/1.1 MB | 0.7/6.8 MB | 163/216 kB
Progress (4): 360/510 kB | 0.9/1.1 MB | 0.7/6.8 MB | 163/216 kB
Progress (4): 360/510 kB | 0.9/1.1 MB | 0.7/6.8 MB | 163/216 kB
Progress (4): 360/510 kB | 0.9/1.1 MB | 0.7/6.8 MB | 180/216 kB
Progress (4): 360/510 kB | 1.0/1.1 MB | 0.7/6.8 MB | 180/216 kB
Progress (4): 360/510 kB | 1.0/1.1 MB | 0.7/6.8 MB | 180/216 kB
Progress (4): 360/510 kB | 1.0/1.1 MB | 0.7/6.8 MB | 196/216 kB
Progress (4): 360/510 kB | 1.0/1.1 MB | 0.7/6.8 MB | 213/216 kB
Progress (4): 360/510 kB | 1.0/1.1 MB | 0.7/6.8 MB | 216 kB    
Progress (4): 360/510 kB | 1.0/1.1 MB | 0.7/6.8 MB | 216 kB
Progress (4): 360/510 kB | 1.0/1.1 MB | 0.7/6.8 MB | 216 kB
Progress (4): 360/510 kB | 1.0/1.1 MB | 0.7/6.8 MB | 216 kB
Progress (4): 360/510 kB | 1.0/1.1 MB | 0.7/6.8 MB | 216 kB
                                                           
Downloaded from central: 
https://repo.maven.apache.org/maven2/org/eclipse/sisu/org.eclipse.sisu.plexus/0.9.0.M3/org.eclipse.sisu.plexus-0.9.0.M3.jar 
(216 kB at 541 kB/s)
#11 28.60 Downloading from central: 
https://repo.maven.apache.org/maven2/org/codehaus/plexus/plexus-classworlds/2.6.0/plexus-classworlds-2.6.0.jar
#11 28.60 Progress (3): 360/510 kB | 1.0/1.1 MB | 0.7/6.8 MB
Progress (3): 360/510 kB | 1.0/1.1 MB | 0.7/6.8 MB
Progress (4): 360/510 kB | 1.0/1.1 MB | 0.7/6.8 MB | 7.7/434 kB
Progress (4): 360/510 kB | 1.0/1.1 MB | 0.7/6.8 MB | 12/434 kB 
Progress (4): 360/510 kB | 1.0/1.1 MB | 0.8/6.8 MB | 12/434 kB
Progress (4): 360/510 kB | 1.0/1.1 MB | 0.8/6.8 MB | 28/434 kB
Progress (4): 360/510 kB | 1.0/1.1 MB | 0.8/6.8 MB | 28/434 kB
Progress (4): 360/510 kB | 1.0/1.1 MB | 0.8/6.8 MB | 28/434 kB
Progress (4): 360/510 kB | 1.0/1.1 MB | 0.8/6.8 MB | 28/434 kB
Progress (4): 360/510 kB | 1.1/1.1 MB | 0.8/6.8 MB | 28/434 kB
Progress (4): 360/510 kB | 1.1 MB | 0.8/6.8 MB | 28/434 kB    
Progress (4): 360/510 kB | 1.1 MB | 0.8/6.8 MB | 44/434 kB
Progress (4): 360/510 kB | 1.1 MB | 0.8/6.8 MB | 44/434 kB
                                                          
Downloaded from central: 
https://repo.maven.apache.org/maven2/org/apache/commons/commons-compress/1.26.1/commons-compress-1.26.1.jar (1.1 MB at 2.6 
MB/s)
#11 28.62 Progress (3): 360/510 kB | 0.8/6.8 MB | 44/434 kB
                                                 
Downloading from central: 
https://repo.maven.apache.org/maven2/org/apache/maven/doxia/doxia-sink-api/2.0.0/doxia-sink-api-2.0.0.jar
#11 28.62 Progress (3): 360/510 kB | 0.8/6.8 MB | 44/434 kB
Progress (3): 360/510 kB | 0.8/6.8 MB | 61/434 kB
Progress (3): 360/510 kB | 0.9/6.8 MB | 61/434 kB
Progress (3): 360/510 kB | 0.9/6.8 MB | 77/434 kB
Progress (3): 360/510 kB | 0.9/6.8 MB | 77/434 kB
Progress (3): 360/510 kB | 0.9/6.8 MB | 93/434 kB
Progress (3): 360/510 kB | 0.9/6.8 MB | 93/434 kB
Progress (3): 360/510 kB | 0.9/6.8 MB | 104/434 kB
Progress (3): 360/510 kB | 0.9/6.8 MB | 112/434 kB
Progress (3): 360/510 kB | 0.9/6.8 MB | 112/434 kB
Progress (3): 360/510 kB | 0.9/6.8 MB | 112/434 kB
Progress (4): 360/510 kB | 0.9/6.8 MB | 112/434 kB | 7.6/53 kB
Progress (4): 360/510 kB | 0.9/6.8 MB | 129/434 kB | 7.6/53 kB
Progress (4): 360/510 kB | 0.9/6.8 MB | 129/434 kB | 7.6/53 kB
Progress (4): 360/510 kB | 0.9/6.8 MB | 129/434 kB | 24/53 kB 
Progress (4): 360/510 kB | 0.9/6.8 MB | 129/434 kB | 24/53 kB
Progress (4): 360/510 kB | 0.9/6.8 MB | 145/434 kB | 24/53 kB
Progress (4): 360/510 kB | 1.0/6.8 MB | 145/434 kB | 24/53 kB
Progress (4): 360/510 kB | 1.0/6.8 MB | 145/434 kB | 40/53 kB
Progress (4): 360/510 kB | 1.0/6.8 MB | 161/434 kB | 40/53 kB
Progress (4): 360/510 kB | 1.0/6.8 MB | 161/434 kB | 40/53 kB
Progress (4): 360/510 kB | 1.0/6.8 MB | 170/434 kB | 40/53 kB
Progress (4): 360/510 kB | 1.0/6.8 MB | 170/434 kB | 53 kB   
                                                          
Downloaded from central: 
https://repo.maven.apache.org/maven2/org/codehaus/plexus/plexus-classworlds/2.6.0/plexus-classworlds-2.6.0.jar (53 kB at 115 
kB/s)
#11 28.66 Downloading from central: 
https://repo.maven.apache.org/maven2/org/apache/maven/doxia/doxia-core/2.0.0/doxia-core-2.0.0.jar
#11 28.66 Progress (3): 360/510 kB | 1.0/6.8 MB | 186/434 kB
Progress (3): 360/510 kB | 1.0/6.8 MB | 202/434 kB
Progress (3): 360/510 kB | 1.0/6.8 MB | 206/434 kB
Progress (3): 360/510 kB | 1.0/6.8 MB | 206/434 kB
Progress (3): 360/510 kB | 1.0/6.8 MB | 206/434 kB
Progress (3): 360/510 kB | 1.0/6.8 MB | 222/434 kB
Progress (3): 360/510 kB | 1.0/6.8 MB | 222/434 kB
Progress (4): 360/510 kB | 1.0/6.8 MB | 222/434 kB | 7.7/11 kB
Progress (4): 360/510 kB | 1.0/6.8 MB | 222/434 kB | 11 kB    
                                                          
Downloaded from central: 
https://repo.maven.apache.org/maven2/org/apache/maven/doxia/doxia-sink-api/2.0.0/doxia-sink-api-2.0.0.jar (11 kB at 24 kB/s)
#11 28.67 Downloading from central: https://repo.maven.apache.org/maven2/commons-io/commons-io/2.17.0/commons-io-2.17.0.jar
#11 28.67 Progress (3): 360/510 kB | 1.0/6.8 MB | 239/434 kB
Progress (3): 360/510 kB | 1.0/6.8 MB | 255/434 kB
Progress (3): 376/510 kB | 1.0/6.8 MB | 255/434 kB
Progress (3): 376/510 kB | 1.0/6.8 MB | 255/434 kB
Progress (3): 376/510 kB | 1.0/6.8 MB | 272/434 kB
Progress (3): 376/510 kB | 1.0/6.8 MB | 288/434 kB
Progress (3): 376/510 kB | 1.1/6.8 MB | 288/434 kB
Progress (3): 393/510 kB | 1.1/6.8 MB | 288/434 kB
Progress (3): 393/510 kB | 1.1/6.8 MB | 304/434 kB
Progress (3): 393/510 kB | 1.1/6.8 MB | 321/434 kB
Progress (3): 393/510 kB | 1.1/6.8 MB | 321/434 kB
Progress (3): 393/510 kB | 1.1/6.8 MB | 337/434 kB
Progress (3): 393/510 kB | 1.1/6.8 MB | 337/434 kB
Progress (3): 393/510 kB | 1.1/6.8 MB | 337/434 kB
Progress (3): 393/510 kB | 1.1/6.8 MB | 354/434 kB
Progress (3): 393/510 kB | 1.1/6.8 MB | 354/434 kB
Progress (3): 393/510 kB | 1.1/6.8 MB | 370/434 kB
Progress (3): 393/510 kB | 1.1/6.8 MB | 386/434 kB
Progress (3): 393/510 kB | 1.1/6.8 MB | 403/434 kB
Progress (3): 393/510 kB | 1.1/6.8 MB | 403/434 kB
Progress (3): 393/510 kB | 1.1/6.8 MB | 419/434 kB
Progress (4): 393/510 kB | 1.1/6.8 MB | 419/434 kB | 7.7/168 kB
Progress (4): 393/510 kB | 1.1/6.8 MB | 419/434 kB | 16/168 kB 
Progress (4): 393/510 kB | 1.2/6.8 MB | 419/434 kB | 16/168 kB
Progress (4): 393/510 kB | 1.2/6.8 MB | 434 kB | 16/168 kB    
Progress (4): 393/510 kB | 1.2/6.8 MB | 434 kB | 32/168 kB
Progress (4): 393/510 kB | 1.2/6.8 MB | 434 kB | 32/168 kB
                                                          
Downloaded from central: 
https://repo.maven.apache.org/maven2/org/eclipse/sisu/org.eclipse.sisu.inject/0.9.0.M3/org.eclipse.sisu.inject-0.9.0.M3.jar 
(434 kB at 850 kB/s)
#11 28.71 Progress (3): 393/510 kB | 1.2/6.8 MB | 49/168 kB
                                                 
Downloading from central: https://repo.maven.apache.org/maven2/org/apache/commons/commons-text/1.12.0/commons-text-1.12.0.jar
#11 28.71 Progress (4): 393/510 kB | 1.2/6.8 MB | 49/168 kB | 7.7/516 kB
Progress (4): 393/510 kB | 1.2/6.8 MB | 49/168 kB | 12/516 kB 
Progress (4): 393/510 kB | 1.2/6.8 MB | 49/168 kB | 12/516 kB
Progress (4): 393/510 kB | 1.2/6.8 MB | 49/168 kB | 29/516 kB
Progress (4): 393/510 kB | 1.2/6.8 MB | 49/168 kB | 45/516 kB
Progress (4): 393/510 kB | 1.2/6.8 MB | 65/168 kB | 45/516 kB
Progress (4): 393/510 kB | 1.2/6.8 MB | 65/168 kB | 45/516 kB
Progress (4): 393/510 kB | 1.2/6.8 MB | 81/168 kB | 45/516 kB
Progress (4): 393/510 kB | 1.2/6.8 MB | 81/168 kB | 61/516 kB
Progress (4): 393/510 kB | 1.2/6.8 MB | 81/168 kB | 61/516 kB
Progress (4): 393/510 kB | 1.2/6.8 MB | 98/168 kB | 61/516 kB
Progress (4): 393/510 kB | 1.2/6.8 MB | 98/168 kB | 78/516 kB
Progress (4): 393/510 kB | 1.2/6.8 MB | 98/168 kB | 78/516 kB
Progress (4): 393/510 kB | 1.3/6.8 MB | 98/168 kB | 78/516 kB
Progress (4): 393/510 kB | 1.3/6.8 MB | 114/168 kB | 78/516 kB
Progress (4): 393/510 kB | 1.3/6.8 MB | 114/168 kB | 94/516 kB
Progress (4): 393/510 kB | 1.3/6.8 MB | 114/168 kB | 94/516 kB
Progress (4): 393/510 kB | 1.3/6.8 MB | 131/168 kB | 94/516 kB
Progress (4): 393/510 kB | 1.3/6.8 MB | 131/168 kB | 94/516 kB
Progress (4): 393/510 kB | 1.3/6.8 MB | 131/168 kB | 111/516 kB
Progress (4): 393/510 kB | 1.3/6.8 MB | 131/168 kB | 111/516 kB
Progress (4): 393/510 kB | 1.3/6.8 MB | 131/168 kB | 111/516 kB
Progress (4): 393/510 kB | 1.3/6.8 MB | 147/168 kB | 111/516 kB
Progress (4): 393/510 kB | 1.3/6.8 MB | 163/168 kB | 111/516 kB
Progress (4): 393/510 kB | 1.3/6.8 MB | 168 kB | 111/516 kB    
Progress (4): 393/510 kB | 1.3/6.8 MB | 168 kB | 111/516 kB
Progress (4): 393/510 kB | 1.3/6.8 MB | 168 kB | 127/516 kB
Progress (4): 393/510 kB | 1.4/6.8 MB | 168 kB | 127/516 kB
Progress (4): 393/510 kB | 1.4/6.8 MB | 168 kB | 143/516 kB
Progress (4): 393/510 kB | 1.4/6.8 MB | 168 kB | 143/516 kB
                                                           
Downloaded from central: https://repo.maven.apache.org/maven2/org/apache/maven/doxia/doxia-core/2.0.0/doxia-core-2.0.0.jar 
(168 kB at 310 kB/s)
#11 28.74 Downloading from central: 
https://repo.maven.apache.org/maven2/org/apache/maven/doxia/doxia-integration-tools/2.0.0/doxia-integration-tools-2.0.0.jar
#11 28.74 Progress (3): 393/510 kB | 1.4/6.8 MB | 160/516 kB
Progress (3): 393/510 kB | 1.4/6.8 MB | 160/516 kB
Progress (3): 393/510 kB | 1.4/6.8 MB | 176/516 kB
Progress (3): 393/510 kB | 1.4/6.8 MB | 176/516 kB
Progress (3): 393/510 kB | 1.4/6.8 MB | 193/516 kB
Progress (3): 393/510 kB | 1.4/6.8 MB | 193/516 kB
Progress (3): 393/510 kB | 1.4/6.8 MB | 209/516 kB
Progress (3): 393/510 kB | 1.4/6.8 MB | 225/516 kB
Progress (3): 393/510 kB | 1.4/6.8 MB | 225/516 kB
Progress (3): 393/510 kB | 1.5/6.8 MB | 225/516 kB
Progress (3): 393/510 kB | 1.5/6.8 MB | 225/516 kB
Progress (3): 393/510 kB | 1.5/6.8 MB | 242/516 kB
Progress (3): 393/510 kB | 1.5/6.8 MB | 242/516 kB
Progress (3): 393/510 kB | 1.5/6.8 MB | 258/516 kB
Progress (4): 393/510 kB | 1.5/6.8 MB | 258/516 kB | 7.7/251 kB
Progress (4): 393/510 kB | 1.5/6.8 MB | 274/516 kB | 7.7/251 kB
Progress (4): 393/510 kB | 1.5/6.8 MB | 274/516 kB | 16/251 kB 
Progress (4): 393/510 kB | 1.5/6.8 MB | 274/516 kB | 32/251 kB
Progress (4): 393/510 kB | 1.5/6.8 MB | 274/516 kB | 32/251 kB
Progress (4): 393/510 kB | 1.5/6.8 MB | 291/516 kB | 32/251 kB
Progress (4): 393/510 kB | 1.5/6.8 MB | 291/516 kB | 41/251 kB
Progress (4): 393/510 kB | 1.5/6.8 MB | 307/516 kB | 41/251 kB
Progress (4): 393/510 kB | 1.5/6.8 MB | 307/516 kB | 41/251 kB
Progress (4): 393/510 kB | 1.5/6.8 MB | 307/516 kB | 41/251 kB
Progress (4): 393/510 kB | 1.5/6.8 MB | 324/516 kB | 41/251 kB
Progress (4): 393/510 kB | 1.6/6.8 MB | 324/516 kB | 41/251 kB
Progress (4): 393/510 kB | 1.6/6.8 MB | 340/516 kB | 41/251 kB
Progress (4): 393/510 kB | 1.6/6.8 MB | 340/516 kB | 57/251 kB
Progress (4): 393/510 kB | 1.6/6.8 MB | 356/516 kB | 57/251 kB
Progress (4): 393/510 kB | 1.6/6.8 MB | 356/516 kB | 57/251 kB
Progress (4): 393/510 kB | 1.6/6.8 MB | 373/516 kB | 57/251 kB
Progress (4): 393/510 kB | 1.6/6.8 MB | 373/516 kB | 74/251 kB
Progress (4): 393/510 kB | 1.6/6.8 MB | 389/516 kB | 74/251 kB
Progress (4): 393/510 kB | 1.6/6.8 MB | 389/516 kB | 74/251 kB
Progress (4): 393/510 kB | 1.6/6.8 MB | 389/516 kB | 90/251 kB
Progress (4): 393/510 kB | 1.6/6.8 MB | 406/516 kB | 90/251 kB
Progress (4): 393/510 kB | 1.6/6.8 MB | 406/516 kB | 90/251 kB
Progress (5): 393/510 kB | 1.6/6.8 MB | 406/516 kB | 90/251 kB | 7.7/50 kB
Progress (5): 393/510 kB | 1.6/6.8 MB | 406/516 kB | 90/251 kB | 16/50 kB 
Progress (5): 393/510 kB | 1.6/6.8 MB | 422/516 kB | 90/251 kB | 16/50 kB
Progress (5): 393/510 kB | 1.6/6.8 MB | 422/516 kB | 90/251 kB | 16/50 kB
Progress (5): 393/510 kB | 1.6/6.8 MB | 422/516 kB | 90/251 kB | 32/50 kB
Progress (5): 393/510 kB | 1.6/6.8 MB | 422/516 kB | 106/251 kB | 32/50 kB
Progress (5): 393/510 kB | 1.6/6.8 MB | 422/516 kB | 115/251 kB | 32/50 kB
Progress (5): 393/510 kB | 1.6/6.8 MB | 422/516 kB | 131/251 kB | 32/50 kB
Progress (5): 393/510 kB | 1.6/6.8 MB | 438/516 kB | 131/251 kB | 32/50 kB
Progress (5): 393/510 kB | 1.6/6.8 MB | 455/516 kB | 131/251 kB | 32/50 kB
Progress (5): 393/510 kB | 1.6/6.8 MB | 455/516 kB | 131/251 kB | 32/50 kB
Progress (5): 393/510 kB | 1.6/6.8 MB | 455/516 kB | 147/251 kB | 32/50 kB
Progress (5): 393/510 kB | 1.6/6.8 MB | 471/516 kB | 147/251 kB | 32/50 kB
Progress (5): 393/510 kB | 1.7/6.8 MB | 471/516 kB | 147/251 kB | 32/50 kB
Progress (5): 393/510 kB | 1.7/6.8 MB | 471/516 kB | 147/251 kB | 49/50 kB
Progress (5): 393/510 kB | 1.7/6.8 MB | 471/516 kB | 147/251 kB | 50 kB   
Progress (5): 393/510 kB | 1.7/6.8 MB | 471/516 kB | 164/251 kB | 50 kB
Progress (5): 393/510 kB | 1.7/6.8 MB | 471/516 kB | 180/251 kB | 50 kB
Progress (5): 393/510 kB | 1.7/6.8 MB | 487/516 kB | 180/251 kB | 50 kB
Progress (5): 393/510 kB | 1.7/6.8 MB | 487/516 kB | 197/251 kB | 50 kB
Progress (5): 393/510 kB | 1.7/6.8 MB | 487/516 kB | 197/251 kB | 50 kB
                                                                       
Downloaded from central: 
https://repo.maven.apache.org/maven2/org/apache/maven/doxia/doxia-integration-tools/2.0.0/doxia-integration-tools-2.0.0.jar 
(50 kB at 81 kB/s)
#11 28.82 Downloading from central: 
https://repo.maven.apache.org/maven2/org/codehaus/plexus/plexus-interpolation/1.27/plexus-interpolation-1.27.jar
#11 28.82 Progress (4): 393/510 kB | 1.7/6.8 MB | 487/516 kB | 197/251 kB
Progress (4): 393/510 kB | 1.7/6.8 MB | 504/516 kB | 197/251 kB
Progress (4): 393/510 kB | 1.7/6.8 MB | 504/516 kB | 197/251 kB
Progress (4): 393/510 kB | 1.7/6.8 MB | 504/516 kB | 197/251 kB
Progress (4): 393/510 kB | 1.7/6.8 MB | 504/516 kB | 213/251 kB
Progress (4): 393/510 kB | 1.7/6.8 MB | 516 kB | 213/251 kB    
Progress (4): 393/510 kB | 1.7/6.8 MB | 516 kB | 229/251 kB
Progress (4): 393/510 kB | 1.7/6.8 MB | 516 kB | 229/251 kB
Progress (4): 393/510 kB | 1.8/6.8 MB | 516 kB | 229/251 kB
Progress (4): 393/510 kB | 1.8/6.8 MB | 516 kB | 246/251 kB
                                                           
Downloaded from central: https://repo.maven.apache.org/maven2/commons-io/commons-io/2.17.0/commons-io-2.17.0.jar (516 kB at 
819 kB/s)
#11 28.83 Downloading from central: https://repo.maven.apache.org/maven2/org/codehaus/plexus/plexus-component-annotations/2.2.
0/plexus-component-annotations-2.2.0.jar
#11 28.83 Progress (3): 393/510 kB | 1.8/6.8 MB | 251 kB
Progress (3): 393/510 kB | 1.8/6.8 MB | 251 kB
                                              
Downloaded from central: https://repo.maven.apache.org/maven2/org/apache/commons/commons-text/1.12.0/commons-text-1.12.0.jar 
(251 kB at 396 kB/s)
#11 28.83 Downloading from central: 
https://repo.maven.apache.org/maven2/org/codehaus/plexus/plexus-resources/1.3.0/plexus-resources-1.3.0.jar
#11 28.83 Progress (2): 393/510 kB | 1.8/6.8 MB
Progress (2): 393/510 kB | 1.8/6.8 MB
Progress (2): 393/510 kB | 1.8/6.8 MB
Progress (2): 393/510 kB | 1.8/6.8 MB
Progress (2): 393/510 kB | 1.9/6.8 MB
Progress (2): 393/510 kB | 1.9/6.8 MB
Progress (2): 393/510 kB | 1.9/6.8 MB
Progress (2): 393/510 kB | 1.9/6.8 MB
Progress (2): 393/510 kB | 1.9/6.8 MB
Progress (3): 393/510 kB | 1.9/6.8 MB | 7.7/86 kB
Progress (3): 393/510 kB | 1.9/6.8 MB | 12/86 kB 
Progress (3): 393/510 kB | 1.9/6.8 MB | 28/86 kB
Progress (3): 393/510 kB | 1.9/6.8 MB | 28/86 kB
Progress (3): 393/510 kB | 1.9/6.8 MB | 28/86 kB
Progress (3): 393/510 kB | 1.9/6.8 MB | 44/86 kB
Progress (3): 393/510 kB | 1.9/6.8 MB | 61/86 kB
Progress (3): 393/510 kB | 2.0/6.8 MB | 61/86 kB
Progress (3): 393/510 kB | 2.0/6.8 MB | 61/86 kB
Progress (3): 393/510 kB | 2.0/6.8 MB | 77/86 kB
Progress (3): 393/510 kB | 2.0/6.8 MB | 77/86 kB
Progress (3): 393/510 kB | 2.0/6.8 MB | 86 kB   
Progress (3): 393/510 kB | 2.0/6.8 MB | 86 kB
                                             
Downloaded from central: 
https://repo.maven.apache.org/maven2/org/codehaus/plexus/plexus-interpolation/1.27/plexus-interpolation-1.27.jar (86 kB at 
130 kB/s)
#11 28.86 Progress (2): 393/510 kB | 2.0/6.8 MB
                                     
Downloading from central: 
https://repo.maven.apache.org/maven2/org/codehaus/plexus/plexus-i18n/1.0-beta-10/plexus-i18n-1.0-beta-10.jar
#11 28.86 Progress (2): 393/510 kB | 2.0/6.8 MB
Progress (2): 393/510 kB | 2.1/6.8 MB
Progress (2): 393/510 kB | 2.1/6.8 MB
Progress (2): 393/510 kB | 2.1/6.8 MB
Progress (2): 393/510 kB | 2.1/6.8 MB
Progress (2): 393/510 kB | 2.1/6.8 MB
Progress (2): 393/510 kB | 2.1/6.8 MB
Progress (3): 393/510 kB | 2.1/6.8 MB | 4.2 kB
Progress (4): 393/510 kB | 2.1/6.8 MB | 4.2 kB | 7.7/23 kB
Progress (4): 393/510 kB | 2.1/6.8 MB | 4.2 kB | 16/23 kB 
Progress (4): 393/510 kB | 2.1/6.8 MB | 4.2 kB | 23 kB   
Progress (4): 393/510 kB | 2.2/6.8 MB | 4.2 kB | 23 kB
Progress (4): 393/510 kB | 2.2/6.8 MB | 4.2 kB | 23 kB
                                                      
Downloaded from central: https://repo.maven.apache.org/maven2/org/codehaus/plexus/plexus-component-annotations/2.2.0/plexus-co
mponent-annotations-2.2.0.jar (4.2 kB at 6.1 kB/s)
#11 28.88 Downloading from central: 
https://repo.maven.apache.org/maven2/com/puppycrawl/tools/checkstyle/9.3/checkstyle-9.3.jar
#11 28.88 Downloaded from central: 
https://repo.maven.apache.org/maven2/org/codehaus/plexus/plexus-resources/1.3.0/plexus-resources-1.3.0.jar (23 kB at 34 kB/s)
#11 28.88 Progress (2): 393/510 kB | 2.2/6.8 MB
                                     
Downloading from central: https://repo.maven.apache.org/maven2/info/picocli/picocli/4.6.2/picocli-4.6.2.jar
#11 28.88 Progress (2): 393/510 kB | 2.2/6.8 MB
Progress (2): 393/510 kB | 2.2/6.8 MB
Progress (2): 393/510 kB | 2.2/6.8 MB
Progress (2): 393/510 kB | 2.3/6.8 MB
Progress (2): 393/510 kB | 2.3/6.8 MB
Progress (2): 393/510 kB | 2.3/6.8 MB
Progress (2): 393/510 kB | 2.3/6.8 MB
Progress (2): 393/510 kB | 2.3/6.8 MB
Progress (2): 393/510 kB | 2.3/6.8 MB
Progress (2): 393/510 kB | 2.4/6.8 MB
Progress (2): 393/510 kB | 2.4/6.8 MB
Progress (2): 393/510 kB | 2.4/6.8 MB
Progress (2): 393/510 kB | 2.4/6.8 MB
Progress (2): 393/510 kB | 2.4/6.8 MB
Progress (3): 393/510 kB | 2.4/6.8 MB | 7.7/12 kB
Progress (3): 393/510 kB | 2.4/6.8 MB | 12 kB    
Progress (3): 393/510 kB | 2.4/6.8 MB | 12 kB
Progress (3): 393/510 kB | 2.5/6.8 MB | 12 kB
Progress (3): 393/510 kB | 2.5/6.8 MB | 12 kB
                                             
Downloaded from central: 
https://repo.maven.apache.org/maven2/org/codehaus/plexus/plexus-i18n/1.0-beta-10/plexus-i18n-1.0-beta-10.jar (12 kB at 17 
kB/s)
#11 28.90 Downloading from central: 
https://repo.maven.apache.org/maven2/org/antlr/antlr4-runtime/4.9.3/antlr4-runtime-4.9.3.jar
#11 28.91 Progress (2): 393/510 kB | 2.5/6.8 MB
Progress (2): 393/510 kB | 2.5/6.8 MB
Progress (2): 393/510 kB | 2.5/6.8 MB
Progress (2): 393/510 kB | 2.5/6.8 MB
Progress (2): 393/510 kB | 2.6/6.8 MB
Progress (2): 393/510 kB | 2.6/6.8 MB
Progress (2): 393/510 kB | 2.6/6.8 MB
Progress (2): 393/510 kB | 2.6/6.8 MB
Progress (2): 393/510 kB | 2.6/6.8 MB
Progress (2): 393/510 kB | 2.6/6.8 MB
Progress (2): 393/510 kB | 2.7/6.8 MB
Progress (3): 393/510 kB | 2.7/6.8 MB | 0/2.0 MB
Progress (3): 393/510 kB | 2.7/6.8 MB | 0/2.0 MB
Progress (3): 409/510 kB | 2.7/6.8 MB | 0/2.0 MB
Progress (3): 409/510 kB | 2.7/6.8 MB | 0/2.0 MB
Progress (3): 409/510 kB | 2.7/6.8 MB | 0/2.0 MB
Progress (3): 409/510 kB | 2.7/6.8 MB | 0/2.0 MB
Progress (3): 426/510 kB | 2.7/6.8 MB | 0/2.0 MB
Progress (3): 426/510 kB | 2.7/6.8 MB | 0/2.0 MB
Progress (3): 426/510 kB | 2.7/6.8 MB | 0/2.0 MB
Progress (3): 426/510 kB | 2.7/6.8 MB | 0.1/2.0 MB
Progress (3): 426/510 kB | 2.7/6.8 MB | 0.1/2.0 MB
Progress (3): 426/510 kB | 2.7/6.8 MB | 0.1/2.0 MB
Progress (3): 426/510 kB | 2.7/6.8 MB | 0.1/2.0 MB
Progress (3): 426/510 kB | 2.7/6.8 MB | 0.1/2.0 MB
Progress (3): 426/510 kB | 2.7/6.8 MB | 0.1/2.0 MB
Progress (3): 426/510 kB | 2.7/6.8 MB | 0.1/2.0 MB
Progress (3): 426/510 kB | 2.8/6.8 MB | 0.1/2.0 MB
Progress (3): 426/510 kB | 2.8/6.8 MB | 0.1/2.0 MB
Progress (3): 426/510 kB | 2.8/6.8 MB | 0.1/2.0 MB
Progress (3): 426/510 kB | 2.8/6.8 MB | 0.2/2.0 MB
Progress (4): 426/510 kB | 2.8/6.8 MB | 0.2/2.0 MB | 12/337 kB
Progress (4): 426/510 kB | 2.8/6.8 MB | 0.2/2.0 MB | 12/337 kB
Progress (4): 426/510 kB | 2.8/6.8 MB | 0.2/2.0 MB | 12/337 kB
Progress (4): 426/510 kB | 2.8/6.8 MB | 0.2/2.0 MB | 12/337 kB
Progress (4): 426/510 kB | 2.8/6.8 MB | 0.2/2.0 MB | 12/337 kB
Progress (4): 426/510 kB | 2.8/6.8 MB | 0.2/2.0 MB | 29/337 kB
Progress (4): 426/510 kB | 2.8/6.8 MB | 0.2/2.0 MB | 29/337 kB
Progress (4): 426/510 kB | 2.8/6.8 MB | 0.2/2.0 MB | 29/337 kB
Progress (4): 426/510 kB | 2.8/6.8 MB | 0.2/2.0 MB | 29/337 kB
Progress (4): 426/510 kB | 2.8/6.8 MB | 0.2/2.0 MB | 45/337 kB
Progress (4): 426/510 kB | 2.8/6.8 MB | 0.2/2.0 MB | 45/337 kB
Progress (4): 426/510 kB | 2.9/6.8 MB | 0.2/2.0 MB | 45/337 kB
Progress (4): 426/510 kB | 2.9/6.8 MB | 0.2/2.0 MB | 57/337 kB
Progress (4): 426/510 kB | 2.9/6.8 MB | 0.2/2.0 MB | 57/337 kB
Progress (4): 426/510 kB | 2.9/6.8 MB | 0.2/2.0 MB | 66/337 kB
Progress (4): 426/510 kB | 2.9/6.8 MB | 0.2/2.0 MB | 66/337 kB
Progress (4): 426/510 kB | 2.9/6.8 MB | 0.2/2.0 MB | 82/337 kB
Progress (4): 426/510 kB | 2.9/6.8 MB | 0.2/2.0 MB | 82/337 kB
Progress (4): 426/510 kB | 2.9/6.8 MB | 0.2/2.0 MB | 82/337 kB
Progress (4): 426/510 kB | 2.9/6.8 MB | 0.2/2.0 MB | 98/337 kB
Progress (4): 426/510 kB | 2.9/6.8 MB | 0.2/2.0 MB | 98/337 kB
Progress (4): 426/510 kB | 2.9/6.8 MB | 0.3/2.0 MB | 98/337 kB
Progress (4): 426/510 kB | 2.9/6.8 MB | 0.3/2.0 MB | 115/337 kB
Progress (4): 426/510 kB | 2.9/6.8 MB | 0.3/2.0 MB | 123/337 kB
Progress (4): 426/510 kB | 2.9/6.8 MB | 0.3/2.0 MB | 123/337 kB
Progress (4): 426/510 kB | 2.9/6.8 MB | 0.3/2.0 MB | 139/337 kB
Progress (4): 426/510 kB | 2.9/6.8 MB | 0.3/2.0 MB | 143/337 kB
Progress (4): 426/510 kB | 2.9/6.8 MB | 0.3/2.0 MB | 143/337 kB
Progress (4): 426/510 kB | 2.9/6.8 MB | 0.3/2.0 MB | 143/337 kB
Progress (4): 426/510 kB | 2.9/6.8 MB | 0.3/2.0 MB | 160/337 kB
Progress (4): 426/510 kB | 2.9/6.8 MB | 0.3/2.0 MB | 160/337 kB
Progress (4): 426/510 kB | 2.9/6.8 MB | 0.3/2.0 MB | 160/337 kB
Progress (4): 426/510 kB | 3.0/6.8 MB | 0.3/2.0 MB | 160/337 kB
Progress (5): 426/510 kB | 3.0/6.8 MB | 0.3/2.0 MB | 160/337 kB | 7.7/403 kB
Progress (5): 426/510 kB | 3.0/6.8 MB | 0.3/2.0 MB | 160/337 kB | 7.7/403 kB
Progress (5): 426/510 kB | 3.0/6.8 MB | 0.3/2.0 MB | 160/337 kB | 16/403 kB 
Progress (5): 426/510 kB | 3.0/6.8 MB | 0.3/2.0 MB | 160/337 kB | 16/403 kB
Progress (5): 426/510 kB | 3.0/6.8 MB | 0.3/2.0 MB | 160/337 kB | 32/403 kB
Progress (5): 426/510 kB | 3.0/6.8 MB | 0.3/2.0 MB | 160/337 kB | 49/403 kB
Progress (5): 426/510 kB | 3.0/6.8 MB | 0.3/2.0 MB | 160/337 kB | 49/403 kB
Progress (5): 426/510 kB | 3.0/6.8 MB | 0.3/2.0 MB | 176/337 kB | 49/403 kB
Progress (5): 426/510 kB | 3.0/6.8 MB | 0.3/2.0 MB | 176/337 kB | 49/403 kB
Progress (5): 426/510 kB | 3.0/6.8 MB | 0.3/2.0 MB | 193/337 kB | 49/403 kB
Progress (5): 426/510 kB | 3.0/6.8 MB | 0.3/2.0 MB | 209/337 kB | 49/403 kB
Progress (5): 426/510 kB | 3.0/6.8 MB | 0.3/2.0 MB | 209/337 kB | 49/403 kB
Progress (5): 426/510 kB | 3.0/6.8 MB | 0.3/2.0 MB | 209/337 kB | 65/403 kB
Progress (5): 426/510 kB | 3.0/6.8 MB | 0.3/2.0 MB | 209/337 kB | 65/403 kB
Progress (5): 426/510 kB | 3.0/6.8 MB | 0.3/2.0 MB | 225/337 kB | 65/403 kB
Progress (5): 426/510 kB | 3.0/6.8 MB | 0.4/2.0 MB | 225/337 kB | 65/403 kB
Progress (5): 426/510 kB | 3.0/6.8 MB | 0.4/2.0 MB | 225/337 kB | 65/403 kB
Progress (5): 426/510 kB | 3.0/6.8 MB | 0.4/2.0 MB | 225/337 kB | 65/403 kB
Progress (5): 426/510 kB | 3.0/6.8 MB | 0.4/2.0 MB | 225/337 kB | 65/403 kB
Progress (5): 426/510 kB | 3.0/6.8 MB | 0.4/2.0 MB | 225/337 kB | 81/403 kB
Progress (5): 426/510 kB | 3.0/6.8 MB | 0.4/2.0 MB | 225/337 kB | 81/403 kB
Progress (5): 426/510 kB | 3.0/6.8 MB | 0.4/2.0 MB | 242/337 kB | 81/403 kB
Progress (5): 426/510 kB | 3.0/6.8 MB | 0.4/2.0 MB | 242/337 kB | 98/403 kB
Progress (5): 426/510 kB | 3.1/6.8 MB | 0.4/2.0 MB | 242/337 kB | 98/403 kB
Progress (5): 426/510 kB | 3.1/6.8 MB | 0.4/2.0 MB | 242/337 kB | 98/403 kB
Progress (5): 426/510 kB | 3.1/6.8 MB | 0.4/2.0 MB | 258/337 kB | 98/403 kB
Progress (5): 426/510 kB | 3.1/6.8 MB | 0.4/2.0 MB | 258/337 kB | 114/403 kB
Progress (5): 426/510 kB | 3.1/6.8 MB | 0.4/2.0 MB | 258/337 kB | 114/403 kB
Progress (5): 426/510 kB | 3.1/6.8 MB | 0.4/2.0 MB | 258/337 kB | 114/403 kB
Progress (5): 426/510 kB | 3.1/6.8 MB | 0.4/2.0 MB | 258/337 kB | 131/403 kB
Progress (5): 426/510 kB | 3.1/6.8 MB | 0.4/2.0 MB | 258/337 kB | 147/403 kB
Progress (5): 426/510 kB | 3.1/6.8 MB | 0.4/2.0 MB | 258/337 kB | 147/403 kB
Progress (5): 426/510 kB | 3.1/6.8 MB | 0.5/2.0 MB | 258/337 kB | 147/403 kB
Progress (5): 426/510 kB | 3.1/6.8 MB | 0.5/2.0 MB | 258/337 kB | 163/403 kB
Progress (5): 426/510 kB | 3.1/6.8 MB | 0.5/2.0 MB | 258/337 kB | 163/403 kB
Progress (5): 426/510 kB | 3.1/6.8 MB | 0.5/2.0 MB | 274/337 kB | 163/403 kB
Progress (5): 426/510 kB | 3.1/6.8 MB | 0.5/2.0 MB | 291/337 kB | 163/403 kB
Progress (5): 426/510 kB | 3.1/6.8 MB | 0.5/2.0 MB | 291/337 kB | 163/403 kB
Progress (5): 426/510 kB | 3.1/6.8 MB | 0.5/2.0 MB | 291/337 kB | 163/403 kB
Progress (5): 426/510 kB | 3.1/6.8 MB | 0.5/2.0 MB | 291/337 kB | 180/403 kB
Progress (5): 426/510 kB | 3.1/6.8 MB | 0.5/2.0 MB | 291/337 kB | 180/403 kB
Progress (5): 426/510 kB | 3.1/6.8 MB | 0.5/2.0 MB | 307/337 kB | 180/403 kB
Progress (5): 426/510 kB | 3.1/6.8 MB | 0.5/2.0 MB | 324/337 kB | 180/403 kB
Progress (5): 426/510 kB | 3.2/6.8 MB | 0.5/2.0 MB | 324/337 kB | 180/403 kB
Progress (5): 426/510 kB | 3.2/6.8 MB | 0.5/2.0 MB | 324/337 kB | 180/403 kB
Progress (5): 426/510 kB | 3.2/6.8 MB | 0.5/2.0 MB | 324/337 kB | 196/403 kB
Progress (5): 426/510 kB | 3.2/6.8 MB | 0.5/2.0 MB | 337 kB | 196/403 kB    
Progress (5): 426/510 kB | 3.2/6.8 MB | 0.5/2.0 MB | 337 kB | 196/403 kB
                                                                        
Downloaded from central: https://repo.maven.apache.org/maven2/org/antlr/antlr4-runtime/4.9.3/antlr4-runtime-4.9.3.jar (337 kB 
at 385 kB/s)
#11 29.07 Downloading from central: 
https://repo.maven.apache.org/maven2/commons-beanutils/commons-beanutils/1.9.4/commons-beanutils-1.9.4.jar
#11 29.07 Progress (4): 426/510 kB | 3.2/6.8 MB | 0.5/2.0 MB | 196/403 kB
Progress (4): 426/510 kB | 3.2/6.8 MB | 0.5/2.0 MB | 196/403 kB
Progress (4): 426/510 kB | 3.2/6.8 MB | 0.5/2.0 MB | 213/403 kB
Progress (4): 426/510 kB | 3.2/6.8 MB | 0.5/2.0 MB | 213/403 kB
Progress (4): 426/510 kB | 3.2/6.8 MB | 0.5/2.0 MB | 229/403 kB
Progress (4): 426/510 kB | 3.2/6.8 MB | 0.5/2.0 MB | 229/403 kB
Progress (4): 426/510 kB | 3.2/6.8 MB | 0.5/2.0 MB | 229/403 kB
Progress (4): 426/510 kB | 3.2/6.8 MB | 0.5/2.0 MB | 245/403 kB
Progress (4): 426/510 kB | 3.2/6.8 MB | 0.5/2.0 MB | 245/403 kB
Progress (4): 426/510 kB | 3.3/6.8 MB | 0.5/2.0 MB | 245/403 kB
Progress (4): 426/510 kB | 3.3/6.8 MB | 0.5/2.0 MB | 262/403 kB
Progress (4): 426/510 kB | 3.3/6.8 MB | 0.5/2.0 MB | 262/403 kB
Progress (4): 426/510 kB | 3.3/6.8 MB | 0.5/2.0 MB | 278/403 kB
Progress (4): 426/510 kB | 3.3/6.8 MB | 0.5/2.0 MB | 278/403 kB
Progress (4): 426/510 kB | 3.3/6.8 MB | 0.5/2.0 MB | 278/403 kB
Progress (4): 426/510 kB | 3.3/6.8 MB | 0.5/2.0 MB | 278/403 kB
Progress (4): 426/510 kB | 3.3/6.8 MB | 0.5/2.0 MB | 278/403 kB
Progress (4): 426/510 kB | 3.3/6.8 MB | 0.5/2.0 MB | 294/403 kB
Progress (4): 426/510 kB | 3.3/6.8 MB | 0.5/2.0 MB | 294/403 kB
Progress (4): 426/510 kB | 3.3/6.8 MB | 0.6/2.0 MB | 294/403 kB
Progress (4): 426/510 kB | 3.3/6.8 MB | 0.6/2.0 MB | 311/403 kB
Progress (4): 426/510 kB | 3.3/6.8 MB | 0.6/2.0 MB | 311/403 kB
Progress (4): 426/510 kB | 3.4/6.8 MB | 0.6/2.0 MB | 311/403 kB
Progress (4): 426/510 kB | 3.4/6.8 MB | 0.6/2.0 MB | 327/403 kB
Progress (4): 426/510 kB | 3.4/6.8 MB | 0.6/2.0 MB | 327/403 kB
Progress (4): 426/510 kB | 3.4/6.8 MB | 0.6/2.0 MB | 344/403 kB
Progress (4): 426/510 kB | 3.4/6.8 MB | 0.6/2.0 MB | 344/403 kB
Progress (4): 426/510 kB | 3.4/6.8 MB | 0.6/2.0 MB | 344/403 kB
Progress (5): 426/510 kB | 3.4/6.8 MB | 0.6/2.0 MB | 344/403 kB | 7.7/247 kB
Progress (5): 426/510 kB | 3.4/6.8 MB | 0.6/2.0 MB | 344/403 kB | 16/247 kB 
Progress (5): 426/510 kB | 3.4/6.8 MB | 0.6/2.0 MB | 344/403 kB | 16/247 kB
Progress (5): 426/510 kB | 3.4/6.8 MB | 0.6/2.0 MB | 344/403 kB | 16/247 kB
Progress (5): 426/510 kB | 3.4/6.8 MB | 0.6/2.0 MB | 360/403 kB | 16/247 kB
Progress (5): 426/510 kB | 3.4/6.8 MB | 0.6/2.0 MB | 360/403 kB | 16/247 kB
Progress (5): 426/510 kB | 3.4/6.8 MB | 0.6/2.0 MB | 376/403 kB | 16/247 kB
Progress (5): 426/510 kB | 3.4/6.8 MB | 0.6/2.0 MB | 376/403 kB | 32/247 kB
Progress (5): 426/510 kB | 3.4/6.8 MB | 0.6/2.0 MB | 376/403 kB | 32/247 kB
Progress (5): 426/510 kB | 3.4/6.8 MB | 0.6/2.0 MB | 376/403 kB | 32/247 kB
Progress (5): 426/510 kB | 3.4/6.8 MB | 0.6/2.0 MB | 376/403 kB | 32/247 kB
Progress (5): 426/510 kB | 3.4/6.8 MB | 0.6/2.0 MB | 393/403 kB | 32/247 kB
Progress (5): 426/510 kB | 3.5/6.8 MB | 0.6/2.0 MB | 393/403 kB | 32/247 kB
Progress (5): 426/510 kB | 3.5/6.8 MB | 0.6/2.0 MB | 403 kB | 32/247 kB    
Progress (5): 426/510 kB | 3.5/6.8 MB | 0.6/2.0 MB | 403 kB | 49/247 kB
                                                                       
Downloaded from central: https://repo.maven.apache.org/maven2/info/picocli/picocli/4.6.2/picocli-4.6.2.jar (403 kB at 433 
kB/s)
#11 29.13 Downloading from central: 
https://repo.maven.apache.org/maven2/commons-collections/commons-collections/3.2.2/commons-collections-3.2.2.jar
#11 29.13 Progress (4): 426/510 kB | 3.5/6.8 MB | 0.6/2.0 MB | 49/247 kB
Progress (4): 426/510 kB | 3.5/6.8 MB | 0.7/2.0 MB | 49/247 kB
Progress (4): 426/510 kB | 3.5/6.8 MB | 0.7/2.0 MB | 49/247 kB
Progress (4): 426/510 kB | 3.5/6.8 MB | 0.7/2.0 MB | 65/247 kB
Progress (4): 426/510 kB | 3.5/6.8 MB | 0.7/2.0 MB | 81/247 kB
Progress (4): 426/510 kB | 3.5/6.8 MB | 0.7/2.0 MB | 81/247 kB
Progress (4): 426/510 kB | 3.5/6.8 MB | 0.7/2.0 MB | 81/247 kB
Progress (4): 426/510 kB | 3.5/6.8 MB | 0.7/2.0 MB | 98/247 kB
Progress (4): 426/510 kB | 3.5/6.8 MB | 0.7/2.0 MB | 98/247 kB
Progress (4): 426/510 kB | 3.5/6.8 MB | 0.7/2.0 MB | 98/247 kB
Progress (4): 426/510 kB | 3.5/6.8 MB | 0.7/2.0 MB | 98/247 kB
Progress (4): 426/510 kB | 3.5/6.8 MB | 0.7/2.0 MB | 98/247 kB
Progress (4): 426/510 kB | 3.5/6.8 MB | 0.7/2.0 MB | 98/247 kB
Progress (4): 426/510 kB | 3.5/6.8 MB | 0.7/2.0 MB | 114/247 kB
Progress (4): 426/510 kB | 3.5/6.8 MB | 0.7/2.0 MB | 131/247 kB
Progress (4): 426/510 kB | 3.5/6.8 MB | 0.7/2.0 MB | 131/247 kB
Progress (4): 426/510 kB | 3.6/6.8 MB | 0.7/2.0 MB | 131/247 kB
Progress (4): 426/510 kB | 3.6/6.8 MB | 0.7/2.0 MB | 131/247 kB
Progress (4): 426/510 kB | 3.6/6.8 MB | 0.8/2.0 MB | 131/247 kB
Progress (4): 426/510 kB | 3.6/6.8 MB | 0.8/2.0 MB | 147/247 kB
Progress (4): 426/510 kB | 3.6/6.8 MB | 0.8/2.0 MB | 147/247 kB
Progress (4): 442/510 kB | 3.6/6.8 MB | 0.8/2.0 MB | 147/247 kB
Progress (4): 442/510 kB | 3.6/6.8 MB | 0.8/2.0 MB | 163/247 kB
Progress (4): 442/510 kB | 3.6/6.8 MB | 0.8/2.0 MB | 163/247 kB
Progress (4): 442/510 kB | 3.6/6.8 MB | 0.8/2.0 MB | 180/247 kB
Progress (4): 442/510 kB | 3.6/6.8 MB | 0.8/2.0 MB | 180/247 kB
Progress (4): 458/510 kB | 3.6/6.8 MB | 0.8/2.0 MB | 180/247 kB
Progress (4): 458/510 kB | 3.6/6.8 MB | 0.8/2.0 MB | 180/247 kB
Progress (4): 458/510 kB | 3.6/6.8 MB | 0.8/2.0 MB | 196/247 kB
Progress (4): 458/510 kB | 3.6/6.8 MB | 0.8/2.0 MB | 196/247 kB
Progress (4): 458/510 kB | 3.6/6.8 MB | 0.8/2.0 MB | 213/247 kB
Progress (4): 458/510 kB | 3.6/6.8 MB | 0.8/2.0 MB | 213/247 kB
Progress (4): 458/510 kB | 3.6/6.8 MB | 0.8/2.0 MB | 213/247 kB
Progress (4): 458/510 kB | 3.6/6.8 MB | 0.8/2.0 MB | 213/247 kB
Progress (4): 458/510 kB | 3.6/6.8 MB | 0.8/2.0 MB | 213/247 kB
Progress (4): 458/510 kB | 3.6/6.8 MB | 0.8/2.0 MB | 229/247 kB
Progress (4): 458/510 kB | 3.7/6.8 MB | 0.8/2.0 MB | 229/247 kB
Progress (4): 458/510 kB | 3.7/6.8 MB | 0.9/2.0 MB | 229/247 kB
Progress (4): 458/510 kB | 3.7/6.8 MB | 0.9/2.0 MB | 245/247 kB
Progress (4): 458/510 kB | 3.7/6.8 MB | 0.9/2.0 MB | 247 kB    
Progress (4): 458/510 kB | 3.7/6.8 MB | 0.9/2.0 MB | 247 kB
Progress (4): 458/510 kB | 3.7/6.8 MB | 0.9/2.0 MB | 247 kB
Progress (4): 458/510 kB | 3.7/6.8 MB | 0.9/2.0 MB | 247 kB
Progress (4): 458/510 kB | 3.7/6.8 MB | 0.9/2.0 MB | 247 kB
Progress (4): 458/510 kB | 3.7/6.8 MB | 0.9/2.0 MB | 247 kB
                                                           
Downloaded from central: 
https://repo.maven.apache.org/maven2/commons-beanutils/commons-beanutils/1.9.4/commons-beanutils-1.9.4.jar (247 kB at 254 
kB/s)
#11 29.17 Downloading from central: 
https://repo.maven.apache.org/maven2/com/google/guava/guava/31.0.1-jre/guava-31.0.1-jre.jar
#11 29.17 Progress (3): 458/510 kB | 3.7/6.8 MB | 0.9/2.0 MB
Progress (3): 458/510 kB | 3.7/6.8 MB | 0.9/2.0 MB
Progress (3): 458/510 kB | 3.7/6.8 MB | 0.9/2.0 MB
Progress (3): 458/510 kB | 3.7/6.8 MB | 0.9/2.0 MB
Progress (3): 458/510 kB | 3.7/6.8 MB | 0.9/2.0 MB
Progress (3): 458/510 kB | 3.8/6.8 MB | 0.9/2.0 MB
Progress (3): 458/510 kB | 3.8/6.8 MB | 0.9/2.0 MB
Progress (3): 458/510 kB | 3.8/6.8 MB | 0.9/2.0 MB
Progress (3): 458/510 kB | 3.8/6.8 MB | 0.9/2.0 MB
Progress (3): 458/510 kB | 3.8/6.8 MB | 1.0/2.0 MB
Progress (3): 458/510 kB | 3.8/6.8 MB | 1.0/2.0 MB
Progress (3): 458/510 kB | 3.8/6.8 MB | 1.0/2.0 MB
Progress (3): 458/510 kB | 3.8/6.8 MB | 1.0/2.0 MB
Progress (3): 458/510 kB | 3.8/6.8 MB | 1.0/2.0 MB
Progress (3): 458/510 kB | 3.8/6.8 MB | 1.0/2.0 MB
Progress (3): 458/510 kB | 3.8/6.8 MB | 1.0/2.0 MB
Progress (3): 458/510 kB | 3.8/6.8 MB | 1.0/2.0 MB
Progress (3): 458/510 kB | 3.8/6.8 MB | 1.0/2.0 MB
Progress (4): 458/510 kB | 3.8/6.8 MB | 1.0/2.0 MB | 7.7/588 kB
Progress (4): 458/510 kB | 3.8/6.8 MB | 1.0/2.0 MB | 16/588 kB 
Progress (4): 458/510 kB | 3.8/6.8 MB | 1.0/2.0 MB | 16/588 kB
Progress (4): 458/510 kB | 3.9/6.8 MB | 1.0/2.0 MB | 16/588 kB
Progress (4): 458/510 kB | 3.9/6.8 MB | 1.1/2.0 MB | 16/588 kB
Progress (4): 458/510 kB | 3.9/6.8 MB | 1.1/2.0 MB | 16/588 kB
Progress (4): 458/510 kB | 3.9/6.8 MB | 1.1/2.0 MB | 32/588 kB
Progress (4): 458/510 kB | 3.9/6.8 MB | 1.1/2.0 MB | 32/588 kB
Progress (4): 458/510 kB | 3.9/6.8 MB | 1.1/2.0 MB | 32/588 kB
Progress (4): 458/510 kB | 3.9/6.8 MB | 1.1/2.0 MB | 32/588 kB
Progress (4): 458/510 kB | 3.9/6.8 MB | 1.1/2.0 MB | 49/588 kB
Progress (4): 458/510 kB | 3.9/6.8 MB | 1.1/2.0 MB | 49/588 kB
Progress (4): 458/510 kB | 3.9/6.8 MB | 1.1/2.0 MB | 49/588 kB
Progress (4): 458/510 kB | 3.9/6.8 MB | 1.1/2.0 MB | 49/588 kB
Progress (4): 475/510 kB | 3.9/6.8 MB | 1.1/2.0 MB | 49/588 kB
Progress (5): 475/510 kB | 3.9/6.8 MB | 1.1/2.0 MB | 49/588 kB | 0/3.0 MB
Progress (5): 475/510 kB | 3.9/6.8 MB | 1.1/2.0 MB | 49/588 kB | 0/3.0 MB
Progress (5): 475/510 kB | 3.9/6.8 MB | 1.1/2.0 MB | 49/588 kB | 0/3.0 MB
Progress (5): 475/510 kB | 3.9/6.8 MB | 1.1/2.0 MB | 65/588 kB | 0/3.0 MB
Progress (5): 475/510 kB | 4.0/6.8 MB | 1.1/2.0 MB | 65/588 kB | 0/3.0 MB
Progress (5): 475/510 kB | 4.0/6.8 MB | 1.1/2.0 MB | 65/588 kB | 0/3.0 MB
Progress (5): 475/510 kB | 4.0/6.8 MB | 1.1/2.0 MB | 65/588 kB | 0/3.0 MB
Progress (5): 475/510 kB | 4.0/6.8 MB | 1.2/2.0 MB | 65/588 kB | 0/3.0 MB
Progress (5): 475/510 kB | 4.0/6.8 MB | 1.2/2.0 MB | 81/588 kB | 0/3.0 MB
Progress (5): 475/510 kB | 4.0/6.8 MB | 1.2/2.0 MB | 81/588 kB | 0/3.0 MB
Progress (5): 475/510 kB | 4.0/6.8 MB | 1.2/2.0 MB | 81/588 kB | 0/3.0 MB
Progress (5): 475/510 kB | 4.0/6.8 MB | 1.2/2.0 MB | 81/588 kB | 0/3.0 MB
Progress (5): 475/510 kB | 4.0/6.8 MB | 1.2/2.0 MB | 98/588 kB | 0/3.0 MB
Progress (5): 475/510 kB | 4.0/6.8 MB | 1.2/2.0 MB | 98/588 kB | 0/3.0 MB
Progress (5): 475/510 kB | 4.0/6.8 MB | 1.2/2.0 MB | 98/588 kB | 0/3.0 MB
Progress (5): 475/510 kB | 4.0/6.8 MB | 1.2/2.0 MB | 98/588 kB | 0/3.0 MB
Progress (5): 475/510 kB | 4.0/6.8 MB | 1.2/2.0 MB | 98/588 kB | 0/3.0 MB
Progress (5): 475/510 kB | 4.0/6.8 MB | 1.2/2.0 MB | 114/588 kB | 0/3.0 MB
Progress (5): 475/510 kB | 4.0/6.8 MB | 1.2/2.0 MB | 114/588 kB | 0/3.0 MB
Progress (5): 475/510 kB | 4.0/6.8 MB | 1.2/2.0 MB | 114/588 kB | 0/3.0 MB
Progress (5): 475/510 kB | 4.0/6.8 MB | 1.2/2.0 MB | 114/588 kB | 0/3.0 MB
Progress (5): 475/510 kB | 4.0/6.8 MB | 1.2/2.0 MB | 114/588 kB | 0/3.0 MB
Progress (5): 475/510 kB | 4.0/6.8 MB | 1.2/2.0 MB | 114/588 kB | 0/3.0 MB
Progress (5): 475/510 kB | 4.0/6.8 MB | 1.2/2.0 MB | 114/588 kB | 0.1/3.0 MB
Progress (5): 475/510 kB | 4.0/6.8 MB | 1.2/2.0 MB | 131/588 kB | 0.1/3.0 MB
Progress (5): 475/510 kB | 4.0/6.8 MB | 1.2/2.0 MB | 131/588 kB | 0.1/3.0 MB
Progress (5): 475/510 kB | 4.0/6.8 MB | 1.2/2.0 MB | 131/588 kB | 0.1/3.0 MB
Progress (5): 475/510 kB | 4.0/6.8 MB | 1.2/2.0 MB | 131/588 kB | 0.1/3.0 MB
Progress (5): 475/510 kB | 4.0/6.8 MB | 1.2/2.0 MB | 147/588 kB | 0.1/3.0 MB
Progress (5): 475/510 kB | 4.0/6.8 MB | 1.3/2.0 MB | 147/588 kB | 0.1/3.0 MB
Progress (5): 475/510 kB | 4.1/6.8 MB | 1.3/2.0 MB | 147/588 kB | 0.1/3.0 MB
Progress (5): 475/510 kB | 4.1/6.8 MB | 1.3/2.0 MB | 147/588 kB | 0.1/3.0 MB
Progress (5): 475/510 kB | 4.1/6.8 MB | 1.3/2.0 MB | 147/588 kB | 0.1/3.0 MB
Progress (5): 475/510 kB | 4.1/6.8 MB | 1.3/2.0 MB | 163/588 kB | 0.1/3.0 MB
Progress (5): 475/510 kB | 4.1/6.8 MB | 1.3/2.0 MB | 163/588 kB | 0.1/3.0 MB
Progress (5): 475/510 kB | 4.1/6.8 MB | 1.3/2.0 MB | 163/588 kB | 0.1/3.0 MB
Progress (5): 475/510 kB | 4.1/6.8 MB | 1.3/2.0 MB | 163/588 kB | 0.1/3.0 MB
Progress (5): 475/510 kB | 4.1/6.8 MB | 1.3/2.0 MB | 180/588 kB | 0.1/3.0 MB
Progress (5): 475/510 kB | 4.1/6.8 MB | 1.3/2.0 MB | 180/588 kB | 0.1/3.0 MB
Progress (5): 475/510 kB | 4.1/6.8 MB | 1.3/2.0 MB | 196/588 kB | 0.1/3.0 MB
Progress (5): 475/510 kB | 4.1/6.8 MB | 1.3/2.0 MB | 196/588 kB | 0.1/3.0 MB
Progress (5): 475/510 kB | 4.1/6.8 MB | 1.3/2.0 MB | 196/588 kB | 0.1/3.0 MB
Progress (5): 475/510 kB | 4.1/6.8 MB | 1.3/2.0 MB | 196/588 kB | 0.1/3.0 MB
Progress (5): 475/510 kB | 4.1/6.8 MB | 1.3/2.0 MB | 196/588 kB | 0.1/3.0 MB
Progress (5): 475/510 kB | 4.1/6.8 MB | 1.3/2.0 MB | 196/588 kB | 0.1/3.0 MB
Progress (5): 475/510 kB | 4.1/6.8 MB | 1.3/2.0 MB | 213/588 kB | 0.1/3.0 MB
Progress (5): 475/510 kB | 4.1/6.8 MB | 1.3/2.0 MB | 213/588 kB | 0.1/3.0 MB
Progress (5): 475/510 kB | 4.1/6.8 MB | 1.3/2.0 MB | 213/588 kB | 0.1/3.0 MB
Progress (5): 475/510 kB | 4.1/6.8 MB | 1.3/2.0 MB | 213/588 kB | 0.2/3.0 MB
Progress (5): 475/510 kB | 4.1/6.8 MB | 1.3/2.0 MB | 213/588 kB | 0.2/3.0 MB
Progress (5): 475/510 kB | 4.1/6.8 MB | 1.3/2.0 MB | 213/588 kB | 0.2/3.0 MB
Progress (5): 475/510 kB | 4.1/6.8 MB | 1.3/2.0 MB | 229/588 kB | 0.2/3.0 MB
Progress (5): 475/510 kB | 4.1/6.8 MB | 1.3/2.0 MB | 229/588 kB | 0.2/3.0 MB
Progress (5): 475/510 kB | 4.1/6.8 MB | 1.4/2.0 MB | 229/588 kB | 0.2/3.0 MB
Progress (5): 475/510 kB | 4.1/6.8 MB | 1.4/2.0 MB | 229/588 kB | 0.2/3.0 MB
Progress (5): 475/510 kB | 4.2/6.8 MB | 1.4/2.0 MB | 229/588 kB | 0.2/3.0 MB
Progress (5): 475/510 kB | 4.2/6.8 MB | 1.4/2.0 MB | 229/588 kB | 0.2/3.0 MB
Progress (5): 475/510 kB | 4.2/6.8 MB | 1.4/2.0 MB | 229/588 kB | 0.2/3.0 MB
Progress (5): 475/510 kB | 4.2/6.8 MB | 1.4/2.0 MB | 245/588 kB | 0.2/3.0 MB
Progress (5): 475/510 kB | 4.2/6.8 MB | 1.4/2.0 MB | 245/588 kB | 0.2/3.0 MB
Progress (5): 475/510 kB | 4.2/6.8 MB | 1.4/2.0 MB | 245/588 kB | 0.2/3.0 MB
Progress (5): 475/510 kB | 4.2/6.8 MB | 1.4/2.0 MB | 245/588 kB | 0.2/3.0 MB
Progress (5): 475/510 kB | 4.2/6.8 MB | 1.4/2.0 MB | 262/588 kB | 0.2/3.0 MB
Progress (5): 475/510 kB | 4.2/6.8 MB | 1.4/2.0 MB | 262/588 kB | 0.2/3.0 MB
Progress (5): 475/510 kB | 4.2/6.8 MB | 1.4/2.0 MB | 262/588 kB | 0.2/3.0 MB
Progress (5): 475/510 kB | 4.2/6.8 MB | 1.4/2.0 MB | 262/588 kB | 0.2/3.0 MB
Progress (5): 475/510 kB | 4.2/6.8 MB | 1.4/2.0 MB | 262/588 kB | 0.2/3.0 MB
Progress (5): 491/510 kB | 4.2/6.8 MB | 1.4/2.0 MB | 262/588 kB | 0.2/3.0 MB
Progress (5): 491/510 kB | 4.2/6.8 MB | 1.4/2.0 MB | 262/588 kB | 0.2/3.0 MB
Progress (5): 491/510 kB | 4.2/6.8 MB | 1.4/2.0 MB | 262/588 kB | 0.2/3.0 MB
Progress (5): 491/510 kB | 4.2/6.8 MB | 1.4/2.0 MB | 262/588 kB | 0.2/3.0 MB
Progress (5): 491/510 kB | 4.2/6.8 MB | 1.4/2.0 MB | 278/588 kB | 0.2/3.0 MB
Progress (5): 491/510 kB | 4.2/6.8 MB | 1.4/2.0 MB | 278/588 kB | 0.2/3.0 MB
Progress (5): 491/510 kB | 4.2/6.8 MB | 1.4/2.0 MB | 294/588 kB | 0.2/3.0 MB
Progress (5): 491/510 kB | 4.2/6.8 MB | 1.4/2.0 MB | 294/588 kB | 0.2/3.0 MB
Progress (5): 491/510 kB | 4.3/6.8 MB | 1.4/2.0 MB | 294/588 kB | 0.2/3.0 MB
Progress (5): 491/510 kB | 4.3/6.8 MB | 1.4/2.0 MB | 294/588 kB | 0.3/3.0 MB
Progress (5): 491/510 kB | 4.3/6.8 MB | 1.4/2.0 MB | 294/588 kB | 0.3/3.0 MB
Progress (5): 491/510 kB | 4.3/6.8 MB | 1.4/2.0 MB | 294/588 kB | 0.3/3.0 MB
Progress (5): 491/510 kB | 4.3/6.8 MB | 1.5/2.0 MB | 294/588 kB | 0.3/3.0 MB
Progress (5): 491/510 kB | 4.3/6.8 MB | 1.5/2.0 MB | 294/588 kB | 0.3/3.0 MB
Progress (5): 491/510 kB | 4.3/6.8 MB | 1.5/2.0 MB | 294/588 kB | 0.3/3.0 MB
Progress (5): 491/510 kB | 4.3/6.8 MB | 1.5/2.0 MB | 311/588 kB | 0.3/3.0 MB
Progress (5): 491/510 kB | 4.3/6.8 MB | 1.5/2.0 MB | 311/588 kB | 0.3/3.0 MB
Progress (5): 491/510 kB | 4.3/6.8 MB | 1.5/2.0 MB | 311/588 kB | 0.3/3.0 MB
Progress (5): 491/510 kB | 4.3/6.8 MB | 1.5/2.0 MB | 327/588 kB | 0.3/3.0 MB
Progress (5): 491/510 kB | 4.3/6.8 MB | 1.5/2.0 MB | 327/588 kB | 0.3/3.0 MB
Progress (5): 491/510 kB | 4.3/6.8 MB | 1.5/2.0 MB | 327/588 kB | 0.3/3.0 MB
Progress (5): 491/510 kB | 4.3/6.8 MB | 1.5/2.0 MB | 327/588 kB | 0.3/3.0 MB
Progress (5): 491/510 kB | 4.3/6.8 MB | 1.5/2.0 MB | 344/588 kB | 0.3/3.0 MB
Progress (5): 491/510 kB | 4.3/6.8 MB | 1.5/2.0 MB | 344/588 kB | 0.3/3.0 MB
Progress (5): 491/510 kB | 4.3/6.8 MB | 1.5/2.0 MB | 344/588 kB | 0.3/3.0 MB
Progress (5): 491/510 kB | 4.3/6.8 MB | 1.5/2.0 MB | 360/588 kB | 0.3/3.0 MB
Progress (5): 491/510 kB | 4.3/6.8 MB | 1.5/2.0 MB | 360/588 kB | 0.3/3.0 MB
Progress (5): 491/510 kB | 4.3/6.8 MB | 1.6/2.0 MB | 360/588 kB | 0.3/3.0 MB
Progress (5): 491/510 kB | 4.3/6.8 MB | 1.6/2.0 MB | 360/588 kB | 0.3/3.0 MB
Progress (5): 491/510 kB | 4.3/6.8 MB | 1.6/2.0 MB | 360/588 kB | 0.4/3.0 MB
Progress (5): 491/510 kB | 4.3/6.8 MB | 1.6/2.0 MB | 376/588 kB | 0.4/3.0 MB
Progress (5): 491/510 kB | 4.3/6.8 MB | 1.6/2.0 MB | 376/588 kB | 0.4/3.0 MB
Progress (5): 491/510 kB | 4.3/6.8 MB | 1.6/2.0 MB | 376/588 kB | 0.4/3.0 MB
Progress (5): 491/510 kB | 4.3/6.8 MB | 1.6/2.0 MB | 376/588 kB | 0.4/3.0 MB
Progress (5): 491/510 kB | 4.3/6.8 MB | 1.6/2.0 MB | 393/588 kB | 0.4/3.0 MB
Progress (5): 491/510 kB | 4.3/6.8 MB | 1.6/2.0 MB | 393/588 kB | 0.4/3.0 MB
Progress (5): 491/510 kB | 4.3/6.8 MB | 1.6/2.0 MB | 393/588 kB | 0.4/3.0 MB
Progress (5): 491/510 kB | 4.3/6.8 MB | 1.6/2.0 MB | 393/588 kB | 0.4/3.0 MB
Progress (5): 491/510 kB | 4.3/6.8 MB | 1.6/2.0 MB | 409/588 kB | 0.4/3.0 MB
Progress (5): 491/510 kB | 4.3/6.8 MB | 1.6/2.0 MB | 409/588 kB | 0.4/3.0 MB
Progress (5): 491/510 kB | 4.3/6.8 MB | 1.6/2.0 MB | 409/588 kB | 0.4/3.0 MB
Progress (5): 491/510 kB | 4.4/6.8 MB | 1.6/2.0 MB | 409/588 kB | 0.4/3.0 MB
Progress (5): 491/510 kB | 4.4/6.8 MB | 1.6/2.0 MB | 409/588 kB | 0.4/3.0 MB
Progress (5): 491/510 kB | 4.4/6.8 MB | 1.6/2.0 MB | 426/588 kB | 0.4/3.0 MB
Progress (5): 491/510 kB | 4.4/6.8 MB | 1.6/2.0 MB | 426/588 kB | 0.4/3.0 MB
Progress (5): 491/510 kB | 4.4/6.8 MB | 1.6/2.0 MB | 426/588 kB | 0.4/3.0 MB
Progress (5): 491/510 kB | 4.4/6.8 MB | 1.6/2.0 MB | 426/588 kB | 0.4/3.0 MB
Progress (5): 491/510 kB | 4.4/6.8 MB | 1.6/2.0 MB | 426/588 kB | 0.4/3.0 MB
Progress (5): 491/510 kB | 4.4/6.8 MB | 1.6/2.0 MB | 442/588 kB | 0.4/3.0 MB
Progress (5): 491/510 kB | 4.4/6.8 MB | 1.6/2.0 MB | 442/588 kB | 0.4/3.0 MB
Progress (5): 491/510 kB | 4.4/6.8 MB | 1.6/2.0 MB | 458/588 kB | 0.4/3.0 MB
Progress (5): 491/510 kB | 4.4/6.8 MB | 1.7/2.0 MB | 458/588 kB | 0.4/3.0 MB
Progress (5): 491/510 kB | 4.4/6.8 MB | 1.7/2.0 MB | 458/588 kB | 0.5/3.0 MB
Progress (5): 491/510 kB | 4.4/6.8 MB | 1.7/2.0 MB | 458/588 kB | 0.5/3.0 MB
Progress (5): 491/510 kB | 4.4/6.8 MB | 1.7/2.0 MB | 458/588 kB | 0.5/3.0 MB
Progress (5): 491/510 kB | 4.4/6.8 MB | 1.7/2.0 MB | 475/588 kB | 0.5/3.0 MB
Progress (5): 491/510 kB | 4.4/6.8 MB | 1.7/2.0 MB | 491/588 kB | 0.5/3.0 MB
Progress (5): 491/510 kB | 4.4/6.8 MB | 1.7/2.0 MB | 491/588 kB | 0.5/3.0 MB
Progress (5): 491/510 kB | 4.4/6.8 MB | 1.7/2.0 MB | 507/588 kB | 0.5/3.0 MB
Progress (5): 491/510 kB | 4.4/6.8 MB | 1.7/2.0 MB | 507/588 kB | 0.5/3.0 MB
Progress (5): 491/510 kB | 4.4/6.8 MB | 1.7/2.0 MB | 507/588 kB | 0.5/3.0 MB
Progress (5): 491/510 kB | 4.4/6.8 MB | 1.7/2.0 MB | 524/588 kB | 0.5/3.0 MB
Progress (5): 491/510 kB | 4.4/6.8 MB | 1.7/2.0 MB | 524/588 kB | 0.5/3.0 MB
Progress (5): 491/510 kB | 4.4/6.8 MB | 1.7/2.0 MB | 524/588 kB | 0.5/3.0 MB
Progress (5): 491/510 kB | 4.4/6.8 MB | 1.7/2.0 MB | 524/588 kB | 0.5/3.0 MB
Progress (5): 491/510 kB | 4.4/6.8 MB | 1.7/2.0 MB | 524/588 kB | 0.5/3.0 MB
Progress (5): 491/510 kB | 4.5/6.8 MB | 1.7/2.0 MB | 524/588 kB | 0.5/3.0 MB
Progress (5): 491/510 kB | 4.5/6.8 MB | 1.7/2.0 MB | 524/588 kB | 0.5/3.0 MB
Progress (5): 491/510 kB | 4.5/6.8 MB | 1.7/2.0 MB | 524/588 kB | 0.5/3.0 MB
Progress (5): 491/510 kB | 4.5/6.8 MB | 1.7/2.0 MB | 524/588 kB | 0.5/3.0 MB
Progress (5): 507/510 kB | 4.5/6.8 MB | 1.7/2.0 MB | 524/588 kB | 0.5/3.0 MB
Progress (5): 507/510 kB | 4.5/6.8 MB | 1.7/2.0 MB | 524/588 kB | 0.5/3.0 MB
Progress (5): 507/510 kB | 4.5/6.8 MB | 1.7/2.0 MB | 524/588 kB | 0.5/3.0 MB
Progress (5): 507/510 kB | 4.5/6.8 MB | 1.7/2.0 MB | 524/588 kB | 0.5/3.0 MB
Progress (5): 507/510 kB | 4.5/6.8 MB | 1.8/2.0 MB | 524/588 kB | 0.5/3.0 MB
Progress (5): 507/510 kB | 4.5/6.8 MB | 1.8/2.0 MB | 524/588 kB | 0.5/3.0 MB
Progress (5): 507/510 kB | 4.5/6.8 MB | 1.8/2.0 MB | 524/588 kB | 0.5/3.0 MB
Progress (5): 507/510 kB | 4.5/6.8 MB | 1.8/2.0 MB | 524/588 kB | 0.6/3.0 MB
Progress (5): 507/510 kB | 4.5/6.8 MB | 1.8/2.0 MB | 524/588 kB | 0.6/3.0 MB
Progress (5): 507/510 kB | 4.5/6.8 MB | 1.8/2.0 MB | 524/588 kB | 0.6/3.0 MB
Progress (5): 507/510 kB | 4.5/6.8 MB | 1.8/2.0 MB | 524/588 kB | 0.6/3.0 MB
Progress (5): 507/510 kB | 4.5/6.8 MB | 1.8/2.0 MB | 524/588 kB | 0.6/3.0 MB
Progress (5): 507/510 kB | 4.5/6.8 MB | 1.8/2.0 MB | 524/588 kB | 0.6/3.0 MB
Progress (5): 507/510 kB | 4.5/6.8 MB | 1.8/2.0 MB | 524/588 kB | 0.6/3.0 MB
Progress (5): 510 kB | 4.5/6.8 MB | 1.8/2.0 MB | 524/588 kB | 0.6/3.0 MB    
Progress (5): 510 kB | 4.6/6.8 MB | 1.8/2.0 MB | 524/588 kB | 0.6/3.0 MB
Progress (5): 510 kB | 4.6/6.8 MB | 1.8/2.0 MB | 524/588 kB | 0.6/3.0 MB
Progress (5): 510 kB | 4.6/6.8 MB | 1.8/2.0 MB | 524/588 kB | 0.6/3.0 MB
                                                                        
Downloaded from central: 
https://repo.maven.apache.org/maven2/org/apache/velocity/velocity-engine-core/2.4/velocity-engine-core-2.4.jar (510 kB at 431 
kB/s)
#11 29.38 Progress (4): 4.6/6.8 MB | 1.8/2.0 MB | 524/588 kB | 0.6/3.0 MB
                                                               
Downloading from central: https://repo.maven.apache.org/maven2/com/google/guava/failureaccess/1.0.1/failureaccess-1.0.1.jar
#11 29.39 Progress (4): 4.6/6.8 MB | 1.8/2.0 MB | 524/588 kB | 0.6/3.0 MB
Progress (4): 4.6/6.8 MB | 1.8/2.0 MB | 524/588 kB | 0.6/3.0 MB
Progress (4): 4.6/6.8 MB | 1.8/2.0 MB | 524/588 kB | 0.6/3.0 MB
Progress (4): 4.6/6.8 MB | 1.8/2.0 MB | 524/588 kB | 0.6/3.0 MB
Progress (4): 4.6/6.8 MB | 1.8/2.0 MB | 524/588 kB | 0.7/3.0 MB
Progress (4): 4.6/6.8 MB | 1.8/2.0 MB | 524/588 kB | 0.7/3.0 MB
Progress (4): 4.6/6.8 MB | 1.8/2.0 MB | 524/588 kB | 0.7/3.0 MB
Progress (4): 4.6/6.8 MB | 1.9/2.0 MB | 524/588 kB | 0.7/3.0 MB
Progress (4): 4.6/6.8 MB | 1.9/2.0 MB | 524/588 kB | 0.7/3.0 MB
Progress (4): 4.6/6.8 MB | 1.9/2.0 MB | 524/588 kB | 0.7/3.0 MB
Progress (4): 4.6/6.8 MB | 1.9/2.0 MB | 524/588 kB | 0.7/3.0 MB
Progress (4): 4.7/6.8 MB | 1.9/2.0 MB | 524/588 kB | 0.7/3.0 MB
Progress (4): 4.7/6.8 MB | 1.9/2.0 MB | 524/588 kB | 0.7/3.0 MB
Progress (4): 4.7/6.8 MB | 1.9/2.0 MB | 524/588 kB | 0.7/3.0 MB
Progress (4): 4.7/6.8 MB | 1.9/2.0 MB | 524/588 kB | 0.7/3.0 MB
Progress (4): 4.7/6.8 MB | 1.9/2.0 MB | 524/588 kB | 0.7/3.0 MB
Progress (4): 4.7/6.8 MB | 1.9/2.0 MB | 524/588 kB | 0.7/3.0 MB
Progress (4): 4.7/6.8 MB | 1.9/2.0 MB | 524/588 kB | 0.7/3.0 MB
Progress (4): 4.7/6.8 MB | 1.9/2.0 MB | 524/588 kB | 0.7/3.0 MB
Progress (4): 4.7/6.8 MB | 1.9/2.0 MB | 524/588 kB | 0.7/3.0 MB
Progress (4): 4.7/6.8 MB | 1.9/2.0 MB | 524/588 kB | 0.7/3.0 MB
Progress (4): 4.7/6.8 MB | 1.9/2.0 MB | 524/588 kB | 0.7/3.0 MB
Progress (4): 4.7/6.8 MB | 1.9/2.0 MB | 524/588 kB | 0.7/3.0 MB
Progress (4): 4.7/6.8 MB | 1.9/2.0 MB | 524/588 kB | 0.8/3.0 MB
Progress (4): 4.7/6.8 MB | 1.9/2.0 MB | 524/588 kB | 0.8/3.0 MB
Progress (4): 4.7/6.8 MB | 1.9/2.0 MB | 524/588 kB | 0.8/3.0 MB
Progress (4): 4.7/6.8 MB | 1.9/2.0 MB | 524/588 kB | 0.8/3.0 MB
Progress (4): 4.7/6.8 MB | 2.0/2.0 MB | 524/588 kB | 0.8/3.0 MB
Progress (4): 4.7/6.8 MB | 2.0/2.0 MB | 524/588 kB | 0.8/3.0 MB
Progress (4): 4.7/6.8 MB | 2.0/2.0 MB | 524/588 kB | 0.8/3.0 MB
Progress (4): 4.7/6.8 MB | 2.0/2.0 MB | 524/588 kB | 0.8/3.0 MB
Progress (4): 4.7/6.8 MB | 2.0/2.0 MB | 524/588 kB | 0.8/3.0 MB
Progress (4): 4.7/6.8 MB | 2.0/2.0 MB | 524/588 kB | 0.8/3.0 MB
Progress (4): 4.8/6.8 MB | 2.0/2.0 MB | 524/588 kB | 0.8/3.0 MB
Progress (4): 4.8/6.8 MB | 2.0 MB | 524/588 kB | 0.8/3.0 MB    
Progress (4): 4.8/6.8 MB | 2.0 MB | 524/588 kB | 0.8/3.0 MB
Progress (4): 4.8/6.8 MB | 2.0 MB | 524/588 kB | 0.8/3.0 MB
Progress (4): 4.8/6.8 MB | 2.0 MB | 524/588 kB | 0.8/3.0 MB
Progress (4): 4.8/6.8 MB | 2.0 MB | 524/588 kB | 0.8/3.0 MB
Progress (4): 4.8/6.8 MB | 2.0 MB | 524/588 kB | 0.9/3.0 MB
Progress (4): 4.8/6.8 MB | 2.0 MB | 524/588 kB | 0.9/3.0 MB
                                                           
Downloaded from central: https://repo.maven.apache.org/maven2/com/puppycrawl/tools/checkstyle/9.3/checkstyle-9.3.jar (2.0 MB 
at 1.6 MB/s)
#11 29.44 Downloading from central: https://repo.maven.apache.org/maven2/com/google/guava/listenablefuture/9999.0-empty-to-avo
id-conflict-with-guava/listenablefuture-9999.0-empty-to-avoid-conflict-with-guava.jar
#11 29.44 Progress (4): 4.8/6.8 MB | 524/588 kB | 0.9/3.0 MB | 4.6 kB
                                                           
Downloaded from central: https://repo.maven.apache.org/maven2/com/google/guava/failureaccess/1.0.1/failureaccess-1.0.1.jar 
(4.6 kB at 3.7 kB/s)
#11 29.44 Downloading from central: 
https://repo.maven.apache.org/maven2/com/google/code/findbugs/jsr305/3.0.2/jsr305-3.0.2.jar
#11 29.44 Progress (3): 4.8/6.8 MB | 524/588 kB | 0.9/3.0 MB
Progress (3): 4.8/6.8 MB | 524/588 kB | 0.9/3.0 MB
Progress (3): 4.8/6.8 MB | 524/588 kB | 0.9/3.0 MB
Progress (3): 4.8/6.8 MB | 524/588 kB | 0.9/3.0 MB
Progress (3): 4.8/6.8 MB | 524/588 kB | 0.9/3.0 MB
Progress (3): 4.8/6.8 MB | 524/588 kB | 0.9/3.0 MB
Progress (3): 4.8/6.8 MB | 524/588 kB | 0.9/3.0 MB
Progress (3): 4.9/6.8 MB | 524/588 kB | 0.9/3.0 MB
Progress (3): 4.9/6.8 MB | 524/588 kB | 0.9/3.0 MB
Progress (3): 4.9/6.8 MB | 524/588 kB | 1.0/3.0 MB
Progress (3): 4.9/6.8 MB | 524/588 kB | 1.0/3.0 MB
Progress (3): 4.9/6.8 MB | 524/588 kB | 1.0/3.0 MB
Progress (3): 4.9/6.8 MB | 524/588 kB | 1.0/3.0 MB
Progress (3): 4.9/6.8 MB | 524/588 kB | 1.0/3.0 MB
Progress (3): 4.9/6.8 MB | 524/588 kB | 1.0/3.0 MB
Progress (3): 4.9/6.8 MB | 524/588 kB | 1.0/3.0 MB
Progress (3): 4.9/6.8 MB | 524/588 kB | 1.0/3.0 MB
Progress (3): 4.9/6.8 MB | 524/588 kB | 1.0/3.0 MB
Progress (3): 4.9/6.8 MB | 524/588 kB | 1.0/3.0 MB
Progress (3): 5.0/6.8 MB | 524/588 kB | 1.0/3.0 MB
Progress (3): 5.0/6.8 MB | 524/588 kB | 1.0/3.0 MB
Progress (3): 5.0/6.8 MB | 524/588 kB | 1.0/3.0 MB
Progress (3): 5.0/6.8 MB | 524/588 kB | 1.0/3.0 MB
Progress (3): 5.0/6.8 MB | 524/588 kB | 1.1/3.0 MB
Progress (3): 5.0/6.8 MB | 524/588 kB | 1.1/3.0 MB
Progress (3): 5.0/6.8 MB | 524/588 kB | 1.1/3.0 MB
Progress (3): 5.0/6.8 MB | 524/588 kB | 1.1/3.0 MB
Progress (3): 5.0/6.8 MB | 524/588 kB | 1.1/3.0 MB
Progress (3): 5.0/6.8 MB | 524/588 kB | 1.1/3.0 MB
Progress (3): 5.0/6.8 MB | 524/588 kB | 1.1/3.0 MB
Progress (3): 5.0/6.8 MB | 524/588 kB | 1.1/3.0 MB
Progress (3): 5.1/6.8 MB | 524/588 kB | 1.1/3.0 MB
Progress (3): 5.1/6.8 MB | 524/588 kB | 1.1/3.0 MB
Progress (4): 5.1/6.8 MB | 524/588 kB | 1.1/3.0 MB | 7.7/20 kB
Progress (4): 5.1/6.8 MB | 524/588 kB | 1.1/3.0 MB | 16/20 kB 
Progress (5): 5.1/6.8 MB | 524/588 kB | 1.1/3.0 MB | 16/20 kB | 2.2 kB
Progress (5): 5.1/6.8 MB | 524/588 kB | 1.1/3.0 MB | 20 kB | 2.2 kB   
Progress (5): 5.1/6.8 MB | 524/588 kB | 1.1/3.0 MB | 20 kB | 2.2 kB
Progress (5): 5.1/6.8 MB | 524/588 kB | 1.1/3.0 MB | 20 kB | 2.2 kB
Progress (5): 5.1/6.8 MB | 524/588 kB | 1.2/3.0 MB | 20 kB | 2.2 kB
                                                                   
Downloaded from central: https://repo.maven.apache.org/maven2/com/google/code/findbugs/jsr305/3.0.2/jsr305-3.0.2.jar (20 kB 
at 15 kB/s)
#11 29.49 Downloaded from central: https://repo.maven.apache.org/maven2/com/google/guava/listenablefuture/9999.0-empty-to-avoi
d-conflict-with-guava/listenablefuture-9999.0-empty-to-avoid-conflict-with-guava.jar (2.2 kB at 1.7 kB/s)
#11 29.49 Downloading from central: 
https://repo.maven.apache.org/maven2/org/checkerframework/checker-qual/3.12.0/checker-qual-3.12.0.jar
#11 29.49 Downloading from central: 
https://repo.maven.apache.org/maven2/com/google/errorprone/error_prone_annotations/2.7.1/error_prone_annotations-2.7.1.jar
#11 29.49 Progress (3): 5.1/6.8 MB | 524/588 kB | 1.2/3.0 MB
Progress (3): 5.1/6.8 MB | 524/588 kB | 1.2/3.0 MB
Progress (3): 5.1/6.8 MB | 524/588 kB | 1.2/3.0 MB
Progress (3): 5.1/6.8 MB | 524/588 kB | 1.2/3.0 MB
Progress (3): 5.1/6.8 MB | 524/588 kB | 1.2/3.0 MB
Progress (3): 5.1/6.8 MB | 524/588 kB | 1.2/3.0 MB
Progress (3): 5.1/6.8 MB | 524/588 kB | 1.2/3.0 MB
Progress (3): 5.2/6.8 MB | 524/588 kB | 1.2/3.0 MB
Progress (3): 5.2/6.8 MB | 524/588 kB | 1.2/3.0 MB
Progress (3): 5.2/6.8 MB | 524/588 kB | 1.2/3.0 MB
Progress (3): 5.2/6.8 MB | 524/588 kB | 1.2/3.0 MB
Progress (3): 5.2/6.8 MB | 524/588 kB | 1.2/3.0 MB
Progress (3): 5.2/6.8 MB | 524/588 kB | 1.2/3.0 MB
Progress (3): 5.2/6.8 MB | 524/588 kB | 1.3/3.0 MB
Progress (3): 5.2/6.8 MB | 524/588 kB | 1.3/3.0 MB
Progress (3): 5.2/6.8 MB | 524/588 kB | 1.3/3.0 MB
Progress (3): 5.2/6.8 MB | 524/588 kB | 1.3/3.0 MB
Progress (3): 5.3/6.8 MB | 524/588 kB | 1.3/3.0 MB
Progress (3): 5.3/6.8 MB | 524/588 kB | 1.3/3.0 MB
Progress (3): 5.3/6.8 MB | 524/588 kB | 1.3/3.0 MB
Progress (3): 5.3/6.8 MB | 524/588 kB | 1.3/3.0 MB
Progress (3): 5.3/6.8 MB | 524/588 kB | 1.3/3.0 MB
Progress (3): 5.3/6.8 MB | 524/588 kB | 1.3/3.0 MB
Progress (3): 5.3/6.8 MB | 524/588 kB | 1.3/3.0 MB
Progress (3): 5.3/6.8 MB | 524/588 kB | 1.3/3.0 MB
Progress (3): 5.3/6.8 MB | 524/588 kB | 1.3/3.0 MB
Progress (3): 5.3/6.8 MB | 524/588 kB | 1.4/3.0 MB
Progress (3): 5.3/6.8 MB | 524/588 kB | 1.4/3.0 MB
Progress (3): 5.4/6.8 MB | 524/588 kB | 1.4/3.0 MB
Progress (3): 5.4/6.8 MB | 524/588 kB | 1.4/3.0 MB
Progress (3): 5.4/6.8 MB | 524/588 kB | 1.4/3.0 MB
Progress (3): 5.4/6.8 MB | 524/588 kB | 1.4/3.0 MB
Progress (3): 5.4/6.8 MB | 524/588 kB | 1.4/3.0 MB
Progress (3): 5.4/6.8 MB | 524/588 kB | 1.4/3.0 MB
Progress (3): 5.4/6.8 MB | 524/588 kB | 1.4/3.0 MB
Progress (3): 5.4/6.8 MB | 524/588 kB | 1.4/3.0 MB
Progress (4): 5.4/6.8 MB | 524/588 kB | 1.4/3.0 MB | 7.7/209 kB
Progress (4): 5.4/6.8 MB | 524/588 kB | 1.4/3.0 MB | 16/209 kB 
Progress (4): 5.4/6.8 MB | 524/588 kB | 1.4/3.0 MB | 16/209 kB
Progress (4): 5.4/6.8 MB | 524/588 kB | 1.4/3.0 MB | 16/209 kB
Progress (4): 5.4/6.8 MB | 524/588 kB | 1.5/3.0 MB | 16/209 kB
Progress (4): 5.4/6.8 MB | 524/588 kB | 1.5/3.0 MB | 16/209 kB
Progress (4): 5.4/6.8 MB | 524/588 kB | 1.5/3.0 MB | 32/209 kB
Progress (4): 5.4/6.8 MB | 524/588 kB | 1.5/3.0 MB | 32/209 kB
Progress (4): 5.5/6.8 MB | 524/588 kB | 1.5/3.0 MB | 32/209 kB
Progress (4): 5.5/6.8 MB | 524/588 kB | 1.5/3.0 MB | 32/209 kB
Progress (4): 5.5/6.8 MB | 524/588 kB | 1.5/3.0 MB | 32/209 kB
Progress (4): 5.5/6.8 MB | 524/588 kB | 1.5/3.0 MB | 32/209 kB
Progress (4): 5.5/6.8 MB | 524/588 kB | 1.5/3.0 MB | 49/209 kB
Progress (4): 5.5/6.8 MB | 524/588 kB | 1.5/3.0 MB | 49/209 kB
Progress (4): 5.5/6.8 MB | 524/588 kB | 1.5/3.0 MB | 49/209 kB
Progress (4): 5.5/6.8 MB | 524/588 kB | 1.5/3.0 MB | 49/209 kB
Progress (4): 5.5/6.8 MB | 524/588 kB | 1.5/3.0 MB | 65/209 kB
Progress (4): 5.5/6.8 MB | 524/588 kB | 1.5/3.0 MB | 65/209 kB
Progress (4): 5.5/6.8 MB | 524/588 kB | 1.6/3.0 MB | 65/209 kB
Progress (4): 5.5/6.8 MB | 524/588 kB | 1.6/3.0 MB | 81/209 kB
Progress (4): 5.5/6.8 MB | 524/588 kB | 1.6/3.0 MB | 81/209 kB
Progress (4): 5.5/6.8 MB | 524/588 kB | 1.6/3.0 MB | 81/209 kB
Progress (4): 5.5/6.8 MB | 524/588 kB | 1.6/3.0 MB | 98/209 kB
Progress (4): 5.5/6.8 MB | 524/588 kB | 1.6/3.0 MB | 98/209 kB
Progress (4): 5.5/6.8 MB | 524/588 kB | 1.6/3.0 MB | 114/209 kB
Progress (4): 5.5/6.8 MB | 524/588 kB | 1.6/3.0 MB | 114/209 kB
Progress (4): 5.5/6.8 MB | 524/588 kB | 1.6/3.0 MB | 131/209 kB
Progress (4): 5.5/6.8 MB | 524/588 kB | 1.6/3.0 MB | 131/209 kB
Progress (4): 5.6/6.8 MB | 524/588 kB | 1.6/3.0 MB | 131/209 kB
Progress (4): 5.6/6.8 MB | 524/588 kB | 1.6/3.0 MB | 147/209 kB
Progress (5): 5.6/6.8 MB | 524/588 kB | 1.6/3.0 MB | 147/209 kB | 7.7/15 kB
Progress (5): 5.6/6.8 MB | 524/588 kB | 1.6/3.0 MB | 147/209 kB | 8.2/15 kB
Progress (5): 5.6/6.8 MB | 524/588 kB | 1.6/3.0 MB | 147/209 kB | 8.2/15 kB
Progress (5): 5.6/6.8 MB | 524/588 kB | 1.6/3.0 MB | 163/209 kB | 8.2/15 kB
Progress (5): 5.6/6.8 MB | 524/588 kB | 1.6/3.0 MB | 163/209 kB | 8.2/15 kB
Progress (5): 5.6/6.8 MB | 524/588 kB | 1.6/3.0 MB | 180/209 kB | 8.2/15 kB
Progress (5): 5.6/6.8 MB | 524/588 kB | 1.6/3.0 MB | 180/209 kB | 8.2/15 kB
Progress (5): 5.6/6.8 MB | 524/588 kB | 1.6/3.0 MB | 180/209 kB | 8.2/15 kB
Progress (5): 5.6/6.8 MB | 524/588 kB | 1.7/3.0 MB | 180/209 kB | 8.2/15 kB
Progress (5): 5.6/6.8 MB | 540/588 kB | 1.7/3.0 MB | 180/209 kB | 8.2/15 kB
Progress (5): 5.6/6.8 MB | 540/588 kB | 1.7/3.0 MB | 196/209 kB | 8.2/15 kB
Progress (5): 5.6/6.8 MB | 540/588 kB | 1.7/3.0 MB | 196/209 kB | 8.2/15 kB
Progress (5): 5.6/6.8 MB | 540/588 kB | 1.7/3.0 MB | 209 kB | 8.2/15 kB    
Progress (5): 5.6/6.8 MB | 540/588 kB | 1.7/3.0 MB | 209 kB | 8.2/15 kB
Progress (5): 5.6/6.8 MB | 540/588 kB | 1.7/3.0 MB | 209 kB | 8.2/15 kB
Progress (5): 5.6/6.8 MB | 557/588 kB | 1.7/3.0 MB | 209 kB | 8.2/15 kB
Progress (5): 5.6/6.8 MB | 557/588 kB | 1.7/3.0 MB | 209 kB | 8.2/15 kB
                                                                       
Downloaded from central: 
https://repo.maven.apache.org/maven2/org/checkerframework/checker-qual/3.12.0/checker-qual-3.12.0.jar (209 kB at 151 kB/s)
#11 29.58 Downloading from central: 
https://repo.maven.apache.org/maven2/com/google/j2objc/j2objc-annotations/1.3/j2objc-annotations-1.3.jar
#11 29.58 Progress (4): 5.6/6.8 MB | 573/588 kB | 1.7/3.0 MB | 8.2/15 kB
Progress (4): 5.6/6.8 MB | 573/588 kB | 1.7/3.0 MB | 8.2/15 kB
Progress (4): 5.6/6.8 MB | 573/588 kB | 1.7/3.0 MB | 15 kB    
Progress (4): 5.6/6.8 MB | 588 kB | 1.7/3.0 MB | 15 kB    
Progress (4): 5.7/6.8 MB | 588 kB | 1.7/3.0 MB | 15 kB
                                                      
Downloaded from central: 
https://repo.maven.apache.org/maven2/com/google/errorprone/error_prone_annotations/2.7.1/error_prone_annotations-2.7.1.jar 
(15 kB at 11 kB/s)
#11 29.59 Progress (3): 5.7/6.8 MB | 588 kB | 1.7/3.0 MB
                                              
Downloading from central: https://repo.maven.apache.org/maven2/org/reflections/reflections/0.10.2/reflections-0.10.2.jar
#11 29.59 Progress (3): 5.7/6.8 MB | 588 kB | 1.7/3.0 MB
Progress (3): 5.7/6.8 MB | 588 kB | 1.7/3.0 MB
Progress (3): 5.7/6.8 MB | 588 kB | 1.7/3.0 MB
Progress (3): 5.7/6.8 MB | 588 kB | 1.7/3.0 MB
                                              
Downloaded from central: 
https://repo.maven.apache.org/maven2/commons-collections/commons-collections/3.2.2/commons-collections-3.2.2.jar (588 kB at 
422 kB/s)
#11 29.59 Progress (2): 5.7/6.8 MB | 1.7/3.0 MB
                                     
Downloading from central: https://repo.maven.apache.org/maven2/org/javassist/javassist/3.28.0-GA/javassist-3.28.0-GA.jar
#11 29.59 Progress (2): 5.7/6.8 MB | 1.7/3.0 MB
Progress (2): 5.7/6.8 MB | 1.8/3.0 MB
Progress (2): 5.7/6.8 MB | 1.8/3.0 MB
Progress (2): 5.7/6.8 MB | 1.8/3.0 MB
Progress (2): 5.8/6.8 MB | 1.8/3.0 MB
Progress (2): 5.8/6.8 MB | 1.8/3.0 MB
Progress (2): 5.8/6.8 MB | 1.8/3.0 MB
Progress (2): 5.8/6.8 MB | 1.8/3.0 MB
Progress (2): 5.8/6.8 MB | 1.8/3.0 MB
Progress (2): 5.8/6.8 MB | 1.8/3.0 MB
Progress (2): 5.8/6.8 MB | 1.8/3.0 MB
Progress (2): 5.8/6.8 MB | 1.9/3.0 MB
Progress (2): 5.8/6.8 MB | 1.9/3.0 MB
Progress (2): 5.8/6.8 MB | 1.9/3.0 MB
Progress (2): 5.8/6.8 MB | 1.9/3.0 MB
Progress (2): 5.8/6.8 MB | 1.9/3.0 MB
Progress (2): 5.8/6.8 MB | 1.9/3.0 MB
Progress (2): 5.8/6.8 MB | 1.9/3.0 MB
Progress (2): 5.8/6.8 MB | 1.9/3.0 MB
Progress (2): 5.8/6.8 MB | 1.9/3.0 MB
Progress (2): 5.8/6.8 MB | 1.9/3.0 MB
Progress (2): 5.9/6.8 MB | 1.9/3.0 MB
Progress (2): 5.9/6.8 MB | 2.0/3.0 MB
Progress (2): 5.9/6.8 MB | 2.0/3.0 MB
Progress (2): 5.9/6.8 MB | 2.0/3.0 MB
Progress (2): 5.9/6.8 MB | 2.0/3.0 MB
Progress (2): 5.9/6.8 MB | 2.0/3.0 MB
Progress (2): 5.9/6.8 MB | 2.0/3.0 MB
Progress (2): 5.9/6.8 MB | 2.0/3.0 MB
Progress (2): 5.9/6.8 MB | 2.0/3.0 MB
Progress (2): 5.9/6.8 MB | 2.1/3.0 MB
Progress (2): 5.9/6.8 MB | 2.1/3.0 MB
Progress (2): 5.9/6.8 MB | 2.1/3.0 MB
Progress (2): 5.9/6.8 MB | 2.1/3.0 MB
Progress (2): 5.9/6.8 MB | 2.1/3.0 MB
Progress (2): 5.9/6.8 MB | 2.1/3.0 MB
Progress (2): 6.0/6.8 MB | 2.1/3.0 MB
Progress (2): 6.0/6.8 MB | 2.1/3.0 MB
Progress (2): 6.0/6.8 MB | 2.1/3.0 MB
Progress (2): 6.0/6.8 MB | 2.1/3.0 MB
Progress (2): 6.0/6.8 MB | 2.1/3.0 MB
Progress (3): 6.0/6.8 MB | 2.1/3.0 MB | 7.7/8.8 kB
Progress (3): 6.0/6.8 MB | 2.1/3.0 MB | 8.8 kB    
Progress (3): 6.0/6.8 MB | 2.2/3.0 MB | 8.8 kB
Progress (3): 6.0/6.8 MB | 2.2/3.0 MB | 8.8 kB
Progress (3): 6.0/6.8 MB | 2.2/3.0 MB | 8.8 kB
Progress (3): 6.0/6.8 MB | 2.2/3.0 MB | 8.8 kB
                                              
Downloaded from central: 
https://repo.maven.apache.org/maven2/com/google/j2objc/j2objc-annotations/1.3/j2objc-annotations-1.3.jar (8.8 kB at 6.1 kB/s)
#11 29.63 Downloading from central: https://repo.maven.apache.org/maven2/net/sf/saxon/Saxon-HE/10.6/Saxon-HE-10.6.jar
#11 29.63 Progress (2): 6.0/6.8 MB | 2.2/3.0 MB
Progress (2): 6.0/6.8 MB | 2.2/3.0 MB
Progress (2): 6.0/6.8 MB | 2.2/3.0 MB
Progress (2): 6.0/6.8 MB | 2.2/3.0 MB
Progress (2): 6.0/6.8 MB | 2.2/3.0 MB
Progress (2): 6.0/6.8 MB | 2.2/3.0 MB
Progress (2): 6.1/6.8 MB | 2.2/3.0 MB
Progress (3): 6.1/6.8 MB | 2.2/3.0 MB | 7.7/130 kB
Progress (3): 6.1/6.8 MB | 2.2/3.0 MB | 16/130 kB 
Progress (3): 6.1/6.8 MB | 2.2/3.0 MB | 25/130 kB
Progress (3): 6.1/6.8 MB | 2.2/3.0 MB | 25/130 kB
Progress (3): 6.1/6.8 MB | 2.3/3.0 MB | 25/130 kB
Progress (3): 6.1/6.8 MB | 2.3/3.0 MB | 25/130 kB
Progress (3): 6.1/6.8 MB | 2.3/3.0 MB | 25/130 kB
Progress (3): 6.1/6.8 MB | 2.3/3.0 MB | 25/130 kB
Progress (3): 6.1/6.8 MB | 2.3/3.0 MB | 41/130 kB
Progress (3): 6.1/6.8 MB | 2.3/3.0 MB | 41/130 kB
Progress (3): 6.1/6.8 MB | 2.3/3.0 MB | 41/130 kB
Progress (3): 6.1/6.8 MB | 2.3/3.0 MB | 41/130 kB
Progress (3): 6.1/6.8 MB | 2.3/3.0 MB | 41/130 kB
Progress (3): 6.1/6.8 MB | 2.3/3.0 MB | 41/130 kB
Progress (3): 6.1/6.8 MB | 2.3/3.0 MB | 41/130 kB
Progress (3): 6.1/6.8 MB | 2.3/3.0 MB | 41/130 kB
Progress (3): 6.1/6.8 MB | 2.3/3.0 MB | 57/130 kB
Progress (3): 6.2/6.8 MB | 2.3/3.0 MB | 57/130 kB
Progress (3): 6.2/6.8 MB | 2.3/3.0 MB | 57/130 kB
Progress (3): 6.2/6.8 MB | 2.3/3.0 MB | 57/130 kB
Progress (3): 6.2/6.8 MB | 2.4/3.0 MB | 57/130 kB
Progress (3): 6.2/6.8 MB | 2.4/3.0 MB | 74/130 kB
Progress (3): 6.2/6.8 MB | 2.4/3.0 MB | 74/130 kB
Progress (3): 6.2/6.8 MB | 2.4/3.0 MB | 90/130 kB
Progress (3): 6.2/6.8 MB | 2.4/3.0 MB | 90/130 kB
Progress (3): 6.2/6.8 MB | 2.4/3.0 MB | 90/130 kB
Progress (3): 6.2/6.8 MB | 2.4/3.0 MB | 90/130 kB
Progress (3): 6.2/6.8 MB | 2.4/3.0 MB | 90/130 kB
Progress (3): 6.2/6.8 MB | 2.4/3.0 MB | 90/130 kB
Progress (3): 6.2/6.8 MB | 2.4/3.0 MB | 106/130 kB
Progress (3): 6.3/6.8 MB | 2.4/3.0 MB | 106/130 kB
Progress (3): 6.3/6.8 MB | 2.4/3.0 MB | 106/130 kB
Progress (3): 6.3/6.8 MB | 2.4/3.0 MB | 106/130 kB
Progress (3): 6.3/6.8 MB | 2.4/3.0 MB | 123/130 kB
Progress (3): 6.3/6.8 MB | 2.4/3.0 MB | 123/130 kB
Progress (3): 6.3/6.8 MB | 2.4/3.0 MB | 123/130 kB
Progress (3): 6.3/6.8 MB | 2.4/3.0 MB | 123/130 kB
Progress (3): 6.3/6.8 MB | 2.4/3.0 MB | 123/130 kB
Progress (3): 6.3/6.8 MB | 2.5/3.0 MB | 123/130 kB
Progress (3): 6.3/6.8 MB | 2.5/3.0 MB | 123/130 kB
Progress (3): 6.3/6.8 MB | 2.5/3.0 MB | 130 kB    
Progress (3): 6.3/6.8 MB | 2.5/3.0 MB | 130 kB
                                              
Downloaded from central: https://repo.maven.apache.org/maven2/org/reflections/reflections/0.10.2/reflections-0.10.2.jar (130 
kB at 88 kB/s)
#11 29.68 Downloading from central: 
https://repo.maven.apache.org/maven2/org/apache/commons/commons-lang3/3.17.0/commons-lang3-3.17.0.jar
#11 29.68 Progress (3): 6.3/6.8 MB | 2.5/3.0 MB | 0/5.8 MB
Progress (3): 6.3/6.8 MB | 2.5/3.0 MB | 0/5.8 MB
Progress (3): 6.3/6.8 MB | 2.5/3.0 MB | 0/5.8 MB
Progress (3): 6.3/6.8 MB | 2.5/3.0 MB | 0/5.8 MB
Progress (3): 6.4/6.8 MB | 2.5/3.0 MB | 0/5.8 MB
Progress (3): 6.4/6.8 MB | 2.5/3.0 MB | 0/5.8 MB
Progress (3): 6.4/6.8 MB | 2.5/3.0 MB | 0/5.8 MB
Progress (3): 6.4/6.8 MB | 2.5/3.0 MB | 0/5.8 MB
Progress (4): 6.4/6.8 MB | 2.5/3.0 MB | 0/5.8 MB | 7.7/852 kB
Progress (4): 6.4/6.8 MB | 2.5/3.0 MB | 0/5.8 MB | 16/852 kB 
Progress (4): 6.4/6.8 MB | 2.5/3.0 MB | 0/5.8 MB | 16/852 kB
Progress (4): 6.4/6.8 MB | 2.5/3.0 MB | 0/5.8 MB | 16/852 kB
Progress (4): 6.4/6.8 MB | 2.5/3.0 MB | 0/5.8 MB | 16/852 kB
Progress (4): 6.4/6.8 MB | 2.6/3.0 MB | 0/5.8 MB | 16/852 kB
Progress (4): 6.4/6.8 MB | 2.6/3.0 MB | 0/5.8 MB | 16/852 kB
Progress (4): 6.4/6.8 MB | 2.6/3.0 MB | 0/5.8 MB | 16/852 kB
Progress (4): 6.4/6.8 MB | 2.6/3.0 MB | 0/5.8 MB | 16/852 kB
Progress (4): 6.4/6.8 MB | 2.6/3.0 MB | 0.1/5.8 MB | 16/852 kB
Progress (4): 6.4/6.8 MB | 2.6/3.0 MB | 0.1/5.8 MB | 16/852 kB
Progress (4): 6.4/6.8 MB | 2.6/3.0 MB | 0.1/5.8 MB | 16/852 kB
Progress (4): 6.4/6.8 MB | 2.6/3.0 MB | 0.1/5.8 MB | 16/852 kB
Progress (4): 6.4/6.8 MB | 2.6/3.0 MB | 0.1/5.8 MB | 16/852 kB
Progress (4): 6.4/6.8 MB | 2.6/3.0 MB | 0.1/5.8 MB | 16/852 kB
Progress (4): 6.5/6.8 MB | 2.6/3.0 MB | 0.1/5.8 MB | 16/852 kB
Progress (4): 6.5/6.8 MB | 2.6/3.0 MB | 0.1/5.8 MB | 16/852 kB
Progress (4): 6.5/6.8 MB | 2.6/3.0 MB | 0.1/5.8 MB | 16/852 kB
Progress (4): 6.5/6.8 MB | 2.6/3.0 MB | 0.1/5.8 MB | 16/852 kB
Progress (4): 6.5/6.8 MB | 2.6/3.0 MB | 0.1/5.8 MB | 16/852 kB
Progress (4): 6.5/6.8 MB | 2.6/3.0 MB | 0.1/5.8 MB | 16/852 kB
Progress (4): 6.5/6.8 MB | 2.6/3.0 MB | 0.1/5.8 MB | 16/852 kB
Progress (4): 6.5/6.8 MB | 2.7/3.0 MB | 0.1/5.8 MB | 16/852 kB
Progress (4): 6.5/6.8 MB | 2.7/3.0 MB | 0.1/5.8 MB | 16/852 kB
Progress (4): 6.5/6.8 MB | 2.7/3.0 MB | 0.1/5.8 MB | 16/852 kB
Progress (4): 6.5/6.8 MB | 2.7/3.0 MB | 0.1/5.8 MB | 16/852 kB
Progress (4): 6.5/6.8 MB | 2.7/3.0 MB | 0.1/5.8 MB | 16/852 kB
Progress (4): 6.5/6.8 MB | 2.7/3.0 MB | 0.1/5.8 MB | 16/852 kB
Progress (4): 6.5/6.8 MB | 2.7/3.0 MB | 0.1/5.8 MB | 16/852 kB
Progress (4): 6.6/6.8 MB | 2.7/3.0 MB | 0.1/5.8 MB | 16/852 kB
Progress (4): 6.6/6.8 MB | 2.7/3.0 MB | 0.1/5.8 MB | 16/852 kB
Progress (4): 6.6/6.8 MB | 2.7/3.0 MB | 0.1/5.8 MB | 16/852 kB
Progress (4): 6.6/6.8 MB | 2.7/3.0 MB | 0.1/5.8 MB | 16/852 kB
Progress (4): 6.6/6.8 MB | 2.7/3.0 MB | 0.2/5.8 MB | 16/852 kB
Progress (4): 6.6/6.8 MB | 2.7/3.0 MB | 0.2/5.8 MB | 32/852 kB
Progress (4): 6.6/6.8 MB | 2.7/3.0 MB | 0.2/5.8 MB | 32/852 kB
Progress (4): 6.6/6.8 MB | 2.7/3.0 MB | 0.2/5.8 MB | 32/852 kB
Progress (4): 6.6/6.8 MB | 2.8/3.0 MB | 0.2/5.8 MB | 32/852 kB
Progress (4): 6.6/6.8 MB | 2.8/3.0 MB | 0.2/5.8 MB | 32/852 kB
Progress (4): 6.6/6.8 MB | 2.8/3.0 MB | 0.2/5.8 MB | 32/852 kB
Progress (4): 6.6/6.8 MB | 2.8/3.0 MB | 0.2/5.8 MB | 32/852 kB
Progress (5): 6.6/6.8 MB | 2.8/3.0 MB | 0.2/5.8 MB | 32/852 kB | 7.7/674 kB
Progress (5): 6.6/6.8 MB | 2.8/3.0 MB | 0.2/5.8 MB | 32/852 kB | 16/674 kB 
Progress (5): 6.6/6.8 MB | 2.8/3.0 MB | 0.2/5.8 MB | 32/852 kB | 32/674 kB
Progress (5): 6.6/6.8 MB | 2.8/3.0 MB | 0.2/5.8 MB | 32/852 kB | 32/674 kB
Progress (5): 6.6/6.8 MB | 2.8/3.0 MB | 0.2/5.8 MB | 32/852 kB | 32/674 kB
Progress (5): 6.6/6.8 MB | 2.8/3.0 MB | 0.2/5.8 MB | 32/852 kB | 32/674 kB
Progress (5): 6.6/6.8 MB | 2.8/3.0 MB | 0.2/5.8 MB | 32/852 kB | 49/674 kB
Progress (5): 6.6/6.8 MB | 2.8/3.0 MB | 0.2/5.8 MB | 32/852 kB | 49/674 kB
Progress (5): 6.6/6.8 MB | 2.8/3.0 MB | 0.2/5.8 MB | 32/852 kB | 49/674 kB
Progress (5): 6.6/6.8 MB | 2.8/3.0 MB | 0.2/5.8 MB | 32/852 kB | 65/674 kB
Progress (5): 6.6/6.8 MB | 2.8/3.0 MB | 0.2/5.8 MB | 32/852 kB | 65/674 kB
Progress (5): 6.7/6.8 MB | 2.8/3.0 MB | 0.2/5.8 MB | 32/852 kB | 65/674 kB
Progress (5): 6.7/6.8 MB | 2.8/3.0 MB | 0.2/5.8 MB | 32/852 kB | 81/674 kB
Progress (5): 6.7/6.8 MB | 2.8/3.0 MB | 0.2/5.8 MB | 32/852 kB | 98/674 kB
Progress (5): 6.7/6.8 MB | 2.8/3.0 MB | 0.2/5.8 MB | 32/852 kB | 98/674 kB
Progress (5): 6.7/6.8 MB | 2.8/3.0 MB | 0.2/5.8 MB | 32/852 kB | 98/674 kB
Progress (5): 6.7/6.8 MB | 2.8/3.0 MB | 0.2/5.8 MB | 32/852 kB | 98/674 kB
Progress (5): 6.7/6.8 MB | 2.8/3.0 MB | 0.2/5.8 MB | 32/852 kB | 98/674 kB
Progress (5): 6.7/6.8 MB | 2.8/3.0 MB | 0.2/5.8 MB | 32/852 kB | 98/674 kB
Progress (5): 6.7/6.8 MB | 2.8/3.0 MB | 0.2/5.8 MB | 32/852 kB | 114/674 kB
Progress (5): 6.7/6.8 MB | 2.8/3.0 MB | 0.2/5.8 MB | 32/852 kB | 114/674 kB
Progress (5): 6.7/6.8 MB | 2.8/3.0 MB | 0.2/5.8 MB | 32/852 kB | 114/674 kB
Progress (5): 6.7/6.8 MB | 2.8/3.0 MB | 0.2/5.8 MB | 32/852 kB | 114/674 kB
Progress (5): 6.7/6.8 MB | 2.8/3.0 MB | 0.2/5.8 MB | 32/852 kB | 114/674 kB
Progress (5): 6.7/6.8 MB | 2.8/3.0 MB | 0.2/5.8 MB | 32/852 kB | 114/674 kB
Progress (5): 6.8/6.8 MB | 2.8/3.0 MB | 0.2/5.8 MB | 32/852 kB | 114/674 kB
Progress (5): 6.8/6.8 MB | 2.8/3.0 MB | 0.3/5.8 MB | 32/852 kB | 114/674 kB
Progress (5): 6.8 MB | 2.8/3.0 MB | 0.3/5.8 MB | 32/852 kB | 114/674 kB    
Progress (5): 6.8 MB | 2.8/3.0 MB | 0.3/5.8 MB | 32/852 kB | 131/674 kB
Progress (5): 6.8 MB | 2.9/3.0 MB | 0.3/5.8 MB | 32/852 kB | 131/674 kB
Progress (5): 6.8 MB | 2.9/3.0 MB | 0.3/5.8 MB | 32/852 kB | 131/674 kB
                                                                       
Downloaded from central: https://repo.maven.apache.org/maven2/com/github/luben/zstd-jni/1.5.5-11/zstd-jni-1.5.5-11.jar (6.8 
MB at 4.3 MB/s)
#11 29.78 Progress (4): 2.9/3.0 MB | 0.3/5.8 MB | 32/852 kB | 147/674 kB
                                                              
Downloading from central: https://repo.maven.apache.org/maven2/javax/xml/bind/jaxb-api/2.3.1/jaxb-api-2.3.1.jar
#11 29.78 Progress (4): 2.9/3.0 MB | 0.3/5.8 MB | 32/852 kB | 147/674 kB
Progress (4): 2.9/3.0 MB | 0.3/5.8 MB | 32/852 kB | 163/674 kB
Progress (4): 2.9/3.0 MB | 0.3/5.8 MB | 32/852 kB | 163/674 kB
Progress (4): 2.9/3.0 MB | 0.3/5.8 MB | 32/852 kB | 180/674 kB
Progress (4): 2.9/3.0 MB | 0.3/5.8 MB | 32/852 kB | 180/674 kB
Progress (4): 2.9/3.0 MB | 0.3/5.8 MB | 32/852 kB | 180/674 kB
Progress (4): 2.9/3.0 MB | 0.3/5.8 MB | 49/852 kB | 180/674 kB
Progress (4): 2.9/3.0 MB | 0.3/5.8 MB | 49/852 kB | 196/674 kB
Progress (4): 2.9/3.0 MB | 0.3/5.8 MB | 49/852 kB | 196/674 kB
Progress (4): 2.9/3.0 MB | 0.3/5.8 MB | 49/852 kB | 196/674 kB
Progress (4): 2.9/3.0 MB | 0.3/5.8 MB | 49/852 kB | 213/674 kB
Progress (4): 2.9/3.0 MB | 0.3/5.8 MB | 49/852 kB | 213/674 kB
Progress (4): 2.9/3.0 MB | 0.3/5.8 MB | 49/852 kB | 213/674 kB
Progress (4): 2.9/3.0 MB | 0.3/5.8 MB | 49/852 kB | 229/674 kB
Progress (4): 2.9/3.0 MB | 0.3/5.8 MB | 49/852 kB | 229/674 kB
Progress (4): 2.9/3.0 MB | 0.3/5.8 MB | 49/852 kB | 245/674 kB
Progress (4): 2.9/3.0 MB | 0.4/5.8 MB | 49/852 kB | 245/674 kB
Progress (4): 2.9/3.0 MB | 0.4/5.8 MB | 49/852 kB | 262/674 kB
Progress (4): 2.9/3.0 MB | 0.4/5.8 MB | 49/852 kB | 262/674 kB
Progress (4): 2.9/3.0 MB | 0.4/5.8 MB | 49/852 kB | 262/674 kB
Progress (4): 2.9/3.0 MB | 0.4/5.8 MB | 49/852 kB | 262/674 kB
Progress (4): 2.9/3.0 MB | 0.4/5.8 MB | 49/852 kB | 262/674 kB
Progress (4): 2.9/3.0 MB | 0.4/5.8 MB | 49/852 kB | 278/674 kB
Progress (4): 2.9/3.0 MB | 0.4/5.8 MB | 49/852 kB | 294/674 kB
Progress (4): 3.0/3.0 MB | 0.4/5.8 MB | 49/852 kB | 294/674 kB
Progress (4): 3.0 MB | 0.4/5.8 MB | 49/852 kB | 294/674 kB    
Progress (4): 3.0 MB | 0.4/5.8 MB | 49/852 kB | 294/674 kB
                                                          
Downloaded from central: https://repo.maven.apache.org/maven2/com/google/guava/guava/31.0.1-jre/guava-31.0.1-jre.jar (3.0 MB 
at 1.9 MB/s)
#11 29.81 Downloading from central: 
https://repo.maven.apache.org/maven2/javax/activation/javax.activation-api/1.2.0/javax.activation-api-1.2.0.jar
#11 29.81 Progress (3): 0.4/5.8 MB | 49/852 kB | 311/674 kB
Progress (3): 0.4/5.8 MB | 49/852 kB | 311/674 kB
Progress (3): 0.4/5.8 MB | 65/852 kB | 311/674 kB
Progress (3): 0.4/5.8 MB | 65/852 kB | 327/674 kB
Progress (3): 0.5/5.8 MB | 65/852 kB | 327/674 kB
Progress (3): 0.5/5.8 MB | 65/852 kB | 344/674 kB
Progress (4): 0.5/5.8 MB | 65/852 kB | 344/674 kB | 7.6/128 kB
Progress (4): 0.5/5.8 MB | 65/852 kB | 344/674 kB | 7.6/128 kB
Progress (4): 0.5/5.8 MB | 65/852 kB | 344/674 kB | 24/128 kB 
Progress (4): 0.5/5.8 MB | 65/852 kB | 344/674 kB | 40/128 kB
Progress (4): 0.5/5.8 MB | 65/852 kB | 344/674 kB | 57/128 kB
Progress (4): 0.5/5.8 MB | 65/852 kB | 344/674 kB | 73/128 kB
Progress (4): 0.5/5.8 MB | 65/852 kB | 344/674 kB | 73/128 kB
Progress (4): 0.5/5.8 MB | 65/852 kB | 344/674 kB | 73/128 kB
Progress (4): 0.5/5.8 MB | 65/852 kB | 360/674 kB | 73/128 kB
Progress (4): 0.5/5.8 MB | 65/852 kB | 360/674 kB | 73/128 kB
Progress (4): 0.5/5.8 MB | 65/852 kB | 360/674 kB | 73/128 kB
Progress (4): 0.6/5.8 MB | 65/852 kB | 360/674 kB | 73/128 kB
Progress (4): 0.6/5.8 MB | 65/852 kB | 360/674 kB | 73/128 kB
Progress (4): 0.6/5.8 MB | 65/852 kB | 360/674 kB | 73/128 kB
Progress (4): 0.6/5.8 MB | 65/852 kB | 360/674 kB | 73/128 kB
Progress (4): 0.6/5.8 MB | 65/852 kB | 360/674 kB | 73/128 kB
Progress (4): 0.6/5.8 MB | 65/852 kB | 360/674 kB | 73/128 kB
Progress (5): 0.6/5.8 MB | 65/852 kB | 360/674 kB | 73/128 kB | 7.7/57 kB
Progress (5): 0.6/5.8 MB | 65/852 kB | 376/674 kB | 73/128 kB | 7.7/57 kB
Progress (5): 0.6/5.8 MB | 65/852 kB | 376/674 kB | 73/128 kB | 16/57 kB 
Progress (5): 0.7/5.8 MB | 65/852 kB | 376/674 kB | 73/128 kB | 16/57 kB
Progress (5): 0.7/5.8 MB | 65/852 kB | 376/674 kB | 73/128 kB | 32/57 kB
Progress (5): 0.7/5.8 MB | 65/852 kB | 376/674 kB | 73/128 kB | 32/57 kB
Progress (5): 0.7/5.8 MB | 65/852 kB | 393/674 kB | 73/128 kB | 32/57 kB
Progress (5): 0.7/5.8 MB | 65/852 kB | 393/674 kB | 73/128 kB | 49/57 kB
Progress (5): 0.7/5.8 MB | 65/852 kB | 409/674 kB | 73/128 kB | 49/57 kB
Progress (5): 0.7/5.8 MB | 65/852 kB | 426/674 kB | 73/128 kB | 49/57 kB
Progress (5): 0.7/5.8 MB | 65/852 kB | 426/674 kB | 73/128 kB | 57 kB   
Progress (5): 0.7/5.8 MB | 65/852 kB | 442/674 kB | 73/128 kB | 57 kB
Progress (5): 0.7/5.8 MB | 65/852 kB | 442/674 kB | 73/128 kB | 57 kB
                                                                     
Downloaded from central: 
https://repo.maven.apache.org/maven2/javax/activation/javax.activation-api/1.2.0/javax.activation-api-1.2.0.jar (57 kB at 34 
kB/s)
#11 29.85 Progress (4): 0.7/5.8 MB | 65/852 kB | 458/674 kB | 73/128 kB
Progress (4): 0.7/5.8 MB | 65/852 kB | 458/674 kB | 73/128 kB
Progress (4): 0.7/5.8 MB | 65/852 kB | 475/674 kB | 73/128 kB
Progress (4): 0.7/5.8 MB | 65/852 kB | 475/674 kB | 73/128 kB
Progress (4): 0.7/5.8 MB | 65/852 kB | 491/674 kB | 73/128 kB
Progress (4): 0.7/5.8 MB | 65/852 kB | 491/674 kB | 73/128 kB
Progress (4): 0.7/5.8 MB | 65/852 kB | 507/674 kB | 73/128 kB
Progress (4): 0.7/5.8 MB | 65/852 kB | 507/674 kB | 73/128 kB
Progress (4): 0.7/5.8 MB | 65/852 kB | 524/674 kB | 73/128 kB
Progress (4): 0.8/5.8 MB | 65/852 kB | 524/674 kB | 73/128 kB
Progress (4): 0.8/5.8 MB | 65/852 kB | 540/674 kB | 73/128 kB
Progress (4): 0.8/5.8 MB | 65/852 kB | 557/674 kB | 73/128 kB
Progress (4): 0.8/5.8 MB | 65/852 kB | 557/674 kB | 73/128 kB
Progress (4): 0.8/5.8 MB | 65/852 kB | 573/674 kB | 73/128 kB
Progress (4): 0.8/5.8 MB | 65/852 kB | 573/674 kB | 73/128 kB
Progress (4): 0.8/5.8 MB | 81/852 kB | 573/674 kB | 73/128 kB
Progress (4): 0.8/5.8 MB | 81/852 kB | 573/674 kB | 73/128 kB
Progress (4): 0.8/5.8 MB | 81/852 kB | 589/674 kB | 73/128 kB
Progress (4): 0.8/5.8 MB | 81/852 kB | 606/674 kB | 73/128 kB
Progress (4): 0.8/5.8 MB | 81/852 kB | 606/674 kB | 73/128 kB
Progress (4): 0.8/5.8 MB | 81/852 kB | 622/674 kB | 73/128 kB
Progress (4): 0.8/5.8 MB | 81/852 kB | 622/674 kB | 73/128 kB
Progress (4): 0.8/5.8 MB | 81/852 kB | 639/674 kB | 73/128 kB
Progress (4): 0.8/5.8 MB | 98/852 kB | 639/674 kB | 73/128 kB
Progress (4): 0.9/5.8 MB | 98/852 kB | 639/674 kB | 73/128 kB
Progress (4): 0.9/5.8 MB | 98/852 kB | 639/674 kB | 73/128 kB
Progress (4): 0.9/5.8 MB | 98/852 kB | 655/674 kB | 73/128 kB
Progress (4): 0.9/5.8 MB | 98/852 kB | 671/674 kB | 73/128 kB
Progress (4): 0.9/5.8 MB | 98/852 kB | 674 kB | 73/128 kB    
Progress (4): 0.9/5.8 MB | 98/852 kB | 674 kB | 73/128 kB
Progress (4): 0.9/5.8 MB | 98/852 kB | 674 kB | 73/128 kB
                                                         
Downloaded from central: 
https://repo.maven.apache.org/maven2/org/apache/commons/commons-lang3/3.17.0/commons-lang3-3.17.0.jar (674 kB at 395 kB/s)
#11 29.90 Progress (3): 0.9/5.8 MB | 98/852 kB | 73/128 kB
Progress (3): 0.9/5.8 MB | 98/852 kB | 73/128 kB
Progress (3): 1.0/5.8 MB | 98/852 kB | 73/128 kB
Progress (3): 1.0/5.8 MB | 98/852 kB | 73/128 kB
Progress (3): 1.0/5.8 MB | 98/852 kB | 73/128 kB
Progress (3): 1.0/5.8 MB | 98/852 kB | 73/128 kB
Progress (3): 1.0/5.8 MB | 98/852 kB | 73/128 kB
Progress (3): 1.0/5.8 MB | 98/852 kB | 73/128 kB
Progress (3): 1.0/5.8 MB | 114/852 kB | 73/128 kB
Progress (3): 1.1/5.8 MB | 114/852 kB | 73/128 kB
Progress (3): 1.1/5.8 MB | 114/852 kB | 73/128 kB
Progress (3): 1.1/5.8 MB | 114/852 kB | 73/128 kB
Progress (3): 1.1/5.8 MB | 114/852 kB | 73/128 kB
Progress (3): 1.1/5.8 MB | 114/852 kB | 73/128 kB
Progress (3): 1.1/5.8 MB | 114/852 kB | 73/128 kB
Progress (3): 1.2/5.8 MB | 114/852 kB | 73/128 kB
Progress (3): 1.2/5.8 MB | 114/852 kB | 73/128 kB
Progress (3): 1.2/5.8 MB | 114/852 kB | 73/128 kB
Progress (3): 1.2/5.8 MB | 114/852 kB | 73/128 kB
Progress (3): 1.2/5.8 MB | 114/852 kB | 73/128 kB
Progress (3): 1.2/5.8 MB | 114/852 kB | 73/128 kB
Progress (3): 1.3/5.8 MB | 114/852 kB | 73/128 kB
Progress (3): 1.3/5.8 MB | 114/852 kB | 73/128 kB
Progress (3): 1.3/5.8 MB | 114/852 kB | 73/128 kB
Progress (3): 1.3/5.8 MB | 131/852 kB | 73/128 kB
Progress (3): 1.3/5.8 MB | 131/852 kB | 73/128 kB
Progress (3): 1.3/5.8 MB | 131/852 kB | 73/128 kB
Progress (3): 1.3/5.8 MB | 131/852 kB | 73/128 kB
Progress (3): 1.4/5.8 MB | 131/852 kB | 73/128 kB
Progress (3): 1.4/5.8 MB | 131/852 kB | 73/128 kB
Progress (3): 1.4/5.8 MB | 131/852 kB | 73/128 kB
Progress (3): 1.4/5.8 MB | 131/852 kB | 73/128 kB
Progress (3): 1.4/5.8 MB | 131/852 kB | 73/128 kB
Progress (3): 1.4/5.8 MB | 131/852 kB | 73/128 kB
Progress (3): 1.5/5.8 MB | 131/852 kB | 73/128 kB
Progress (3): 1.5/5.8 MB | 131/852 kB | 73/128 kB
Progress (3): 1.5/5.8 MB | 131/852 kB | 73/128 kB
Progress (3): 1.5/5.8 MB | 131/852 kB | 73/128 kB
Progress (3): 1.5/5.8 MB | 147/852 kB | 73/128 kB
Progress (3): 1.5/5.8 MB | 147/852 kB | 73/128 kB
Progress (3): 1.5/5.8 MB | 147/852 kB | 73/128 kB
Progress (3): 1.6/5.8 MB | 147/852 kB | 73/128 kB
Progress (3): 1.6/5.8 MB | 147/852 kB | 73/128 kB
Progress (3): 1.6/5.8 MB | 147/852 kB | 73/128 kB
Progress (3): 1.6/5.8 MB | 147/852 kB | 73/128 kB
Progress (3): 1.6/5.8 MB | 147/852 kB | 73/128 kB
Progress (3): 1.6/5.8 MB | 147/852 kB | 73/128 kB
Progress (3): 1.7/5.8 MB | 147/852 kB | 73/128 kB
Progress (3): 1.7/5.8 MB | 147/852 kB | 73/128 kB
Progress (3): 1.7/5.8 MB | 147/852 kB | 73/128 kB
Progress (3): 1.7/5.8 MB | 147/852 kB | 73/128 kB
Progress (3): 1.7/5.8 MB | 147/852 kB | 73/128 kB
Progress (3): 1.7/5.8 MB | 147/852 kB | 73/128 kB
Progress (3): 1.7/5.8 MB | 147/852 kB | 73/128 kB
Progress (3): 1.8/5.8 MB | 147/852 kB | 73/128 kB
Progress (3): 1.8/5.8 MB | 147/852 kB | 73/128 kB
Progress (3): 1.8/5.8 MB | 163/852 kB | 73/128 kB
Progress (3): 1.8/5.8 MB | 163/852 kB | 73/128 kB
Progress (3): 1.8/5.8 MB | 163/852 kB | 73/128 kB
Progress (3): 1.8/5.8 MB | 163/852 kB | 73/128 kB
Progress (3): 1.8/5.8 MB | 163/852 kB | 73/128 kB
Progress (3): 1.9/5.8 MB | 163/852 kB | 73/128 kB
Progress (3): 1.9/5.8 MB | 163/852 kB | 73/128 kB
Progress (3): 1.9/5.8 MB | 163/852 kB | 73/128 kB
Progress (3): 1.9/5.8 MB | 163/852 kB | 73/128 kB
Progress (3): 1.9/5.8 MB | 163/852 kB | 73/128 kB
Progress (3): 1.9/5.8 MB | 163/852 kB | 73/128 kB
Progress (3): 1.9/5.8 MB | 163/852 kB | 73/128 kB
Progress (3): 2.0/5.8 MB | 163/852 kB | 73/128 kB
Progress (3): 2.0/5.8 MB | 163/852 kB | 73/128 kB
Progress (3): 2.0/5.8 MB | 163/852 kB | 73/128 kB
Progress (3): 2.0/5.8 MB | 180/852 kB | 73/128 kB
Progress (3): 2.0/5.8 MB | 180/852 kB | 73/128 kB
Progress (3): 2.0/5.8 MB | 180/852 kB | 73/128 kB
Progress (3): 2.0/5.8 MB | 180/852 kB | 73/128 kB
Progress (3): 2.1/5.8 MB | 180/852 kB | 73/128 kB
Progress (3): 2.1/5.8 MB | 180/852 kB | 73/128 kB
Progress (3): 2.1/5.8 MB | 180/852 kB | 73/128 kB
Progress (3): 2.1/5.8 MB | 180/852 kB | 73/128 kB
Progress (3): 2.1/5.8 MB | 180/852 kB | 73/128 kB
Progress (3): 2.1/5.8 MB | 180/852 kB | 73/128 kB
Progress (3): 2.2/5.8 MB | 180/852 kB | 73/128 kB
Progress (3): 2.2/5.8 MB | 180/852 kB | 73/128 kB
Progress (3): 2.2/5.8 MB | 180/852 kB | 73/128 kB
Progress (3): 2.2/5.8 MB | 180/852 kB | 73/128 kB
Progress (3): 2.2/5.8 MB | 180/852 kB | 73/128 kB
Progress (3): 2.2/5.8 MB | 180/852 kB | 73/128 kB
Progress (3): 2.2/5.8 MB | 196/852 kB | 73/128 kB
Progress (3): 2.3/5.8 MB | 196/852 kB | 73/128 kB
Progress (3): 2.3/5.8 MB | 196/852 kB | 73/128 kB
Progress (3): 2.3/5.8 MB | 196/852 kB | 73/128 kB
Progress (3): 2.3/5.8 MB | 196/852 kB | 73/128 kB
Progress (3): 2.3/5.8 MB | 196/852 kB | 73/128 kB
Progress (3): 2.3/5.8 MB | 213/852 kB | 73/128 kB
Progress (3): 2.3/5.8 MB | 213/852 kB | 73/128 kB
Progress (3): 2.4/5.8 MB | 213/852 kB | 73/128 kB
Progress (3): 2.4/5.8 MB | 213/852 kB | 73/128 kB
Progress (3): 2.4/5.8 MB | 213/852 kB | 73/128 kB
Progress (3): 2.4/5.8 MB | 213/852 kB | 73/128 kB
Progress (3): 2.4/5.8 MB | 213/852 kB | 73/128 kB
Progress (3): 2.4/5.8 MB | 229/852 kB | 73/128 kB
Progress (3): 2.4/5.8 MB | 229/852 kB | 73/128 kB
Progress (3): 2.5/5.8 MB | 229/852 kB | 73/128 kB
Progress (3): 2.5/5.8 MB | 229/852 kB | 73/128 kB
Progress (3): 2.5/5.8 MB | 229/852 kB | 73/128 kB
Progress (3): 2.5/5.8 MB | 229/852 kB | 73/128 kB
Progress (3): 2.5/5.8 MB | 229/852 kB | 73/128 kB
Progress (3): 2.5/5.8 MB | 229/852 kB | 73/128 kB
Progress (3): 2.6/5.8 MB | 229/852 kB | 73/128 kB
Progress (3): 2.6/5.8 MB | 229/852 kB | 73/128 kB
Progress (3): 2.6/5.8 MB | 229/852 kB | 73/128 kB
Progress (3): 2.6/5.8 MB | 229/852 kB | 73/128 kB
Progress (3): 2.6/5.8 MB | 229/852 kB | 73/128 kB
Progress (3): 2.6/5.8 MB | 245/852 kB | 73/128 kB
Progress (3): 2.6/5.8 MB | 245/852 kB | 73/128 kB
Progress (3): 2.7/5.8 MB | 245/852 kB | 73/128 kB
Progress (3): 2.7/5.8 MB | 245/852 kB | 73/128 kB
Progress (3): 2.7/5.8 MB | 245/852 kB | 73/128 kB
Progress (3): 2.7/5.8 MB | 245/852 kB | 73/128 kB
Progress (3): 2.7/5.8 MB | 245/852 kB | 73/128 kB
Progress (3): 2.7/5.8 MB | 245/852 kB | 73/128 kB
Progress (3): 2.8/5.8 MB | 245/852 kB | 73/128 kB
Progress (3): 2.8/5.8 MB | 262/852 kB | 73/128 kB
Progress (3): 2.8/5.8 MB | 262/852 kB | 73/128 kB
Progress (3): 2.8/5.8 MB | 262/852 kB | 73/128 kB
Progress (3): 2.8/5.8 MB | 262/852 kB | 73/128 kB
Progress (3): 2.8/5.8 MB | 262/852 kB | 73/128 kB
Progress (3): 2.8/5.8 MB | 262/852 kB | 73/128 kB
Progress (3): 2.9/5.8 MB | 262/852 kB | 73/128 kB
Progress (3): 2.9/5.8 MB | 262/852 kB | 73/128 kB
Progress (3): 2.9/5.8 MB | 262/852 kB | 73/128 kB
Progress (3): 2.9/5.8 MB | 262/852 kB | 73/128 kB
Progress (3): 2.9/5.8 MB | 262/852 kB | 73/128 kB
Progress (3): 2.9/5.8 MB | 278/852 kB | 73/128 kB
Progress (3): 2.9/5.8 MB | 278/852 kB | 73/128 kB
Progress (3): 2.9/5.8 MB | 278/852 kB | 73/128 kB
Progress (3): 3.0/5.8 MB | 278/852 kB | 73/128 kB
Progress (3): 3.0/5.8 MB | 278/852 kB | 73/128 kB
Progress (3): 3.0/5.8 MB | 278/852 kB | 73/128 kB
Progress (3): 3.0/5.8 MB | 278/852 kB | 73/128 kB
Progress (3): 3.0/5.8 MB | 278/852 kB | 73/128 kB
Progress (3): 3.0/5.8 MB | 278/852 kB | 73/128 kB
Progress (3): 3.1/5.8 MB | 278/852 kB | 73/128 kB
Progress (3): 3.1/5.8 MB | 294/852 kB | 73/128 kB
Progress (3): 3.1/5.8 MB | 294/852 kB | 73/128 kB
Progress (3): 3.1/5.8 MB | 294/852 kB | 73/128 kB
Progress (3): 3.1/5.8 MB | 294/852 kB | 73/128 kB
Progress (3): 3.1/5.8 MB | 294/852 kB | 73/128 kB
Progress (3): 3.1/5.8 MB | 294/852 kB | 73/128 kB
Progress (3): 3.2/5.8 MB | 294/852 kB | 73/128 kB
Progress (3): 3.2/5.8 MB | 294/852 kB | 73/128 kB
Progress (3): 3.2/5.8 MB | 294/852 kB | 73/128 kB
Progress (3): 3.2/5.8 MB | 294/852 kB | 73/128 kB
Progress (3): 3.2/5.8 MB | 294/852 kB | 73/128 kB
Progress (3): 3.2/5.8 MB | 294/852 kB | 73/128 kB
Progress (3): 3.2/5.8 MB | 294/852 kB | 90/128 kB
Progress (3): 3.3/5.8 MB | 294/852 kB | 90/128 kB
Progress (3): 3.3/5.8 MB | 294/852 kB | 90/128 kB
Progress (3): 3.3/5.8 MB | 294/852 kB | 90/128 kB
Progress (3): 3.3/5.8 MB | 294/852 kB | 90/128 kB
Progress (3): 3.3/5.8 MB | 294/852 kB | 90/128 kB
Progress (3): 3.3/5.8 MB | 294/852 kB | 90/128 kB
Progress (3): 3.4/5.8 MB | 294/852 kB | 90/128 kB
Progress (3): 3.4/5.8 MB | 294/852 kB | 90/128 kB
Progress (3): 3.4/5.8 MB | 311/852 kB | 90/128 kB
Progress (3): 3.4/5.8 MB | 311/852 kB | 90/128 kB
Progress (3): 3.4/5.8 MB | 311/852 kB | 106/128 kB
Progress (3): 3.4/5.8 MB | 311/852 kB | 106/128 kB
Progress (3): 3.4/5.8 MB | 311/852 kB | 106/128 kB
Progress (3): 3.4/5.8 MB | 311/852 kB | 106/128 kB
Progress (3): 3.4/5.8 MB | 327/852 kB | 106/128 kB
Progress (3): 3.5/5.8 MB | 327/852 kB | 106/128 kB
Progress (3): 3.5/5.8 MB | 327/852 kB | 122/128 kB
Progress (3): 3.5/5.8 MB | 327/852 kB | 122/128 kB
Progress (3): 3.5/5.8 MB | 327/852 kB | 128 kB    
Progress (3): 3.5/5.8 MB | 327/852 kB | 128 kB
Progress (3): 3.5/5.8 MB | 327/852 kB | 128 kB
Progress (3): 3.5/5.8 MB | 327/852 kB | 128 kB
                                              
Downloaded from central: https://repo.maven.apache.org/maven2/javax/xml/bind/jaxb-api/2.3.1/jaxb-api-2.3.1.jar (128 kB at 66 
kB/s)
#11 30.14 Progress (2): 3.5/5.8 MB | 327/852 kB
Progress (2): 3.6/5.8 MB | 327/852 kB
Progress (2): 3.6/5.8 MB | 327/852 kB
Progress (2): 3.6/5.8 MB | 344/852 kB
Progress (2): 3.6/5.8 MB | 344/852 kB
Progress (2): 3.6/5.8 MB | 344/852 kB
Progress (2): 3.6/5.8 MB | 344/852 kB
Progress (2): 3.6/5.8 MB | 344/852 kB
Progress (2): 3.7/5.8 MB | 344/852 kB
Progress (2): 3.7/5.8 MB | 344/852 kB
Progress (2): 3.7/5.8 MB | 344/852 kB
Progress (2): 3.7/5.8 MB | 344/852 kB
Progress (2): 3.7/5.8 MB | 344/852 kB
Progress (2): 3.7/5.8 MB | 344/852 kB
Progress (2): 3.8/5.8 MB | 344/852 kB
Progress (2): 3.8/5.8 MB | 344/852 kB
Progress (2): 3.8/5.8 MB | 344/852 kB
Progress (2): 3.8/5.8 MB | 344/852 kB
Progress (2): 3.8/5.8 MB | 344/852 kB
Progress (2): 3.8/5.8 MB | 344/852 kB
Progress (2): 3.8/5.8 MB | 344/852 kB
Progress (2): 3.9/5.8 MB | 344/852 kB
Progress (2): 3.9/5.8 MB | 360/852 kB
Progress (2): 3.9/5.8 MB | 360/852 kB
Progress (2): 3.9/5.8 MB | 360/852 kB
Progress (2): 3.9/5.8 MB | 360/852 kB
Progress (2): 3.9/5.8 MB | 360/852 kB
Progress (2): 3.9/5.8 MB | 360/852 kB
Progress (2): 4.0/5.8 MB | 360/852 kB
Progress (2): 4.0/5.8 MB | 360/852 kB
Progress (2): 4.0/5.8 MB | 360/852 kB
Progress (2): 4.0/5.8 MB | 360/852 kB
Progress (2): 4.0/5.8 MB | 376/852 kB
Progress (2): 4.0/5.8 MB | 376/852 kB
Progress (2): 4.0/5.8 MB | 376/852 kB
Progress (2): 4.1/5.8 MB | 376/852 kB
Progress (2): 4.1/5.8 MB | 376/852 kB
Progress (2): 4.1/5.8 MB | 376/852 kB
Progress (2): 4.1/5.8 MB | 376/852 kB
Progress (2): 4.1/5.8 MB | 376/852 kB
Progress (2): 4.1/5.8 MB | 393/852 kB
Progress (2): 4.1/5.8 MB | 393/852 kB
Progress (2): 4.2/5.8 MB | 393/852 kB
Progress (2): 4.2/5.8 MB | 393/852 kB
Progress (2): 4.2/5.8 MB | 393/852 kB
Progress (2): 4.2/5.8 MB | 393/852 kB
Progress (2): 4.2/5.8 MB | 393/852 kB
Progress (2): 4.2/5.8 MB | 393/852 kB
Progress (2): 4.3/5.8 MB | 393/852 kB
Progress (2): 4.3/5.8 MB | 393/852 kB
Progress (2): 4.3/5.8 MB | 409/852 kB
Progress (2): 4.3/5.8 MB | 409/852 kB
Progress (2): 4.3/5.8 MB | 426/852 kB
Progress (2): 4.3/5.8 MB | 426/852 kB
Progress (2): 4.3/5.8 MB | 426/852 kB
Progress (2): 4.3/5.8 MB | 426/852 kB
Progress (2): 4.4/5.8 MB | 426/852 kB
Progress (2): 4.4/5.8 MB | 426/852 kB
Progress (2): 4.4/5.8 MB | 426/852 kB
Progress (2): 4.4/5.8 MB | 426/852 kB
Progress (2): 4.4/5.8 MB | 426/852 kB
Progress (2): 4.4/5.8 MB | 426/852 kB
Progress (2): 4.5/5.8 MB | 426/852 kB
Progress (2): 4.5/5.8 MB | 426/852 kB
Progress (2): 4.5/5.8 MB | 426/852 kB
Progress (2): 4.5/5.8 MB | 426/852 kB
Progress (2): 4.5/5.8 MB | 426/852 kB
Progress (2): 4.5/5.8 MB | 442/852 kB
Progress (2): 4.5/5.8 MB | 442/852 kB
Progress (2): 4.6/5.8 MB | 442/852 kB
Progress (2): 4.6/5.8 MB | 442/852 kB
Progress (2): 4.6/5.8 MB | 442/852 kB
Progress (2): 4.6/5.8 MB | 442/852 kB
Progress (2): 4.6/5.8 MB | 442/852 kB
Progress (2): 4.6/5.8 MB | 442/852 kB
Progress (2): 4.6/5.8 MB | 458/852 kB
Progress (2): 4.7/5.8 MB | 458/852 kB
Progress (2): 4.7/5.8 MB | 458/852 kB
Progress (2): 4.7/5.8 MB | 458/852 kB
Progress (2): 4.7/5.8 MB | 458/852 kB
Progress (2): 4.7/5.8 MB | 458/852 kB
Progress (2): 4.7/5.8 MB | 458/852 kB
Progress (2): 4.8/5.8 MB | 458/852 kB
Progress (2): 4.8/5.8 MB | 475/852 kB
Progress (2): 4.8/5.8 MB | 475/852 kB
Progress (2): 4.8/5.8 MB | 475/852 kB
Progress (2): 4.8/5.8 MB | 475/852 kB
Progress (2): 4.8/5.8 MB | 475/852 kB
Progress (2): 4.8/5.8 MB | 475/852 kB
Progress (2): 4.8/5.8 MB | 475/852 kB
Progress (2): 4.9/5.8 MB | 475/852 kB
Progress (2): 4.9/5.8 MB | 475/852 kB
Progress (2): 4.9/5.8 MB | 475/852 kB
Progress (2): 4.9/5.8 MB | 491/852 kB
Progress (2): 4.9/5.8 MB | 491/852 kB
Progress (2): 4.9/5.8 MB | 491/852 kB
Progress (2): 4.9/5.8 MB | 507/852 kB
Progress (2): 4.9/5.8 MB | 507/852 kB
Progress (2): 5.0/5.8 MB | 507/852 kB
Progress (2): 5.0/5.8 MB | 507/852 kB
Progress (2): 5.0/5.8 MB | 507/852 kB
Progress (2): 5.0/5.8 MB | 507/852 kB
Progress (2): 5.0/5.8 MB | 507/852 kB
Progress (2): 5.0/5.8 MB | 507/852 kB
Progress (2): 5.1/5.8 MB | 507/852 kB
Progress (2): 5.1/5.8 MB | 524/852 kB
Progress (2): 5.1/5.8 MB | 524/852 kB
Progress (2): 5.1/5.8 MB | 524/852 kB
Progress (2): 5.1/5.8 MB | 524/852 kB
Progress (2): 5.1/5.8 MB | 524/852 kB
Progress (2): 5.1/5.8 MB | 524/852 kB
Progress (2): 5.2/5.8 MB | 524/852 kB
Progress (2): 5.2/5.8 MB | 540/852 kB
Progress (2): 5.2/5.8 MB | 540/852 kB
Progress (2): 5.2/5.8 MB | 540/852 kB
Progress (2): 5.2/5.8 MB | 540/852 kB
Progress (2): 5.2/5.8 MB | 540/852 kB
Progress (2): 5.2/5.8 MB | 540/852 kB
Progress (2): 5.3/5.8 MB | 540/852 kB
Progress (2): 5.3/5.8 MB | 540/852 kB
Progress (2): 5.3/5.8 MB | 540/852 kB
Progress (2): 5.3/5.8 MB | 540/852 kB
Progress (2): 5.3/5.8 MB | 540/852 kB
Progress (2): 5.3/5.8 MB | 557/852 kB
Progress (2): 5.3/5.8 MB | 557/852 kB
Progress (2): 5.4/5.8 MB | 557/852 kB
Progress (2): 5.4/5.8 MB | 557/852 kB
Progress (2): 5.4/5.8 MB | 573/852 kB
Progress (2): 5.4/5.8 MB | 573/852 kB
Progress (2): 5.4/5.8 MB | 573/852 kB
Progress (2): 5.4/5.8 MB | 573/852 kB
Progress (2): 5.4/5.8 MB | 573/852 kB
Progress (2): 5.5/5.8 MB | 573/852 kB
Progress (2): 5.5/5.8 MB | 573/852 kB
Progress (2): 5.5/5.8 MB | 589/852 kB
Progress (2): 5.5/5.8 MB | 589/852 kB
Progress (2): 5.5/5.8 MB | 589/852 kB
Progress (2): 5.5/5.8 MB | 589/852 kB
Progress (2): 5.5/5.8 MB | 589/852 kB
Progress (2): 5.6/5.8 MB | 589/852 kB
Progress (2): 5.6/5.8 MB | 589/852 kB
Progress (2): 5.6/5.8 MB | 606/852 kB
Progress (2): 5.6/5.8 MB | 606/852 kB
Progress (2): 5.6/5.8 MB | 606/852 kB
Progress (2): 5.6/5.8 MB | 606/852 kB
Progress (2): 5.6/5.8 MB | 606/852 kB
Progress (2): 5.7/5.8 MB | 606/852 kB
Progress (2): 5.7/5.8 MB | 606/852 kB
Progress (2): 5.7/5.8 MB | 606/852 kB
Progress (2): 5.7/5.8 MB | 606/852 kB
Progress (2): 5.7/5.8 MB | 606/852 kB
Progress (2): 5.7/5.8 MB | 606/852 kB
Progress (2): 5.7/5.8 MB | 622/852 kB
Progress (2): 5.8/5.8 MB | 622/852 kB
Progress (2): 5.8 MB | 622/852 kB    
                                 
Downloaded from central: https://repo.maven.apache.org/maven2/net/sf/saxon/Saxon-HE/10.6/Saxon-HE-10.6.jar (5.8 MB at 2.7 
MB/s)
#11 30.33 Progress (1): 639/852 kB
Progress (1): 655/852 kB
Progress (1): 671/852 kB
Progress (1): 688/852 kB
Progress (1): 704/852 kB
Progress (1): 720/852 kB
Progress (1): 737/852 kB
Progress (1): 753/852 kB
Progress (1): 770/852 kB
Progress (1): 786/852 kB
Progress (1): 802/852 kB
Progress (1): 819/852 kB
Progress (1): 835/852 kB
Progress (1): 851/852 kB
Progress (1): 852 kB    
                    
Downloaded from central: https://repo.maven.apache.org/maven2/org/javassist/javassist/3.28.0-GA/javassist-3.28.0-GA.jar (852 
kB at 382 kB/s)
#11 31.21 [INFO] Skipping org.apache.maven.plugins:maven-checkstyle-plugin:3.6.0:checkstyle report goal
#11 31.21 [INFO] 
#11 31.21 [INFO] --- remote-resources:3.3.0:process (process-resource-bundles) @ openjpa-parent ---
#11 31.21 Downloading from central: 
https://repo.maven.apache.org/maven2/org/apache/maven/maven-archiver/3.6.3/maven-archiver-3.6.3.pom
#11 31.26 Progress (1): 805 B
Progress (1): 2.3 kB
Progress (1): 4.2 kB
                    
Downloaded from central: https://repo.maven.apache.org/maven2/org/apache/maven/maven-archiver/3.6.3/maven-archiver-3.6.3.pom 
(4.2 kB at 96 kB/s)
#11 31.26 Downloading from central: 
https://repo.maven.apache.org/maven2/org/codehaus/plexus/plexus-archiver/4.10.0/plexus-archiver-4.10.0.pom
#11 31.30 Progress (1): 1.2 kB
Progress (1): 4.1 kB
Progress (1): 5.8 kB
                    
Downloaded from central: 
https://repo.maven.apache.org/maven2/org/codehaus/plexus/plexus-archiver/4.10.0/plexus-archiver-4.10.0.pom (5.8 kB at 139 
kB/s)
#11 31.31 Downloading from central: 
https://repo.maven.apache.org/maven2/org/codehaus/plexus/plexus-io/3.5.0/plexus-io-3.5.0.pom
#11 31.35 Progress (1): 1.2 kB
Progress (1): 4.1 kB
Progress (1): 4.3 kB
                    
Downloaded from central: https://repo.maven.apache.org/maven2/org/codehaus/plexus/plexus-io/3.5.0/plexus-io-3.5.0.pom (4.3 kB 
at 112 kB/s)
#11 31.36 Downloading from central: 
https://repo.maven.apache.org/maven2/org/apache/commons/commons-compress/1.26.2/commons-compress-1.26.2.pom
#11 31.40 Progress (1): 749 B
Progress (1): 1.9 kB
Progress (1): 3.7 kB
Progress (1): 5.4 kB
Progress (1): 9.3 kB
Progress (1): 12 kB 
Progress (1): 15 kB
Progress (1): 18 kB
Progress (1): 21 kB
Progress (1): 23 kB
                   
Downloaded from central: 
https://repo.maven.apache.org/maven2/org/apache/commons/commons-compress/1.26.2/commons-compress-1.26.2.pom (23 kB at 510 
kB/s)
#11 31.41 Downloading from central: https://repo.maven.apache.org/maven2/io/airlift/aircompressor/0.27/aircompressor-0.27.pom
#11 31.46 Progress (1): 1.3 kB
Progress (1): 3.9 kB
Progress (1): 5.8 kB
                    
Downloaded from central: https://repo.maven.apache.org/maven2/io/airlift/aircompressor/0.27/aircompressor-0.27.pom (5.8 kB at 
111 kB/s)
#11 31.47 Downloading from central: https://repo.maven.apache.org/maven2/io/airlift/airbase/112/airbase-112.pom
#11 31.51 Progress (1): 1.1 kB
Progress (1): 3.3 kB
Progress (1): 5.2 kB
Progress (1): 8.1 kB
Progress (1): 10.0 kB
Progress (1): 14 kB  
Progress (1): 17 kB
Progress (1): 21 kB
Progress (1): 23 kB
Progress (1): 28 kB
Progress (1): 32 kB
Progress (1): 38 kB
Progress (1): 41 kB
Progress (1): 49 kB
Progress (1): 55 kB
Progress (1): 55 kB
Progress (1): 62 kB
Progress (1): 66 kB
Progress (1): 69 kB
                   
Downloaded from central: https://repo.maven.apache.org/maven2/io/airlift/airbase/112/airbase-112.pom (69 kB at 1.4 MB/s)
#11 31.52 Downloading from central: https://repo.maven.apache.org/maven2/org/junit/junit-bom/5.8.0-M1/junit-bom-5.8.0-M1.pom
#11 31.57 Progress (1): 909 B
Progress (1): 4.1 kB
Progress (1): 5.7 kB
                    
Downloaded from central: https://repo.maven.apache.org/maven2/org/junit/junit-bom/5.8.0-M1/junit-bom-5.8.0-M1.pom (5.7 kB at 
129 kB/s)
#11 31.57 Downloading from central: 
https://repo.maven.apache.org/maven2/com/github/luben/zstd-jni/1.5.6-3/zstd-jni-1.5.6-3.pom
#11 31.62 Progress (1): 1.1 kB
Progress (1): 2.0 kB
                    
Downloaded from central: https://repo.maven.apache.org/maven2/com/github/luben/zstd-jni/1.5.6-3/zstd-jni-1.5.6-3.pom (2.0 kB 
at 44 kB/s)
#11 31.62 Downloading from central: 
https://repo.maven.apache.org/maven2/org/apache/maven/shared/maven-filtering/3.4.0/maven-filtering-3.4.0.pom
#11 31.69 Progress (1): 787 B
Progress (1): 2.2 kB
Progress (1): 4.7 kB
Progress (1): 6.5 kB
                    
Downloaded from central: 
https://repo.maven.apache.org/maven2/org/apache/maven/shared/maven-filtering/3.4.0/maven-filtering-3.4.0.pom (6.5 kB at 90 
kB/s)
#11 31.70 Downloading from central: https://repo.maven.apache.org/maven2/org/apache/maven/shared/maven-common-artifact-filters
/3.4.0/maven-common-artifact-filters-3.4.0.pom
#11 31.75 Progress (1): 798 B
Progress (1): 2.3 kB
Progress (1): 5.3 kB
Progress (1): 5.4 kB
                    
Downloaded from central: https://repo.maven.apache.org/maven2/org/apache/maven/shared/maven-common-artifact-filters/3.4.0/mave
n-common-artifact-filters-3.4.0.pom (5.4 kB at 114 kB/s)
#11 31.75 Downloading from central: 
https://repo.maven.apache.org/maven2/org/apache/maven/shared/maven-shared-components/42/maven-shared-components-42.pom
#11 31.80 Progress (1): 811 B
Progress (1): 2.3 kB
Progress (1): 3.8 kB
                    
Downloaded from central: 
https://repo.maven.apache.org/maven2/org/apache/maven/shared/maven-shared-components/42/maven-shared-components-42.pom (3.8 
kB at 73 kB/s)
#11 31.81 Downloading from central: 
https://repo.maven.apache.org/maven2/org/apache/velocity/velocity-engine-core/2.4.1/velocity-engine-core-2.4.1.pom
#11 31.85 Progress (1): 797 B
Progress (1): 2.2 kB
Progress (1): 5.1 kB
Progress (1): 9.2 kB
Progress (1): 12 kB 
                   
Downloaded from central: 
https://repo.maven.apache.org/maven2/org/apache/velocity/velocity-engine-core/2.4.1/velocity-engine-core-2.4.1.pom (12 kB at 
272 kB/s)
#11 31.86 Downloading from central: 
https://repo.maven.apache.org/maven2/org/apache/velocity/velocity-engine-parent/2.4.1/velocity-engine-parent-2.4.1.pom
#11 31.90 Progress (1): 801 B
Progress (1): 2.6 kB
Progress (1): 5.1 kB
Progress (1): 7.7 kB
Progress (1): 9.5 kB
                    
Downloaded from central: 
https://repo.maven.apache.org/maven2/org/apache/velocity/velocity-engine-parent/2.4.1/velocity-engine-parent-2.4.1.pom (9.5 
kB at 207 kB/s)
#11 31.92 Downloading from central: 
https://repo.maven.apache.org/maven2/org/apache/maven/maven-archiver/3.6.3/maven-archiver-3.6.3.jar
#11 31.96 Progress (1): 7.7/27 kB
Progress (1): 12/27 kB 
Progress (1): 27 kB   
                   
Downloaded from central: https://repo.maven.apache.org/maven2/org/apache/maven/maven-archiver/3.6.3/maven-archiver-3.6.3.jar 
(27 kB at 594 kB/s)
#11 31.97 Downloading from central: 
https://repo.maven.apache.org/maven2/org/codehaus/plexus/plexus-archiver/4.10.0/plexus-archiver-4.10.0.jar
#11 31.97 Downloading from central: 
https://repo.maven.apache.org/maven2/org/codehaus/plexus/plexus-io/3.5.0/plexus-io-3.5.0.jar
#11 31.97 Downloading from central: 
https://repo.maven.apache.org/maven2/org/apache/commons/commons-compress/1.26.2/commons-compress-1.26.2.jar
#11 31.97 Downloading from central: https://repo.maven.apache.org/maven2/io/airlift/aircompressor/0.27/aircompressor-0.27.jar
#11 31.97 Downloading from central: 
https://repo.maven.apache.org/maven2/com/github/luben/zstd-jni/1.5.6-3/zstd-jni-1.5.6-3.jar
#11 32.00 Progress (1): 0/1.1 MB
Progress (1): 0/1.1 MB
Progress (1): 0/1.1 MB
Progress (2): 0/1.1 MB | 0/6.7 MB
Progress (2): 0/1.1 MB | 0/6.7 MB
Progress (2): 0/1.1 MB | 0/6.7 MB
Progress (2): 0.1/1.1 MB | 0/6.7 MB
Progress (2): 0.1/1.1 MB | 0/6.7 MB
Progress (2): 0.1/1.1 MB | 0/6.7 MB
Progress (2): 0.1/1.1 MB | 0/6.7 MB
Progress (2): 0.1/1.1 MB | 0/6.7 MB
Progress (2): 0.1/1.1 MB | 0/6.7 MB
Progress (3): 0.1/1.1 MB | 0/6.7 MB | 7.7/79 kB
Progress (3): 0.1/1.1 MB | 0/6.7 MB | 12/79 kB 
Progress (3): 0.1/1.1 MB | 0/6.7 MB | 12/79 kB
Progress (3): 0.1/1.1 MB | 0/6.7 MB | 12/79 kB
Progress (3): 0.1/1.1 MB | 0.1/6.7 MB | 12/79 kB
Progress (3): 0.1/1.1 MB | 0.1/6.7 MB | 29/79 kB
Progress (3): 0.1/1.1 MB | 0.1/6.7 MB | 29/79 kB
Progress (3): 0.1/1.1 MB | 0.1/6.7 MB | 45/79 kB
Progress (3): 0.1/1.1 MB | 0.1/6.7 MB | 45/79 kB
Progress (4): 0.1/1.1 MB | 0.1/6.7 MB | 45/79 kB | 7.7/225 kB
Progress (4): 0.1/1.1 MB | 0.1/6.7 MB | 45/79 kB | 16/225 kB 
Progress (4): 0.1/1.1 MB | 0.1/6.7 MB | 45/79 kB | 16/225 kB
Progress (4): 0.1/1.1 MB | 0.1/6.7 MB | 45/79 kB | 32/225 kB
Progress (4): 0.1/1.1 MB | 0.1/6.7 MB | 45/79 kB | 32/225 kB
Progress (4): 0.2/1.1 MB | 0.1/6.7 MB | 45/79 kB | 32/225 kB
Progress (4): 0.2/1.1 MB | 0.1/6.7 MB | 61/79 kB | 32/225 kB
Progress (4): 0.2/1.1 MB | 0.1/6.7 MB | 61/79 kB | 32/225 kB
Progress (4): 0.2/1.1 MB | 0.1/6.7 MB | 61/79 kB | 32/225 kB
Progress (4): 0.2/1.1 MB | 0.1/6.7 MB | 61/79 kB | 32/225 kB
Progress (5): 0.2/1.1 MB | 0.1/6.7 MB | 61/79 kB | 32/225 kB | 7.7/255 kB
Progress (5): 0.2/1.1 MB | 0.1/6.7 MB | 61/79 kB | 32/225 kB | 16/255 kB 
Progress (5): 0.2/1.1 MB | 0.1/6.7 MB | 61/79 kB | 32/225 kB | 32/255 kB
Progress (5): 0.2/1.1 MB | 0.1/6.7 MB | 61/79 kB | 32/225 kB | 49/255 kB
Progress (5): 0.2/1.1 MB | 0.1/6.7 MB | 61/79 kB | 49/225 kB | 49/255 kB
Progress (5): 0.2/1.1 MB | 0.1/6.7 MB | 61/79 kB | 49/225 kB | 49/255 kB
Progress (5): 0.2/1.1 MB | 0.1/6.7 MB | 78/79 kB | 49/225 kB | 49/255 kB
Progress (5): 0.2/1.1 MB | 0.1/6.7 MB | 78/79 kB | 49/225 kB | 49/255 kB
Progress (5): 0.2/1.1 MB | 0.1/6.7 MB | 78/79 kB | 49/225 kB | 49/255 kB
Progress (5): 0.2/1.1 MB | 0.1/6.7 MB | 79 kB | 49/225 kB | 49/255 kB   
Progress (5): 0.2/1.1 MB | 0.1/6.7 MB | 79 kB | 49/225 kB | 65/255 kB
                                                                     
Downloaded from central: https://repo.maven.apache.org/maven2/org/codehaus/plexus/plexus-io/3.5.0/plexus-io-3.5.0.jar (79 kB 
at 1.1 MB/s)
#11 32.04 Downloading from central: 
https://repo.maven.apache.org/maven2/org/apache/maven/shared/maven-filtering/3.4.0/maven-filtering-3.4.0.jar
#11 32.04 Progress (4): 0.2/1.1 MB | 0.1/6.7 MB | 49/225 kB | 65/255 kB
Progress (4): 0.2/1.1 MB | 0.1/6.7 MB | 49/225 kB | 81/255 kB
Progress (4): 0.2/1.1 MB | 0.1/6.7 MB | 49/225 kB | 81/255 kB
Progress (4): 0.2/1.1 MB | 0.2/6.7 MB | 49/225 kB | 81/255 kB
Progress (4): 0.2/1.1 MB | 0.2/6.7 MB | 49/225 kB | 81/255 kB
Progress (4): 0.2/1.1 MB | 0.2/6.7 MB | 49/225 kB | 81/255 kB
Progress (4): 0.3/1.1 MB | 0.2/6.7 MB | 49/225 kB | 81/255 kB
Progress (4): 0.3/1.1 MB | 0.2/6.7 MB | 49/225 kB | 81/255 kB
Progress (4): 0.3/1.1 MB | 0.2/6.7 MB | 49/225 kB | 81/255 kB
Progress (4): 0.3/1.1 MB | 0.2/6.7 MB | 49/225 kB | 81/255 kB
Progress (4): 0.3/1.1 MB | 0.2/6.7 MB | 49/225 kB | 98/255 kB
Progress (4): 0.3/1.1 MB | 0.2/6.7 MB | 49/225 kB | 114/255 kB
Progress (4): 0.3/1.1 MB | 0.2/6.7 MB | 49/225 kB | 114/255 kB
Progress (4): 0.3/1.1 MB | 0.2/6.7 MB | 49/225 kB | 114/255 kB
Progress (4): 0.3/1.1 MB | 0.2/6.7 MB | 49/225 kB | 114/255 kB
Progress (4): 0.3/1.1 MB | 0.2/6.7 MB | 65/225 kB | 114/255 kB
Progress (4): 0.3/1.1 MB | 0.2/6.7 MB | 65/225 kB | 114/255 kB
Progress (4): 0.3/1.1 MB | 0.2/6.7 MB | 81/225 kB | 114/255 kB
Progress (4): 0.3/1.1 MB | 0.2/6.7 MB | 81/225 kB | 114/255 kB
Progress (4): 0.3/1.1 MB | 0.2/6.7 MB | 81/225 kB | 114/255 kB
Progress (4): 0.3/1.1 MB | 0.2/6.7 MB | 81/225 kB | 131/255 kB
Progress (4): 0.3/1.1 MB | 0.2/6.7 MB | 98/225 kB | 131/255 kB
Progress (4): 0.3/1.1 MB | 0.3/6.7 MB | 98/225 kB | 131/255 kB
Progress (4): 0.3/1.1 MB | 0.3/6.7 MB | 98/225 kB | 147/255 kB
Progress (4): 0.3/1.1 MB | 0.3/6.7 MB | 98/225 kB | 147/255 kB
Progress (4): 0.3/1.1 MB | 0.3/6.7 MB | 114/225 kB | 147/255 kB
Progress (4): 0.3/1.1 MB | 0.3/6.7 MB | 114/225 kB | 147/255 kB
Progress (4): 0.3/1.1 MB | 0.3/6.7 MB | 114/225 kB | 163/255 kB
Progress (4): 0.3/1.1 MB | 0.3/6.7 MB | 114/225 kB | 163/255 kB
Progress (4): 0.3/1.1 MB | 0.3/6.7 MB | 114/225 kB | 172/255 kB
Progress (4): 0.4/1.1 MB | 0.3/6.7 MB | 114/225 kB | 172/255 kB
Progress (4): 0.4/1.1 MB | 0.3/6.7 MB | 114/225 kB | 188/255 kB
Progress (4): 0.4/1.1 MB | 0.3/6.7 MB | 114/225 kB | 188/255 kB
Progress (4): 0.4/1.1 MB | 0.3/6.7 MB | 114/225 kB | 197/255 kB
Progress (4): 0.4/1.1 MB | 0.3/6.7 MB | 114/225 kB | 205/255 kB
Progress (4): 0.4/1.1 MB | 0.3/6.7 MB | 114/225 kB | 205/255 kB
Progress (4): 0.4/1.1 MB | 0.3/6.7 MB | 114/225 kB | 205/255 kB
Progress (4): 0.4/1.1 MB | 0.3/6.7 MB | 131/225 kB | 205/255 kB
Progress (4): 0.4/1.1 MB | 0.3/6.7 MB | 131/225 kB | 221/255 kB
Progress (4): 0.4/1.1 MB | 0.3/6.7 MB | 131/225 kB | 221/255 kB
Progress (4): 0.4/1.1 MB | 0.3/6.7 MB | 131/225 kB | 221/255 kB
Progress (4): 0.4/1.1 MB | 0.3/6.7 MB | 131/225 kB | 238/255 kB
Progress (4): 0.4/1.1 MB | 0.3/6.7 MB | 131/225 kB | 238/255 kB
Progress (4): 0.4/1.1 MB | 0.3/6.7 MB | 131/225 kB | 254/255 kB
Progress (4): 0.4/1.1 MB | 0.3/6.7 MB | 131/225 kB | 255 kB    
Progress (4): 0.5/1.1 MB | 0.3/6.7 MB | 131/225 kB | 255 kB
Progress (4): 0.5/1.1 MB | 0.3/6.7 MB | 147/225 kB | 255 kB
Progress (4): 0.5/1.1 MB | 0.3/6.7 MB | 147/225 kB | 255 kB
Progress (4): 0.5/1.1 MB | 0.3/6.7 MB | 163/225 kB | 255 kB
Progress (5): 0.5/1.1 MB | 0.3/6.7 MB | 163/225 kB | 255 kB | 7.7/56 kB
Progress (5): 0.5/1.1 MB | 0.3/6.7 MB | 163/225 kB | 255 kB | 7.7/56 kB
                                                                       
Downloaded from central: https://repo.maven.apache.org/maven2/io/airlift/aircompressor/0.27/aircompressor-0.27.jar (255 kB at 
2.1 MB/s)
#11 32.09 Downloading from central: https://repo.maven.apache.org/maven2/org/apache/maven/shared/maven-common-artifact-filters
/3.4.0/maven-common-artifact-filters-3.4.0.jar
#11 32.09 Progress (4): 0.5/1.1 MB | 0.3/6.7 MB | 163/225 kB | 16/56 kB
Progress (4): 0.5/1.1 MB | 0.3/6.7 MB | 163/225 kB | 16/56 kB
Progress (4): 0.5/1.1 MB | 0.3/6.7 MB | 180/225 kB | 16/56 kB
Progress (4): 0.5/1.1 MB | 0.3/6.7 MB | 180/225 kB | 32/56 kB
Progress (4): 0.5/1.1 MB | 0.3/6.7 MB | 180/225 kB | 32/56 kB
Progress (4): 0.5/1.1 MB | 0.3/6.7 MB | 180/225 kB | 49/56 kB
Progress (4): 0.5/1.1 MB | 0.3/6.7 MB | 180/225 kB | 56 kB   
Progress (4): 0.5/1.1 MB | 0.3/6.7 MB | 196/225 kB | 56 kB
Progress (4): 0.5/1.1 MB | 0.3/6.7 MB | 196/225 kB | 56 kB
                                                          
Downloaded from central: 
https://repo.maven.apache.org/maven2/org/apache/maven/shared/maven-filtering/3.4.0/maven-filtering-3.4.0.jar (56 kB at 431 
kB/s)
#11 32.10 Progress (3): 0.6/1.1 MB | 0.3/6.7 MB | 196/225 kB
                                                  
Downloading from central: 
https://repo.maven.apache.org/maven2/org/apache/velocity/velocity-engine-core/2.4.1/velocity-engine-core-2.4.1.jar
#11 32.10 Progress (3): 0.6/1.1 MB | 0.3/6.7 MB | 196/225 kB
Progress (3): 0.6/1.1 MB | 0.3/6.7 MB | 196/225 kB
Progress (3): 0.6/1.1 MB | 0.3/6.7 MB | 213/225 kB
Progress (3): 0.6/1.1 MB | 0.3/6.7 MB | 213/225 kB
Progress (3): 0.6/1.1 MB | 0.3/6.7 MB | 213/225 kB
Progress (3): 0.6/1.1 MB | 0.3/6.7 MB | 225 kB    
Progress (3): 0.6/1.1 MB | 0.3/6.7 MB | 225 kB
                                              
Downloaded from central: 
https://repo.maven.apache.org/maven2/org/codehaus/plexus/plexus-archiver/4.10.0/plexus-archiver-4.10.0.jar (225 kB at 1.5 
MB/s)
#11 32.12 Progress (2): 0.6/1.1 MB | 0.3/6.7 MB
Progress (2): 0.6/1.1 MB | 0.3/6.7 MB
Progress (2): 0.7/1.1 MB | 0.3/6.7 MB
Progress (2): 0.7/1.1 MB | 0.3/6.7 MB
Progress (2): 0.7/1.1 MB | 0.3/6.7 MB
Progress (2): 0.7/1.1 MB | 0.3/6.7 MB
Progress (2): 0.7/1.1 MB | 0.3/6.7 MB
Progress (2): 0.7/1.1 MB | 0.3/6.7 MB
Progress (2): 0.7/1.1 MB | 0.3/6.7 MB
Progress (2): 0.7/1.1 MB | 0.3/6.7 MB
Progress (2): 0.8/1.1 MB | 0.3/6.7 MB
Progress (3): 0.8/1.1 MB | 0.3/6.7 MB | 7.7/58 kB
Progress (3): 0.8/1.1 MB | 0.3/6.7 MB | 16/58 kB 
Progress (3): 0.8/1.1 MB | 0.3/6.7 MB | 16/58 kB
Progress (3): 0.8/1.1 MB | 0.3/6.7 MB | 16/58 kB
Progress (3): 0.8/1.1 MB | 0.3/6.7 MB | 16/58 kB
Progress (4): 0.8/1.1 MB | 0.3/6.7 MB | 16/58 kB | 7.7/516 kB
Progress (4): 0.8/1.1 MB | 0.3/6.7 MB | 16/58 kB | 8.2/516 kB
Progress (4): 0.8/1.1 MB | 0.3/6.7 MB | 16/58 kB | 8.2/516 kB
Progress (4): 0.8/1.1 MB | 0.3/6.7 MB | 16/58 kB | 8.2/516 kB
Progress (4): 0.8/1.1 MB | 0.3/6.7 MB | 32/58 kB | 8.2/516 kB
Progress (4): 0.9/1.1 MB | 0.3/6.7 MB | 32/58 kB | 8.2/516 kB
Progress (4): 0.9/1.1 MB | 0.3/6.7 MB | 49/58 kB | 8.2/516 kB
Progress (4): 0.9/1.1 MB | 0.3/6.7 MB | 49/58 kB | 25/516 kB 
Progress (4): 0.9/1.1 MB | 0.3/6.7 MB | 49/58 kB | 25/516 kB
Progress (4): 0.9/1.1 MB | 0.4/6.7 MB | 49/58 kB | 25/516 kB
Progress (4): 0.9/1.1 MB | 0.4/6.7 MB | 58 kB | 25/516 kB   
Progress (4): 0.9/1.1 MB | 0.4/6.7 MB | 58 kB | 25/516 kB
Progress (4): 0.9/1.1 MB | 0.4/6.7 MB | 58 kB | 41/516 kB
                                                         
Downloaded from central: https://repo.maven.apache.org/maven2/org/apache/maven/shared/maven-common-artifact-filters/3.4.0/mave
n-common-artifact-filters-3.4.0.jar (58 kB at 311 kB/s)
#11 32.16 Progress (3): 0.9/1.1 MB | 0.4/6.7 MB | 57/516 kB
Progress (3): 0.9/1.1 MB | 0.4/6.7 MB | 57/516 kB
Progress (3): 0.9/1.1 MB | 0.4/6.7 MB | 57/516 kB
Progress (3): 0.9/1.1 MB | 0.4/6.7 MB | 74/516 kB
Progress (3): 0.9/1.1 MB | 0.4/6.7 MB | 90/516 kB
Progress (3): 0.9/1.1 MB | 0.4/6.7 MB | 90/516 kB
Progress (3): 1.0/1.1 MB | 0.4/6.7 MB | 90/516 kB
Progress (3): 1.0/1.1 MB | 0.4/6.7 MB | 90/516 kB
Progress (3): 1.0/1.1 MB | 0.4/6.7 MB | 106/516 kB
Progress (3): 1.0/1.1 MB | 0.4/6.7 MB | 123/516 kB
Progress (3): 1.0/1.1 MB | 0.4/6.7 MB | 123/516 kB
Progress (3): 1.0/1.1 MB | 0.4/6.7 MB | 123/516 kB
Progress (3): 1.0/1.1 MB | 0.4/6.7 MB | 139/516 kB
Progress (3): 1.0/1.1 MB | 0.4/6.7 MB | 156/516 kB
Progress (3): 1.0/1.1 MB | 0.4/6.7 MB | 156/516 kB
Progress (3): 1.0/1.1 MB | 0.4/6.7 MB | 156/516 kB
Progress (3): 1.0/1.1 MB | 0.4/6.7 MB | 172/516 kB
Progress (3): 1.0/1.1 MB | 0.4/6.7 MB | 172/516 kB
Progress (3): 1.0/1.1 MB | 0.4/6.7 MB | 188/516 kB
Progress (3): 1.1/1.1 MB | 0.4/6.7 MB | 188/516 kB
Progress (3): 1.1/1.1 MB | 0.4/6.7 MB | 205/516 kB
Progress (3): 1.1/1.1 MB | 0.4/6.7 MB | 205/516 kB
Progress (3): 1.1 MB | 0.4/6.7 MB | 205/516 kB    
Progress (3): 1.1 MB | 0.4/6.7 MB | 221/516 kB
Progress (3): 1.1 MB | 0.4/6.7 MB | 238/516 kB
                                              
Downloaded from central: 
https://repo.maven.apache.org/maven2/org/apache/commons/commons-compress/1.26.2/commons-compress-1.26.2.jar (1.1 MB at 4.9 
MB/s)
#11 32.19 Progress (2): 0.4/6.7 MB | 254/516 kB
Progress (2): 0.4/6.7 MB | 270/516 kB
Progress (2): 0.4/6.7 MB | 287/516 kB
Progress (2): 0.4/6.7 MB | 303/516 kB
Progress (2): 0.4/6.7 MB | 319/516 kB
Progress (2): 0.4/6.7 MB | 336/516 kB
Progress (2): 0.4/6.7 MB | 352/516 kB
Progress (2): 0.4/6.7 MB | 369/516 kB
Progress (2): 0.4/6.7 MB | 385/516 kB
Progress (2): 0.4/6.7 MB | 401/516 kB
Progress (2): 0.4/6.7 MB | 418/516 kB
Progress (2): 0.4/6.7 MB | 434/516 kB
Progress (2): 0.4/6.7 MB | 451/516 kB
Progress (2): 0.4/6.7 MB | 467/516 kB
Progress (2): 0.4/6.7 MB | 483/516 kB
Progress (2): 0.4/6.7 MB | 483/516 kB
Progress (2): 0.4/6.7 MB | 500/516 kB
Progress (2): 0.4/6.7 MB | 516 kB    
                                 
Downloaded from central: 
https://repo.maven.apache.org/maven2/org/apache/velocity/velocity-engine-core/2.4.1/velocity-engine-core-2.4.1.jar (516 kB at 
2.1 MB/s)
#11 32.23 Progress (1): 0.4/6.7 MB
Progress (1): 0.4/6.7 MB
Progress (1): 0.4/6.7 MB
Progress (1): 0.5/6.7 MB
Progress (1): 0.5/6.7 MB
Progress (1): 0.5/6.7 MB
Progress (1): 0.5/6.7 MB
Progress (1): 0.5/6.7 MB
Progress (1): 0.5/6.7 MB
Progress (1): 0.6/6.7 MB
Progress (1): 0.6/6.7 MB
Progress (1): 0.6/6.7 MB
Progress (1): 0.6/6.7 MB
Progress (1): 0.6/6.7 MB
Progress (1): 0.6/6.7 MB
Progress (1): 0.7/6.7 MB
Progress (1): 0.7/6.7 MB
Progress (1): 0.7/6.7 MB
Progress (1): 0.7/6.7 MB
Progress (1): 0.7/6.7 MB
Progress (1): 0.7/6.7 MB
Progress (1): 0.8/6.7 MB
Progress (1): 0.8/6.7 MB
Progress (1): 0.8/6.7 MB
Progress (1): 0.8/6.7 MB
Progress (1): 0.8/6.7 MB
Progress (1): 0.8/6.7 MB
Progress (1): 0.9/6.7 MB
Progress (1): 0.9/6.7 MB
Progress (1): 0.9/6.7 MB
Progress (1): 0.9/6.7 MB
Progress (1): 0.9/6.7 MB
Progress (1): 0.9/6.7 MB
Progress (1): 0.9/6.7 MB
Progress (1): 1.0/6.7 MB
Progress (1): 1.0/6.7 MB
Progress (1): 1.0/6.7 MB
Progress (1): 1.0/6.7 MB
Progress (1): 1.0/6.7 MB
Progress (1): 1.0/6.7 MB
Progress (1): 1.1/6.7 MB
Progress (1): 1.1/6.7 MB
Progress (1): 1.1/6.7 MB
Progress (1): 1.1/6.7 MB
Progress (1): 1.1/6.7 MB
Progress (1): 1.1/6.7 MB
Progress (1): 1.2/6.7 MB
Progress (1): 1.2/6.7 MB
Progress (1): 1.2/6.7 MB
Progress (1): 1.2/6.7 MB
Progress (1): 1.2/6.7 MB
Progress (1): 1.2/6.7 MB
Progress (1): 1.3/6.7 MB
Progress (1): 1.3/6.7 MB
Progress (1): 1.3/6.7 MB
Progress (1): 1.3/6.7 MB
Progress (1): 1.3/6.7 MB
Progress (1): 1.3/6.7 MB
Progress (1): 1.4/6.7 MB
Progress (1): 1.4/6.7 MB
Progress (1): 1.4/6.7 MB
Progress (1): 1.4/6.7 MB
Progress (1): 1.4/6.7 MB
Progress (1): 1.4/6.7 MB
Progress (1): 1.5/6.7 MB
Progress (1): 1.5/6.7 MB
Progress (1): 1.5/6.7 MB
Progress (1): 1.5/6.7 MB
Progress (1): 1.5/6.7 MB
Progress (1): 1.5/6.7 MB
Progress (1): 1.6/6.7 MB
Progress (1): 1.6/6.7 MB
Progress (1): 1.6/6.7 MB
Progress (1): 1.6/6.7 MB
Progress (1): 1.6/6.7 MB
Progress (1): 1.6/6.7 MB
Progress (1): 1.7/6.7 MB
Progress (1): 1.7/6.7 MB
Progress (1): 1.7/6.7 MB
Progress (1): 1.7/6.7 MB
Progress (1): 1.7/6.7 MB
Progress (1): 1.7/6.7 MB
Progress (1): 1.8/6.7 MB
Progress (1): 1.8/6.7 MB
Progress (1): 1.8/6.7 MB
Progress (1): 1.8/6.7 MB
Progress (1): 1.8/6.7 MB
Progress (1): 1.8/6.7 MB
Progress (1): 1.9/6.7 MB
Progress (1): 1.9/6.7 MB
Progress (1): 1.9/6.7 MB
Progress (1): 1.9/6.7 MB
Progress (1): 1.9/6.7 MB
Progress (1): 1.9/6.7 MB
Progress (1): 1.9/6.7 MB
Progress (1): 2.0/6.7 MB
Progress (1): 2.0/6.7 MB
Progress (1): 2.0/6.7 MB
Progress (1): 2.0/6.7 MB
Progress (1): 2.0/6.7 MB
Progress (1): 2.0/6.7 MB
Progress (1): 2.1/6.7 MB
Progress (1): 2.1/6.7 MB
Progress (1): 2.1/6.7 MB
Progress (1): 2.1/6.7 MB
Progress (1): 2.1/6.7 MB
Progress (1): 2.1/6.7 MB
Progress (1): 2.2/6.7 MB
Progress (1): 2.2/6.7 MB
Progress (1): 2.2/6.7 MB
Progress (1): 2.2/6.7 MB
Progress (1): 2.2/6.7 MB
Progress (1): 2.2/6.7 MB
Progress (1): 2.3/6.7 MB
Progress (1): 2.3/6.7 MB
Progress (1): 2.3/6.7 MB
Progress (1): 2.3/6.7 MB
Progress (1): 2.3/6.7 MB
Progress (1): 2.3/6.7 MB
Progress (1): 2.4/6.7 MB
Progress (1): 2.4/6.7 MB
Progress (1): 2.4/6.7 MB
Progress (1): 2.4/6.7 MB
Progress (1): 2.4/6.7 MB
Progress (1): 2.4/6.7 MB
Progress (1): 2.5/6.7 MB
Progress (1): 2.5/6.7 MB
Progress (1): 2.5/6.7 MB
Progress (1): 2.5/6.7 MB
Progress (1): 2.5/6.7 MB
Progress (1): 2.5/6.7 MB
Progress (1): 2.6/6.7 MB
Progress (1): 2.6/6.7 MB
Progress (1): 2.6/6.7 MB
Progress (1): 2.6/6.7 MB
Progress (1): 2.6/6.7 MB
Progress (1): 2.6/6.7 MB
Progress (1): 2.7/6.7 MB
Progress (1): 2.7/6.7 MB
Progress (1): 2.7/6.7 MB
Progress (1): 2.7/6.7 MB
Progress (1): 2.7/6.7 MB
Progress (1): 2.7/6.7 MB
Progress (1): 2.8/6.7 MB
Progress (1): 2.8/6.7 MB
Progress (1): 2.8/6.7 MB
Progress (1): 2.8/6.7 MB
Progress (1): 2.8/6.7 MB
Progress (1): 2.8/6.7 MB
Progress (1): 2.9/6.7 MB
Progress (1): 2.9/6.7 MB
Progress (1): 2.9/6.7 MB
Progress (1): 2.9/6.7 MB
Progress (1): 2.9/6.7 MB
Progress (1): 2.9/6.7 MB
Progress (1): 2.9/6.7 MB
Progress (1): 3.0/6.7 MB
Progress (1): 3.0/6.7 MB
Progress (1): 3.0/6.7 MB
Progress (1): 3.0/6.7 MB
Progress (1): 3.0/6.7 MB
Progress (1): 3.0/6.7 MB
Progress (1): 3.1/6.7 MB
Progress (1): 3.1/6.7 MB
Progress (1): 3.1/6.7 MB
Progress (1): 3.1/6.7 MB
Progress (1): 3.1/6.7 MB
Progress (1): 3.1/6.7 MB
Progress (1): 3.2/6.7 MB
Progress (1): 3.2/6.7 MB
Progress (1): 3.2/6.7 MB
Progress (1): 3.2/6.7 MB
Progress (1): 3.2/6.7 MB
Progress (1): 3.2/6.7 MB
Progress (1): 3.3/6.7 MB
Progress (1): 3.3/6.7 MB
Progress (1): 3.3/6.7 MB
Progress (1): 3.3/6.7 MB
Progress (1): 3.3/6.7 MB
Progress (1): 3.3/6.7 MB
Progress (1): 3.4/6.7 MB
Progress (1): 3.4/6.7 MB
Progress (1): 3.4/6.7 MB
Progress (1): 3.4/6.7 MB
Progress (1): 3.4/6.7 MB
Progress (1): 3.4/6.7 MB
Progress (1): 3.5/6.7 MB
Progress (1): 3.5/6.7 MB
Progress (1): 3.5/6.7 MB
Progress (1): 3.5/6.7 MB
Progress (1): 3.5/6.7 MB
Progress (1): 3.5/6.7 MB
Progress (1): 3.6/6.7 MB
Progress (1): 3.6/6.7 MB
Progress (1): 3.6/6.7 MB
Progress (1): 3.6/6.7 MB
Progress (1): 3.6/6.7 MB
Progress (1): 3.6/6.7 MB
Progress (1): 3.7/6.7 MB
Progress (1): 3.7/6.7 MB
Progress (1): 3.7/6.7 MB
Progress (1): 3.7/6.7 MB
Progress (1): 3.7/6.7 MB
Progress (1): 3.7/6.7 MB
Progress (1): 3.8/6.7 MB
Progress (1): 3.8/6.7 MB
Progress (1): 3.8/6.7 MB
Progress (1): 3.8/6.7 MB
Progress (1): 3.8/6.7 MB
Progress (1): 3.8/6.7 MB
Progress (1): 3.8/6.7 MB
Progress (1): 3.9/6.7 MB
Progress (1): 3.9/6.7 MB
Progress (1): 3.9/6.7 MB
Progress (1): 3.9/6.7 MB
Progress (1): 3.9/6.7 MB
Progress (1): 3.9/6.7 MB
Progress (1): 4.0/6.7 MB
Progress (1): 4.0/6.7 MB
Progress (1): 4.0/6.7 MB
Progress (1): 4.0/6.7 MB
Progress (1): 4.0/6.7 MB
Progress (1): 4.0/6.7 MB
Progress (1): 4.1/6.7 MB
Progress (1): 4.1/6.7 MB
Progress (1): 4.1/6.7 MB
Progress (1): 4.1/6.7 MB
Progress (1): 4.1/6.7 MB
Progress (1): 4.1/6.7 MB
Progress (1): 4.2/6.7 MB
Progress (1): 4.2/6.7 MB
Progress (1): 4.2/6.7 MB
Progress (1): 4.2/6.7 MB
Progress (1): 4.2/6.7 MB
Progress (1): 4.2/6.7 MB
Progress (1): 4.3/6.7 MB
Progress (1): 4.3/6.7 MB
Progress (1): 4.3/6.7 MB
Progress (1): 4.3/6.7 MB
Progress (1): 4.3/6.7 MB
Progress (1): 4.3/6.7 MB
Progress (1): 4.4/6.7 MB
Progress (1): 4.4/6.7 MB
Progress (1): 4.4/6.7 MB
Progress (1): 4.4/6.7 MB
Progress (1): 4.4/6.7 MB
Progress (1): 4.4/6.7 MB
Progress (1): 4.5/6.7 MB
Progress (1): 4.5/6.7 MB
Progress (1): 4.5/6.7 MB
Progress (1): 4.5/6.7 MB
Progress (1): 4.5/6.7 MB
Progress (1): 4.5/6.7 MB
Progress (1): 4.6/6.7 MB
Progress (1): 4.6/6.7 MB
Progress (1): 4.6/6.7 MB
Progress (1): 4.6/6.7 MB
Progress (1): 4.6/6.7 MB
Progress (1): 4.6/6.7 MB
Progress (1): 4.7/6.7 MB
Progress (1): 4.7/6.7 MB
Progress (1): 4.7/6.7 MB
Progress (1): 4.7/6.7 MB
Progress (1): 4.7/6.7 MB
Progress (1): 4.7/6.7 MB
Progress (1): 4.8/6.7 MB
Progress (1): 4.8/6.7 MB
Progress (1): 4.8/6.7 MB
Progress (1): 4.8/6.7 MB
Progress (1): 4.8/6.7 MB
Progress (1): 4.8/6.7 MB
Progress (1): 4.8/6.7 MB
Progress (1): 4.9/6.7 MB
Progress (1): 4.9/6.7 MB
Progress (1): 4.9/6.7 MB
Progress (1): 4.9/6.7 MB
Progress (1): 4.9/6.7 MB
Progress (1): 4.9/6.7 MB
Progress (1): 5.0/6.7 MB
Progress (1): 5.0/6.7 MB
Progress (1): 5.0/6.7 MB
Progress (1): 5.0/6.7 MB
Progress (1): 5.0/6.7 MB
Progress (1): 5.0/6.7 MB
Progress (1): 5.1/6.7 MB
Progress (1): 5.1/6.7 MB
Progress (1): 5.1/6.7 MB
Progress (1): 5.1/6.7 MB
Progress (1): 5.1/6.7 MB
Progress (1): 5.1/6.7 MB
Progress (1): 5.2/6.7 MB
Progress (1): 5.2/6.7 MB
Progress (1): 5.2/6.7 MB
Progress (1): 5.2/6.7 MB
Progress (1): 5.2/6.7 MB
Progress (1): 5.2/6.7 MB
Progress (1): 5.3/6.7 MB
Progress (1): 5.3/6.7 MB
Progress (1): 5.3/6.7 MB
Progress (1): 5.3/6.7 MB
Progress (1): 5.3/6.7 MB
Progress (1): 5.3/6.7 MB
Progress (1): 5.4/6.7 MB
Progress (1): 5.4/6.7 MB
Progress (1): 5.4/6.7 MB
Progress (1): 5.4/6.7 MB
Progress (1): 5.4/6.7 MB
Progress (1): 5.4/6.7 MB
Progress (1): 5.5/6.7 MB
Progress (1): 5.5/6.7 MB
Progress (1): 5.5/6.7 MB
Progress (1): 5.5/6.7 MB
Progress (1): 5.5/6.7 MB
Progress (1): 5.5/6.7 MB
Progress (1): 5.6/6.7 MB
Progress (1): 5.6/6.7 MB
Progress (1): 5.6/6.7 MB
Progress (1): 5.6/6.7 MB
Progress (1): 5.6/6.7 MB
Progress (1): 5.6/6.7 MB
Progress (1): 5.7/6.7 MB
Progress (1): 5.7/6.7 MB
Progress (1): 5.7/6.7 MB
Progress (1): 5.7/6.7 MB
Progress (1): 5.7/6.7 MB
Progress (1): 5.7/6.7 MB
Progress (1): 5.8/6.7 MB
Progress (1): 5.8/6.7 MB
Progress (1): 5.8/6.7 MB
Progress (1): 5.8/6.7 MB
Progress (1): 5.8/6.7 MB
Progress (1): 5.8/6.7 MB
Progress (1): 5.8/6.7 MB
Progress (1): 5.9/6.7 MB
Progress (1): 5.9/6.7 MB
Progress (1): 5.9/6.7 MB
Progress (1): 5.9/6.7 MB
Progress (1): 5.9/6.7 MB
Progress (1): 5.9/6.7 MB
Progress (1): 6.0/6.7 MB
Progress (1): 6.0/6.7 MB
Progress (1): 6.0/6.7 MB
Progress (1): 6.0/6.7 MB
Progress (1): 6.0/6.7 MB
Progress (1): 6.0/6.7 MB
Progress (1): 6.1/6.7 MB
Progress (1): 6.1/6.7 MB
Progress (1): 6.1/6.7 MB
Progress (1): 6.1/6.7 MB
Progress (1): 6.1/6.7 MB
Progress (1): 6.1/6.7 MB
Progress (1): 6.2/6.7 MB
Progress (1): 6.2/6.7 MB
Progress (1): 6.2/6.7 MB
Progress (1): 6.2/6.7 MB
Progress (1): 6.2/6.7 MB
Progress (1): 6.2/6.7 MB
Progress (1): 6.3/6.7 MB
Progress (1): 6.3/6.7 MB
Progress (1): 6.3/6.7 MB
Progress (1): 6.3/6.7 MB
Progress (1): 6.3/6.7 MB
Progress (1): 6.3/6.7 MB
Progress (1): 6.4/6.7 MB
Progress (1): 6.4/6.7 MB
Progress (1): 6.4/6.7 MB
Progress (1): 6.4/6.7 MB
Progress (1): 6.4/6.7 MB
Progress (1): 6.4/6.7 MB
Progress (1): 6.5/6.7 MB
Progress (1): 6.5/6.7 MB
Progress (1): 6.5/6.7 MB
Progress (1): 6.5/6.7 MB
Progress (1): 6.5/6.7 MB
Progress (1): 6.5/6.7 MB
Progress (1): 6.6/6.7 MB
Progress (1): 6.6/6.7 MB
Progress (1): 6.6/6.7 MB
Progress (1): 6.6/6.7 MB
Progress (1): 6.6/6.7 MB
Progress (1): 6.6/6.7 MB
Progress (1): 6.7 MB    
                    
Downloaded from central: https://repo.maven.apache.org/maven2/com/github/luben/zstd-jni/1.5.6-3/zstd-jni-1.5.6-3.jar (6.7 MB 
at 8.2 MB/s)
#11 32.98 [INFO] Preparing remote bundle org.apache.apache.resources:apache-jar-resource-bundle:1.7
#11 32.98 Downloading from central: https://repo.maven.apache.org/maven2/org/apache/apache/resources/apache-jar-resource-bundl
e/1.7/apache-jar-resource-bundle-1.7.jar
#11 33.01 Progress (1): 7.6/13 kB
Progress (1): 13 kB    
                   
Downloaded from central: https://repo.maven.apache.org/maven2/org/apache/apache/resources/apache-jar-resource-bundle/1.7/apach
e-jar-resource-bundle-1.7.jar (13 kB at 368 kB/s)
#11 33.11 [INFO] Copying 3 resources from 1 bundle.
#11 33.20 [INFO] 
#11 33.20 [INFO] --- compiler:3.14.0:testCompile (test-source-compile) @ openjpa-parent ---
#11 33.21 Downloading from central: 
https://repo.maven.apache.org/maven2/org/apache/maven/shared/maven-shared-incremental/1.1/maven-shared-incremental-1.1.pom
#11 33.25 Progress (1): 803 B
Progress (1): 2.3 kB
Progress (1): 4.7 kB
                    
Downloaded from central: 
https://repo.maven.apache.org/maven2/org/apache/maven/shared/maven-shared-incremental/1.1/maven-shared-incremental-1.1.pom 
(4.7 kB at 128 kB/s)
#11 33.25 Downloading from central: 
https://repo.maven.apache.org/maven2/org/apache/maven/shared/maven-shared-components/19/maven-shared-components-19.pom
#11 33.28 Progress (1): 773 B
Progress (1): 2.4 kB
Progress (1): 4.2 kB
Progress (1): 6.4 kB
                    
Downloaded from central: 
https://repo.maven.apache.org/maven2/org/apache/maven/shared/maven-shared-components/19/maven-shared-components-19.pom (6.4 
kB at 212 kB/s)
#11 33.29 Downloading from central: 
https://repo.maven.apache.org/maven2/org/codehaus/plexus/plexus-java/1.4.0/plexus-java-1.4.0.pom
#11 33.32 Progress (1): 1.9 kB
Progress (1): 4.1 kB
                    
Downloaded from central: https://repo.maven.apache.org/maven2/org/codehaus/plexus/plexus-java/1.4.0/plexus-java-1.4.0.pom 
(4.1 kB at 132 kB/s)
#11 33.33 Downloading from central: 
https://repo.maven.apache.org/maven2/org/codehaus/plexus/plexus-languages/1.4.0/plexus-languages-1.4.0.pom
#11 33.36 Progress (1): 1.4 kB
Progress (1): 3.9 kB
                    
Downloaded from central: 
https://repo.maven.apache.org/maven2/org/codehaus/plexus/plexus-languages/1.4.0/plexus-languages-1.4.0.pom (3.9 kB at 117 
kB/s)
#11 33.36 Downloading from central: https://repo.maven.apache.org/maven2/org/codehaus/plexus/plexus/20/plexus-20.pom
#11 33.39 Progress (1): 689 B
Progress (1): 2.5 kB
Progress (1): 6.4 kB
Progress (1): 8.8 kB
Progress (1): 10 kB 
Progress (1): 13 kB
Progress (1): 17 kB
Progress (1): 20 kB
Progress (1): 24 kB
Progress (1): 28 kB
Progress (1): 29 kB
                   
Downloaded from central: https://repo.maven.apache.org/maven2/org/codehaus/plexus/plexus/20/plexus-20.pom (29 kB at 912 kB/s)
#11 33.40 Downloading from central: https://repo.maven.apache.org/maven2/org/ow2/asm/asm/9.7.1/asm-9.7.1.pom
#11 33.43 Progress (1): 1.3 kB
Progress (1): 2.4 kB
                    
Downloaded from central: https://repo.maven.apache.org/maven2/org/ow2/asm/asm/9.7.1/asm-9.7.1.pom (2.4 kB at 82 kB/s)
#11 33.44 Downloading from central: https://repo.maven.apache.org/maven2/org/ow2/ow2/1.5.1/ow2-1.5.1.pom
#11 33.46 Progress (1): 707 B
Progress (1): 2.1 kB
Progress (1): 3.6 kB
Progress (1): 5.7 kB
Progress (1): 8.0 kB
Progress (1): 11 kB 
                   
Downloaded from central: https://repo.maven.apache.org/maven2/org/ow2/ow2/1.5.1/ow2-1.5.1.pom (11 kB at 364 kB/s)
#11 33.47 Downloading from central: https://repo.maven.apache.org/maven2/com/thoughtworks/qdox/qdox/2.2.0/qdox-2.2.0.pom
#11 33.50 Progress (1): 869 B
Progress (1): 3.4 kB
Progress (1): 6.5 kB
Progress (1): 10 kB 
Progress (1): 13 kB
Progress (1): 17 kB
Progress (1): 18 kB
                   
Downloaded from central: https://repo.maven.apache.org/maven2/com/thoughtworks/qdox/qdox/2.2.0/qdox-2.2.0.pom (18 kB at 552 
kB/s)
#11 33.51 Downloading from central: 
https://repo.maven.apache.org/maven2/org/codehaus/plexus/plexus-compiler-api/2.15.0/plexus-compiler-api-2.15.0.pom
#11 33.54 Progress (1): 1.4 kB
                    
Downloaded from central: 
https://repo.maven.apache.org/maven2/org/codehaus/plexus/plexus-compiler-api/2.15.0/plexus-compiler-api-2.15.0.pom (1.4 kB at 
39 kB/s)
#11 33.55 Downloading from central: 
https://repo.maven.apache.org/maven2/org/codehaus/plexus/plexus-compiler/2.15.0/plexus-compiler-2.15.0.pom
#11 33.58 Progress (1): 1.2 kB
Progress (1): 4.4 kB
Progress (1): 7.6 kB
Progress (1): 7.6 kB
                    
Downloaded from central: 
https://repo.maven.apache.org/maven2/org/codehaus/plexus/plexus-compiler/2.15.0/plexus-compiler-2.15.0.pom (7.6 kB at 224 
kB/s)
#11 33.59 Downloading from central: 
https://repo.maven.apache.org/maven2/org/codehaus/plexus/plexus-compiler-manager/2.15.0/plexus-compiler-manager-2.15.0.pom
#11 33.63 Progress (1): 1.3 kB
                    
Downloaded from central: 
https://repo.maven.apache.org/maven2/org/codehaus/plexus/plexus-compiler-manager/2.15.0/plexus-compiler-manager-2.15.0.pom 
(1.3 kB at 34 kB/s)
#11 33.64 Downloading from central: 
https://repo.maven.apache.org/maven2/org/codehaus/plexus/plexus-compiler-javac/2.15.0/plexus-compiler-javac-2.15.0.pom
#11 33.68 Progress (1): 1.3 kB
                    
Downloaded from central: 
https://repo.maven.apache.org/maven2/org/codehaus/plexus/plexus-compiler-javac/2.15.0/plexus-compiler-javac-2.15.0.pom (1.3 
kB at 35 kB/s)
#11 33.69 Downloading from central: 
https://repo.maven.apache.org/maven2/org/codehaus/plexus/plexus-compilers/2.15.0/plexus-compilers-2.15.0.pom
#11 33.73 Progress (1): 1.6 kB
Progress (1): 1.6 kB
                    
Downloaded from central: 
https://repo.maven.apache.org/maven2/org/codehaus/plexus/plexus-compilers/2.15.0/plexus-compilers-2.15.0.pom (1.6 kB at 36 
kB/s)
#11 33.74 Downloading from central: https://repo.maven.apache.org/maven2/commons-io/commons-io/2.11.0/commons-io-2.11.0.jar
#11 33.78 Progress (1): 7.7/327 kB
Progress (1): 16/327 kB 
Progress (1): 32/327 kB
Progress (1): 49/327 kB
Progress (1): 65/327 kB
Progress (1): 81/327 kB
Progress (1): 98/327 kB
Progress (1): 114/327 kB
Progress (1): 131/327 kB
Progress (1): 147/327 kB
Progress (1): 163/327 kB
Progress (1): 180/327 kB
Progress (1): 196/327 kB
Progress (1): 213/327 kB
Progress (1): 229/327 kB
Progress (1): 245/327 kB
Progress (1): 262/327 kB
Progress (1): 278/327 kB
Progress (1): 294/327 kB
Progress (1): 311/327 kB
Progress (1): 327 kB    
                    
Downloaded from central: https://repo.maven.apache.org/maven2/commons-io/commons-io/2.11.0/commons-io-2.11.0.jar (327 kB at 
4.7 MB/s)
#11 33.82 Downloading from central: 
https://repo.maven.apache.org/maven2/org/apache/maven/shared/maven-shared-incremental/1.1/maven-shared-incremental-1.1.jar
#11 33.82 Downloading from central: 
https://repo.maven.apache.org/maven2/org/codehaus/plexus/plexus-java/1.4.0/plexus-java-1.4.0.jar
#11 33.82 Downloading from central: https://repo.maven.apache.org/maven2/org/ow2/asm/asm/9.7.1/asm-9.7.1.jar
#11 33.82 Downloading from central: https://repo.maven.apache.org/maven2/com/thoughtworks/qdox/qdox/2.2.0/qdox-2.2.0.jar
#11 33.83 Downloading from central: 
https://repo.maven.apache.org/maven2/org/codehaus/plexus/plexus-compiler-api/2.15.0/plexus-compiler-api-2.15.0.jar
#11 33.84 Progress (1): 4.1/14 kB
Progress (1): 14 kB    
                   
Downloaded from central: 
https://repo.maven.apache.org/maven2/org/apache/maven/shared/maven-shared-incremental/1.1/maven-shared-incremental-1.1.jar 
(14 kB at 467 kB/s)
#11 33.84 Downloading from central: 
https://repo.maven.apache.org/maven2/org/codehaus/plexus/plexus-compiler-manager/2.15.0/plexus-compiler-manager-2.15.0.jar
#11 33.85 Progress (1): 8.2/126 kB
Progress (1): 25/126 kB 
Progress (1): 41/126 kB
Progress (1): 57/126 kB
Progress (1): 74/126 kB
Progress (2): 74/126 kB | 7.7/57 kB
Progress (2): 74/126 kB | 12/57 kB 
Progress (2): 90/126 kB | 12/57 kB
Progress (2): 90/126 kB | 29/57 kB
Progress (2): 106/126 kB | 29/57 kB
Progress (2): 106/126 kB | 45/57 kB
Progress (2): 123/126 kB | 45/57 kB
Progress (2): 126 kB | 45/57 kB    
Progress (2): 126 kB | 57 kB   
                            
Downloaded from central: https://repo.maven.apache.org/maven2/org/codehaus/plexus/plexus-java/1.4.0/plexus-java-1.4.0.jar (57 
kB at 1.1 MB/s)
#11 33.87 Downloading from central: 
https://repo.maven.apache.org/maven2/org/codehaus/plexus/plexus-compiler-javac/2.15.0/plexus-compiler-javac-2.15.0.jar
#11 33.87 Downloaded from central: https://repo.maven.apache.org/maven2/org/ow2/asm/asm/9.7.1/asm-9.7.1.jar (126 kB at 2.5 
MB/s)
#11 33.87 Progress (1): 5.2 kB
Progress (2): 5.2 kB | 3.4/353 kB
Progress (2): 5.2 kB | 20/353 kB 
                                
Downloaded from central: 
https://repo.maven.apache.org/maven2/org/codehaus/plexus/plexus-compiler-manager/2.15.0/plexus-compiler-manager-2.15.0.jar 
(5.2 kB at 111 kB/s)
#11 33.87 Progress (1): 36/353 kB
Progress (2): 36/353 kB | 7.7/29 kB
Progress (2): 36/353 kB | 16/29 kB 
Progress (2): 53/353 kB | 16/29 kB
Progress (2): 66/353 kB | 16/29 kB
Progress (2): 66/353 kB | 29 kB   
Progress (2): 82/353 kB | 29 kB
                               
Downloaded from central: 
https://repo.maven.apache.org/maven2/org/codehaus/plexus/plexus-compiler-api/2.15.0/plexus-compiler-api-2.15.0.jar (29 kB at 
469 kB/s)
#11 33.89 Progress (1): 98/353 kB
Progress (1): 115/353 kB
Progress (1): 131/353 kB
Progress (1): 147/353 kB
Progress (1): 164/353 kB
Progress (1): 180/353 kB
Progress (1): 197/353 kB
Progress (1): 213/353 kB
Progress (1): 229/353 kB
Progress (1): 246/353 kB
Progress (1): 262/353 kB
Progress (2): 262/353 kB | 7.7/26 kB
Progress (2): 262/353 kB | 16/26 kB 
Progress (2): 262/353 kB | 26 kB   
Progress (2): 279/353 kB | 26 kB
Progress (2): 295/353 kB | 26 kB
Progress (2): 311/353 kB | 26 kB
                                
Downloaded from central: 
https://repo.maven.apache.org/maven2/org/codehaus/plexus/plexus-compiler-javac/2.15.0/plexus-compiler-javac-2.15.0.jar (26 kB 
at 276 kB/s)
#11 33.92 Progress (1): 328/353 kB
Progress (1): 344/353 kB
Progress (1): 353 kB    
                    
Downloaded from central: https://repo.maven.apache.org/maven2/com/thoughtworks/qdox/qdox/2.2.0/qdox-2.2.0.jar (353 kB at 3.4 
MB/s)
#11 34.16 [INFO] No sources to compile
#11 34.16 [INFO] 
#11 34.16 [INFO] -------------------< org.apache.openjpa:openjpa-lib >-------------------
#11 34.16 [INFO] Building OpenJPA Utilities Library 4.1.2-SNAPSHOT                  [2/7]
#11 34.16 [INFO]   from openjpa-lib/pom.xml
#11 34.16 [INFO] --------------------------------[ jar ]---------------------------------
#11 34.17 Downloading from central: 
https://repo.maven.apache.org/maven2/org/jacoco/jacoco-maven-plugin/0.8.11/jacoco-maven-plugin-0.8.11.pom
#11 34.23 Progress (1): 870 B
Progress (1): 3.3 kB
Progress (1): 4.2 kB
                    
Downloaded from central: 
https://repo.maven.apache.org/maven2/org/jacoco/jacoco-maven-plugin/0.8.11/jacoco-maven-plugin-0.8.11.pom (4.2 kB at 67 kB/s)
#11 34.24 Downloading from central: 
https://repo.maven.apache.org/maven2/org/jacoco/org.jacoco.build/0.8.11/org.jacoco.build-0.8.11.pom
#11 34.29 Progress (1): 834 B
Progress (1): 3.0 kB
Progress (1): 3.4 kB
Progress (1): 4.9 kB
Progress (1): 8.9 kB
Progress (1): 13 kB 
Progress (1): 17 kB
Progress (1): 19 kB
Progress (1): 23 kB
Progress (1): 25 kB
Progress (1): 28 kB
Progress (1): 34 kB
Progress (1): 39 kB
Progress (1): 44 kB
                   
Downloaded from central: https://repo.maven.apache.org/maven2/org/jacoco/org.jacoco.build/0.8.11/org.jacoco.build-0.8.11.pom 
(44 kB at 859 kB/s)
#11 34.30 Downloading from central: https://repo.maven.apache.org/maven2/org/ow2/asm/asm-bom/9.6/asm-bom-9.6.pom
#11 34.35 Progress (1): 1.2 kB
Progress (1): 3.2 kB
                    
Downloaded from central: https://repo.maven.apache.org/maven2/org/ow2/asm/asm-bom/9.6/asm-bom-9.6.pom (3.2 kB at 64 kB/s)
#11 34.36 Downloading from central: 
https://repo.maven.apache.org/maven2/org/jacoco/jacoco-maven-plugin/0.8.11/jacoco-maven-plugin-0.8.11.jar
#11 34.41 Progress (1): 7.7/57 kB
Progress (1): 16/57 kB 
Progress (1): 32/57 kB
Progress (1): 49/57 kB
Progress (1): 57 kB   
                   
Downloaded from central: 
https://repo.maven.apache.org/maven2/org/jacoco/jacoco-maven-plugin/0.8.11/jacoco-maven-plugin-0.8.11.jar (57 kB at 799 kB/s)
#11 34.44 Downloading from central: 
https://repo.maven.apache.org/maven2/org/apache/maven/plugins/maven-jar-plugin/3.4.2/maven-jar-plugin-3.4.2.pom
#11 34.49 Progress (1): 786 B
Progress (1): 2.2 kB
Progress (1): 4.7 kB
Progress (1): 7.3 kB
Progress (1): 7.7 kB
                    
Downloaded from central: 
https://repo.maven.apache.org/maven2/org/apache/maven/plugins/maven-jar-plugin/3.4.2/maven-jar-plugin-3.4.2.pom (7.7 kB at 
154 kB/s)
#11 34.49 Downloading from central: 
https://repo.maven.apache.org/maven2/org/apache/maven/plugins/maven-plugins/42/maven-plugins-42.pom
#11 34.54 Progress (1): 773 B
Progress (1): 2.4 kB
Progress (1): 4.8 kB
Progress (1): 7.7 kB
                    
Downloaded from central: https://repo.maven.apache.org/maven2/org/apache/maven/plugins/maven-plugins/42/maven-plugins-42.pom 
(7.7 kB at 148 kB/s)
#11 34.55 Downloading from central: 
https://repo.maven.apache.org/maven2/org/apache/maven/plugins/maven-jar-plugin/3.4.2/maven-jar-plugin-3.4.2.jar
#11 34.60 Progress (1): 7.7/34 kB
Progress (1): 16/34 kB 
Progress (1): 24/34 kB
Progress (1): 34 kB   
                   
Downloaded from central: 
https://repo.maven.apache.org/maven2/org/apache/maven/plugins/maven-jar-plugin/3.4.2/maven-jar-plugin-3.4.2.jar (34 kB at 709 
kB/s)
#11 34.61 Downloading from central: 
https://repo.maven.apache.org/maven2/org/apache/maven/plugins/maven-resources-plugin/3.3.1/maven-resources-plugin-3.3.1.pom
#11 34.68 Progress (1): 766 B
Progress (1): 2.1 kB
Progress (1): 4.9 kB
Progress (1): 7.5 kB
Progress (1): 8.2 kB
                    
Downloaded from central: 
https://repo.maven.apache.org/maven2/org/apache/maven/plugins/maven-resources-plugin/3.3.1/maven-resources-plugin-3.3.1.pom 
(8.2 kB at 113 kB/s)
#11 34.69 Downloading from central: 
https://repo.maven.apache.org/maven2/org/apache/maven/plugins/maven-plugins/39/maven-plugins-39.pom
#11 34.73 Progress (1): 763 B
Progress (1): 2.3 kB
Progress (1): 4.9 kB
Progress (1): 7.3 kB
Progress (1): 8.1 kB
                    
Downloaded from central: https://repo.maven.apache.org/maven2/org/apache/maven/plugins/maven-plugins/39/maven-plugins-39.pom 
(8.1 kB at 180 kB/s)
#11 34.74 Downloading from central: 
https://repo.maven.apache.org/maven2/org/apache/maven/plugins/maven-resources-plugin/3.3.1/maven-resources-plugin-3.3.1.jar
#11 34.78 Progress (1): 7.7/31 kB
Progress (1): 16/31 kB 
Progress (1): 31 kB   
                   
Downloaded from central: 
https://repo.maven.apache.org/maven2/org/apache/maven/plugins/maven-resources-plugin/3.3.1/maven-resources-plugin-3.3.1.jar 
(31 kB at 584 kB/s)
#11 34.80 Downloading from central: 
https://repo.maven.apache.org/maven2/org/apache/maven/plugins/maven-antrun-plugin/3.1.0/maven-antrun-plugin-3.1.0.pom
#11 34.85 Progress (1): 760 B
Progress (1): 2.2 kB
Progress (1): 5.0 kB
Progress (1): 8.3 kB
Progress (1): 9.1 kB
                    
Downloaded from central: 
https://repo.maven.apache.org/maven2/org/apache/maven/plugins/maven-antrun-plugin/3.1.0/maven-antrun-plugin-3.1.0.pom (9.1 kB 
at 175 kB/s)
#11 34.85 Downloading from central: 
https://repo.maven.apache.org/maven2/org/apache/maven/plugins/maven-plugins/34/maven-plugins-34.pom
#11 34.91 Progress (1): 762 B
Progress (1): 2.3 kB
Progress (1): 4.7 kB
Progress (1): 7.6 kB
Progress (1): 9.9 kB
Progress (1): 11 kB 
                   
Downloaded from central: https://repo.maven.apache.org/maven2/org/apache/maven/plugins/maven-plugins/34/maven-plugins-34.pom 
(11 kB at 198 kB/s)
#11 34.91 Downloading from central: 
https://repo.maven.apache.org/maven2/org/apache/maven/plugins/maven-antrun-plugin/3.1.0/maven-antrun-plugin-3.1.0.jar
#11 34.96 Progress (1): 7.7/41 kB
Progress (1): 16/41 kB 
Progress (1): 25/41 kB
Progress (1): 41/41 kB
Progress (1): 41 kB   
                   
Downloaded from central: 
https://repo.maven.apache.org/maven2/org/apache/maven/plugins/maven-antrun-plugin/3.1.0/maven-antrun-plugin-3.1.0.jar (41 kB 
at 841 kB/s)
#11 34.97 Downloading from central: 
https://repo.maven.apache.org/maven2/org/apache/maven/plugins/maven-surefire-plugin/3.5.2/maven-surefire-plugin-3.5.2.pom
#11 35.01 Progress (1): 830 B
Progress (1): 3.0 kB
Progress (1): 5.7 kB
                    
Downloaded from central: 
https://repo.maven.apache.org/maven2/org/apache/maven/plugins/maven-surefire-plugin/3.5.2/maven-surefire-plugin-3.5.2.pom 
(5.7 kB at 129 kB/s)
#11 35.02 Downloading from central: 
https://repo.maven.apache.org/maven2/org/apache/maven/surefire/surefire/3.5.2/surefire-3.5.2.pom
#11 35.07 Progress (1): 817 B
Progress (1): 2.5 kB
Progress (1): 4.2 kB
Progress (1): 7.7 kB
Progress (1): 11 kB 
Progress (1): 13 kB
Progress (1): 16 kB
Progress (1): 18 kB
Progress (1): 20 kB
                   
Downloaded from central: https://repo.maven.apache.org/maven2/org/apache/maven/surefire/surefire/3.5.2/surefire-3.5.2.pom (20 
kB at 381 kB/s)
#11 35.08 Downloading from central: 
https://repo.maven.apache.org/maven2/org/apache/maven/plugins/maven-surefire-plugin/3.5.2/maven-surefire-plugin-3.5.2.jar
#11 35.12 Progress (1): 7.7/46 kB
Progress (1): 12/46 kB 
Progress (1): 28/46 kB
Progress (1): 44/46 kB
Progress (1): 46 kB   
                   
Downloaded from central: 
https://repo.maven.apache.org/maven2/org/apache/maven/plugins/maven-surefire-plugin/3.5.2/maven-surefire-plugin-3.5.2.jar (46 
kB at 1.0 MB/s)
#11 35.15 Downloading from central: 
https://repo.maven.apache.org/maven2/org/mockito/mockito-core/5.11.0/mockito-core-5.11.0.pom
#11 35.19 Progress (1): 1.6 kB
Progress (1): 2.5 kB
                    
Downloaded from central: https://repo.maven.apache.org/maven2/org/mockito/mockito-core/5.11.0/mockito-core-5.11.0.pom (2.5 kB 
at 48 kB/s)
#11 35.20 Downloading from central: 
https://repo.maven.apache.org/maven2/net/bytebuddy/byte-buddy/1.14.12/byte-buddy-1.14.12.pom
#11 35.25 Progress (1): 959 B
Progress (1): 3.7 kB
Progress (1): 7.0 kB
Progress (1): 14 kB 
Progress (1): 16 kB
                   
Downloaded from central: https://repo.maven.apache.org/maven2/net/bytebuddy/byte-buddy/1.14.12/byte-buddy-1.14.12.pom (16 kB 
at 283 kB/s)
#11 35.26 Downloading from central: 
https://repo.maven.apache.org/maven2/net/bytebuddy/byte-buddy-parent/1.14.12/byte-buddy-parent-1.14.12.pom
#11 35.31 Progress (1): 829 B
Progress (1): 2.0 kB
Progress (1): 3.6 kB
Progress (1): 6.2 kB
Progress (1): 8.0 kB
Progress (1): 11 kB 
Progress (1): 13 kB
Progress (1): 17 kB
Progress (1): 22 kB
Progress (1): 25 kB
Progress (1): 35 kB
Progress (1): 47 kB
Progress (1): 51 kB
Progress (1): 57 kB
Progress (1): 62 kB
Progress (1): 63 kB
                   
Downloaded from central: 
https://repo.maven.apache.org/maven2/net/bytebuddy/byte-buddy-parent/1.14.12/byte-buddy-parent-1.14.12.pom (63 kB at 1.2 MB/s)
#11 35.32 Downloading from central: 
https://repo.maven.apache.org/maven2/net/bytebuddy/byte-buddy-agent/1.14.12/byte-buddy-agent-1.14.12.pom
#11 35.37 Progress (1): 1.2 kB
Progress (1): 3.6 kB
Progress (1): 6.2 kB
Progress (1): 10 kB 
Progress (1): 10 kB
                   
Downloaded from central: 
https://repo.maven.apache.org/maven2/net/bytebuddy/byte-buddy-agent/1.14.12/byte-buddy-agent-1.14.12.pom (10 kB at 218 kB/s)
#11 35.38 Downloading from central: https://repo.maven.apache.org/maven2/org/objenesis/objenesis/3.3/objenesis-3.3.pom
#11 35.43 Progress (1): 795 B
Progress (1): 2.5 kB
Progress (1): 3.0 kB
                    
Downloaded from central: https://repo.maven.apache.org/maven2/org/objenesis/objenesis/3.3/objenesis-3.3.pom (3.0 kB at 58 
kB/s)
#11 35.43 Downloading from central: 
https://repo.maven.apache.org/maven2/org/objenesis/objenesis-parent/3.3/objenesis-parent-3.3.pom
#11 35.49 Progress (1): 741 B
Progress (1): 2.3 kB
Progress (1): 4.5 kB
Progress (1): 6.6 kB
Progress (1): 10 kB 
Progress (1): 13 kB
Progress (1): 18 kB
Progress (1): 19 kB
                   
Downloaded from central: https://repo.maven.apache.org/maven2/org/objenesis/objenesis-parent/3.3/objenesis-parent-3.3.pom (19 
kB at 336 kB/s)
#11 35.50 Downloading from central: 
https://repo.maven.apache.org/maven2/jakarta-regexp/jakarta-regexp/1.4/jakarta-regexp-1.4.pom
#11 35.55 Progress (1): 160 B
                   
Downloaded from central: https://repo.maven.apache.org/maven2/jakarta-regexp/jakarta-regexp/1.4/jakarta-regexp-1.4.pom (160 B 
at 2.8 kB/s)
#11 35.56 Downloading from central: 
https://repo.maven.apache.org/maven2/org/apache/logging/log4j/log4j-core/2.23.1/log4j-core-2.23.1.pom
#11 35.61 Progress (1): 794 B
Progress (1): 2.4 kB
Progress (1): 6.9 kB
Progress (1): 9.5 kB
Progress (1): 9.7 kB
                    
Downloaded from central: 
https://repo.maven.apache.org/maven2/org/apache/logging/log4j/log4j-core/2.23.1/log4j-core-2.23.1.pom (9.7 kB at 174 kB/s)
#11 35.62 Downloading from central: 
https://repo.maven.apache.org/maven2/org/apache/logging/log4j/log4j/2.23.1/log4j-2.23.1.pom
#11 35.68 Progress (1): 718 B
Progress (1): 2.1 kB
Progress (1): 4.0 kB
Progress (1): 5.9 kB
Progress (1): 9.9 kB
Progress (1): 16 kB 
Progress (1): 24 kB
Progress (1): 31 kB
Progress (1): 35 kB
Progress (1): 37 kB
                   
Downloaded from central: https://repo.maven.apache.org/maven2/org/apache/logging/log4j/log4j/2.23.1/log4j-2.23.1.pom (37 kB 
at 613 kB/s)
#11 35.69 Downloading from central: 
https://repo.maven.apache.org/maven2/org/apache/logging/log4j/log4j-bom/2.23.1/log4j-bom-2.23.1.pom
#11 35.74 Progress (1): 793 B
Progress (1): 2.2 kB
Progress (1): 5.7 kB
Progress (1): 12 kB 
Progress (1): 12 kB
                   
Downloaded from central: https://repo.maven.apache.org/maven2/org/apache/logging/log4j/log4j-bom/2.23.1/log4j-bom-2.23.1.pom 
(12 kB at 259 kB/s)
#11 35.74 Downloading from central: 
https://repo.maven.apache.org/maven2/org/apache/logging/logging-parent/10.6.0/logging-parent-10.6.0.pom
#11 35.79 Progress (1): 731 B
Progress (1): 2.1 kB
Progress (1): 4.7 kB
Progress (1): 6.4 kB
Progress (1): 8.3 kB
Progress (1): 11 kB 
Progress (1): 15 kB
Progress (1): 18 kB
Progress (1): 20 kB
Progress (1): 24 kB
Progress (1): 30 kB
Progress (1): 32 kB
Progress (1): 33 kB
Progress (1): 35 kB
Progress (1): 39 kB
Progress (1): 39 kB
Progress (1): 42 kB
Progress (1): 44 kB
Progress (1): 47 kB
Progress (1): 51 kB
Progress (1): 54 kB
                   
Downloaded from central: 
https://repo.maven.apache.org/maven2/org/apache/logging/logging-parent/10.6.0/logging-parent-10.6.0.pom (54 kB at 1.0 MB/s)
#11 35.82 Downloading from central: 
https://repo.maven.apache.org/maven2/org/codehaus/groovy/groovy-bom/3.0.21/groovy-bom-3.0.21.pom
#11 35.87 Progress (1): 963 B
Progress (1): 4.4 kB
Progress (1): 8.1 kB
Progress (1): 12 kB 
Progress (1): 15 kB
Progress (1): 19 kB
Progress (1): 23 kB
Progress (1): 26 kB
                   
Downloaded from central: https://repo.maven.apache.org/maven2/org/codehaus/groovy/groovy-bom/3.0.21/groovy-bom-3.0.21.pom (26 
kB at 489 kB/s)
#11 35.88 Downloading from central: 
https://repo.maven.apache.org/maven2/com/fasterxml/jackson/jackson-bom/2.16.1/jackson-bom-2.16.1.pom
#11 35.93 Progress (1): 924 B
Progress (1): 2.7 kB
Progress (1): 8.1 kB
Progress (1): 17 kB 
Progress (1): 18 kB
                   
Downloaded from central: https://repo.maven.apache.org/maven2/com/fasterxml/jackson/jackson-bom/2.16.1/jackson-bom-2.16.1.pom 
(18 kB at 331 kB/s)
#11 35.94 Downloading from central: 
https://repo.maven.apache.org/maven2/com/fasterxml/jackson/jackson-parent/2.16/jackson-parent-2.16.pom
#11 35.99 Progress (1): 1.1 kB
Progress (1): 2.5 kB
Progress (1): 4.0 kB
Progress (1): 6.5 kB
                    
Downloaded from central: 
https://repo.maven.apache.org/maven2/com/fasterxml/jackson/jackson-parent/2.16/jackson-parent-2.16.pom (6.5 kB at 128 kB/s)
#11 36.00 Downloading from central: https://repo.maven.apache.org/maven2/com/fasterxml/oss-parent/56/oss-parent-56.pom
#11 36.05 Progress (1): 947 B
Progress (1): 2.6 kB
Progress (1): 4.0 kB
Progress (1): 6.4 kB
Progress (1): 9.6 kB
Progress (1): 12 kB 
Progress (1): 15 kB
Progress (1): 18 kB
Progress (1): 21 kB
Progress (1): 24 kB
                   
Downloaded from central: https://repo.maven.apache.org/maven2/com/fasterxml/oss-parent/56/oss-parent-56.pom (24 kB at 445 
kB/s)
#11 36.05 Downloading from central: 
https://repo.maven.apache.org/maven2/jakarta/platform/jakarta.jakartaee-bom/9.1.0/jakarta.jakartaee-bom-9.1.0.pom
#11 36.11 Progress (1): 847 B
Progress (1): 4.6 kB
Progress (1): 9.6 kB
                    
Downloaded from central: 
https://repo.maven.apache.org/maven2/jakarta/platform/jakarta.jakartaee-bom/9.1.0/jakarta.jakartaee-bom-9.1.0.pom (9.6 kB at 
162 kB/s)
#11 36.12 Downloading from central: 
https://repo.maven.apache.org/maven2/jakarta/platform/jakartaee-api-parent/9.1.0/jakartaee-api-parent-9.1.0.pom
#11 36.16 Progress (1): 823 B
Progress (1): 3.1 kB
Progress (1): 5.9 kB
Progress (1): 11 kB 
Progress (1): 14 kB
Progress (1): 15 kB
                   
Downloaded from central: 
https://repo.maven.apache.org/maven2/jakarta/platform/jakartaee-api-parent/9.1.0/jakartaee-api-parent-9.1.0.pom (15 kB at 291 
kB/s)
#11 36.17 Downloading from central: https://repo.maven.apache.org/maven2/org/eclipse/ee4j/project/1.0.7/project-1.0.7.pom
#11 36.23 Progress (1): 838 B
Progress (1): 2.5 kB
Progress (1): 5.0 kB
Progress (1): 7.9 kB
Progress (1): 13 kB 
Progress (1): 14 kB
                   
Downloaded from central: https://repo.maven.apache.org/maven2/org/eclipse/ee4j/project/1.0.7/project-1.0.7.pom (14 kB at 258 
kB/s)
#11 36.23 Downloading from central: 
https://repo.maven.apache.org/maven2/org/eclipse/jetty/jetty-bom/9.4.54.v20240208/jetty-bom-9.4.54.v20240208.pom
#11 36.28 Progress (1): 1.1 kB
Progress (1): 3.4 kB
Progress (1): 7.5 kB
Progress (1): 12 kB 
Progress (1): 18 kB
                   
Downloaded from central: 
https://repo.maven.apache.org/maven2/org/eclipse/jetty/jetty-bom/9.4.54.v20240208/jetty-bom-9.4.54.v20240208.pom (18 kB at 
346 kB/s)
#11 36.29 Downloading from central: 
https://repo.maven.apache.org/maven2/io/fabric8/kubernetes-client-bom/5.12.4/kubernetes-client-bom-5.12.4.pom
#11 36.34 Progress (1): 1.2 kB
Progress (1): 13 kB 
Progress (1): 26 kB
                   
Downloaded from central: 
https://repo.maven.apache.org/maven2/io/fabric8/kubernetes-client-bom/5.12.4/kubernetes-client-bom-5.12.4.pom (26 kB at 458 
kB/s)
#11 36.35 Downloading from central: https://repo.maven.apache.org/maven2/org/mockito/mockito-bom/4.11.0/mockito-bom-4.11.0.pom
#11 36.40 Progress (1): 1.4 kB
Progress (1): 3.2 kB
                    
Downloaded from central: https://repo.maven.apache.org/maven2/org/mockito/mockito-bom/4.11.0/mockito-bom-4.11.0.pom (3.2 kB 
at 66 kB/s)
#11 36.40 Downloading from central: 
https://repo.maven.apache.org/maven2/io/netty/netty-bom/4.1.107.Final/netty-bom-4.1.107.Final.pom
#11 36.46 Progress (1): 787 B
Progress (1): 2.4 kB
Progress (1): 12 kB 
Progress (1): 14 kB
                   
Downloaded from central: https://repo.maven.apache.org/maven2/io/netty/netty-bom/4.1.107.Final/netty-bom-4.1.107.Final.pom 
(14 kB at 254 kB/s)
#11 36.47 Downloading from central: 
https://repo.maven.apache.org/maven2/org/springframework/spring-framework-bom/5.3.32/spring-framework-bom-5.3.32.pom
#11 36.51 Progress (1): 976 B
Progress (1): 5.7 kB
                    
Downloaded from central: 
https://repo.maven.apache.org/maven2/org/springframework/spring-framework-bom/5.3.32/spring-framework-bom-5.3.32.pom (5.7 kB 
at 113 kB/s)
#11 36.52 Downloading from central: 
https://repo.maven.apache.org/maven2/org/apache/logging/log4j/log4j-api/2.23.1/log4j-api-2.23.1.pom
#11 36.57 Progress (1): 823 B
Progress (1): 2.4 kB
Progress (1): 3.8 kB
                    
Downloaded from central: https://repo.maven.apache.org/maven2/org/apache/logging/log4j/log4j-api/2.23.1/log4j-api-2.23.1.pom 
(3.8 kB at 75 kB/s)
#11 36.59 Downloading from central: 
https://repo.maven.apache.org/maven2/org/apache/logging/log4j/log4j-1.2-api/2.23.1/log4j-1.2-api-2.23.1.pom
#11 36.63 Progress (1): 814 B
Progress (1): 2.6 kB
Progress (1): 5.7 kB
                    
Downloaded from central: 
https://repo.maven.apache.org/maven2/org/apache/logging/log4j/log4j-1.2-api/2.23.1/log4j-1.2-api-2.23.1.pom (5.7 kB at 120 
kB/s)
#11 36.64 Downloading from central: https://repo.maven.apache.org/maven2/org/slf4j/slf4j-api/2.0.17/slf4j-api-2.0.17.pom
#11 36.68 Progress (1): 1.1 kB
Progress (1): 2.8 kB
                    
Downloaded from central: https://repo.maven.apache.org/maven2/org/slf4j/slf4j-api/2.0.17/slf4j-api-2.0.17.pom (2.8 kB at 67 
kB/s)
#11 36.69 Downloading from central: https://repo.maven.apache.org/maven2/org/slf4j/slf4j-parent/2.0.17/slf4j-parent-2.0.17.pom
#11 36.73 Progress (1): 944 B
Progress (1): 3.2 kB
Progress (1): 6.0 kB
Progress (1): 8.2 kB
Progress (1): 11 kB 
Progress (1): 13 kB
                   
Downloaded from central: https://repo.maven.apache.org/maven2/org/slf4j/slf4j-parent/2.0.17/slf4j-parent-2.0.17.pom (13 kB at 
284 kB/s)
#11 36.74 Downloading from central: https://repo.maven.apache.org/maven2/org/slf4j/slf4j-bom/2.0.17/slf4j-bom-2.0.17.pom
#11 36.78 Progress (1): 996 B
Progress (1): 4.7 kB
Progress (1): 7.3 kB
Progress (1): 7.3 kB
                    
Downloaded from central: https://repo.maven.apache.org/maven2/org/slf4j/slf4j-bom/2.0.17/slf4j-bom-2.0.17.pom (7.3 kB at 159 
kB/s)
#11 36.79 Downloading from central: https://repo.maven.apache.org/maven2/org/apache/ant/ant/1.10.15/ant-1.10.15.pom
#11 36.84 Progress (1): 772 B
Progress (1): 2.5 kB
Progress (1): 5.1 kB
Progress (1): 8.9 kB
Progress (1): 12 kB 
Progress (1): 15 kB
Progress (1): 17 kB
                   
Downloaded from central: https://repo.maven.apache.org/maven2/org/apache/ant/ant/1.10.15/ant-1.10.15.pom (17 kB at 306 kB/s)
#11 36.85 Downloading from central: 
https://repo.maven.apache.org/maven2/org/apache/ant/ant-parent/1.10.15/ant-parent-1.10.15.pom
#11 36.90 Progress (1): 788 B
Progress (1): 2.2 kB
Progress (1): 4.6 kB
Progress (1): 6.6 kB
                    
Downloaded from central: https://repo.maven.apache.org/maven2/org/apache/ant/ant-parent/1.10.15/ant-parent-1.10.15.pom (6.6 
kB at 131 kB/s)
#11 36.90 Downloading from central: 
https://repo.maven.apache.org/maven2/org/apache/ant/ant-launcher/1.10.15/ant-launcher-1.10.15.pom
#11 36.95 Progress (1): 816 B
Progress (1): 2.5 kB
Progress (1): 3.2 kB
                    
Downloaded from central: https://repo.maven.apache.org/maven2/org/apache/ant/ant-launcher/1.10.15/ant-launcher-1.10.15.pom 
(3.2 kB at 69 kB/s)
#11 36.95 Downloading from central: 
https://repo.maven.apache.org/maven2/org/apache/xbean/xbean-asm9-shaded/4.26/xbean-asm9-shaded-4.26.pom
#11 37.00 Progress (1): 1.1 kB
Progress (1): 3.9 kB
Progress (1): 4.3 kB
                    
Downloaded from central: 
https://repo.maven.apache.org/maven2/org/apache/xbean/xbean-asm9-shaded/4.26/xbean-asm9-shaded-4.26.pom (4.3 kB at 87 kB/s)
#11 37.01 Downloading from central: https://repo.maven.apache.org/maven2/org/apache/xbean/xbean/4.26/xbean-4.26.pom
#11 37.05 Progress (1): 891 B
Progress (1): 2.2 kB
Progress (1): 4.7 kB
Progress (1): 11 kB 
Progress (1): 14 kB
Progress (1): 17 kB
Progress (1): 19 kB
                   
Downloaded from central: https://repo.maven.apache.org/maven2/org/apache/xbean/xbean/4.26/xbean-4.26.pom (19 kB at 398 kB/s)
#11 37.06 Downloading from central: 
https://repo.maven.apache.org/maven2/org/apache/geronimo/genesis/genesis-java8-flava/2.3/genesis-java8-flava-2.3.pom
#11 37.11 Progress (1): 832 B
Progress (1): 3.2 kB
Progress (1): 5.5 kB
                    
Downloaded from central: 
https://repo.maven.apache.org/maven2/org/apache/geronimo/genesis/genesis-java8-flava/2.3/genesis-java8-flava-2.3.pom (5.5 kB 
at 110 kB/s)
#11 37.11 Downloading from central: 
https://repo.maven.apache.org/maven2/org/apache/geronimo/genesis/genesis-default-flava/2.3/genesis-default-flava-2.3.pom
#11 37.16 Progress (1): 812 B
Progress (1): 2.1 kB
Progress (1): 6.0 kB
Progress (1): 9.2 kB
Progress (1): 14 kB 
Progress (1): 15 kB
                   
Downloaded from central: 
https://repo.maven.apache.org/maven2/org/apache/geronimo/genesis/genesis-default-flava/2.3/genesis-default-flava-2.3.pom (15 
kB at 313 kB/s)
#11 37.17 Downloading from central: 
https://repo.maven.apache.org/maven2/org/apache/geronimo/genesis/genesis/2.3/genesis-2.3.pom
#11 37.21 Progress (1): 801 B
Progress (1): 2.2 kB
Progress (1): 4.6 kB
Progress (1): 9.4 kB
Progress (1): 14 kB 
Progress (1): 16 kB
                   
Downloaded from central: https://repo.maven.apache.org/maven2/org/apache/geronimo/genesis/genesis/2.3/genesis-2.3.pom (16 kB 
at 365 kB/s)
#11 37.22 Downloading from central: 
https://repo.maven.apache.org/maven2/jakarta/validation/jakarta.validation-api/3.0.2/jakarta.validation-api-3.0.2.pom
#11 37.27 Progress (1): 1.0 kB
Progress (1): 3.6 kB
Progress (1): 6.2 kB
Progress (1): 9.4 kB
Progress (1): 11 kB 
                   
Downloaded from central: 
https://repo.maven.apache.org/maven2/jakarta/validation/jakarta.validation-api/3.0.2/jakarta.validation-api-3.0.2.pom (11 kB 
at 229 kB/s)
#11 37.27 Downloading from central: 
https://repo.maven.apache.org/maven2/org/mockito/mockito-core/5.11.0/mockito-core-5.11.0.jar
#11 37.32 Progress (1): 7.7/704 kB
Progress (1): 16/704 kB 
Progress (1): 16/704 kB
Progress (1): 33/704 kB
Progress (1): 41/704 kB
Progress (1): 57/704 kB
Progress (1): 74/704 kB
Progress (1): 90/704 kB
Progress (1): 106/704 kB
Progress (1): 123/704 kB
Progress (1): 131/704 kB
Progress (1): 147/704 kB
Progress (1): 164/704 kB
Progress (1): 180/704 kB
Progress (1): 197/704 kB
Progress (1): 213/704 kB
Progress (1): 229/704 kB
Progress (1): 246/704 kB
Progress (1): 262/704 kB
Progress (1): 279/704 kB
Progress (1): 295/704 kB
Progress (1): 311/704 kB
Progress (1): 328/704 kB
Progress (1): 344/704 kB
Progress (1): 360/704 kB
Progress (1): 377/704 kB
Progress (1): 393/704 kB
Progress (1): 410/704 kB
Progress (1): 426/704 kB
Progress (1): 442/704 kB
Progress (1): 459/704 kB
Progress (1): 475/704 kB
Progress (1): 492/704 kB
Progress (1): 508/704 kB
Progress (1): 524/704 kB
Progress (1): 541/704 kB
Progress (1): 557/704 kB
Progress (1): 573/704 kB
Progress (1): 590/704 kB
Progress (1): 606/704 kB
Progress (1): 623/704 kB
Progress (1): 639/704 kB
Progress (1): 655/704 kB
Progress (1): 672/704 kB
Progress (1): 688/704 kB
Progress (1): 704 kB    
                    
Downloaded from central: https://repo.maven.apache.org/maven2/org/mockito/mockito-core/5.11.0/mockito-core-5.11.0.jar (704 kB 
at 3.4 MB/s)
#11 37.48 Downloading from central: 
https://repo.maven.apache.org/maven2/net/bytebuddy/byte-buddy/1.14.12/byte-buddy-1.14.12.jar
#11 37.48 Downloading from central: 
https://repo.maven.apache.org/maven2/net/bytebuddy/byte-buddy-agent/1.14.12/byte-buddy-agent-1.14.12.jar
#11 37.49 Downloading from central: https://repo.maven.apache.org/maven2/org/objenesis/objenesis/3.3/objenesis-3.3.jar
#11 37.49 Downloading from central: 
https://repo.maven.apache.org/maven2/jakarta-regexp/jakarta-regexp/1.4/jakarta-regexp-1.4.jar
#11 37.50 Downloading from central: 
https://repo.maven.apache.org/maven2/org/apache/logging/log4j/log4j-core/2.23.1/log4j-core-2.23.1.jar
#11 37.52 Progress (1): 7.7/257 kB
Progress (1): 12/257 kB 
Progress (1): 29/257 kB
Progress (1): 45/257 kB
Progress (1): 61/257 kB
Progress (1): 78/257 kB
Progress (1): 94/257 kB
Progress (1): 98/257 kB
Progress (1): 114/257 kB
Progress (1): 127/257 kB
Progress (1): 143/257 kB
Progress (2): 143/257 kB | 0/4.2 MB
Progress (2): 143/257 kB | 0/4.2 MB
Progress (3): 143/257 kB | 0/4.2 MB | 7.7/49 kB
Progress (3): 143/257 kB | 0/4.2 MB | 16/49 kB 
Progress (3): 143/257 kB | 0/4.2 MB | 16/49 kB
Progress (3): 143/257 kB | 0/4.2 MB | 32/49 kB
Progress (3): 143/257 kB | 0/4.2 MB | 49/49 kB
Progress (3): 143/257 kB | 0/4.2 MB | 49 kB   
Progress (4): 143/257 kB | 0/4.2 MB | 49 kB | 0/1.9 MB
Progress (4): 160/257 kB | 0/4.2 MB | 49 kB | 0/1.9 MB
Progress (4): 160/257 kB | 0/4.2 MB | 49 kB | 0/1.9 MB
Progress (5): 160/257 kB | 0/4.2 MB | 49 kB | 0/1.9 MB | 7.7/29 kB
Progress (5): 160/257 kB | 0/4.2 MB | 49 kB | 0/1.9 MB | 12/29 kB 
Progress (5): 160/257 kB | 0/4.2 MB | 49 kB | 0/1.9 MB | 12/29 kB
                                                                 
Downloaded from central: https://repo.maven.apache.org/maven2/org/objenesis/objenesis/3.3/objenesis-3.3.jar (49 kB at 402 
kB/s)
#11 37.61 Downloading from central: 
https://repo.maven.apache.org/maven2/org/apache/logging/log4j/log4j-api/2.23.1/log4j-api-2.23.1.jar
#11 37.62 Progress (4): 160/257 kB | 0.1/4.2 MB | 0/1.9 MB | 12/29 kB
Progress (4): 160/257 kB | 0.1/4.2 MB | 0/1.9 MB | 12/29 kB
Progress (4): 176/257 kB | 0.1/4.2 MB | 0/1.9 MB | 12/29 kB
Progress (4): 176/257 kB | 0.1/4.2 MB | 0/1.9 MB | 28/29 kB
Progress (4): 176/257 kB | 0.1/4.2 MB | 0/1.9 MB | 29 kB   
Progress (4): 176/257 kB | 0.1/4.2 MB | 0/1.9 MB | 29 kB
Progress (4): 176/257 kB | 0.1/4.2 MB | 0/1.9 MB | 29 kB
                                                        
Downloaded from central: https://repo.maven.apache.org/maven2/jakarta-regexp/jakarta-regexp/1.4/jakarta-regexp-1.4.jar (29 kB 
at 201 kB/s)
#11 37.63 Downloading from central: 
https://repo.maven.apache.org/maven2/org/apache/logging/log4j/log4j-1.2-api/2.23.1/log4j-1.2-api-2.23.1.jar
#11 37.63 Progress (3): 176/257 kB | 0.1/4.2 MB | 0/1.9 MB
Progress (3): 193/257 kB | 0.1/4.2 MB | 0/1.9 MB
Progress (3): 209/257 kB | 0.1/4.2 MB | 0/1.9 MB
Progress (3): 209/257 kB | 0.1/4.2 MB | 0/1.9 MB
Progress (3): 209/257 kB | 0.1/4.2 MB | 0/1.9 MB
Progress (3): 209/257 kB | 0.1/4.2 MB | 0/1.9 MB
Progress (3): 209/257 kB | 0.1/4.2 MB | 0/1.9 MB
Progress (3): 225/257 kB | 0.1/4.2 MB | 0/1.9 MB
Progress (3): 242/257 kB | 0.1/4.2 MB | 0/1.9 MB
Progress (3): 242/257 kB | 0.2/4.2 MB | 0/1.9 MB
Progress (3): 242/257 kB | 0.2/4.2 MB | 0.1/1.9 MB
Progress (3): 242/257 kB | 0.2/4.2 MB | 0.1/1.9 MB
Progress (3): 242/257 kB | 0.2/4.2 MB | 0.1/1.9 MB
Progress (3): 257 kB | 0.2/4.2 MB | 0.1/1.9 MB    
Progress (3): 257 kB | 0.2/4.2 MB | 0.1/1.9 MB
                                              
Downloaded from central: 
https://repo.maven.apache.org/maven2/net/bytebuddy/byte-buddy-agent/1.14.12/byte-buddy-agent-1.14.12.jar (257 kB at 1.4 MB/s)
#11 37.66 Downloading from central: https://repo.maven.apache.org/maven2/org/slf4j/slf4j-api/2.0.17/slf4j-api-2.0.17.jar
#11 37.66 Progress (2): 0.2/4.2 MB | 0.1/1.9 MB
Progress (3): 0.2/4.2 MB | 0.1/1.9 MB | 7.7/343 kB
Progress (3): 0.2/4.2 MB | 0.1/1.9 MB | 12/343 kB 
Progress (3): 0.2/4.2 MB | 0.1/1.9 MB | 29/343 kB
Progress (3): 0.2/4.2 MB | 0.1/1.9 MB | 29/343 kB
Progress (3): 0.2/4.2 MB | 0.1/1.9 MB | 45/343 kB
Progress (3): 0.2/4.2 MB | 0.1/1.9 MB | 61/343 kB
Progress (3): 0.2/4.2 MB | 0.1/1.9 MB | 61/343 kB
Progress (3): 0.2/4.2 MB | 0.1/1.9 MB | 61/343 kB
Progress (3): 0.2/4.2 MB | 0.1/1.9 MB | 61/343 kB
Progress (3): 0.3/4.2 MB | 0.1/1.9 MB | 61/343 kB
Progress (3): 0.3/4.2 MB | 0.1/1.9 MB | 61/343 kB
Progress (3): 0.3/4.2 MB | 0.1/1.9 MB | 61/343 kB
Progress (3): 0.3/4.2 MB | 0.1/1.9 MB | 61/343 kB
Progress (3): 0.3/4.2 MB | 0.1/1.9 MB | 61/343 kB
Progress (3): 0.3/4.2 MB | 0.1/1.9 MB | 78/343 kB
Progress (3): 0.3/4.2 MB | 0.1/1.9 MB | 78/343 kB
Progress (3): 0.3/4.2 MB | 0.1/1.9 MB | 78/343 kB
Progress (3): 0.3/4.2 MB | 0.1/1.9 MB | 78/343 kB
Progress (3): 0.4/4.2 MB | 0.1/1.9 MB | 78/343 kB
Progress (3): 0.4/4.2 MB | 0.2/1.9 MB | 78/343 kB
Progress (3): 0.4/4.2 MB | 0.2/1.9 MB | 78/343 kB
Progress (3): 0.4/4.2 MB | 0.2/1.9 MB | 94/343 kB
Progress (3): 0.4/4.2 MB | 0.2/1.9 MB | 94/343 kB
Progress (3): 0.4/4.2 MB | 0.2/1.9 MB | 111/343 kB
Progress (3): 0.4/4.2 MB | 0.2/1.9 MB | 111/343 kB
Progress (3): 0.4/4.2 MB | 0.2/1.9 MB | 111/343 kB
Progress (4): 0.4/4.2 MB | 0.2/1.9 MB | 111/343 kB | 7.7/70 kB
Progress (4): 0.4/4.2 MB | 0.2/1.9 MB | 111/343 kB | 16/70 kB 
Progress (4): 0.4/4.2 MB | 0.2/1.9 MB | 111/343 kB | 16/70 kB
Progress (4): 0.4/4.2 MB | 0.2/1.9 MB | 111/343 kB | 16/70 kB
Progress (4): 0.4/4.2 MB | 0.2/1.9 MB | 111/343 kB | 32/70 kB
Progress (4): 0.4/4.2 MB | 0.2/1.9 MB | 127/343 kB | 32/70 kB
Progress (4): 0.4/4.2 MB | 0.2/1.9 MB | 143/343 kB | 32/70 kB
Progress (4): 0.4/4.2 MB | 0.2/1.9 MB | 143/343 kB | 32/70 kB
Progress (4): 0.4/4.2 MB | 0.2/1.9 MB | 143/343 kB | 49/70 kB
Progress (4): 0.5/4.2 MB | 0.2/1.9 MB | 143/343 kB | 49/70 kB
Progress (4): 0.5/4.2 MB | 0.2/1.9 MB | 143/343 kB | 49/70 kB
Progress (5): 0.5/4.2 MB | 0.2/1.9 MB | 143/343 kB | 49/70 kB | 8.2/356 kB
Progress (5): 0.5/4.2 MB | 0.2/1.9 MB | 143/343 kB | 49/70 kB | 8.2/356 kB
Progress (5): 0.5/4.2 MB | 0.2/1.9 MB | 143/343 kB | 49/70 kB | 8.2/356 kB
Progress (5): 0.5/4.2 MB | 0.2/1.9 MB | 143/343 kB | 65/70 kB | 8.2/356 kB
Progress (5): 0.5/4.2 MB | 0.2/1.9 MB | 143/343 kB | 70 kB | 8.2/356 kB   
Progress (5): 0.5/4.2 MB | 0.2/1.9 MB | 143/343 kB | 70 kB | 8.2/356 kB
Progress (5): 0.5/4.2 MB | 0.2/1.9 MB | 143/343 kB | 70 kB | 8.2/356 kB
Progress (5): 0.5/4.2 MB | 0.2/1.9 MB | 143/343 kB | 70 kB | 25/356 kB 
Progress (5): 0.5/4.2 MB | 0.2/1.9 MB | 143/343 kB | 70 kB | 25/356 kB
Progress (5): 0.5/4.2 MB | 0.2/1.9 MB | 143/343 kB | 70 kB | 41/356 kB
Progress (5): 0.5/4.2 MB | 0.2/1.9 MB | 143/343 kB | 70 kB | 41/356 kB
                                                                      
Downloaded from central: https://repo.maven.apache.org/maven2/org/slf4j/slf4j-api/2.0.17/slf4j-api-2.0.17.jar (70 kB at 279 
kB/s)
#11 37.75 Downloading from central: https://repo.maven.apache.org/maven2/org/apache/ant/ant/1.10.15/ant-1.10.15.jar
#11 37.75 Progress (4): 0.5/4.2 MB | 0.2/1.9 MB | 143/343 kB | 41/356 kB
Progress (4): 0.5/4.2 MB | 0.2/1.9 MB | 143/343 kB | 41/356 kB
Progress (4): 0.6/4.2 MB | 0.2/1.9 MB | 143/343 kB | 41/356 kB
Progress (4): 0.6/4.2 MB | 0.2/1.9 MB | 143/343 kB | 41/356 kB
Progress (4): 0.6/4.2 MB | 0.2/1.9 MB | 143/343 kB | 41/356 kB
Progress (4): 0.6/4.2 MB | 0.2/1.9 MB | 143/343 kB | 41/356 kB
Progress (4): 0.6/4.2 MB | 0.3/1.9 MB | 143/343 kB | 41/356 kB
Progress (4): 0.6/4.2 MB | 0.3/1.9 MB | 143/343 kB | 41/356 kB
Progress (4): 0.6/4.2 MB | 0.3/1.9 MB | 143/343 kB | 41/356 kB
Progress (4): 0.6/4.2 MB | 0.3/1.9 MB | 143/343 kB | 41/356 kB
Progress (4): 0.6/4.2 MB | 0.3/1.9 MB | 143/343 kB | 41/356 kB
Progress (4): 0.6/4.2 MB | 0.3/1.9 MB | 143/343 kB | 41/356 kB
Progress (4): 0.6/4.2 MB | 0.3/1.9 MB | 143/343 kB | 57/356 kB
Progress (4): 0.6/4.2 MB | 0.3/1.9 MB | 143/343 kB | 74/356 kB
Progress (4): 0.6/4.2 MB | 0.3/1.9 MB | 143/343 kB | 74/356 kB
Progress (4): 0.6/4.2 MB | 0.3/1.9 MB | 143/343 kB | 74/356 kB
Progress (4): 0.6/4.2 MB | 0.4/1.9 MB | 143/343 kB | 74/356 kB
Progress (4): 0.7/4.2 MB | 0.4/1.9 MB | 143/343 kB | 74/356 kB
Progress (4): 0.7/4.2 MB | 0.4/1.9 MB | 143/343 kB | 82/356 kB
Progress (4): 0.7/4.2 MB | 0.4/1.9 MB | 143/343 kB | 98/356 kB
Progress (4): 0.7/4.2 MB | 0.4/1.9 MB | 143/343 kB | 98/356 kB
Progress (4): 0.7/4.2 MB | 0.4/1.9 MB | 143/343 kB | 106/356 kB
Progress (4): 0.7/4.2 MB | 0.4/1.9 MB | 143/343 kB | 106/356 kB
Progress (4): 0.7/4.2 MB | 0.4/1.9 MB | 143/343 kB | 115/356 kB
Progress (4): 0.7/4.2 MB | 0.4/1.9 MB | 143/343 kB | 115/356 kB
Progress (4): 0.7/4.2 MB | 0.4/1.9 MB | 143/343 kB | 115/356 kB
Progress (4): 0.7/4.2 MB | 0.4/1.9 MB | 143/343 kB | 115/356 kB
Progress (4): 0.7/4.2 MB | 0.4/1.9 MB | 143/343 kB | 131/356 kB
Progress (4): 0.7/4.2 MB | 0.4/1.9 MB | 143/343 kB | 131/356 kB
Progress (4): 0.7/4.2 MB | 0.4/1.9 MB | 143/343 kB | 139/356 kB
Progress (5): 0.7/4.2 MB | 0.4/1.9 MB | 143/343 kB | 139/356 kB | 0/2.3 MB
Progress (5): 0.7/4.2 MB | 0.4/1.9 MB | 143/343 kB | 139/356 kB | 0/2.3 MB
Progress (5): 0.7/4.2 MB | 0.4/1.9 MB | 143/343 kB | 139/356 kB | 0/2.3 MB
Progress (5): 0.7/4.2 MB | 0.4/1.9 MB | 143/343 kB | 139/356 kB | 0/2.3 MB
Progress (5): 0.7/4.2 MB | 0.4/1.9 MB | 143/343 kB | 139/356 kB | 0/2.3 MB
Progress (5): 0.7/4.2 MB | 0.4/1.9 MB | 143/343 kB | 139/356 kB | 0/2.3 MB
Progress (5): 0.7/4.2 MB | 0.4/1.9 MB | 143/343 kB | 139/356 kB | 0/2.3 MB
Progress (5): 0.7/4.2 MB | 0.4/1.9 MB | 143/343 kB | 156/356 kB | 0/2.3 MB
Progress (5): 0.8/4.2 MB | 0.4/1.9 MB | 143/343 kB | 156/356 kB | 0/2.3 MB
Progress (5): 0.8/4.2 MB | 0.4/1.9 MB | 143/343 kB | 156/356 kB | 0/2.3 MB
Progress (5): 0.8/4.2 MB | 0.4/1.9 MB | 143/343 kB | 156/356 kB | 0/2.3 MB
Progress (5): 0.8/4.2 MB | 0.4/1.9 MB | 143/343 kB | 156/356 kB | 0.1/2.3 MB
Progress (5): 0.8/4.2 MB | 0.5/1.9 MB | 143/343 kB | 156/356 kB | 0.1/2.3 MB
Progress (5): 0.8/4.2 MB | 0.5/1.9 MB | 143/343 kB | 156/356 kB | 0.1/2.3 MB
Progress (5): 0.8/4.2 MB | 0.5/1.9 MB | 143/343 kB | 156/356 kB | 0.1/2.3 MB
Progress (5): 0.8/4.2 MB | 0.5/1.9 MB | 143/343 kB | 156/356 kB | 0.1/2.3 MB
Progress (5): 0.8/4.2 MB | 0.5/1.9 MB | 143/343 kB | 172/356 kB | 0.1/2.3 MB
Progress (5): 0.8/4.2 MB | 0.5/1.9 MB | 143/343 kB | 172/356 kB | 0.1/2.3 MB
Progress (5): 0.8/4.2 MB | 0.5/1.9 MB | 143/343 kB | 188/356 kB | 0.1/2.3 MB
Progress (5): 0.8/4.2 MB | 0.5/1.9 MB | 143/343 kB | 188/356 kB | 0.1/2.3 MB
Progress (5): 0.8/4.2 MB | 0.5/1.9 MB | 143/343 kB | 205/356 kB | 0.1/2.3 MB
Progress (5): 0.8/4.2 MB | 0.5/1.9 MB | 143/343 kB | 205/356 kB | 0.1/2.3 MB
Progress (5): 0.8/4.2 MB | 0.5/1.9 MB | 143/343 kB | 221/356 kB | 0.1/2.3 MB
Progress (5): 0.8/4.2 MB | 0.5/1.9 MB | 143/343 kB | 221/356 kB | 0.1/2.3 MB
Progress (5): 0.8/4.2 MB | 0.5/1.9 MB | 143/343 kB | 238/356 kB | 0.1/2.3 MB
Progress (5): 0.8/4.2 MB | 0.5/1.9 MB | 143/343 kB | 238/356 kB | 0.1/2.3 MB
Progress (5): 0.8/4.2 MB | 0.5/1.9 MB | 143/343 kB | 254/356 kB | 0.1/2.3 MB
Progress (5): 0.8/4.2 MB | 0.5/1.9 MB | 143/343 kB | 254/356 kB | 0.1/2.3 MB
Progress (5): 0.8/4.2 MB | 0.5/1.9 MB | 143/343 kB | 254/356 kB | 0.1/2.3 MB
Progress (5): 0.8/4.2 MB | 0.5/1.9 MB | 143/343 kB | 254/356 kB | 0.2/2.3 MB
Progress (5): 0.9/4.2 MB | 0.5/1.9 MB | 143/343 kB | 254/356 kB | 0.2/2.3 MB
Progress (5): 0.9/4.2 MB | 0.5/1.9 MB | 143/343 kB | 254/356 kB | 0.2/2.3 MB
Progress (5): 0.9/4.2 MB | 0.5/1.9 MB | 143/343 kB | 254/356 kB | 0.2/2.3 MB
Progress (5): 0.9/4.2 MB | 0.5/1.9 MB | 143/343 kB | 254/356 kB | 0.2/2.3 MB
Progress (5): 0.9/4.2 MB | 0.5/1.9 MB | 143/343 kB | 254/356 kB | 0.2/2.3 MB
Progress (5): 0.9/4.2 MB | 0.5/1.9 MB | 143/343 kB | 254/356 kB | 0.2/2.3 MB
Progress (5): 0.9/4.2 MB | 0.5/1.9 MB | 143/343 kB | 254/356 kB | 0.2/2.3 MB
Progress (5): 0.9/4.2 MB | 0.5/1.9 MB | 143/343 kB | 254/356 kB | 0.2/2.3 MB
Progress (5): 0.9/4.2 MB | 0.5/1.9 MB | 143/343 kB | 254/356 kB | 0.2/2.3 MB
Progress (5): 0.9/4.2 MB | 0.5/1.9 MB | 143/343 kB | 254/356 kB | 0.2/2.3 MB
Progress (5): 0.9/4.2 MB | 0.5/1.9 MB | 143/343 kB | 254/356 kB | 0.2/2.3 MB
Progress (5): 0.9/4.2 MB | 0.5/1.9 MB | 143/343 kB | 254/356 kB | 0.2/2.3 MB
Progress (5): 0.9/4.2 MB | 0.5/1.9 MB | 143/343 kB | 254/356 kB | 0.2/2.3 MB
Progress (5): 0.9/4.2 MB | 0.5/1.9 MB | 143/343 kB | 254/356 kB | 0.3/2.3 MB
Progress (5): 0.9/4.2 MB | 0.5/1.9 MB | 143/343 kB | 254/356 kB | 0.3/2.3 MB
Progress (5): 0.9/4.2 MB | 0.5/1.9 MB | 143/343 kB | 254/356 kB | 0.3/2.3 MB
Progress (5): 1.0/4.2 MB | 0.5/1.9 MB | 143/343 kB | 254/356 kB | 0.3/2.3 MB
Progress (5): 1.0/4.2 MB | 0.6/1.9 MB | 143/343 kB | 254/356 kB | 0.3/2.3 MB
Progress (5): 1.0/4.2 MB | 0.6/1.9 MB | 143/343 kB | 254/356 kB | 0.3/2.3 MB
Progress (5): 1.0/4.2 MB | 0.6/1.9 MB | 143/343 kB | 254/356 kB | 0.3/2.3 MB
Progress (5): 1.0/4.2 MB | 0.6/1.9 MB | 143/343 kB | 254/356 kB | 0.3/2.3 MB
Progress (5): 1.0/4.2 MB | 0.6/1.9 MB | 143/343 kB | 254/356 kB | 0.3/2.3 MB
Progress (5): 1.0/4.2 MB | 0.6/1.9 MB | 143/343 kB | 254/356 kB | 0.3/2.3 MB
Progress (5): 1.0/4.2 MB | 0.6/1.9 MB | 143/343 kB | 254/356 kB | 0.3/2.3 MB
Progress (5): 1.0/4.2 MB | 0.6/1.9 MB | 143/343 kB | 254/356 kB | 0.3/2.3 MB
Progress (5): 1.0/4.2 MB | 0.6/1.9 MB | 143/343 kB | 254/356 kB | 0.3/2.3 MB
Progress (5): 1.0/4.2 MB | 0.6/1.9 MB | 143/343 kB | 254/356 kB | 0.3/2.3 MB
Progress (5): 1.0/4.2 MB | 0.7/1.9 MB | 143/343 kB | 254/356 kB | 0.3/2.3 MB
Progress (5): 1.0/4.2 MB | 0.7/1.9 MB | 143/343 kB | 254/356 kB | 0.3/2.3 MB
Progress (5): 1.0/4.2 MB | 0.7/1.9 MB | 143/343 kB | 254/356 kB | 0.3/2.3 MB
Progress (5): 1.1/4.2 MB | 0.7/1.9 MB | 143/343 kB | 254/356 kB | 0.3/2.3 MB
Progress (5): 1.1/4.2 MB | 0.7/1.9 MB | 143/343 kB | 254/356 kB | 0.3/2.3 MB
Progress (5): 1.1/4.2 MB | 0.7/1.9 MB | 143/343 kB | 254/356 kB | 0.3/2.3 MB
Progress (5): 1.1/4.2 MB | 0.7/1.9 MB | 143/343 kB | 254/356 kB | 0.3/2.3 MB
Progress (5): 1.1/4.2 MB | 0.7/1.9 MB | 143/343 kB | 254/356 kB | 0.3/2.3 MB
Progress (5): 1.1/4.2 MB | 0.7/1.9 MB | 143/343 kB | 254/356 kB | 0.3/2.3 MB
Progress (5): 1.1/4.2 MB | 0.7/1.9 MB | 143/343 kB | 254/356 kB | 0.3/2.3 MB
Progress (5): 1.1/4.2 MB | 0.8/1.9 MB | 143/343 kB | 254/356 kB | 0.3/2.3 MB
Progress (5): 1.1/4.2 MB | 0.8/1.9 MB | 143/343 kB | 254/356 kB | 0.3/2.3 MB
Progress (5): 1.1/4.2 MB | 0.8/1.9 MB | 143/343 kB | 254/356 kB | 0.3/2.3 MB
Progress (5): 1.1/4.2 MB | 0.8/1.9 MB | 143/343 kB | 254/356 kB | 0.3/2.3 MB
Progress (5): 1.1/4.2 MB | 0.8/1.9 MB | 143/343 kB | 254/356 kB | 0.3/2.3 MB
Progress (5): 1.1/4.2 MB | 0.8/1.9 MB | 143/343 kB | 254/356 kB | 0.3/2.3 MB
Progress (5): 1.1/4.2 MB | 0.8/1.9 MB | 143/343 kB | 254/356 kB | 0.3/2.3 MB
Progress (5): 1.1/4.2 MB | 0.8/1.9 MB | 143/343 kB | 254/356 kB | 0.3/2.3 MB
Progress (5): 1.1/4.2 MB | 0.8/1.9 MB | 143/343 kB | 254/356 kB | 0.3/2.3 MB
Progress (5): 1.1/4.2 MB | 0.8/1.9 MB | 143/343 kB | 254/356 kB | 0.3/2.3 MB
Progress (5): 1.1/4.2 MB | 0.8/1.9 MB | 143/343 kB | 270/356 kB | 0.3/2.3 MB
Progress (5): 1.2/4.2 MB | 0.8/1.9 MB | 143/343 kB | 270/356 kB | 0.3/2.3 MB
Progress (5): 1.2/4.2 MB | 0.8/1.9 MB | 143/343 kB | 270/356 kB | 0.3/2.3 MB
Progress (5): 1.2/4.2 MB | 0.8/1.9 MB | 143/343 kB | 270/356 kB | 0.3/2.3 MB
Progress (5): 1.2/4.2 MB | 0.8/1.9 MB | 143/343 kB | 270/356 kB | 0.3/2.3 MB
Progress (5): 1.2/4.2 MB | 0.8/1.9 MB | 143/343 kB | 287/356 kB | 0.3/2.3 MB
Progress (5): 1.2/4.2 MB | 0.8/1.9 MB | 143/343 kB | 287/356 kB | 0.3/2.3 MB
Progress (5): 1.2/4.2 MB | 0.8/1.9 MB | 143/343 kB | 287/356 kB | 0.3/2.3 MB
Progress (5): 1.2/4.2 MB | 0.8/1.9 MB | 143/343 kB | 287/356 kB | 0.3/2.3 MB
Progress (5): 1.2/4.2 MB | 0.8/1.9 MB | 143/343 kB | 287/356 kB | 0.3/2.3 MB
Progress (5): 1.2/4.2 MB | 0.8/1.9 MB | 143/343 kB | 303/356 kB | 0.3/2.3 MB
Progress (5): 1.2/4.2 MB | 0.8/1.9 MB | 143/343 kB | 319/356 kB | 0.3/2.3 MB
Progress (5): 1.2/4.2 MB | 0.8/1.9 MB | 143/343 kB | 319/356 kB | 0.3/2.3 MB
Progress (5): 1.2/4.2 MB | 0.9/1.9 MB | 143/343 kB | 319/356 kB | 0.3/2.3 MB
Progress (5): 1.3/4.2 MB | 0.9/1.9 MB | 143/343 kB | 319/356 kB | 0.3/2.3 MB
Progress (5): 1.3/4.2 MB | 0.9/1.9 MB | 143/343 kB | 319/356 kB | 0.3/2.3 MB
Progress (5): 1.3/4.2 MB | 0.9/1.9 MB | 143/343 kB | 319/356 kB | 0.3/2.3 MB
Progress (5): 1.3/4.2 MB | 0.9/1.9 MB | 143/343 kB | 319/356 kB | 0.3/2.3 MB
Progress (5): 1.3/4.2 MB | 0.9/1.9 MB | 143/343 kB | 319/356 kB | 0.3/2.3 MB
Progress (5): 1.3/4.2 MB | 0.9/1.9 MB | 143/343 kB | 319/356 kB | 0.3/2.3 MB
Progress (5): 1.3/4.2 MB | 0.9/1.9 MB | 143/343 kB | 319/356 kB | 0.3/2.3 MB
Progress (5): 1.3/4.2 MB | 0.9/1.9 MB | 143/343 kB | 319/356 kB | 0.3/2.3 MB
Progress (5): 1.3/4.2 MB | 0.9/1.9 MB | 143/343 kB | 319/356 kB | 0.4/2.3 MB
Progress (5): 1.3/4.2 MB | 0.9/1.9 MB | 143/343 kB | 319/356 kB | 0.4/2.3 MB
Progress (5): 1.4/4.2 MB | 0.9/1.9 MB | 143/343 kB | 319/356 kB | 0.4/2.3 MB
Progress (5): 1.4/4.2 MB | 0.9/1.9 MB | 143/343 kB | 319/356 kB | 0.4/2.3 MB
Progress (5): 1.4/4.2 MB | 0.9/1.9 MB | 143/343 kB | 319/356 kB | 0.4/2.3 MB
Progress (5): 1.4/4.2 MB | 0.9/1.9 MB | 143/343 kB | 319/356 kB | 0.4/2.3 MB
Progress (5): 1.4/4.2 MB | 0.9/1.9 MB | 143/343 kB | 319/356 kB | 0.4/2.3 MB
Progress (5): 1.4/4.2 MB | 0.9/1.9 MB | 143/343 kB | 319/356 kB | 0.4/2.3 MB
Progress (5): 1.4/4.2 MB | 0.9/1.9 MB | 143/343 kB | 319/356 kB | 0.4/2.3 MB
Progress (5): 1.4/4.2 MB | 0.9/1.9 MB | 143/343 kB | 319/356 kB | 0.4/2.3 MB
Progress (5): 1.4/4.2 MB | 0.9/1.9 MB | 143/343 kB | 319/356 kB | 0.4/2.3 MB
Progress (5): 1.4/4.2 MB | 0.9/1.9 MB | 143/343 kB | 319/356 kB | 0.4/2.3 MB
Progress (5): 1.4/4.2 MB | 0.9/1.9 MB | 143/343 kB | 319/356 kB | 0.4/2.3 MB
Progress (5): 1.4/4.2 MB | 0.9/1.9 MB | 143/343 kB | 319/356 kB | 0.5/2.3 MB
Progress (5): 1.4/4.2 MB | 0.9/1.9 MB | 143/343 kB | 319/356 kB | 0.5/2.3 MB
Progress (5): 1.4/4.2 MB | 0.9/1.9 MB | 143/343 kB | 319/356 kB | 0.5/2.3 MB
Progress (5): 1.4/4.2 MB | 1.0/1.9 MB | 143/343 kB | 319/356 kB | 0.5/2.3 MB
Progress (5): 1.4/4.2 MB | 1.0/1.9 MB | 143/343 kB | 319/356 kB | 0.5/2.3 MB
Progress (5): 1.4/4.2 MB | 1.0/1.9 MB | 143/343 kB | 319/356 kB | 0.5/2.3 MB
Progress (5): 1.4/4.2 MB | 1.0/1.9 MB | 143/343 kB | 319/356 kB | 0.5/2.3 MB
Progress (5): 1.4/4.2 MB | 1.0/1.9 MB | 143/343 kB | 319/356 kB | 0.5/2.3 MB
Progress (5): 1.4/4.2 MB | 1.0/1.9 MB | 143/343 kB | 319/356 kB | 0.5/2.3 MB
Progress (5): 1.4/4.2 MB | 1.0/1.9 MB | 143/343 kB | 319/356 kB | 0.5/2.3 MB
Progress (5): 1.4/4.2 MB | 1.0/1.9 MB | 143/343 kB | 319/356 kB | 0.5/2.3 MB
Progress (5): 1.4/4.2 MB | 1.0/1.9 MB | 143/343 kB | 319/356 kB | 0.6/2.3 MB
Progress (5): 1.4/4.2 MB | 1.0/1.9 MB | 143/343 kB | 319/356 kB | 0.6/2.3 MB
Progress (5): 1.4/4.2 MB | 1.0/1.9 MB | 160/343 kB | 319/356 kB | 0.6/2.3 MB
Progress (5): 1.4/4.2 MB | 1.0/1.9 MB | 160/343 kB | 319/356 kB | 0.6/2.3 MB
Progress (5): 1.4/4.2 MB | 1.0/1.9 MB | 160/343 kB | 319/356 kB | 0.6/2.3 MB
Progress (5): 1.4/4.2 MB | 1.0/1.9 MB | 160/343 kB | 319/356 kB | 0.6/2.3 MB
Progress (5): 1.4/4.2 MB | 1.0/1.9 MB | 160/343 kB | 319/356 kB | 0.6/2.3 MB
Progress (5): 1.4/4.2 MB | 1.0/1.9 MB | 160/343 kB | 319/356 kB | 0.6/2.3 MB
Progress (5): 1.4/4.2 MB | 1.0/1.9 MB | 160/343 kB | 319/356 kB | 0.6/2.3 MB
Progress (5): 1.4/4.2 MB | 1.0/1.9 MB | 160/343 kB | 319/356 kB | 0.6/2.3 MB
Progress (5): 1.4/4.2 MB | 1.0/1.9 MB | 160/343 kB | 319/356 kB | 0.7/2.3 MB
Progress (5): 1.4/4.2 MB | 1.0/1.9 MB | 160/343 kB | 319/356 kB | 0.7/2.3 MB
Progress (5): 1.4/4.2 MB | 1.0/1.9 MB | 160/343 kB | 319/356 kB | 0.7/2.3 MB
Progress (5): 1.5/4.2 MB | 1.0/1.9 MB | 160/343 kB | 319/356 kB | 0.7/2.3 MB
Progress (5): 1.5/4.2 MB | 1.0/1.9 MB | 160/343 kB | 319/356 kB | 0.7/2.3 MB
Progress (5): 1.5/4.2 MB | 1.0/1.9 MB | 160/343 kB | 319/356 kB | 0.7/2.3 MB
Progress (5): 1.5/4.2 MB | 1.0/1.9 MB | 160/343 kB | 319/356 kB | 0.7/2.3 MB
Progress (5): 1.5/4.2 MB | 1.0/1.9 MB | 160/343 kB | 319/356 kB | 0.7/2.3 MB
Progress (5): 1.5/4.2 MB | 1.0/1.9 MB | 176/343 kB | 319/356 kB | 0.7/2.3 MB
Progress (5): 1.5/4.2 MB | 1.0/1.9 MB | 176/343 kB | 319/356 kB | 0.7/2.3 MB
Progress (5): 1.5/4.2 MB | 1.0/1.9 MB | 176/343 kB | 319/356 kB | 0.7/2.3 MB
Progress (5): 1.5/4.2 MB | 1.0/1.9 MB | 176/343 kB | 319/356 kB | 0.8/2.3 MB
Progress (5): 1.5/4.2 MB | 1.0/1.9 MB | 176/343 kB | 319/356 kB | 0.8/2.3 MB
Progress (5): 1.5/4.2 MB | 1.1/1.9 MB | 176/343 kB | 319/356 kB | 0.8/2.3 MB
Progress (5): 1.5/4.2 MB | 1.1/1.9 MB | 176/343 kB | 319/356 kB | 0.8/2.3 MB
Progress (5): 1.5/4.2 MB | 1.1/1.9 MB | 193/343 kB | 319/356 kB | 0.8/2.3 MB
Progress (5): 1.5/4.2 MB | 1.1/1.9 MB | 197/343 kB | 319/356 kB | 0.8/2.3 MB
Progress (5): 1.5/4.2 MB | 1.1/1.9 MB | 197/343 kB | 319/356 kB | 0.8/2.3 MB
Progress (5): 1.5/4.2 MB | 1.1/1.9 MB | 197/343 kB | 319/356 kB | 0.8/2.3 MB
Progress (5): 1.5/4.2 MB | 1.1/1.9 MB | 197/343 kB | 319/356 kB | 0.8/2.3 MB
Progress (5): 1.5/4.2 MB | 1.1/1.9 MB | 213/343 kB | 319/356 kB | 0.8/2.3 MB
Progress (5): 1.5/4.2 MB | 1.1/1.9 MB | 213/343 kB | 319/356 kB | 0.8/2.3 MB
Progress (5): 1.5/4.2 MB | 1.1/1.9 MB | 213/343 kB | 319/356 kB | 0.8/2.3 MB
Progress (5): 1.5/4.2 MB | 1.1/1.9 MB | 213/343 kB | 319/356 kB | 0.8/2.3 MB
Progress (5): 1.5/4.2 MB | 1.1/1.9 MB | 229/343 kB | 319/356 kB | 0.8/2.3 MB
Progress (5): 1.5/4.2 MB | 1.1/1.9 MB | 229/343 kB | 319/356 kB | 0.8/2.3 MB
Progress (5): 1.5/4.2 MB | 1.1/1.9 MB | 229/343 kB | 319/356 kB | 0.8/2.3 MB
Progress (5): 1.5/4.2 MB | 1.1/1.9 MB | 229/343 kB | 319/356 kB | 0.9/2.3 MB
Progress (5): 1.5/4.2 MB | 1.1/1.9 MB | 229/343 kB | 319/356 kB | 0.9/2.3 MB
Progress (5): 1.5/4.2 MB | 1.1/1.9 MB | 229/343 kB | 319/356 kB | 0.9/2.3 MB
Progress (5): 1.5/4.2 MB | 1.1/1.9 MB | 229/343 kB | 319/356 kB | 0.9/2.3 MB
Progress (5): 1.5/4.2 MB | 1.1/1.9 MB | 229/343 kB | 319/356 kB | 0.9/2.3 MB
Progress (5): 1.5/4.2 MB | 1.1/1.9 MB | 229/343 kB | 319/356 kB | 0.9/2.3 MB
Progress (5): 1.5/4.2 MB | 1.1/1.9 MB | 246/343 kB | 319/356 kB | 0.9/2.3 MB
Progress (5): 1.5/4.2 MB | 1.1/1.9 MB | 246/343 kB | 319/356 kB | 0.9/2.3 MB
Progress (5): 1.5/4.2 MB | 1.1/1.9 MB | 262/343 kB | 319/356 kB | 0.9/2.3 MB
Progress (5): 1.5/4.2 MB | 1.1/1.9 MB | 262/343 kB | 319/356 kB | 0.9/2.3 MB
Progress (5): 1.5/4.2 MB | 1.1/1.9 MB | 262/343 kB | 319/356 kB | 0.9/2.3 MB
Progress (5): 1.5/4.2 MB | 1.1/1.9 MB | 262/343 kB | 319/356 kB | 0.9/2.3 MB
Progress (5): 1.5/4.2 MB | 1.1/1.9 MB | 262/343 kB | 319/356 kB | 0.9/2.3 MB
Progress (5): 1.5/4.2 MB | 1.2/1.9 MB | 262/343 kB | 319/356 kB | 0.9/2.3 MB
Progress (5): 1.5/4.2 MB | 1.2/1.9 MB | 279/343 kB | 319/356 kB | 0.9/2.3 MB
Progress (5): 1.5/4.2 MB | 1.2/1.9 MB | 279/343 kB | 319/356 kB | 0.9/2.3 MB
Progress (5): 1.5/4.2 MB | 1.2/1.9 MB | 279/343 kB | 319/356 kB | 1.0/2.3 MB
Progress (5): 1.5/4.2 MB | 1.2/1.9 MB | 279/343 kB | 319/356 kB | 1.0/2.3 MB
Progress (5): 1.6/4.2 MB | 1.2/1.9 MB | 279/343 kB | 319/356 kB | 1.0/2.3 MB
Progress (5): 1.6/4.2 MB | 1.2/1.9 MB | 279/343 kB | 319/356 kB | 1.0/2.3 MB
Progress (5): 1.6/4.2 MB | 1.2/1.9 MB | 279/343 kB | 319/356 kB | 1.0/2.3 MB
Progress (5): 1.6/4.2 MB | 1.2/1.9 MB | 279/343 kB | 319/356 kB | 1.0/2.3 MB
Progress (5): 1.6/4.2 MB | 1.2/1.9 MB | 279/343 kB | 319/356 kB | 1.0/2.3 MB
Progress (5): 1.6/4.2 MB | 1.2/1.9 MB | 279/343 kB | 319/356 kB | 1.0/2.3 MB
Progress (5): 1.6/4.2 MB | 1.2/1.9 MB | 279/343 kB | 319/356 kB | 1.0/2.3 MB
Progress (5): 1.6/4.2 MB | 1.2/1.9 MB | 295/343 kB | 319/356 kB | 1.0/2.3 MB
Progress (5): 1.6/4.2 MB | 1.2/1.9 MB | 295/343 kB | 319/356 kB | 1.0/2.3 MB
Progress (5): 1.6/4.2 MB | 1.2/1.9 MB | 295/343 kB | 319/356 kB | 1.0/2.3 MB
Progress (5): 1.6/4.2 MB | 1.2/1.9 MB | 295/343 kB | 319/356 kB | 1.1/2.3 MB
Progress (5): 1.6/4.2 MB | 1.2/1.9 MB | 295/343 kB | 319/356 kB | 1.1/2.3 MB
Progress (5): 1.6/4.2 MB | 1.2/1.9 MB | 295/343 kB | 319/356 kB | 1.1/2.3 MB
Progress (5): 1.6/4.2 MB | 1.2/1.9 MB | 295/343 kB | 319/356 kB | 1.1/2.3 MB
Progress (5): 1.6/4.2 MB | 1.2/1.9 MB | 295/343 kB | 319/356 kB | 1.1/2.3 MB
Progress (5): 1.6/4.2 MB | 1.2/1.9 MB | 295/343 kB | 319/356 kB | 1.1/2.3 MB
Progress (5): 1.6/4.2 MB | 1.2/1.9 MB | 295/343 kB | 319/356 kB | 1.1/2.3 MB
Progress (5): 1.6/4.2 MB | 1.2/1.9 MB | 295/343 kB | 319/356 kB | 1.1/2.3 MB
Progress (5): 1.6/4.2 MB | 1.2/1.9 MB | 295/343 kB | 319/356 kB | 1.1/2.3 MB
Progress (5): 1.6/4.2 MB | 1.2/1.9 MB | 295/343 kB | 319/356 kB | 1.1/2.3 MB
Progress (5): 1.6/4.2 MB | 1.2/1.9 MB | 295/343 kB | 319/356 kB | 1.2/2.3 MB
Progress (5): 1.6/4.2 MB | 1.2/1.9 MB | 295/343 kB | 319/356 kB | 1.2/2.3 MB
Progress (5): 1.6/4.2 MB | 1.2/1.9 MB | 311/343 kB | 319/356 kB | 1.2/2.3 MB
Progress (5): 1.6/4.2 MB | 1.2/1.9 MB | 311/343 kB | 319/356 kB | 1.2/2.3 MB
Progress (5): 1.6/4.2 MB | 1.2/1.9 MB | 311/343 kB | 319/356 kB | 1.2/2.3 MB
Progress (5): 1.6/4.2 MB | 1.2/1.9 MB | 311/343 kB | 319/356 kB | 1.2/2.3 MB
Progress (5): 1.6/4.2 MB | 1.2/1.9 MB | 311/343 kB | 319/356 kB | 1.2/2.3 MB
Progress (5): 1.6/4.2 MB | 1.2/1.9 MB | 311/343 kB | 319/356 kB | 1.2/2.3 MB
Progress (5): 1.6/4.2 MB | 1.2/1.9 MB | 311/343 kB | 319/356 kB | 1.3/2.3 MB
Progress (5): 1.6/4.2 MB | 1.3/1.9 MB | 311/343 kB | 319/356 kB | 1.3/2.3 MB
Progress (5): 1.6/4.2 MB | 1.3/1.9 MB | 311/343 kB | 319/356 kB | 1.3/2.3 MB
Progress (5): 1.6/4.2 MB | 1.3/1.9 MB | 311/343 kB | 319/356 kB | 1.3/2.3 MB
Progress (5): 1.6/4.2 MB | 1.3/1.9 MB | 328/343 kB | 319/356 kB | 1.3/2.3 MB
Progress (5): 1.7/4.2 MB | 1.3/1.9 MB | 328/343 kB | 319/356 kB | 1.3/2.3 MB
Progress (5): 1.7/4.2 MB | 1.3/1.9 MB | 328/343 kB | 319/356 kB | 1.3/2.3 MB
Progress (5): 1.7/4.2 MB | 1.3/1.9 MB | 328/343 kB | 319/356 kB | 1.3/2.3 MB
Progress (5): 1.7/4.2 MB | 1.3/1.9 MB | 328/343 kB | 319/356 kB | 1.3/2.3 MB
Progress (5): 1.7/4.2 MB | 1.3/1.9 MB | 328/343 kB | 319/356 kB | 1.3/2.3 MB
Progress (5): 1.7/4.2 MB | 1.3/1.9 MB | 343 kB | 319/356 kB | 1.3/2.3 MB    
Progress (5): 1.7/4.2 MB | 1.3/1.9 MB | 343 kB | 319/356 kB | 1.3/2.3 MB
Progress (5): 1.7/4.2 MB | 1.3/1.9 MB | 343 kB | 319/356 kB | 1.3/2.3 MB
Progress (5): 1.7/4.2 MB | 1.3/1.9 MB | 343 kB | 319/356 kB | 1.3/2.3 MB
Progress (5): 1.7/4.2 MB | 1.3/1.9 MB | 343 kB | 319/356 kB | 1.4/2.3 MB
                                                                        
Downloaded from central: https://repo.maven.apache.org/maven2/org/apache/logging/log4j/log4j-api/2.23.1/log4j-api-2.23.1.jar 
(343 kB at 601 kB/s)
#11 38.07 Downloading from central: 
https://repo.maven.apache.org/maven2/org/apache/ant/ant-launcher/1.10.15/ant-launcher-1.10.15.jar
#11 38.07 Progress (4): 1.7/4.2 MB | 1.3/1.9 MB | 319/356 kB | 1.4/2.3 MB
Progress (4): 1.7/4.2 MB | 1.3/1.9 MB | 319/356 kB | 1.4/2.3 MB
Progress (4): 1.7/4.2 MB | 1.3/1.9 MB | 319/356 kB | 1.4/2.3 MB
Progress (4): 1.7/4.2 MB | 1.3/1.9 MB | 319/356 kB | 1.4/2.3 MB
Progress (4): 1.7/4.2 MB | 1.3/1.9 MB | 319/356 kB | 1.4/2.3 MB
Progress (4): 1.7/4.2 MB | 1.3/1.9 MB | 319/356 kB | 1.4/2.3 MB
Progress (4): 1.7/4.2 MB | 1.3/1.9 MB | 319/356 kB | 1.4/2.3 MB
Progress (4): 1.7/4.2 MB | 1.3/1.9 MB | 319/356 kB | 1.4/2.3 MB
Progress (4): 1.7/4.2 MB | 1.3/1.9 MB | 319/356 kB | 1.4/2.3 MB
Progress (4): 1.7/4.2 MB | 1.3/1.9 MB | 319/356 kB | 1.4/2.3 MB
Progress (4): 1.7/4.2 MB | 1.3/1.9 MB | 319/356 kB | 1.4/2.3 MB
Progress (4): 1.7/4.2 MB | 1.4/1.9 MB | 319/356 kB | 1.4/2.3 MB
Progress (4): 1.7/4.2 MB | 1.4/1.9 MB | 319/356 kB | 1.4/2.3 MB
Progress (4): 1.7/4.2 MB | 1.4/1.9 MB | 319/356 kB | 1.5/2.3 MB
Progress (4): 1.7/4.2 MB | 1.4/1.9 MB | 319/356 kB | 1.5/2.3 MB
Progress (4): 1.8/4.2 MB | 1.4/1.9 MB | 319/356 kB | 1.5/2.3 MB
Progress (4): 1.8/4.2 MB | 1.4/1.9 MB | 319/356 kB | 1.5/2.3 MB
Progress (4): 1.8/4.2 MB | 1.4/1.9 MB | 319/356 kB | 1.5/2.3 MB
Progress (4): 1.8/4.2 MB | 1.4/1.9 MB | 319/356 kB | 1.5/2.3 MB
Progress (4): 1.8/4.2 MB | 1.4/1.9 MB | 319/356 kB | 1.5/2.3 MB
Progress (4): 1.8/4.2 MB | 1.4/1.9 MB | 319/356 kB | 1.5/2.3 MB
Progress (4): 1.8/4.2 MB | 1.4/1.9 MB | 319/356 kB | 1.5/2.3 MB
Progress (4): 1.8/4.2 MB | 1.4/1.9 MB | 319/356 kB | 1.5/2.3 MB
Progress (4): 1.8/4.2 MB | 1.4/1.9 MB | 319/356 kB | 1.5/2.3 MB
Progress (4): 1.8/4.2 MB | 1.4/1.9 MB | 319/356 kB | 1.5/2.3 MB
Progress (5): 1.8/4.2 MB | 1.4/1.9 MB | 319/356 kB | 1.5/2.3 MB | 7.6/19 kB
Progress (5): 1.8/4.2 MB | 1.4/1.9 MB | 319/356 kB | 1.5/2.3 MB | 7.6/19 kB
Progress (5): 1.8/4.2 MB | 1.4/1.9 MB | 319/356 kB | 1.5/2.3 MB | 7.6/19 kB
Progress (5): 1.8/4.2 MB | 1.4/1.9 MB | 319/356 kB | 1.5/2.3 MB | 19 kB    
Progress (5): 1.8/4.2 MB | 1.5/1.9 MB | 319/356 kB | 1.5/2.3 MB | 19 kB
Progress (5): 1.8/4.2 MB | 1.5/1.9 MB | 319/356 kB | 1.5/2.3 MB | 19 kB
                                                                       
Downloaded from central: https://repo.maven.apache.org/maven2/org/apache/ant/ant-launcher/1.10.15/ant-launcher-1.10.15.jar 
(19 kB at 30 kB/s)
#11 38.13 Progress (4): 1.8/4.2 MB | 1.5/1.9 MB | 319/356 kB | 1.5/2.3 MB
Progress (4): 1.8/4.2 MB | 1.5/1.9 MB | 319/356 kB | 1.5/2.3 MB
Progress (4): 1.8/4.2 MB | 1.5/1.9 MB | 319/356 kB | 1.6/2.3 MB
Progress (4): 1.8/4.2 MB | 1.5/1.9 MB | 319/356 kB | 1.6/2.3 MB
                                                               
Downloading from central: 
https://repo.maven.apache.org/maven2/org/apache/xbean/xbean-asm9-shaded/4.26/xbean-asm9-shaded-4.26.jar
#11 38.13 Progress (4): 1.8/4.2 MB | 1.5/1.9 MB | 319/356 kB | 1.6/2.3 MB
Progress (4): 1.8/4.2 MB | 1.5/1.9 MB | 319/356 kB | 1.6/2.3 MB
Progress (4): 1.8/4.2 MB | 1.5/1.9 MB | 319/356 kB | 1.6/2.3 MB
Progress (4): 1.8/4.2 MB | 1.5/1.9 MB | 319/356 kB | 1.6/2.3 MB
Progress (4): 1.8/4.2 MB | 1.5/1.9 MB | 319/356 kB | 1.6/2.3 MB
Progress (4): 1.9/4.2 MB | 1.5/1.9 MB | 319/356 kB | 1.6/2.3 MB
Progress (4): 1.9/4.2 MB | 1.5/1.9 MB | 319/356 kB | 1.6/2.3 MB
Progress (4): 1.9/4.2 MB | 1.5/1.9 MB | 319/356 kB | 1.6/2.3 MB
Progress (4): 1.9/4.2 MB | 1.5/1.9 MB | 319/356 kB | 1.6/2.3 MB
Progress (4): 1.9/4.2 MB | 1.5/1.9 MB | 319/356 kB | 1.6/2.3 MB
Progress (4): 1.9/4.2 MB | 1.5/1.9 MB | 319/356 kB | 1.6/2.3 MB
Progress (4): 1.9/4.2 MB | 1.5/1.9 MB | 319/356 kB | 1.6/2.3 MB
Progress (4): 1.9/4.2 MB | 1.5/1.9 MB | 319/356 kB | 1.6/2.3 MB
Progress (4): 1.9/4.2 MB | 1.5/1.9 MB | 319/356 kB | 1.7/2.3 MB
Progress (4): 1.9/4.2 MB | 1.5/1.9 MB | 319/356 kB | 1.7/2.3 MB
Progress (4): 1.9/4.2 MB | 1.5/1.9 MB | 319/356 kB | 1.7/2.3 MB
Progress (4): 1.9/4.2 MB | 1.5/1.9 MB | 319/356 kB | 1.7/2.3 MB
Progress (4): 1.9/4.2 MB | 1.6/1.9 MB | 319/356 kB | 1.7/2.3 MB
Progress (4): 1.9/4.2 MB | 1.6/1.9 MB | 319/356 kB | 1.7/2.3 MB
Progress (4): 1.9/4.2 MB | 1.6/1.9 MB | 319/356 kB | 1.7/2.3 MB
Progress (4): 1.9/4.2 MB | 1.6/1.9 MB | 319/356 kB | 1.7/2.3 MB
Progress (4): 1.9/4.2 MB | 1.6/1.9 MB | 336/356 kB | 1.7/2.3 MB
Progress (4): 1.9/4.2 MB | 1.6/1.9 MB | 336/356 kB | 1.7/2.3 MB
Progress (4): 2.0/4.2 MB | 1.6/1.9 MB | 336/356 kB | 1.7/2.3 MB
Progress (4): 2.0/4.2 MB | 1.6/1.9 MB | 352/356 kB | 1.7/2.3 MB
Progress (4): 2.0/4.2 MB | 1.6/1.9 MB | 352/356 kB | 1.7/2.3 MB
Progress (4): 2.0/4.2 MB | 1.6/1.9 MB | 352/356 kB | 1.7/2.3 MB
Progress (4): 2.0/4.2 MB | 1.6/1.9 MB | 352/356 kB | 1.7/2.3 MB
Progress (4): 2.0/4.2 MB | 1.6/1.9 MB | 352/356 kB | 1.7/2.3 MB
Progress (4): 2.0/4.2 MB | 1.6/1.9 MB | 352/356 kB | 1.7/2.3 MB
Progress (4): 2.0/4.2 MB | 1.6/1.9 MB | 356 kB | 1.7/2.3 MB    
Progress (4): 2.0/4.2 MB | 1.6/1.9 MB | 356 kB | 1.7/2.3 MB
Progress (4): 2.0/4.2 MB | 1.6/1.9 MB | 356 kB | 1.8/2.3 MB
Progress (4): 2.0/4.2 MB | 1.6/1.9 MB | 356 kB | 1.8/2.3 MB
                                                           
Downloaded from central: 
https://repo.maven.apache.org/maven2/org/apache/logging/log4j/log4j-1.2-api/2.23.1/log4j-1.2-api-2.23.1.jar (356 kB at 517 
kB/s)
#11 38.19 Downloading from central: 
https://repo.maven.apache.org/maven2/jakarta/validation/jakarta.validation-api/3.0.2/jakarta.validation-api-3.0.2.jar
#11 38.19 Progress (3): 2.0/4.2 MB | 1.6/1.9 MB | 1.8/2.3 MB
Progress (3): 2.0/4.2 MB | 1.6/1.9 MB | 1.8/2.3 MB
Progress (3): 2.0/4.2 MB | 1.6/1.9 MB | 1.8/2.3 MB
Progress (3): 2.0/4.2 MB | 1.6/1.9 MB | 1.8/2.3 MB
Progress (4): 2.0/4.2 MB | 1.6/1.9 MB | 1.8/2.3 MB | 7.7/268 kB
Progress (4): 2.0/4.2 MB | 1.6/1.9 MB | 1.8/2.3 MB | 16/268 kB 
Progress (4): 2.0/4.2 MB | 1.6/1.9 MB | 1.8/2.3 MB | 16/268 kB
Progress (4): 2.0/4.2 MB | 1.6/1.9 MB | 1.8/2.3 MB | 16/268 kB
Progress (4): 2.0/4.2 MB | 1.6/1.9 MB | 1.8/2.3 MB | 32/268 kB
Progress (4): 2.0/4.2 MB | 1.7/1.9 MB | 1.8/2.3 MB | 32/268 kB
Progress (4): 2.1/4.2 MB | 1.7/1.9 MB | 1.8/2.3 MB | 32/268 kB
Progress (4): 2.1/4.2 MB | 1.7/1.9 MB | 1.8/2.3 MB | 32/268 kB
Progress (4): 2.1/4.2 MB | 1.7/1.9 MB | 1.8/2.3 MB | 32/268 kB
Progress (4): 2.1/4.2 MB | 1.7/1.9 MB | 1.8/2.3 MB | 32/268 kB
Progress (4): 2.1/4.2 MB | 1.7/1.9 MB | 1.8/2.3 MB | 49/268 kB
Progress (4): 2.1/4.2 MB | 1.7/1.9 MB | 1.8/2.3 MB | 49/268 kB
Progress (4): 2.1/4.2 MB | 1.7/1.9 MB | 1.8/2.3 MB | 49/268 kB
Progress (4): 2.1/4.2 MB | 1.7/1.9 MB | 1.9/2.3 MB | 49/268 kB
Progress (4): 2.1/4.2 MB | 1.7/1.9 MB | 1.9/2.3 MB | 49/268 kB
Progress (4): 2.1/4.2 MB | 1.7/1.9 MB | 1.9/2.3 MB | 49/268 kB
Progress (4): 2.1/4.2 MB | 1.7/1.9 MB | 1.9/2.3 MB | 65/268 kB
Progress (4): 2.1/4.2 MB | 1.7/1.9 MB | 1.9/2.3 MB | 65/268 kB
Progress (4): 2.1/4.2 MB | 1.7/1.9 MB | 1.9/2.3 MB | 65/268 kB
Progress (4): 2.1/4.2 MB | 1.7/1.9 MB | 1.9/2.3 MB | 65/268 kB
Progress (4): 2.1/4.2 MB | 1.7/1.9 MB | 1.9/2.3 MB | 65/268 kB
Progress (4): 2.1/4.2 MB | 1.7/1.9 MB | 1.9/2.3 MB | 65/268 kB
Progress (4): 2.1/4.2 MB | 1.7/1.9 MB | 1.9/2.3 MB | 65/268 kB
Progress (4): 2.1/4.2 MB | 1.7/1.9 MB | 1.9/2.3 MB | 65/268 kB
Progress (4): 2.1/4.2 MB | 1.8/1.9 MB | 1.9/2.3 MB | 65/268 kB
Progress (4): 2.1/4.2 MB | 1.8/1.9 MB | 1.9/2.3 MB | 65/268 kB
Progress (4): 2.1/4.2 MB | 1.8/1.9 MB | 1.9/2.3 MB | 81/268 kB
Progress (4): 2.1/4.2 MB | 1.8/1.9 MB | 1.9/2.3 MB | 81/268 kB
Progress (4): 2.2/4.2 MB | 1.8/1.9 MB | 1.9/2.3 MB | 81/268 kB
Progress (4): 2.2/4.2 MB | 1.8/1.9 MB | 1.9/2.3 MB | 81/268 kB
Progress (4): 2.2/4.2 MB | 1.8/1.9 MB | 1.9/2.3 MB | 98/268 kB
Progress (4): 2.2/4.2 MB | 1.8/1.9 MB | 1.9/2.3 MB | 98/268 kB
Progress (4): 2.2/4.2 MB | 1.8/1.9 MB | 1.9/2.3 MB | 98/268 kB
Progress (4): 2.2/4.2 MB | 1.8/1.9 MB | 1.9/2.3 MB | 98/268 kB
Progress (4): 2.2/4.2 MB | 1.8/1.9 MB | 1.9/2.3 MB | 98/268 kB
Progress (4): 2.2/4.2 MB | 1.8/1.9 MB | 1.9/2.3 MB | 98/268 kB
Progress (4): 2.2/4.2 MB | 1.8/1.9 MB | 1.9/2.3 MB | 114/268 kB
Progress (5): 2.2/4.2 MB | 1.8/1.9 MB | 1.9/2.3 MB | 114/268 kB | 7.7/93 kB
Progress (5): 2.2/4.2 MB | 1.8/1.9 MB | 1.9/2.3 MB | 114/268 kB | 16/93 kB 
Progress (5): 2.2/4.2 MB | 1.8/1.9 MB | 1.9/2.3 MB | 114/268 kB | 16/93 kB
Progress (5): 2.2/4.2 MB | 1.8/1.9 MB | 1.9/2.3 MB | 114/268 kB | 16/93 kB
Progress (5): 2.2/4.2 MB | 1.8/1.9 MB | 2.0/2.3 MB | 114/268 kB | 16/93 kB
Progress (5): 2.2/4.2 MB | 1.8/1.9 MB | 2.0/2.3 MB | 114/268 kB | 16/93 kB
Progress (5): 2.2/4.2 MB | 1.8/1.9 MB | 2.0/2.3 MB | 114/268 kB | 16/93 kB
Progress (5): 2.2/4.2 MB | 1.8/1.9 MB | 2.0/2.3 MB | 114/268 kB | 24/93 kB
Progress (5): 2.2/4.2 MB | 1.8/1.9 MB | 2.0/2.3 MB | 114/268 kB | 24/93 kB
Progress (5): 2.2/4.2 MB | 1.8/1.9 MB | 2.0/2.3 MB | 131/268 kB | 24/93 kB
Progress (5): 2.2/4.2 MB | 1.8/1.9 MB | 2.0/2.3 MB | 131/268 kB | 24/93 kB
Progress (5): 2.2/4.2 MB | 1.9/1.9 MB | 2.0/2.3 MB | 131/268 kB | 24/93 kB
Progress (5): 2.2/4.2 MB | 1.9/1.9 MB | 2.0/2.3 MB | 131/268 kB | 24/93 kB
Progress (5): 2.2/4.2 MB | 1.9/1.9 MB | 2.0/2.3 MB | 131/268 kB | 24/93 kB
Progress (5): 2.2/4.2 MB | 1.9/1.9 MB | 2.0/2.3 MB | 131/268 kB | 24/93 kB
Progress (5): 2.2/4.2 MB | 1.9/1.9 MB | 2.0/2.3 MB | 131/268 kB | 24/93 kB
Progress (5): 2.2/4.2 MB | 1.9/1.9 MB | 2.0/2.3 MB | 131/268 kB | 24/93 kB
Progress (5): 2.2/4.2 MB | 1.9/1.9 MB | 2.0/2.3 MB | 147/268 kB | 24/93 kB
Progress (5): 2.2/4.2 MB | 1.9/1.9 MB | 2.0/2.3 MB | 147/268 kB | 40/93 kB
Progress (5): 2.3/4.2 MB | 1.9/1.9 MB | 2.0/2.3 MB | 147/268 kB | 40/93 kB
Progress (5): 2.3/4.2 MB | 1.9/1.9 MB | 2.0/2.3 MB | 147/268 kB | 40/93 kB
Progress (5): 2.3/4.2 MB | 1.9 MB | 2.0/2.3 MB | 147/268 kB | 40/93 kB    
Progress (5): 2.3/4.2 MB | 1.9 MB | 2.0/2.3 MB | 147/268 kB | 40/93 kB
Progress (5): 2.3/4.2 MB | 1.9 MB | 2.0/2.3 MB | 147/268 kB | 40/93 kB
                                                                      
Downloaded from central: 
https://repo.maven.apache.org/maven2/org/apache/logging/log4j/log4j-core/2.23.1/log4j-core-2.23.1.jar (1.9 MB at 2.4 MB/s)
#11 38.29 Progress (4): 2.3/4.2 MB | 2.0/2.3 MB | 163/268 kB | 40/93 kB
Progress (4): 2.3/4.2 MB | 2.0/2.3 MB | 163/268 kB | 40/93 kB
Progress (4): 2.3/4.2 MB | 2.0/2.3 MB | 163/268 kB | 57/93 kB
Progress (4): 2.3/4.2 MB | 2.0/2.3 MB | 180/268 kB | 57/93 kB
Progress (4): 2.3/4.2 MB | 2.0/2.3 MB | 180/268 kB | 73/93 kB
Progress (4): 2.3/4.2 MB | 2.0/2.3 MB | 180/268 kB | 73/93 kB
Progress (4): 2.3/4.2 MB | 2.0/2.3 MB | 196/268 kB | 73/93 kB
Progress (4): 2.3/4.2 MB | 2.1/2.3 MB | 196/268 kB | 73/93 kB
Progress (4): 2.3/4.2 MB | 2.1/2.3 MB | 196/268 kB | 90/93 kB
Progress (4): 2.3/4.2 MB | 2.1/2.3 MB | 196/268 kB | 93 kB   
Progress (4): 2.3/4.2 MB | 2.1/2.3 MB | 196/268 kB | 93 kB
Progress (4): 2.3/4.2 MB | 2.1/2.3 MB | 196/268 kB | 93 kB
Progress (4): 2.3/4.2 MB | 2.1/2.3 MB | 213/268 kB | 93 kB
Progress (4): 2.3/4.2 MB | 2.1/2.3 MB | 213/268 kB | 93 kB
Progress (4): 2.3/4.2 MB | 2.1/2.3 MB | 229/268 kB | 93 kB
Progress (4): 2.3/4.2 MB | 2.1/2.3 MB | 229/268 kB | 93 kB
Progress (4): 2.3/4.2 MB | 2.1/2.3 MB | 229/268 kB | 93 kB
                                                          
Downloaded from central: 
https://repo.maven.apache.org/maven2/jakarta/validation/jakarta.validation-api/3.0.2/jakarta.validation-api-3.0.2.jar (93 kB 
at 114 kB/s)
#11 38.32 Progress (3): 2.3/4.2 MB | 2.1/2.3 MB | 229/268 kB
Progress (3): 2.3/4.2 MB | 2.1/2.3 MB | 245/268 kB
Progress (3): 2.3/4.2 MB | 2.1/2.3 MB | 245/268 kB
Progress (3): 2.3/4.2 MB | 2.1/2.3 MB | 245/268 kB
Progress (3): 2.3/4.2 MB | 2.1/2.3 MB | 262/268 kB
Progress (3): 2.4/4.2 MB | 2.1/2.3 MB | 262/268 kB
Progress (3): 2.4/4.2 MB | 2.1/2.3 MB | 262/268 kB
Progress (3): 2.4/4.2 MB | 2.1/2.3 MB | 268 kB    
Progress (3): 2.4/4.2 MB | 2.1/2.3 MB | 268 kB
Progress (3): 2.4/4.2 MB | 2.2/2.3 MB | 268 kB
Progress (3): 2.4/4.2 MB | 2.2/2.3 MB | 268 kB
                                              
Downloaded from central: 
https://repo.maven.apache.org/maven2/org/apache/xbean/xbean-asm9-shaded/4.26/xbean-asm9-shaded-4.26.jar (268 kB at 323 kB/s)
#11 38.33 Progress (2): 2.4/4.2 MB | 2.2/2.3 MB
Progress (2): 2.4/4.2 MB | 2.2/2.3 MB
Progress (2): 2.4/4.2 MB | 2.2/2.3 MB
Progress (2): 2.4/4.2 MB | 2.2/2.3 MB
Progress (2): 2.4/4.2 MB | 2.2/2.3 MB
Progress (2): 2.4/4.2 MB | 2.2/2.3 MB
Progress (2): 2.5/4.2 MB | 2.2/2.3 MB
Progress (2): 2.5/4.2 MB | 2.2/2.3 MB
Progress (2): 2.5/4.2 MB | 2.2/2.3 MB
Progress (2): 2.5/4.2 MB | 2.2/2.3 MB
Progress (2): 2.5/4.2 MB | 2.2/2.3 MB
Progress (2): 2.5/4.2 MB | 2.2/2.3 MB
Progress (2): 2.5/4.2 MB | 2.2/2.3 MB
Progress (2): 2.5/4.2 MB | 2.3/2.3 MB
Progress (2): 2.5/4.2 MB | 2.3/2.3 MB
Progress (2): 2.5/4.2 MB | 2.3/2.3 MB
Progress (2): 2.6/4.2 MB | 2.3/2.3 MB
Progress (2): 2.6/4.2 MB | 2.3/2.3 MB
Progress (2): 2.6/4.2 MB | 2.3 MB    
Progress (2): 2.6/4.2 MB | 2.3 MB
Progress (2): 2.6/4.2 MB | 2.3 MB
Progress (2): 2.6/4.2 MB | 2.3 MB
Progress (2): 2.6/4.2 MB | 2.3 MB
                                 
Downloaded from central: https://repo.maven.apache.org/maven2/org/apache/ant/ant/1.10.15/ant-1.10.15.jar (2.3 MB at 2.6 MB/s)
#11 38.37 Progress (1): 2.6/4.2 MB
Progress (1): 2.7/4.2 MB
Progress (1): 2.7/4.2 MB
Progress (1): 2.7/4.2 MB
Progress (1): 2.7/4.2 MB
Progress (1): 2.7/4.2 MB
Progress (1): 2.7/4.2 MB
Progress (1): 2.8/4.2 MB
Progress (1): 2.8/4.2 MB
Progress (1): 2.8/4.2 MB
Progress (1): 2.8/4.2 MB
Progress (1): 2.8/4.2 MB
Progress (1): 2.8/4.2 MB
Progress (1): 2.9/4.2 MB
Progress (1): 2.9/4.2 MB
Progress (1): 2.9/4.2 MB
Progress (1): 2.9/4.2 MB
Progress (1): 2.9/4.2 MB
Progress (1): 2.9/4.2 MB
Progress (1): 3.0/4.2 MB
Progress (1): 3.0/4.2 MB
Progress (1): 3.0/4.2 MB
Progress (1): 3.0/4.2 MB
Progress (1): 3.0/4.2 MB
Progress (1): 3.0/4.2 MB
Progress (1): 3.1/4.2 MB
Progress (1): 3.1/4.2 MB
Progress (1): 3.1/4.2 MB
Progress (1): 3.1/4.2 MB
Progress (1): 3.1/4.2 MB
Progress (1): 3.1/4.2 MB
Progress (1): 3.2/4.2 MB
Progress (1): 3.2/4.2 MB
Progress (1): 3.2/4.2 MB
Progress (1): 3.2/4.2 MB
Progress (1): 3.2/4.2 MB
Progress (1): 3.2/4.2 MB
Progress (1): 3.3/4.2 MB
Progress (1): 3.3/4.2 MB
Progress (1): 3.3/4.2 MB
Progress (1): 3.3/4.2 MB
Progress (1): 3.3/4.2 MB
Progress (1): 3.3/4.2 MB
Progress (1): 3.4/4.2 MB
Progress (1): 3.4/4.2 MB
Progress (1): 3.4/4.2 MB
Progress (1): 3.4/4.2 MB
Progress (1): 3.4/4.2 MB
Progress (1): 3.4/4.2 MB
Progress (1): 3.4/4.2 MB
Progress (1): 3.5/4.2 MB
Progress (1): 3.5/4.2 MB
Progress (1): 3.5/4.2 MB
Progress (1): 3.5/4.2 MB
Progress (1): 3.5/4.2 MB
Progress (1): 3.5/4.2 MB
Progress (1): 3.6/4.2 MB
Progress (1): 3.6/4.2 MB
Progress (1): 3.6/4.2 MB
Progress (1): 3.6/4.2 MB
Progress (1): 3.6/4.2 MB
Progress (1): 3.6/4.2 MB
Progress (1): 3.7/4.2 MB
Progress (1): 3.7/4.2 MB
Progress (1): 3.7/4.2 MB
Progress (1): 3.7/4.2 MB
Progress (1): 3.7/4.2 MB
Progress (1): 3.7/4.2 MB
Progress (1): 3.8/4.2 MB
Progress (1): 3.8/4.2 MB
Progress (1): 3.8/4.2 MB
Progress (1): 3.8/4.2 MB
Progress (1): 3.8/4.2 MB
Progress (1): 3.8/4.2 MB
Progress (1): 3.9/4.2 MB
Progress (1): 3.9/4.2 MB
Progress (1): 3.9/4.2 MB
Progress (1): 3.9/4.2 MB
Progress (1): 3.9/4.2 MB
Progress (1): 3.9/4.2 MB
Progress (1): 4.0/4.2 MB
Progress (1): 4.0/4.2 MB
Progress (1): 4.0/4.2 MB
Progress (1): 4.0/4.2 MB
Progress (1): 4.0/4.2 MB
Progress (1): 4.0/4.2 MB
Progress (1): 4.1/4.2 MB
Progress (1): 4.1/4.2 MB
Progress (1): 4.1/4.2 MB
Progress (1): 4.1/4.2 MB
Progress (1): 4.1/4.2 MB
Progress (1): 4.1/4.2 MB
Progress (1): 4.2/4.2 MB
Progress (1): 4.2/4.2 MB
Progress (1): 4.2/4.2 MB
Progress (1): 4.2/4.2 MB
Progress (1): 4.2 MB    
                    
Downloaded from central: https://repo.maven.apache.org/maven2/net/bytebuddy/byte-buddy/1.14.12/byte-buddy-1.14.12.jar (4.2 MB 
at 3.9 MB/s)
#11 38.59 [INFO] 
#11 38.59 [INFO] --- buildnumber:3.2.1:create (default) @ openjpa-lib ---
#11 38.61 [INFO] Storing buildNumber: January 9, 2026 at 2:43 PM at timestamp: 1767969791647
#11 38.61 [INFO] Executing: /bin/sh -c cd '/workspace/openjpa-lib' && 'git' 'symbolic-ref' 'HEAD'
#11 38.61 [INFO] Working directory: /workspace/openjpa-lib
#11 38.63 [INFO] Storing scmBranch: master
#11 38.63 [INFO] 
#11 38.63 [INFO] --- enforcer:3.5.0:enforce (enforce-maven-version) @ openjpa-lib ---
#11 38.64 [INFO] 
#11 38.64 [INFO] --- enforcer:3.5.0:enforce (enforce-java-version) @ openjpa-lib ---
#11 38.64 [INFO] 
#11 38.64 [INFO] --- enforcer:3.5.0:enforce (default) @ openjpa-lib ---
#11 38.64 [INFO] 
#11 38.64 [INFO] --- jacoco:0.8.11:prepare-agent (default) @ openjpa-lib ---
#11 38.65 Downloading from central: 
https://repo.maven.apache.org/maven2/org/codehaus/plexus/plexus-utils/3.0.24/plexus-utils-3.0.24.pom
#11 38.69 Progress (1): 810 B
Progress (1): 2.4 kB
Progress (1): 4.1 kB
                    
Downloaded from central: https://repo.maven.apache.org/maven2/org/codehaus/plexus/plexus-utils/3.0.24/plexus-utils-3.0.24.pom 
(4.1 kB at 96 kB/s)
#11 38.70 Downloading from central: https://repo.maven.apache.org/maven2/org/codehaus/plexus/plexus/4.0/plexus-4.0.pom
#11 38.74 Progress (1): 706 B
Progress (1): 2.5 kB
Progress (1): 6.4 kB
Progress (1): 9.1 kB
Progress (1): 12 kB 
Progress (1): 16 kB
Progress (1): 21 kB
Progress (1): 22 kB
                   
Downloaded from central: https://repo.maven.apache.org/maven2/org/codehaus/plexus/plexus/4.0/plexus-4.0.pom (22 kB at 457 
kB/s)
#11 38.75 Downloading from central: 
https://repo.maven.apache.org/maven2/org/apache/maven/shared/file-management/3.1.0/file-management-3.1.0.pom
#11 38.79 Progress (1): 794 B
Progress (1): 2.2 kB
Progress (1): 4.4 kB
Progress (1): 4.5 kB
                    
Downloaded from central: 
https://repo.maven.apache.org/maven2/org/apache/maven/shared/file-management/3.1.0/file-management-3.1.0.pom (4.5 kB at 93 
kB/s)
#11 38.80 Downloading from central: 
https://repo.maven.apache.org/maven2/org/apache/maven/shared/maven-shared-components/36/maven-shared-components-36.pom
#11 38.84 Progress (1): 781 B
Progress (1): 2.3 kB
Progress (1): 4.5 kB
Progress (1): 4.9 kB
                    
Downloaded from central: 
https://repo.maven.apache.org/maven2/org/apache/maven/shared/maven-shared-components/36/maven-shared-components-36.pom (4.9 
kB at 106 kB/s)
#11 38.85 Downloading from central: 
https://repo.maven.apache.org/maven2/org/jacoco/org.jacoco.agent/0.8.11/org.jacoco.agent-0.8.11.pom
#11 38.90 Progress (1): 884 B
Progress (1): 3.4 kB
Progress (1): 3.5 kB
                    
Downloaded from central: https://repo.maven.apache.org/maven2/org/jacoco/org.jacoco.agent/0.8.11/org.jacoco.agent-0.8.11.pom 
(3.5 kB at 70 kB/s)
#11 38.91 Downloading from central: 
https://repo.maven.apache.org/maven2/org/jacoco/org.jacoco.core/0.8.11/org.jacoco.core-0.8.11.pom
#11 38.95 Progress (1): 895 B
Progress (1): 2.1 kB
                    
Downloaded from central: https://repo.maven.apache.org/maven2/org/jacoco/org.jacoco.core/0.8.11/org.jacoco.core-0.8.11.pom 
(2.1 kB at 43 kB/s)
#11 38.96 Downloading from central: https://repo.maven.apache.org/maven2/org/ow2/asm/asm/9.6/asm-9.6.pom
#11 39.01 Progress (1): 1.3 kB
Progress (1): 2.4 kB
                    
Downloaded from central: https://repo.maven.apache.org/maven2/org/ow2/asm/asm/9.6/asm-9.6.pom (2.4 kB at 54 kB/s)
#11 39.02 Downloading from central: https://repo.maven.apache.org/maven2/org/ow2/asm/asm-commons/9.6/asm-commons-9.6.pom
#11 39.07 Progress (1): 1.1 kB
Progress (1): 2.8 kB
                    
Downloaded from central: https://repo.maven.apache.org/maven2/org/ow2/asm/asm-commons/9.6/asm-commons-9.6.pom (2.8 kB at 57 
kB/s)
#11 39.08 Downloading from central: https://repo.maven.apache.org/maven2/org/ow2/asm/asm-tree/9.6/asm-tree-9.6.pom
#11 39.12 Progress (1): 1.1 kB
Progress (1): 2.6 kB
                    
Downloaded from central: https://repo.maven.apache.org/maven2/org/ow2/asm/asm-tree/9.6/asm-tree-9.6.pom (2.6 kB at 55 kB/s)
#11 39.14 Downloading from central: 
https://repo.maven.apache.org/maven2/org/jacoco/org.jacoco.report/0.8.11/org.jacoco.report-0.8.11.pom
#11 39.18 Progress (1): 900 B
Progress (1): 1.9 kB
                    
Downloaded from central: 
https://repo.maven.apache.org/maven2/org/jacoco/org.jacoco.report/0.8.11/org.jacoco.report-0.8.11.pom (1.9 kB at 38 kB/s)
#11 39.19 Downloading from central: 
https://repo.maven.apache.org/maven2/org/codehaus/plexus/plexus-utils/3.0.24/plexus-utils-3.0.24.jar
#11 39.24 Progress (1): 8.2/247 kB
Progress (1): 25/247 kB 
Progress (1): 41/247 kB
Progress (1): 57/247 kB
Progress (1): 74/247 kB
Progress (1): 90/247 kB
Progress (1): 106/247 kB
Progress (1): 123/247 kB
Progress (1): 139/247 kB
Progress (1): 156/247 kB
Progress (1): 172/247 kB
Progress (1): 188/247 kB
Progress (1): 205/247 kB
Progress (1): 221/247 kB
Progress (1): 238/247 kB
Progress (1): 247 kB    
                    
Downloaded from central: https://repo.maven.apache.org/maven2/org/codehaus/plexus/plexus-utils/3.0.24/plexus-utils-3.0.24.jar 
(247 kB at 3.4 MB/s)
#11 39.27 Downloading from central: 
https://repo.maven.apache.org/maven2/org/apache/maven/shared/file-management/3.1.0/file-management-3.1.0.jar
#11 39.27 Downloading from central: 
https://repo.maven.apache.org/maven2/org/jacoco/org.jacoco.agent/0.8.11/org.jacoco.agent-0.8.11-runtime.jar
#11 39.27 Downloading from central: 
https://repo.maven.apache.org/maven2/org/jacoco/org.jacoco.core/0.8.11/org.jacoco.core-0.8.11.jar
#11 39.28 Downloading from central: https://repo.maven.apache.org/maven2/org/ow2/asm/asm/9.6/asm-9.6.jar
#11 39.28 Downloading from central: https://repo.maven.apache.org/maven2/org/ow2/asm/asm-commons/9.6/asm-commons-9.6.jar
#11 39.30 Progress (1): 7.7/301 kB
Progress (1): 16/301 kB 
Progress (1): 32/301 kB
Progress (1): 49/301 kB
Progress (2): 49/301 kB | 7.7/72 kB
Progress (2): 49/301 kB | 12/72 kB 
Progress (2): 65/301 kB | 12/72 kB
Progress (2): 65/301 kB | 28/72 kB
Progress (2): 81/301 kB | 28/72 kB
Progress (2): 81/301 kB | 44/72 kB
Progress (2): 98/301 kB | 44/72 kB
Progress (2): 98/301 kB | 61/72 kB
Progress (2): 98/301 kB | 72 kB   
Progress (2): 114/301 kB | 72 kB
Progress (3): 114/301 kB | 72 kB | 7.7/36 kB
Progress (3): 114/301 kB | 72 kB | 16/36 kB 
Progress (3): 131/301 kB | 72 kB | 16/36 kB
Progress (3): 147/301 kB | 72 kB | 16/36 kB
                                           
Downloaded from central: https://repo.maven.apache.org/maven2/org/ow2/asm/asm-commons/9.6/asm-commons-9.6.jar (72 kB at 1.7 
MB/s)
#11 39.32 Downloading from central: https://repo.maven.apache.org/maven2/org/ow2/asm/asm-tree/9.6/asm-tree-9.6.jar
#11 39.32 Progress (2): 163/301 kB | 16/36 kB
Progress (2): 163/301 kB | 32/36 kB
Progress (2): 163/301 kB | 36 kB   
Progress (2): 180/301 kB | 36 kB
Progress (3): 180/301 kB | 36 kB | 7.7/210 kB
Progress (3): 180/301 kB | 36 kB | 16/210 kB 
Progress (3): 180/301 kB | 36 kB | 32/210 kB
Progress (3): 196/301 kB | 36 kB | 32/210 kB
Progress (3): 196/301 kB | 36 kB | 49/210 kB
                                            
Downloaded from central: 
https://repo.maven.apache.org/maven2/org/apache/maven/shared/file-management/3.1.0/file-management-3.1.0.jar (36 kB at 596 
kB/s)
#11 39.33 Downloading from central: 
https://repo.maven.apache.org/maven2/org/jacoco/org.jacoco.report/0.8.11/org.jacoco.report-0.8.11.jar
#11 39.33 Progress (2): 196/301 kB | 65/210 kB
Progress (3): 196/301 kB | 65/210 kB | 7.7/124 kB
Progress (3): 213/301 kB | 65/210 kB | 7.7/124 kB
Progress (3): 213/301 kB | 65/210 kB | 16/124 kB 
Progress (3): 213/301 kB | 81/210 kB | 16/124 kB
Progress (3): 229/301 kB | 81/210 kB | 16/124 kB
Progress (3): 229/301 kB | 98/210 kB | 16/124 kB
Progress (3): 245/301 kB | 98/210 kB | 16/124 kB
Progress (3): 245/301 kB | 114/210 kB | 16/124 kB
Progress (3): 262/301 kB | 114/210 kB | 16/124 kB
Progress (3): 262/301 kB | 131/210 kB | 16/124 kB
Progress (3): 262/301 kB | 131/210 kB | 32/124 kB
Progress (3): 278/301 kB | 131/210 kB | 32/124 kB
Progress (3): 278/301 kB | 147/210 kB | 32/124 kB
Progress (3): 294/301 kB | 147/210 kB | 32/124 kB
Progress (3): 294/301 kB | 163/210 kB | 32/124 kB
Progress (3): 301 kB | 163/210 kB | 32/124 kB    
Progress (3): 301 kB | 163/210 kB | 49/124 kB
Progress (3): 301 kB | 180/210 kB | 49/124 kB
Progress (3): 301 kB | 180/210 kB | 65/124 kB
Progress (3): 301 kB | 196/210 kB | 65/124 kB
                                             
Downloaded from central: 
https://repo.maven.apache.org/maven2/org/jacoco/org.jacoco.agent/0.8.11/org.jacoco.agent-0.8.11-runtime.jar (301 kB at 3.7 
MB/s)
#11 39.35 Progress (2): 210 kB | 65/124 kB
Progress (3): 210 kB | 65/124 kB | 7.7/52 kB
Progress (3): 210 kB | 65/124 kB | 16/52 kB 
Progress (3): 210 kB | 65/124 kB | 32/52 kB
Progress (3): 210 kB | 65/124 kB | 49/52 kB
Progress (3): 210 kB | 65/124 kB | 52 kB   
                                        
Downloaded from central: https://repo.maven.apache.org/maven2/org/jacoco/org.jacoco.core/0.8.11/org.jacoco.core-0.8.11.jar 
(210 kB at 2.5 MB/s)
#11 39.36 Progress (2): 81/124 kB | 52 kB
                               
Downloaded from central: https://repo.maven.apache.org/maven2/org/ow2/asm/asm-tree/9.6/asm-tree-9.6.jar (52 kB at 641 kB/s)
#11 39.36 Progress (1): 98/124 kB
Progress (1): 114/124 kB
Progress (1): 124 kB    
Progress (2): 124 kB | 7.7/131 kB
Progress (2): 124 kB | 12/131 kB 
                                
Downloaded from central: https://repo.maven.apache.org/maven2/org/ow2/asm/asm/9.6/asm-9.6.jar (124 kB at 1.2 MB/s)
#11 39.38 Progress (1): 28/131 kB
Progress (1): 44/131 kB
Progress (1): 61/131 kB
Progress (1): 77/131 kB
Progress (1): 93/131 kB
Progress (1): 110/131 kB
Progress (1): 126/131 kB
Progress (1): 131 kB    
                    
Downloaded from central: 
https://repo.maven.apache.org/maven2/org/jacoco/org.jacoco.report/0.8.11/org.jacoco.report-0.8.11.jar (131 kB at 1.2 MB/s)
#11 39.43 [INFO] argLine set to -javaagent:/root/.m2/repository/org/jacoco/org.jacoco.agent/0.8.11/org.jacoco.agent-0.8.11-run
time.jar=destfile=/workspace/openjpa-lib/target/jacoco.exec
#11 39.43 [INFO] 
#11 39.43 [INFO] --- checkstyle:3.6.0:checkstyle (default) @ openjpa-lib ---
#11 39.49 [WARNING] Site model of 'org.apache.openjpa:openjpa-parent:pom:4.1.2-SNAPSHOT' for default locale is still using 
the old pre-version 2.0.0 model. You MUST migrate to the new model as soon as possible otherwise your build will break in the 
future!
#11 39.50 Downloading from central: https://repo.maven.apache.org/maven2/org/apache/apache/34/apache-34-site.xml
#11 39.56 Downloading from central: 
https://repo.maven.apache.org/maven2/org/apache/maven/skins/maven-fluido-skin/2.1.0/maven-fluido-skin-2.1.0.jar
#11 39.61 Progress (1): 7.7/348 kB
Progress (1): 16/348 kB 
Progress (1): 32/348 kB
Progress (1): 49/348 kB
Progress (1): 65/348 kB
Progress (1): 81/348 kB
Progress (1): 98/348 kB
Progress (1): 114/348 kB
Progress (1): 131/348 kB
Progress (1): 147/348 kB
Progress (1): 163/348 kB
Progress (1): 180/348 kB
Progress (1): 196/348 kB
Progress (1): 213/348 kB
Progress (1): 229/348 kB
Progress (1): 245/348 kB
Progress (1): 262/348 kB
Progress (1): 278/348 kB
Progress (1): 294/348 kB
Progress (1): 311/348 kB
Progress (1): 327/348 kB
Progress (1): 344/348 kB
Progress (1): 348 kB    
                    
Downloaded from central: 
https://repo.maven.apache.org/maven2/org/apache/maven/skins/maven-fluido-skin/2.1.0/maven-fluido-skin-2.1.0.jar (348 kB at 
3.8 MB/s)
#11 39.66 [INFO] Rendering content with org.apache.maven.skins:maven-fluido-skin:jar:2.1.0 skin
#11 46.46 [INFO] Starting audit...
#11 46.46 [ERROR] /workspace/openjpa-lib/src/main/java/org/apache/openjpa/lib/conf/BootstrapException.java:1: Expected line 
ending for file is LF(\n), but CRLF(\r\n) is detected. [NewlineAtEndOfFile]
#11 46.46 [ERROR] /workspace/openjpa-lib/src/main/java/org/apache/openjpa/lib/conf/ConfigurationProvider.java:1: Expected 
line ending for file is LF(\n), but CRLF(\r\n) is detected. [NewlineAtEndOfFile]
#11 46.46 [ERROR] /workspace/openjpa-lib/src/main/java/org/apache/openjpa/lib/conf/Value.java:1: Expected line ending for 
file is LF(\n), but CRLF(\r\n) is detected. [NewlineAtEndOfFile]
#11 46.46 [ERROR] /workspace/openjpa-lib/src/main/java/org/apache/openjpa/lib/conf/ValueListener.java:1: Expected line ending 
for file is LF(\n), but CRLF(\r\n) is detected. [NewlineAtEndOfFile]
#11 46.46 [ERROR] /workspace/openjpa-lib/src/main/java/org/apache/openjpa/lib/conf/PluginListValue.java:1: Expected line 
ending for file is LF(\n), but CRLF(\r\n) is detected. [NewlineAtEndOfFile]
#11 46.46 [ERROR] /workspace/openjpa-lib/src/main/java/org/apache/openjpa/lib/conf/DoubleValue.java:1: Expected line ending 
for file is LF(\n), but CRLF(\r\n) is detected. [NewlineAtEndOfFile]
#11 46.46 [ERROR] /workspace/openjpa-lib/src/main/java/org/apache/openjpa/lib/conf/MapConfigurationProvider.java:1: Expected 
line ending for file is LF(\n), but CRLF(\r\n) is detected. [NewlineAtEndOfFile]
#11 46.46 [ERROR] /workspace/openjpa-lib/src/main/java/org/apache/openjpa/lib/conf/ProductDerivation.java:1: Expected line 
ending for file is LF(\n), but CRLF(\r\n) is detected. [NewlineAtEndOfFile]
#11 46.46 [ERROR] /workspace/openjpa-lib/src/main/java/org/apache/openjpa/lib/conf/PluginValue.java:1: Expected line ending 
for file is LF(\n), but CRLF(\r\n) is detected. [NewlineAtEndOfFile]
#11 46.46 [ERROR] /workspace/openjpa-lib/src/main/java/org/apache/openjpa/lib/conf/BooleanValue.java:1: Expected line ending 
for file is LF(\n), but CRLF(\r\n) is detected. [NewlineAtEndOfFile]
#11 46.46 [ERROR] /workspace/openjpa-lib/src/main/java/org/apache/openjpa/lib/conf/Configuration.java:1: Expected line ending 
for file is LF(\n), but CRLF(\r\n) is detected. [NewlineAtEndOfFile]
#11 46.46 [ERROR] /workspace/openjpa-lib/src/main/java/org/apache/openjpa/lib/conf/Configurations.java:1: Expected line 
ending for file is LF(\n), but CRLF(\r\n) is detected. [NewlineAtEndOfFile]
#11 46.46 [ERROR] /workspace/openjpa-lib/src/main/java/org/apache/openjpa/lib/conf/GenericConfigurable.java:1: Expected line 
ending for file is LF(\n), but CRLF(\r\n) is detected. [NewlineAtEndOfFile]
#11 46.46 [ERROR] /workspace/openjpa-lib/src/main/java/org/apache/openjpa/lib/conf/ConfigurationImpl.java:1: Expected line 
ending for file is LF(\n), but CRLF(\r\n) is detected. [NewlineAtEndOfFile]
#11 46.46 [ERROR] /workspace/openjpa-lib/src/main/java/org/apache/openjpa/lib/conf/FileValue.java:1: Expected line ending for 
file is LF(\n), but CRLF(\r\n) is detected. [NewlineAtEndOfFile]
#11 46.46 [ERROR] /workspace/openjpa-lib/src/main/java/org/apache/openjpa/lib/conf/AbstractProductDerivation.java:1: Expected 
line ending for file is LF(\n), but CRLF(\r\n) is detected. [NewlineAtEndOfFile]
#11 46.46 [ERROR] /workspace/openjpa-lib/src/main/java/org/apache/openjpa/lib/conf/ProductDerivations.java:1: Expected line 
ending for file is LF(\n), but CRLF(\r\n) is detected. [NewlineAtEndOfFile]
#11 46.46 [ERROR] /workspace/openjpa-lib/src/main/java/org/apache/openjpa/lib/conf/Configurable.java:1: Expected line ending 
for file is LF(\n), but CRLF(\r\n) is detected. [NewlineAtEndOfFile]
#11 46.46 [ERROR] /workspace/openjpa-lib/src/main/java/org/apache/openjpa/lib/conf/IntValue.java:1: Expected line ending for 
file is LF(\n), but CRLF(\r\n) is detected. [NewlineAtEndOfFile]
#11 46.46 [ERROR] /workspace/openjpa-lib/src/main/java/org/apache/openjpa/lib/conf/StringValue.java:1: Expected line ending 
for file is LF(\n), but CRLF(\r\n) is detected. [NewlineAtEndOfFile]
#11 46.46 [ERROR] /workspace/openjpa-lib/src/main/java/org/apache/openjpa/lib/conf/StringListValue.java:1: Expected line 
ending for file is LF(\n), but CRLF(\r\n) is detected. [NewlineAtEndOfFile]
#11 46.46 [ERROR] /workspace/openjpa-lib/src/main/java/org/apache/openjpa/lib/conf/ObjectValue.java:1: Expected line ending 
for file is LF(\n), but CRLF(\r\n) is detected. [NewlineAtEndOfFile]
#11 46.46 [ERROR] /workspace/openjpa-lib/src/main/java/org/apache/openjpa/lib/conf/ClassListValue.java:1: Expected line 
ending for file is LF(\n), but CRLF(\r\n) is detected. [NewlineAtEndOfFile]
#11 46.46 [ERROR] /workspace/openjpa-lib/src/main/java/org/apache/openjpa/lib/xml/Commentable.java:1: Expected line ending 
for file is LF(\n), but CRLF(\r\n) is detected. [NewlineAtEndOfFile]
#11 46.46 [ERROR] /workspace/openjpa-lib/src/main/java/org/apache/openjpa/lib/xml/DocTypeReader.java:1: Expected line ending 
for file is LF(\n), but CRLF(\r\n) is detected. [NewlineAtEndOfFile]
#11 46.46 [ERROR] /workspace/openjpa-lib/src/main/java/org/apache/openjpa/lib/xml/XMLFactory.java:1: Expected line ending for 
file is LF(\n), but CRLF(\r\n) is detected. [NewlineAtEndOfFile]
#11 46.46 [ERROR] /workspace/openjpa-lib/src/main/java/org/apache/openjpa/lib/xml/XMLWriter.java:1: Expected line ending for 
file is LF(\n), but CRLF(\r\n) is detected. [NewlineAtEndOfFile]
#11 46.46 [ERROR] /workspace/openjpa-lib/src/main/java/org/apache/openjpa/lib/xml/Location.java:1: Expected line ending for 
file is LF(\n), but CRLF(\r\n) is detected. [NewlineAtEndOfFile]
#11 46.46 [ERROR] /workspace/openjpa-lib/src/main/java/org/apache/openjpa/lib/xml/ValidatingErrorHandler.java:1: Expected 
line ending for file is LF(\n), but CRLF(\r\n) is detected. [NewlineAtEndOfFile]
#11 46.46 [ERROR] /workspace/openjpa-lib/src/main/java/org/apache/openjpa/lib/graph/NodeInfo.java:1: Expected line ending for 
file is LF(\n), but CRLF(\r\n) is detected. [NewlineAtEndOfFile]
#11 46.46 [ERROR] /workspace/openjpa-lib/src/main/java/org/apache/openjpa/lib/graph/Edge.java:1: Expected line ending for 
file is LF(\n), but CRLF(\r\n) is detected. [NewlineAtEndOfFile]
#11 46.46 [ERROR] /workspace/openjpa-lib/src/main/java/org/apache/openjpa/lib/graph/DepthFirstAnalysis.java:1: Expected line 
ending for file is LF(\n), but CRLF(\r\n) is detected. [NewlineAtEndOfFile]
#11 46.46 [ERROR] /workspace/openjpa-lib/src/main/java/org/apache/openjpa/lib/graph/Graph.java:1: Expected line ending for 
file is LF(\n), but CRLF(\r\n) is detected. [NewlineAtEndOfFile]
#11 46.46 [ERROR] /workspace/openjpa-lib/src/main/java/org/apache/openjpa/lib/graph/GraphVisitor.java:1: Expected line ending 
for file is LF(\n), but CRLF(\r\n) is detected. [NewlineAtEndOfFile]
#11 46.46 [ERROR] /workspace/openjpa-lib/src/main/java/org/apache/openjpa/lib/graph/BreadthFirstWalk.java:1: Expected line 
ending for file is LF(\n), but CRLF(\r\n) is detected. [NewlineAtEndOfFile]
#11 46.46 [ERROR] /workspace/openjpa-lib/src/main/java/org/apache/openjpa/lib/util/ClassUtil.java:1: Expected line ending for 
file is LF(\n), but CRLF(\r\n) is detected. [NewlineAtEndOfFile]
#11 46.46 [ERROR] /workspace/openjpa-lib/src/main/java/org/apache/openjpa/lib/util/ParameterTemplate.java:1: Expected line 
ending for file is LF(\n), but CRLF(\r\n) is detected. [NewlineAtEndOfFile]
#11 46.46 [ERROR] /workspace/openjpa-lib/src/main/java/org/apache/openjpa/lib/util/ReferenceHashMap.java:1: Expected line 
ending for file is LF(\n), but CRLF(\r\n) is detected. [NewlineAtEndOfFile]
#11 46.46 [ERROR] /workspace/openjpa-lib/src/main/java/org/apache/openjpa/lib/util/Files.java:1: Expected line ending for 
file is LF(\n), but CRLF(\r\n) is detected. [NewlineAtEndOfFile]
#11 46.46 [ERROR] /workspace/openjpa-lib/src/main/java/org/apache/openjpa/lib/util/TypedProperties.java:1: Expected line 
ending for file is LF(\n), but CRLF(\r\n) is detected. [NewlineAtEndOfFile]
#11 46.46 [ERROR] /workspace/openjpa-lib/src/main/java/org/apache/openjpa/lib/util/Closeable.java:1: Expected line ending for 
file is LF(\n), but CRLF(\r\n) is detected. [NewlineAtEndOfFile]
#11 46.46 [ERROR] /workspace/openjpa-lib/src/main/java/org/apache/openjpa/lib/util/ResourceBundleProvider.java:1: Expected 
line ending for file is LF(\n), but CRLF(\r\n) is detected. [NewlineAtEndOfFile]
#11 46.46 [ERROR] /workspace/openjpa-lib/src/main/java/org/apache/openjpa/lib/util/TimestampHelper.java:1: Expected line 
ending for file is LF(\n), but CRLF(\r\n) is detected. [NewlineAtEndOfFile]
#11 46.46 [ERROR] /workspace/openjpa-lib/src/main/java/org/apache/openjpa/lib/util/ParseException.java:1: Expected line 
ending for file is LF(\n), but CRLF(\r\n) is detected. [NewlineAtEndOfFile]
#11 46.46 [ERROR] /workspace/openjpa-lib/src/main/java/org/apache/openjpa/lib/util/MultiClassLoader.java:1: Expected line 
ending for file is LF(\n), but CRLF(\r\n) is detected. [NewlineAtEndOfFile]
#11 46.46 [ERROR] /workspace/openjpa-lib/src/main/java/org/apache/openjpa/lib/util/JavaVendors.java:1: Expected line ending 
for file is LF(\n), but CRLF(\r\n) is detected. [NewlineAtEndOfFile]
#11 46.46 [ERROR] /workspace/openjpa-lib/src/main/java/org/apache/openjpa/lib/util/SimpleResourceBundleProvider.java:1: 
Expected line ending for file is LF(\n), but CRLF(\r\n) is detected. [NewlineAtEndOfFile]
#11 46.46 [ERROR] /workspace/openjpa-lib/src/main/java/org/apache/openjpa/lib/util/concurrent/ConcurrentMap.java:1: Expected 
line ending for file is LF(\n), but CRLF(\r\n) is detected. [NewlineAtEndOfFile]
#11 46.46 [ERROR] /workspace/openjpa-lib/src/main/java/org/apache/openjpa/lib/util/concurrent/ConcurrentHashMap.java:1: 
Expected line ending for file is LF(\n), but CRLF(\r\n) is detected. [NewlineAtEndOfFile]
#11 46.46 [ERROR] 
/workspace/openjpa-lib/src/main/java/org/apache/openjpa/lib/util/concurrent/AbstractConcurrentEventManager.java:1: Expected 
line ending for file is LF(\n), but CRLF(\r\n) is detected. [NewlineAtEndOfFile]
#11 46.46 [ERROR] 
/workspace/openjpa-lib/src/main/java/org/apache/openjpa/lib/util/concurrent/ConcurrentReferenceHashSet.java:1: Expected line 
ending for file is LF(\n), but CRLF(\r\n) is detected. [NewlineAtEndOfFile]
#11 46.46 [ERROR] 
/workspace/openjpa-lib/src/main/java/org/apache/openjpa/lib/util/concurrent/ConcurrentReferenceHashMap.java:1: Expected line 
ending for file is LF(\n), but CRLF(\r\n) is detected. [NewlineAtEndOfFile]
#11 46.46 [ERROR] /workspace/openjpa-lib/src/main/java/org/apache/openjpa/lib/util/TemporaryClassLoader.java:1: Expected line 
ending for file is LF(\n), but CRLF(\r\n) is detected. [NewlineAtEndOfFile]
#11 46.46 [ERROR] /workspace/openjpa-lib/src/main/java/org/apache/openjpa/lib/util/ReferenceMap.java:1: Expected line ending 
for file is LF(\n), but CRLF(\r\n) is detected. [NewlineAtEndOfFile]
#11 46.46 [ERROR] /workspace/openjpa-lib/src/main/java/org/apache/openjpa/lib/util/StreamResourceBundleProvider.java:1: 
Expected line ending for file is LF(\n), but CRLF(\r\n) is detected. [NewlineAtEndOfFile]
#11 46.46 [ERROR] /workspace/openjpa-lib/src/main/java/org/apache/openjpa/lib/util/git/GitUtils.java:1: Expected line ending 
for file is LF(\n), but CRLF(\r\n) is detected. [NewlineAtEndOfFile]
#11 46.46 [ERROR] /workspace/openjpa-lib/src/main/java/org/apache/openjpa/lib/util/OrderedMap.java:1: Expected line ending 
for file is LF(\n), but CRLF(\r\n) is detected. [NewlineAtEndOfFile]
#11 46.46 [ERROR] /workspace/openjpa-lib/src/main/java/org/apache/openjpa/lib/util/Services.java:1: Expected line ending for 
file is LF(\n), but CRLF(\r\n) is detected. [NewlineAtEndOfFile]
#11 46.46 [ERROR] /workspace/openjpa-lib/src/main/java/org/apache/openjpa/lib/util/JavaVersions.java:1: Expected line ending 
for file is LF(\n), but CRLF(\r\n) is detected. [NewlineAtEndOfFile]
#11 46.46 [ERROR] /workspace/openjpa-lib/src/main/java/org/apache/openjpa/lib/util/SizedMap.java:1: Expected line ending for 
file is LF(\n), but CRLF(\r\n) is detected. [NewlineAtEndOfFile]
#11 46.46 [ERROR] /workspace/openjpa-lib/src/main/java/org/apache/openjpa/lib/util/LRUMap.java:1: Expected line ending for 
file is LF(\n), but CRLF(\r\n) is detected. [NewlineAtEndOfFile]
#11 46.46 [ERROR] /workspace/openjpa-lib/src/main/java/org/apache/openjpa/lib/util/ZipResourceBundleProvider.java:1: Expected 
line ending for file is LF(\n), but CRLF(\r\n) is detected. [NewlineAtEndOfFile]
#11 46.46 [ERROR] /workspace/openjpa-lib/src/main/java/org/apache/openjpa/lib/util/EventManager.java:1: Expected line ending 
for file is LF(\n), but CRLF(\r\n) is detected. [NewlineAtEndOfFile]
#11 46.46 [ERROR] /workspace/openjpa-lib/src/main/java/org/apache/openjpa/lib/util/J2DoPrivHelper.java:1: Expected line 
ending for file is LF(\n), but CRLF(\r\n) is detected. [NewlineAtEndOfFile]
#11 46.46 [ERROR] /workspace/openjpa-lib/src/main/java/org/apache/openjpa/lib/util/Bytes.java:1: Expected line ending for 
file is LF(\n), but CRLF(\r\n) is detected. [NewlineAtEndOfFile]
#11 46.46 [ERROR] /workspace/openjpa-lib/src/main/java/org/apache/openjpa/lib/util/Localizer.java:1: Expected line ending for 
file is LF(\n), but CRLF(\r\n) is detected. [NewlineAtEndOfFile]
#11 46.46 [ERROR] /workspace/openjpa-lib/src/main/java/org/apache/openjpa/lib/util/FormatPreservingProperties.java:1: 
Expected line ending for file is LF(\n), but CRLF(\r\n) is detected. [NewlineAtEndOfFile]
#11 46.46 [ERROR] /workspace/openjpa-lib/src/main/java/org/apache/openjpa/lib/util/StringUtil.java:1: Expected line ending 
for file is LF(\n), but CRLF(\r\n) is detected. [NewlineAtEndOfFile]
#11 46.46 [ERROR] /workspace/openjpa-lib/src/main/java/org/apache/openjpa/lib/util/Base16Encoder.java:1: Expected line ending 
for file is LF(\n), but CRLF(\r\n) is detected. [NewlineAtEndOfFile]
#11 46.46 [ERROR] /workspace/openjpa-lib/src/main/java/org/apache/openjpa/lib/util/UUIDGenerator.java:1: Expected line ending 
for file is LF(\n), but CRLF(\r\n) is detected. [NewlineAtEndOfFile]
#11 46.46 [ERROR] /workspace/openjpa-lib/src/main/java/org/apache/openjpa/lib/util/Options.java:1: Expected line ending for 
file is LF(\n), but CRLF(\r\n) is detected. [NewlineAtEndOfFile]
#11 46.46 [ERROR] /workspace/openjpa-lib/src/main/java/org/apache/openjpa/lib/util/Clearable.java:1: Expected line ending for 
file is LF(\n), but CRLF(\r\n) is detected. [NewlineAtEndOfFile]
#11 46.46 [ERROR] /workspace/openjpa-lib/src/main/java/org/apache/openjpa/lib/util/collections/AbstractLinkedMap.java:1: 
Expected line ending for file is LF(\n), but CRLF(\r\n) is detected. [NewlineAtEndOfFile]
#11 46.46 [ERROR] /workspace/openjpa-lib/src/main/java/org/apache/openjpa/lib/util/collections/AbstractEmptyIterator.java:1: 
Expected line ending for file is LF(\n), but CRLF(\r\n) is detected. [NewlineAtEndOfFile]
#11 46.46 [ERROR] /workspace/openjpa-lib/src/main/java/org/apache/openjpa/lib/util/collections/UnmodifiableSet.java:1: 
Expected line ending for file is LF(\n), but CRLF(\r\n) is detected. [NewlineAtEndOfFile]
#11 46.46 [ERROR] /workspace/openjpa-lib/src/main/java/org/apache/openjpa/lib/util/collections/AbstractIterableMap.java:1: 
Expected line ending for file is LF(\n), but CRLF(\r\n) is detected. [NewlineAtEndOfFile]
#11 46.46 [ERROR] /workspace/openjpa-lib/src/main/java/org/apache/openjpa/lib/util/collections/BidiMap.java:1: Expected line 
ending for file is LF(\n), but CRLF(\r\n) is detected. [NewlineAtEndOfFile]
#11 46.46 [ERROR] /workspace/openjpa-lib/src/main/java/org/apache/openjpa/lib/util/collections/TreeBidiMap.java:1: Expected 
line ending for file is LF(\n), but CRLF(\r\n) is detected. [NewlineAtEndOfFile]
#11 46.46 [ERROR] /workspace/openjpa-lib/src/main/java/org/apache/openjpa/lib/util/collections/DualHashBidiMap.java:1: 
Expected line ending for file is LF(\n), but CRLF(\r\n) is detected. [NewlineAtEndOfFile]
#11 46.46 [ERROR] /workspace/openjpa-lib/src/main/java/org/apache/openjpa/lib/util/collections/OrderedMapIterator.java:1: 
Expected line ending for file is LF(\n), but CRLF(\r\n) is detected. [NewlineAtEndOfFile]
#11 46.46 [ERROR] 
/workspace/openjpa-lib/src/main/java/org/apache/openjpa/lib/util/collections/AbstractEmptyMapIterator.java:1: Expected line 
ending for file is LF(\n), but CRLF(\r\n) is detected. [NewlineAtEndOfFile]
#11 46.46 [ERROR] /workspace/openjpa-lib/src/main/java/org/apache/openjpa/lib/util/collections/ResettableIterator.java:1: 
Expected line ending for file is LF(\n), but CRLF(\r\n) is detected. [NewlineAtEndOfFile]
#11 46.46 [ERROR] /workspace/openjpa-lib/src/main/java/org/apache/openjpa/lib/util/collections/EmptyIterator.java:1: Expected 
line ending for file is LF(\n), but CRLF(\r\n) is detected. [NewlineAtEndOfFile]
#11 46.46 [ERROR] /workspace/openjpa-lib/src/main/java/org/apache/openjpa/lib/util/collections/AbstractSetDecorator.java:1: 
Expected line ending for file is LF(\n), but CRLF(\r\n) is detected. [NewlineAtEndOfFile]
#11 46.46 [ERROR] /workspace/openjpa-lib/src/main/java/org/apache/openjpa/lib/util/collections/MapIterator.java:1: Expected 
line ending for file is LF(\n), but CRLF(\r\n) is detected. [NewlineAtEndOfFile]
#11 46.46 [ERROR] /workspace/openjpa-lib/src/main/java/org/apache/openjpa/lib/util/collections/EmptyOrderedIterator.java:1: 
Expected line ending for file is LF(\n), but CRLF(\r\n) is detected. [NewlineAtEndOfFile]
#11 46.46 [ERROR] 
/workspace/openjpa-lib/src/main/java/org/apache/openjpa/lib/util/collections/AbstractSortedMapDecorator.java:1: Expected line 
ending for file is LF(\n), but CRLF(\r\n) is detected. [NewlineAtEndOfFile]
#11 46.46 [ERROR] /workspace/openjpa-lib/src/main/java/org/apache/openjpa/lib/util/collections/FilterIterator.java:1: 
Expected line ending for file is LF(\n), but CRLF(\r\n) is detected. [NewlineAtEndOfFile]
#11 46.46 [ERROR] /workspace/openjpa-lib/src/main/java/org/apache/openjpa/lib/util/collections/LinkedMap.java:1: Expected 
line ending for file is LF(\n), but CRLF(\r\n) is detected. [NewlineAtEndOfFile]
#11 46.46 [ERROR] /workspace/openjpa-lib/src/main/java/org/apache/openjpa/lib/util/collections/BoundedMap.java:1: Expected 
line ending for file is LF(\n), but CRLF(\r\n) is detected. [NewlineAtEndOfFile]
#11 46.46 [ERROR] 
/workspace/openjpa-lib/src/main/java/org/apache/openjpa/lib/util/collections/AbstractOrderedMapDecorator.java:1: Expected 
line ending for file is LF(\n), but CRLF(\r\n) is detected. [NewlineAtEndOfFile]
#11 46.46 [ERROR] /workspace/openjpa-lib/src/main/java/org/apache/openjpa/lib/util/collections/UnmodifiableOrderedMap.java:1: 
Expected line ending for file is LF(\n), but CRLF(\r\n) is detected. [NewlineAtEndOfFile]
#11 46.46 [ERROR] /workspace/openjpa-lib/src/main/java/org/apache/openjpa/lib/util/collections/SortedBidiMap.java:1: Expected 
line ending for file is LF(\n), but CRLF(\r\n) is detected. [NewlineAtEndOfFile]
#11 46.46 [ERROR] /workspace/openjpa-lib/src/main/java/org/apache/openjpa/lib/util/collections/AbstractDualBidiMap.java:1: 
Expected line ending for file is LF(\n), but CRLF(\r\n) is detected. [NewlineAtEndOfFile]
#11 46.46 [ERROR] /workspace/openjpa-lib/src/main/java/org/apache/openjpa/lib/util/collections/AbstractMapDecorator.java:1: 
Expected line ending for file is LF(\n), but CRLF(\r\n) is detected. [NewlineAtEndOfFile]
#11 46.46 [ERROR] /workspace/openjpa-lib/src/main/java/org/apache/openjpa/lib/util/collections/UnmodifiableCollection.java:1: 
Expected line ending for file is LF(\n), but CRLF(\r\n) is detected. [NewlineAtEndOfFile]
#11 46.46 [ERROR] 
/workspace/openjpa-lib/src/main/java/org/apache/openjpa/lib/util/collections/AbstractMapEntryDecorator.java:1: Expected line 
ending for file is LF(\n), but CRLF(\r\n) is detected. [NewlineAtEndOfFile]
#11 46.46 [ERROR] /workspace/openjpa-lib/src/main/java/org/apache/openjpa/lib/util/collections/EmptyMapIterator.java:1: 
Expected line ending for file is LF(\n), but CRLF(\r\n) is detected. [NewlineAtEndOfFile]
#11 46.46 [ERROR] /workspace/openjpa-lib/src/main/java/org/apache/openjpa/lib/util/collections/ReferenceMap.java:1: Expected 
line ending for file is LF(\n), but CRLF(\r\n) is detected. [NewlineAtEndOfFile]
#11 46.46 [ERROR] /workspace/openjpa-lib/src/main/java/org/apache/openjpa/lib/util/collections/AbstractListDecorator.java:1: 
Expected line ending for file is LF(\n), but CRLF(\r\n) is detected. [NewlineAtEndOfFile]
#11 46.46 [ERROR] /workspace/openjpa-lib/src/main/java/org/apache/openjpa/lib/util/collections/ResettableListIterator.java:1: 
Expected line ending for file is LF(\n), but CRLF(\r\n) is detected. [NewlineAtEndOfFile]
#11 46.46 [ERROR] /workspace/openjpa-lib/src/main/java/org/apache/openjpa/lib/util/collections/ComparatorChain.java:1: 
Expected line ending for file is LF(\n), but CRLF(\r\n) is detected. [NewlineAtEndOfFile]
#11 46.46 [ERROR] 
/workspace/openjpa-lib/src/main/java/org/apache/openjpa/lib/util/collections/UnmodifiableOrderedMapIterator.java:1: Expected 
line ending for file is LF(\n), but CRLF(\r\n) is detected. [NewlineAtEndOfFile]
#11 46.46 [ERROR] /workspace/openjpa-lib/src/main/java/org/apache/openjpa/lib/util/collections/OrderedMap.java:1: Expected 
line ending for file is LF(\n), but CRLF(\r\n) is detected. [NewlineAtEndOfFile]
#11 46.46 [ERROR] 
/workspace/openjpa-lib/src/main/java/org/apache/openjpa/lib/util/collections/AbstractCollectionDecorator.java:1: Expected 
line ending for file is LF(\n), but CRLF(\r\n) is detected. [NewlineAtEndOfFile]
#11 46.46 [ERROR] /workspace/openjpa-lib/src/main/java/org/apache/openjpa/lib/util/collections/IterableSortedMap.java:1: 
Expected line ending for file is LF(\n), but CRLF(\r\n) is detected. [NewlineAtEndOfFile]
#11 46.46 [ERROR] /workspace/openjpa-lib/src/main/java/org/apache/openjpa/lib/util/collections/KeyValue.java:1: Expected line 
ending for file is LF(\n), but CRLF(\r\n) is detected. [NewlineAtEndOfFile]
#11 46.46 [ERROR] /workspace/openjpa-lib/src/main/java/org/apache/openjpa/lib/util/collections/LRUMap.java:1: Expected line 
ending for file is LF(\n), but CRLF(\r\n) is detected. [NewlineAtEndOfFile]
#11 46.46 [ERROR] /workspace/openjpa-lib/src/main/java/org/apache/openjpa/lib/util/collections/UnmodifiableMapEntry.java:1: 
Expected line ending for file is LF(\n), but CRLF(\r\n) is detected. [NewlineAtEndOfFile]
#11 46.46 [ERROR] /workspace/openjpa-lib/src/main/java/org/apache/openjpa/lib/util/collections/Unmodifiable.java:1: Expected 
line ending for file is LF(\n), but CRLF(\r\n) is detected. [NewlineAtEndOfFile]
#11 46.46 [ERROR] /workspace/openjpa-lib/src/main/java/org/apache/openjpa/lib/util/collections/MapBackedSet.java:1: Expected 
line ending for file is LF(\n), but CRLF(\r\n) is detected. [NewlineAtEndOfFile]
#11 46.46 [ERROR] /workspace/openjpa-lib/src/main/java/org/apache/openjpa/lib/util/collections/AbstractHashedMap.java:1: 
Expected line ending for file is LF(\n), but CRLF(\r\n) is detected. [NewlineAtEndOfFile]
#11 46.46 [ERROR] /workspace/openjpa-lib/src/main/java/org/apache/openjpa/lib/util/collections/UnmodifiableEntrySet.java:1: 
Expected line ending for file is LF(\n), but CRLF(\r\n) is detected. [NewlineAtEndOfFile]
#11 46.46 [ERROR] 
/workspace/openjpa-lib/src/main/java/org/apache/openjpa/lib/util/collections/AbstractSerializableSetDecorator.java:1: 
Expected line ending for file is LF(\n), but CRLF(\r\n) is detected. [NewlineAtEndOfFile]
#11 46.46 [ERROR] /workspace/openjpa-lib/src/main/java/org/apache/openjpa/lib/util/collections/ReferenceIdentityMap.java:1: 
Expected line ending for file is LF(\n), but CRLF(\r\n) is detected. [NewlineAtEndOfFile]
#11 46.46 [ERROR] /workspace/openjpa-lib/src/main/java/org/apache/openjpa/lib/util/collections/OrderedBidiMap.java:1: 
Expected line ending for file is LF(\n), but CRLF(\r\n) is detected. [NewlineAtEndOfFile]
#11 46.46 [ERROR] 
/workspace/openjpa-lib/src/main/java/org/apache/openjpa/lib/util/collections/AbstractSerializableListDecorator.java:1: 
Expected line ending for file is LF(\n), but CRLF(\r\n) is detected. [NewlineAtEndOfFile]
#11 46.46 [ERROR] /workspace/openjpa-lib/src/main/java/org/apache/openjpa/lib/util/collections/ListIteratorWrapper.java:1: 
Expected line ending for file is LF(\n), but CRLF(\r\n) is detected. [NewlineAtEndOfFile]
#11 46.46 [ERROR] 
/workspace/openjpa-lib/src/main/java/org/apache/openjpa/lib/util/collections/UnmodifiableListIterator.java:1: Expected line 
ending for file is LF(\n), but CRLF(\r\n) is detected. [NewlineAtEndOfFile]
#11 46.46 [ERROR] 
/workspace/openjpa-lib/src/main/java/org/apache/openjpa/lib/util/collections/AbstractIteratorDecorator.java:1: Expected line 
ending for file is LF(\n), but CRLF(\r\n) is detected. [NewlineAtEndOfFile]
#11 46.46 [ERROR] /workspace/openjpa-lib/src/main/java/org/apache/openjpa/lib/util/collections/AbstractKeyValue.java:1: 
Expected line ending for file is LF(\n), but CRLF(\r\n) is detected. [NewlineAtEndOfFile]
#11 46.46 [ERROR] /workspace/openjpa-lib/src/main/java/org/apache/openjpa/lib/util/collections/DefaultMapEntry.java:1: 
Expected line ending for file is LF(\n), but CRLF(\r\n) is detected. [NewlineAtEndOfFile]
#11 46.46 [ERROR] /workspace/openjpa-lib/src/main/java/org/apache/openjpa/lib/util/collections/ComparableComparator.java:1: 
Expected line ending for file is LF(\n), but CRLF(\r\n) is detected. [NewlineAtEndOfFile]
#11 46.46 [ERROR] /workspace/openjpa-lib/src/main/java/org/apache/openjpa/lib/util/collections/IteratorChain.java:1: Expected 
line ending for file is LF(\n), but CRLF(\r\n) is detected. [NewlineAtEndOfFile]
#11 46.46 [ERROR] /workspace/openjpa-lib/src/main/java/org/apache/openjpa/lib/util/collections/package-info.java:1: Expected 
line ending for file is LF(\n), but CRLF(\r\n) is detected. [NewlineAtEndOfFile]
#11 46.46 [ERROR] /workspace/openjpa-lib/src/main/java/org/apache/openjpa/lib/util/collections/DualTreeBidiMap.java:1: 
Expected line ending for file is LF(\n), but CRLF(\r\n) is detected. [NewlineAtEndOfFile]
#11 46.46 [ERROR] /workspace/openjpa-lib/src/main/java/org/apache/openjpa/lib/util/collections/UnmodifiableList.java:1: 
Expected line ending for file is LF(\n), but CRLF(\r\n) is detected. [NewlineAtEndOfFile]
#11 46.46 [ERROR] /workspace/openjpa-lib/src/main/java/org/apache/openjpa/lib/util/collections/AbstractMapEntry.java:1: 
Expected line ending for file is LF(\n), but CRLF(\r\n) is detected. [NewlineAtEndOfFile]
#11 46.46 [ERROR] 
/workspace/openjpa-lib/src/main/java/org/apache/openjpa/lib/util/collections/EmptyOrderedMapIterator.java:1: Expected line 
ending for file is LF(\n), but CRLF(\r\n) is detected. [NewlineAtEndOfFile]
#11 46.46 [ERROR] /workspace/openjpa-lib/src/main/java/org/apache/openjpa/lib/util/collections/UnmodifiableIterator.java:1: 
Expected line ending for file is LF(\n), but CRLF(\r\n) is detected. [NewlineAtEndOfFile]
#11 46.46 [ERROR] 
/workspace/openjpa-lib/src/main/java/org/apache/openjpa/lib/util/collections/AbstractUntypedIteratorDecorator.java:1: 
Expected line ending for file is LF(\n), but CRLF(\r\n) is detected. [NewlineAtEndOfFile]
#11 46.46 [ERROR] /workspace/openjpa-lib/src/main/java/org/apache/openjpa/lib/util/collections/OrderedIterator.java:1: 
Expected line ending for file is LF(\n), but CRLF(\r\n) is detected. [NewlineAtEndOfFile]
#11 46.46 [ERROR] /workspace/openjpa-lib/src/main/java/org/apache/openjpa/lib/util/collections/IterableMap.java:1: Expected 
line ending for file is LF(\n), but CRLF(\r\n) is detected. [NewlineAtEndOfFile]
#11 46.46 [ERROR] 
/workspace/openjpa-lib/src/main/java/org/apache/openjpa/lib/util/collections/EntrySetToMapIteratorAdapter.java:1: Expected 
line ending for file is LF(\n), but CRLF(\r\n) is detected. [NewlineAtEndOfFile]
#11 46.46 [ERROR] /workspace/openjpa-lib/src/main/java/org/apache/openjpa/lib/util/collections/AbstractReferenceMap.java:1: 
Expected line ending for file is LF(\n), but CRLF(\r\n) is detected. [NewlineAtEndOfFile]
#11 46.46 [ERROR] /workspace/openjpa-lib/src/main/java/org/apache/openjpa/lib/util/CodeFormat.java:1: Expected line ending 
for file is LF(\n), but CRLF(\r\n) is detected. [NewlineAtEndOfFile]
#11 46.46 [ERROR] /workspace/openjpa-lib/src/main/java/org/apache/openjpa/lib/util/StringDistance.java:1: Expected line 
ending for file is LF(\n), but CRLF(\r\n) is detected. [NewlineAtEndOfFile]
#11 46.46 [ERROR] /workspace/openjpa-lib/src/main/java/org/apache/openjpa/lib/util/SimpleRegex.java:1: Expected line ending 
for file is LF(\n), but CRLF(\r\n) is detected. [NewlineAtEndOfFile]
#11 46.46 [ERROR] /workspace/openjpa-lib/src/main/java/org/apache/openjpa/lib/util/ReferenceHashSet.java:1: Expected line 
ending for file is LF(\n), but CRLF(\r\n) is detected. [NewlineAtEndOfFile]
#11 46.46 [ERROR] /workspace/openjpa-lib/src/main/java/org/apache/openjpa/lib/util/Reflectable.java:1: Expected line ending 
for file is LF(\n), but CRLF(\r\n) is detected. [NewlineAtEndOfFile]
#11 46.46 [ERROR] /workspace/openjpa-lib/src/main/java/org/apache/openjpa/lib/identifier/Identifier.java:1: Expected line 
ending for file is LF(\n), but CRLF(\r\n) is detected. [NewlineAtEndOfFile]
#11 46.46 [ERROR] /workspace/openjpa-lib/src/main/java/org/apache/openjpa/lib/identifier/IdentifierRule.java:1: Expected line 
ending for file is LF(\n), but CRLF(\r\n) is detected. [NewlineAtEndOfFile]
#11 46.46 [ERROR] /workspace/openjpa-lib/src/main/java/org/apache/openjpa/lib/identifier/IdentifierUtilImpl.java:1: Expected 
line ending for file is LF(\n), but CRLF(\r\n) is detected. [NewlineAtEndOfFile]
#11 46.46 [ERROR] /workspace/openjpa-lib/src/main/java/org/apache/openjpa/lib/identifier/IdentifierImpl.java:1: Expected line 
ending for file is LF(\n), but CRLF(\r\n) is detected. [NewlineAtEndOfFile]
#11 46.46 [ERROR] /workspace/openjpa-lib/src/main/java/org/apache/openjpa/lib/identifier/IdentifierUtil.java:1: Expected line 
ending for file is LF(\n), but CRLF(\r\n) is detected. [NewlineAtEndOfFile]
#11 46.46 [ERROR] /workspace/openjpa-lib/src/main/java/org/apache/openjpa/lib/identifier/IdentifierConfiguration.java:1: 
Expected line ending for file is LF(\n), but CRLF(\r\n) is detected. [NewlineAtEndOfFile]
#11 46.46 [ERROR] /workspace/openjpa-lib/src/main/java/org/apache/openjpa/lib/meta/MetaDataParser.java:1: Expected line 
ending for file is LF(\n), but CRLF(\r\n) is detected. [NewlineAtEndOfFile]
#11 46.46 [ERROR] /workspace/openjpa-lib/src/main/java/org/apache/openjpa/lib/meta/MetaDataIterator.java:1: Expected line 
ending for file is LF(\n), but CRLF(\r\n) is detected. [NewlineAtEndOfFile]
#11 46.46 [ERROR] /workspace/openjpa-lib/src/main/java/org/apache/openjpa/lib/meta/XMLMetaDataSerializer.java:1: Expected 
line ending for file is LF(\n), but CRLF(\r\n) is detected. [NewlineAtEndOfFile]
#11 46.46 [ERROR] /workspace/openjpa-lib/src/main/java/org/apache/openjpa/lib/meta/URLMetaDataIterator.java:1: Expected line 
ending for file is LF(\n), but CRLF(\r\n) is detected. [NewlineAtEndOfFile]
#11 46.46 [ERROR] /workspace/openjpa-lib/src/main/java/org/apache/openjpa/lib/meta/MetaDataFilter.java:1: Expected line 
ending for file is LF(\n), but CRLF(\r\n) is detected. [NewlineAtEndOfFile]
#11 46.46 [ERROR] /workspace/openjpa-lib/src/main/java/org/apache/openjpa/lib/meta/ClassArgParser.java:1: Expected line 
ending for file is LF(\n), but CRLF(\r\n) is detected. [NewlineAtEndOfFile]
#11 46.46 [ERROR] /workspace/openjpa-lib/src/main/java/org/apache/openjpa/lib/meta/JarFileURLMetaDataIterator.java:1: 
Expected line ending for file is LF(\n), but CRLF(\r\n) is detected. [NewlineAtEndOfFile]
#11 46.46 [ERROR] /workspace/openjpa-lib/src/main/java/org/apache/openjpa/lib/meta/MetaDataSerializer.java:1: Expected line 
ending for file is LF(\n), but CRLF(\r\n) is detected. [NewlineAtEndOfFile]
#11 46.46 [ERROR] /workspace/openjpa-lib/src/main/java/org/apache/openjpa/lib/meta/XMLMetaDataParser.java:1: Expected line 
ending for file is LF(\n), but CRLF(\r\n) is detected. [NewlineAtEndOfFile]
#11 46.46 [ERROR] /workspace/openjpa-lib/src/main/java/org/apache/openjpa/lib/meta/SuffixMetaDataFilter.java:1: Expected line 
ending for file is LF(\n), but CRLF(\r\n) is detected. [NewlineAtEndOfFile]
#11 46.46 [ERROR] /workspace/openjpa-lib/src/main/java/org/apache/openjpa/lib/meta/XMLVersionParser.java:1: Expected line 
ending for file is LF(\n), but CRLF(\r\n) is detected. [NewlineAtEndOfFile]
#11 46.46 [ERROR] /workspace/openjpa-lib/src/main/java/org/apache/openjpa/lib/meta/FileMetaDataIterator.java:1: Expected line 
ending for file is LF(\n), but CRLF(\r\n) is detected. [NewlineAtEndOfFile]
#11 46.46 [ERROR] /workspace/openjpa-lib/src/main/java/org/apache/openjpa/lib/meta/ClassAnnotationMetaDataFilter.java:1: 
Expected line ending for file is LF(\n), but CRLF(\r\n) is detected. [NewlineAtEndOfFile]
#11 46.46 [ERROR] /workspace/openjpa-lib/src/main/java/org/apache/openjpa/lib/meta/ClassMetaDataIterator.java:1: Expected 
line ending for file is LF(\n), but CRLF(\r\n) is detected. [NewlineAtEndOfFile]
#11 46.46 [ERROR] /workspace/openjpa-lib/src/main/java/org/apache/openjpa/lib/meta/ClasspathMetaDataIterator.java:1: Expected 
line ending for file is LF(\n), but CRLF(\r\n) is detected. [NewlineAtEndOfFile]
#11 46.46 [ERROR] /workspace/openjpa-lib/src/main/java/org/apache/openjpa/lib/meta/SourceTracker.java:1: Expected line ending 
for file is LF(\n), but CRLF(\r\n) is detected. [NewlineAtEndOfFile]
#11 46.46 [ERROR] /workspace/openjpa-lib/src/main/java/org/apache/openjpa/lib/meta/ResourceMetaDataIterator.java:1: Expected 
line ending for file is LF(\n), but CRLF(\r\n) is detected. [NewlineAtEndOfFile]
#11 46.46 [ERROR] /workspace/openjpa-lib/src/main/java/org/apache/openjpa/lib/meta/SourceTrackers.java:1: Expected line 
ending for file is LF(\n), but CRLF(\r\n) is detected. [NewlineAtEndOfFile]
#11 46.46 [ERROR] /workspace/openjpa-lib/src/main/java/org/apache/openjpa/lib/meta/CFMetaDataParser.java:1: Expected line 
ending for file is LF(\n), but CRLF(\r\n) is detected. [NewlineAtEndOfFile]
#11 46.46 [ERROR] /workspace/openjpa-lib/src/main/java/org/apache/openjpa/lib/meta/MetaDataIteratorChain.java:1: Expected 
line ending for file is LF(\n), but CRLF(\r\n) is detected. [NewlineAtEndOfFile]
#11 46.46 [ERROR] /workspace/openjpa-lib/src/main/java/org/apache/openjpa/lib/meta/ZipFileMetaDataIterator.java:1: Expected 
line ending for file is LF(\n), but CRLF(\r\n) is detected. [NewlineAtEndOfFile]
#11 46.46 [ERROR] /workspace/openjpa-lib/src/main/java/org/apache/openjpa/lib/meta/ZipStreamMetaDataIterator.java:1: Expected 
line ending for file is LF(\n), but CRLF(\r\n) is detected. [NewlineAtEndOfFile]
#11 46.46 [ERROR] /workspace/openjpa-lib/src/main/java/org/apache/openjpa/lib/meta/CFMetaDataSerializer.java:1: Expected line 
ending for file is LF(\n), but CRLF(\r\n) is detected. [NewlineAtEndOfFile]
#11 46.46 [ERROR] /workspace/openjpa-lib/src/main/java/org/apache/openjpa/lib/log/AbstractLog.java:1: Expected line ending 
for file is LF(\n), but CRLF(\r\n) is detected. [NewlineAtEndOfFile]
#11 46.46 [ERROR] /workspace/openjpa-lib/src/main/java/org/apache/openjpa/lib/log/Log4J2LogFactory.java:1: Expected line 
ending for file is LF(\n), but CRLF(\r\n) is detected. [NewlineAtEndOfFile]
#11 46.46 [ERROR] /workspace/openjpa-lib/src/main/java/org/apache/openjpa/lib/log/Log.java:1: Expected line ending for file 
is LF(\n), but CRLF(\r\n) is detected. [NewlineAtEndOfFile]
#11 46.46 [ERROR] /workspace/openjpa-lib/src/main/java/org/apache/openjpa/lib/log/LogFactory.java:1: Expected line ending for 
file is LF(\n), but CRLF(\r\n) is detected. [NewlineAtEndOfFile]
#11 46.46 [ERROR] /workspace/openjpa-lib/src/main/java/org/apache/openjpa/lib/log/SLF4JLogFactory.java:1: Expected line 
ending for file is LF(\n), but CRLF(\r\n) is detected. [NewlineAtEndOfFile]
#11 46.46 [ERROR] /workspace/openjpa-lib/src/main/java/org/apache/openjpa/lib/log/LogFactoryAdapter.java:1: Expected line 
ending for file is LF(\n), but CRLF(\r\n) is detected. [NewlineAtEndOfFile]
#11 46.46 [ERROR] /workspace/openjpa-lib/src/main/java/org/apache/openjpa/lib/log/NoneLogFactory.java:1: Expected line ending 
for file is LF(\n), but CRLF(\r\n) is detected. [NewlineAtEndOfFile]
#11 46.46 [ERROR] /workspace/openjpa-lib/src/main/java/org/apache/openjpa/lib/log/LogFactoryImpl.java:1: Expected line ending 
for file is LF(\n), but CRLF(\r\n) is detected. [NewlineAtEndOfFile]
#11 46.46 [ERROR] /workspace/openjpa-lib/src/main/java/org/apache/openjpa/lib/log/CommonsLogFactory.java:1: Expected line 
ending for file is LF(\n), but CRLF(\r\n) is detected. [NewlineAtEndOfFile]
#11 46.46 [ERROR] /workspace/openjpa-lib/src/main/java/org/apache/openjpa/lib/log/JULLogFactory.java:1: Expected line ending 
for file is LF(\n), but CRLF(\r\n) is detected. [NewlineAtEndOfFile]
#11 46.46 [ERROR] /workspace/openjpa-lib/src/main/java/org/apache/openjpa/lib/log/Log4JLogFactory.java:1: Expected line 
ending for file is LF(\n), but CRLF(\r\n) is detected. [NewlineAtEndOfFile]
#11 46.46 [ERROR] /workspace/openjpa-lib/src/main/java/org/apache/openjpa/lib/log/LogOutputStream.java:1: Expected line 
ending for file is LF(\n), but CRLF(\r\n) is detected. [NewlineAtEndOfFile]
#11 46.46 [ERROR] /workspace/openjpa-lib/src/main/java/org/apache/openjpa/lib/log/MultiLogFactory.java:1: Expected line 
ending for file is LF(\n), but CRLF(\r\n) is detected. [NewlineAtEndOfFile]
#11 46.46 [ERROR] /workspace/openjpa-lib/src/main/java/org/apache/openjpa/lib/jdbc/DelegatingCallableStatement.java:1: 
Expected line ending for file is LF(\n), but CRLF(\r\n) is detected. [NewlineAtEndOfFile]
#11 46.46 [ERROR] /workspace/openjpa-lib/src/main/java/org/apache/openjpa/lib/jdbc/ReportingSQLException.java:1: Expected 
line ending for file is LF(\n), but CRLF(\r\n) is detected. [NewlineAtEndOfFile]
#11 46.46 [ERROR] /workspace/openjpa-lib/src/main/java/org/apache/openjpa/lib/jdbc/JDBCEventConnectionDecorator.java:1: 
Expected line ending for file is LF(\n), but CRLF(\r\n) is detected. [NewlineAtEndOfFile]
#11 46.46 [ERROR] /workspace/openjpa-lib/src/main/java/org/apache/openjpa/lib/jdbc/JDBCListener.java:1: Expected line ending 
for file is LF(\n), but CRLF(\r\n) is detected. [NewlineAtEndOfFile]
#11 46.46 [ERROR] /workspace/openjpa-lib/src/main/java/org/apache/openjpa/lib/jdbc/DelegatingConnection.java:1: Expected line 
ending for file is LF(\n), but CRLF(\r\n) is detected. [NewlineAtEndOfFile]
#11 46.46 [ERROR] /workspace/openjpa-lib/src/main/java/org/apache/openjpa/lib/jdbc/DecoratingDataSource.java:1: Expected line 
ending for file is LF(\n), but CRLF(\r\n) is detected. [NewlineAtEndOfFile]
#11 46.46 [ERROR] /workspace/openjpa-lib/src/main/java/org/apache/openjpa/lib/jdbc/DataSourceLogs.java:1: Expected line 
ending for file is LF(\n), but CRLF(\r\n) is detected. [NewlineAtEndOfFile]
#11 46.46 [ERROR] /workspace/openjpa-lib/src/main/java/org/apache/openjpa/lib/jdbc/AbstractJDBCListener.java:1: Expected line 
ending for file is LF(\n), but CRLF(\r\n) is detected. [NewlineAtEndOfFile]
#11 46.46 [ERROR] /workspace/openjpa-lib/src/main/java/org/apache/openjpa/lib/jdbc/DelegatingPreparedStatement.java:1: 
Expected line ending for file is LF(\n), but CRLF(\r\n) is detected. [NewlineAtEndOfFile]
#11 46.46 [ERROR] /workspace/openjpa-lib/src/main/java/org/apache/openjpa/lib/jdbc/JDBCEvent.java:1: Expected line ending for 
file is LF(\n), but CRLF(\r\n) is detected. [NewlineAtEndOfFile]
#11 46.46 [ERROR] /workspace/openjpa-lib/src/main/java/org/apache/openjpa/lib/jdbc/LoggingConnectionDecorator.java:1: 
Expected line ending for file is LF(\n), but CRLF(\r\n) is detected. [NewlineAtEndOfFile]
#11 46.46 [ERROR] /workspace/openjpa-lib/src/main/java/org/apache/openjpa/lib/jdbc/DelegatingDatabaseMetaData.java:1: 
Expected line ending for file is LF(\n), but CRLF(\r\n) is detected. [NewlineAtEndOfFile]
#11 46.46 [ERROR] /workspace/openjpa-lib/src/main/java/org/apache/openjpa/lib/jdbc/DelegatingStatement.java:1: Expected line 
ending for file is LF(\n), but CRLF(\r\n) is detected. [NewlineAtEndOfFile]
#11 46.46 [ERROR] /workspace/openjpa-lib/src/main/java/org/apache/openjpa/lib/jdbc/ConfiguringConnectionDecorator.java:1: 
Expected line ending for file is LF(\n), but CRLF(\r\n) is detected. [NewlineAtEndOfFile]
#11 46.46 [ERROR] /workspace/openjpa-lib/src/main/java/org/apache/openjpa/lib/jdbc/DelegatingResultSet.java:1: Expected line 
ending for file is LF(\n), but CRLF(\r\n) is detected. [NewlineAtEndOfFile]
#11 46.46 [ERROR] /workspace/openjpa-lib/src/main/java/org/apache/openjpa/lib/jdbc/SQLFormatter.java:1: Expected line ending 
for file is LF(\n), but CRLF(\r\n) is detected. [NewlineAtEndOfFile]
#11 46.46 [ERROR] /workspace/openjpa-lib/src/main/java/org/apache/openjpa/lib/jdbc/ConnectionDecorator.java:1: Expected line 
ending for file is LF(\n), but CRLF(\r\n) is detected. [NewlineAtEndOfFile]
#11 46.46 [ERROR] /workspace/openjpa-lib/src/main/java/org/apache/openjpa/lib/jdbc/DelegatingDataSource.java:1: Expected line 
ending for file is LF(\n), but CRLF(\r\n) is detected. [NewlineAtEndOfFile]
#11 46.46 [ERROR] /workspace/openjpa-lib/src/main/java/org/apache/openjpa/lib/encryption/EncryptionProvider.java:1: Expected 
line ending for file is LF(\n), but CRLF(\r\n) is detected. [NewlineAtEndOfFile]
#11 46.46 [ERROR] /workspace/openjpa-lib/src/main/java/org/apache/openjpa/lib/ant/AbstractTask.java:1: Expected line ending 
for file is LF(\n), but CRLF(\r\n) is detected. [NewlineAtEndOfFile]
#11 46.46 [ERROR] /workspace/openjpa-lib/src/main/java/org/apache/openjpa/lib/instrumentation/InstrumentationLevel.java:1: 
Expected line ending for file is LF(\n), but CRLF(\r\n) is detected. [NewlineAtEndOfFile]
#11 46.46 [ERROR] 
/workspace/openjpa-lib/src/main/java/org/apache/openjpa/lib/instrumentation/AbstractInstrumentationProvider.java:1: Expected 
line ending for file is LF(\n), but CRLF(\r\n) is detected. [NewlineAtEndOfFile]
#11 46.46 [ERROR] /workspace/openjpa-lib/src/main/java/org/apache/openjpa/lib/instrumentation/Instrument.java:1: Expected 
line ending for file is LF(\n), but CRLF(\r\n) is detected. [NewlineAtEndOfFile]
#11 46.46 [ERROR] /workspace/openjpa-lib/src/main/java/org/apache/openjpa/lib/instrumentation/InstrumentationProvider.java:1: 
Expected line ending for file is LF(\n), but CRLF(\r\n) is detected. [NewlineAtEndOfFile]
#11 46.46 [ERROR] /workspace/openjpa-lib/src/main/java/org/apache/openjpa/lib/instrumentation/AbstractInstrument.java:1: 
Expected line ending for file is LF(\n), but CRLF(\r\n) is detected. [NewlineAtEndOfFile]
#11 46.46 [ERROR] /workspace/openjpa-lib/src/main/java/org/apache/openjpa/lib/rop/SoftRandomAccessResultList.java:1: Expected 
line ending for file is LF(\n), but CRLF(\r\n) is detected. [NewlineAtEndOfFile]
#11 46.46 [ERROR] /workspace/openjpa-lib/src/main/java/org/apache/openjpa/lib/rop/AbstractListIterator.java:1: Expected line 
ending for file is LF(\n), but CRLF(\r\n) is detected. [NewlineAtEndOfFile]
#11 46.46 [ERROR] /workspace/openjpa-lib/src/main/java/org/apache/openjpa/lib/rop/WindowResultList.java:1: Expected line 
ending for file is LF(\n), but CRLF(\r\n) is detected. [NewlineAtEndOfFile]
#11 46.46 [ERROR] /workspace/openjpa-lib/src/main/java/org/apache/openjpa/lib/rop/AbstractSequentialResultList.java:1: 
Expected line ending for file is LF(\n), but CRLF(\r\n) is detected. [NewlineAtEndOfFile]
#11 46.46 [ERROR] /workspace/openjpa-lib/src/main/java/org/apache/openjpa/lib/rop/RandomAccessResultList.java:1: Expected 
line ending for file is LF(\n), but CRLF(\r\n) is detected. [NewlineAtEndOfFile]
#11 46.46 [ERROR] /workspace/openjpa-lib/src/main/java/org/apache/openjpa/lib/rop/ResultListIterator.java:1: Expected line 
ending for file is LF(\n), but CRLF(\r\n) is detected. [NewlineAtEndOfFile]
#11 46.46 [ERROR] /workspace/openjpa-lib/src/main/java/org/apache/openjpa/lib/rop/AbstractNonSequentialResultList.java:1: 
Expected line ending for file is LF(\n), but CRLF(\r\n) is detected. [NewlineAtEndOfFile]
#11 46.46 [ERROR] /workspace/openjpa-lib/src/main/java/org/apache/openjpa/lib/rop/EagerResultList.java:1: Expected line 
ending for file is LF(\n), but CRLF(\r\n) is detected. [NewlineAtEndOfFile]
#11 46.46 [ERROR] /workspace/openjpa-lib/src/main/java/org/apache/openjpa/lib/rop/SimpleResultList.java:1: Expected line 
ending for file is LF(\n), but CRLF(\r\n) is detected. [NewlineAtEndOfFile]
#11 46.46 [ERROR] /workspace/openjpa-lib/src/main/java/org/apache/openjpa/lib/rop/ResultList.java:1: Expected line ending for 
file is LF(\n), but CRLF(\r\n) is detected. [NewlineAtEndOfFile]
#11 46.46 [ERROR] /workspace/openjpa-lib/src/main/java/org/apache/openjpa/lib/rop/RangeResultObjectProvider.java:1: Expected 
line ending for file is LF(\n), but CRLF(\r\n) is detected. [NewlineAtEndOfFile]
#11 46.46 [ERROR] /workspace/openjpa-lib/src/main/java/org/apache/openjpa/lib/rop/AbstractResultList.java:1: Expected line 
ending for file is LF(\n), but CRLF(\r\n) is detected. [NewlineAtEndOfFile]
#11 46.46 [ERROR] /workspace/openjpa-lib/src/main/java/org/apache/openjpa/lib/rop/ResultObjectProvider.java:1: Expected line 
ending for file is LF(\n), but CRLF(\r\n) is detected. [NewlineAtEndOfFile]
#11 46.46 [ERROR] /workspace/openjpa-lib/src/main/java/org/apache/openjpa/lib/rop/BatchedResultObjectProvider.java:1: 
Expected line ending for file is LF(\n), but CRLF(\r\n) is detected. [NewlineAtEndOfFile]
#11 46.46 [ERROR] /workspace/openjpa-lib/src/main/java/org/apache/openjpa/lib/rop/ResultObjectProviderIterator.java:1: 
Expected line ending for file is LF(\n), but CRLF(\r\n) is detected. [NewlineAtEndOfFile]
#11 46.46 [ERROR] /workspace/openjpa-lib/src/main/java/org/apache/openjpa/lib/rop/ListResultObjectProvider.java:1: Expected 
line ending for file is LF(\n), but CRLF(\r\n) is detected. [NewlineAtEndOfFile]
#11 46.46 [ERROR] /workspace/openjpa-lib/src/main/java/org/apache/openjpa/lib/rop/MergedResultObjectProvider.java:1: Expected 
line ending for file is LF(\n), but CRLF(\r\n) is detected. [NewlineAtEndOfFile]
#11 46.46 [ERROR] /workspace/openjpa-lib/src/main/java/org/apache/openjpa/lib/rop/LazyForwardResultList.java:1: Expected line 
ending for file is LF(\n), but CRLF(\r\n) is detected. [NewlineAtEndOfFile]
#11 46.46 [ERROR] /workspace/openjpa-lib/src/main/java/org/apache/openjpa/lib/rop/ListResultList.java:1: Expected line ending 
for file is LF(\n), but CRLF(\r\n) is detected. [NewlineAtEndOfFile]
#11 46.46 [ERROR] /workspace/openjpa-lib/src/test/java/org/apache/openjpa/lib/util/collections/LRUMapControlFlowTest.java:1: 
Expected line ending for file is LF(\n), but CRLF(\r\n) is detected. [NewlineAtEndOfFile]
#11 46.46 [ERROR] /workspace/openjpa-lib/src/test/java/org/apache/openjpa/lib/util/collections/LRUMapMockTest.java:1: 
Expected line ending for file is LF(\n), but CRLF(\r\n) is detected. [NewlineAtEndOfFile]
#11 46.46 [ERROR] /workspace/openjpa-lib/src/test/java/org/apache/openjpa/lib/util/collections/LRUMapTest.java:1: Expected 
line ending for file is LF(\n), but CRLF(\r\n) is detected. [NewlineAtEndOfFile]
#11 46.46 [ERROR] /workspace/openjpa-lib/src/main/resources/org/apache/openjpa/lib/conf/localizer.properties:1: Expected line 
ending for file is LF(\n), but CRLF(\r\n) is detected. [NewlineAtEndOfFile]
#11 46.46 [ERROR] /workspace/openjpa-lib/src/main/resources/org/apache/openjpa/lib/xml/localizer.properties:1: Expected line 
ending for file is LF(\n), but CRLF(\r\n) is detected. [NewlineAtEndOfFile]
#11 46.46 [ERROR] /workspace/openjpa-lib/src/main/resources/org/apache/openjpa/lib/graph/localizer.properties:1: Expected 
line ending for file is LF(\n), but CRLF(\r\n) is detected. [NewlineAtEndOfFile]
#11 46.46 [ERROR] /workspace/openjpa-lib/src/main/resources/org/apache/openjpa/lib/util/localizer.properties:1: Expected line 
ending for file is LF(\n), but CRLF(\r\n) is detected. [NewlineAtEndOfFile]
#11 46.46 [ERROR] /workspace/openjpa-lib/src/main/resources/org/apache/openjpa/lib/meta/localizer.properties:1: Expected line 
ending for file is LF(\n), but CRLF(\r\n) is detected. [NewlineAtEndOfFile]
#11 46.46 [ERROR] /workspace/openjpa-lib/src/main/resources/org/apache/openjpa/lib/log/localizer.properties:1: Expected line 
ending for file is LF(\n), but CRLF(\r\n) is detected. [NewlineAtEndOfFile]
#11 46.46 [ERROR] /workspace/openjpa-lib/src/main/resources/org/apache/openjpa/lib/jdbc/localizer.properties:1: Expected line 
ending for file is LF(\n), but CRLF(\r\n) is detected. [NewlineAtEndOfFile]
#11 46.46 [ERROR] /workspace/openjpa-lib/src/main/resources/org/apache/openjpa/lib/ant/localizer.properties:1: Expected line 
ending for file is LF(\n), but CRLF(\r\n) is detected. [NewlineAtEndOfFile]
#11 46.46 [ERROR] /workspace/openjpa-lib/src/main/resources/org/apache/openjpa/lib/rop/localizer.properties:1: Expected line 
ending for file is LF(\n), but CRLF(\r\n) is detected. [NewlineAtEndOfFile]
#11 46.46 Audit done.
#11 46.47 [INFO] ------------------------------------------------------------------------
#11 46.47 [INFO] Reactor Summary for OpenJPA Parent POM 4.1.2-SNAPSHOT:
#11 46.47 [INFO] 
#11 46.47 [INFO] OpenJPA Parent POM ................................. SUCCESS [ 17.741 s]
#11 46.47 [INFO] OpenJPA Utilities Library .......................... FAILURE [ 12.303 s]
#11 46.47 [INFO] OpenJPA Kernel ..................................... SKIPPED
#11 46.47 [INFO] OpenJPA JDBC ....................................... SKIPPED
#11 46.47 [INFO] OpenJPA Persistence ................................ SKIPPED
#11 46.47 [INFO] OpenJPA Persistence JDBC ........................... SKIPPED
#11 46.47 [INFO] OpenJPA Slice ...................................... SKIPPED
#11 46.47 [INFO] ------------------------------------------------------------------------
#11 46.47 [INFO] BUILD FAILURE
#11 46.47 [INFO] ------------------------------------------------------------------------
#11 46.47 [INFO] Total time:  43.425 s
#11 46.47 [INFO] Finished at: 2026-01-09T14:43:19Z
#11 46.47 [INFO] ------------------------------------------------------------------------
#11 46.48 [ERROR] Failed to execute goal org.apache.maven.plugins:maven-checkstyle-plugin:3.6.0:checkstyle (default) on 
project openjpa-lib: An error has occurred in Checkstyle report generation.: Failed during checkstyle execution: There are 
238 errors reported by Checkstyle 9.3 with /workspace/openjpa-lib/target/checkstyle-rules.xml ruleset. -> [Help 1]
#11 46.48 [ERROR] 
#11 46.48 [ERROR] To see the full stack trace of the errors, re-run Maven with the -e switch.
#11 46.48 [ERROR] Re-run Maven using the -X switch to enable full debug logging.
#11 46.48 [ERROR] 
#11 46.48 [ERROR] For more information about the errors and possible solutions, please read the following articles:
#11 46.48 [ERROR] [Help 1] http://cwiki.apache.org/confluence/display/MAVEN/MojoExecutionException
#11 46.48 [ERROR] 
#11 46.48 [ERROR] After correcting the problems, you can resume the build with the command
#11 46.48 [ERROR]   mvn <args> -rf :openjpa-lib
#11 ERROR: process "/bin/sh -c mvn -pl openjpa-lib,openjpa-slice -am test -DskipTests &&     mvn -pl 
openjpa-lib,openjpa-slice test -Dcheckstyle.skip -Dautomatic.checkstyle.skip=true" did not complete successfully: exit code: 1
------
 > [builder 5/5] RUN mvn -pl openjpa-lib,openjpa-slice -am test -DskipTests &&     mvn -pl openjpa-lib,openjpa-slice test 
-Dcheckstyle.skip -Dautomatic.checkstyle.skip=true:
46.48 [ERROR] Failed to execute goal org.apache.maven.plugins:maven-checkstyle-plugin:3.6.0:checkstyle (default) on project 
openjpa-lib: An error has occurred in Checkstyle report generation.: Failed during checkstyle execution: There are 238 errors 
reported by Checkstyle 9.3 with /workspace/openjpa-lib/target/checkstyle-rules.xml ruleset. -> [Help 1]
46.48 [ERROR] 
46.48 [ERROR] To see the full stack trace of the errors, re-run Maven with the -e switch.
46.48 [ERROR] Re-run Maven using the -X switch to enable full debug logging.
46.48 [ERROR] 
46.48 [ERROR] For more information about the errors and possible solutions, please read the following articles:
46.48 [ERROR] [Help 1] http://cwiki.apache.org/confluence/display/MAVEN/MojoExecutionException
46.48 [ERROR] 
46.48 [ERROR] After correcting the problems, you can resume the build with the command
46.48 [ERROR]   mvn <args> -rf :openjpa-lib
------

 [33m1 warning found (use docker --debug to expand):
[0m - FromAsCasing: 'as' and 'FROM' keywords' casing do not match (line 2)
Dockerfile:15
--------------------
  14 |     # Build dependencies and run tests (skip checkstyle and all checks)
  15 | >>> RUN mvn -pl openjpa-lib,openjpa-slice -am test -DskipTests && \
  16 | >>>     mvn -pl openjpa-lib,openjpa-slice test -Dcheckstyle.skip -Dautomatic.checkstyle.skip=true
  17 |     
--------------------
ERROR: failed to build: failed to solve: process "/bin/sh -c mvn -pl openjpa-lib,openjpa-slice -am test -DskipTests &&     
mvn -pl openjpa-lib,openjpa-slice test -Dcheckstyle.skip -Dautomatic.checkstyle.skip=true" did not complete successfully: 
exit code: 1
